[Tue Sep  9 14:21:04 2025] Linux version 5.10.0-136.12.0.92.ctl3.x86_64 (abuild@obs-x86-worker-002) (gcc_old (GCC) 10.3.1, GNU ld (GNU Binutils) 2.37) #1 SMP Tue Apr 29 11:28:55 UTC 2025
[Tue Sep  9 14:21:04 2025] Command line: BOOT_IMAGE=/boot/vmlinuz-5.10.0-136.12.0.92.ctl3.x86_64 root=UUID=a74fe630-4089-4ae3-b9f8-95a915cf42d7 ro net.ifnames=0 biosdevname=0 console=tty0 console=ttyS0,115200n8 crashkernel=0M-3G:0M,3G-9G:256M,9G-:512M nvme_core.io_timeout=4294967295 nvme_core.admin_timeout=4294967295
[Tue Sep  9 14:21:04 2025] x86/fpu: Supporting XSAVE feature 0x001: 'x87 floating point registers'
[Tue Sep  9 14:21:04 2025] x86/fpu: Supporting XSAVE feature 0x002: 'SSE registers'
[Tue Sep  9 14:21:04 2025] x86/fpu: Supporting XSAVE feature 0x004: 'AVX registers'
[Tue Sep  9 14:21:04 2025] x86/fpu: Supporting XSAVE feature 0x020: 'AVX-512 opmask'
[Tue Sep  9 14:21:04 2025] x86/fpu: Supporting XSAVE feature 0x040: 'AVX-512 Hi256'
[Tue Sep  9 14:21:04 2025] x86/fpu: Supporting XSAVE feature 0x080: 'AVX-512 ZMM_Hi256'
[Tue Sep  9 14:21:04 2025] x86/fpu: Supporting XSAVE feature 0x200: 'Protection Keys User registers'
[Tue Sep  9 14:21:04 2025] x86/fpu: xstate_offset[2]:  576, xstate_sizes[2]:  256
[Tue Sep  9 14:21:04 2025] x86/fpu: xstate_offset[5]: 1088, xstate_sizes[5]:   64
[Tue Sep  9 14:21:04 2025] x86/fpu: xstate_offset[6]: 1152, xstate_sizes[6]:  512
[Tue Sep  9 14:21:04 2025] x86/fpu: xstate_offset[7]: 1664, xstate_sizes[7]: 1024
[Tue Sep  9 14:21:04 2025] x86/fpu: xstate_offset[9]: 2688, xstate_sizes[9]:    8
[Tue Sep  9 14:21:04 2025] x86/fpu: Enabled xstate features 0x2e7, context size is 2696 bytes, using 'standard' format.
[Tue Sep  9 14:21:04 2025] signal: max sigframe size: 3632
[Tue Sep  9 14:21:04 2025] BIOS-provided physical RAM map:
[Tue Sep  9 14:21:04 2025] BIOS-e820: [mem 0x0000000000000000-0x000000000009fbff] usable
[Tue Sep  9 14:21:04 2025] BIOS-e820: [mem 0x000000000009fc00-0x000000000009ffff] reserved
[Tue Sep  9 14:21:04 2025] BIOS-e820: [mem 0x00000000000f0000-0x00000000000fffff] reserved
[Tue Sep  9 14:21:04 2025] BIOS-e820: [mem 0x0000000000100000-0x00000000bffd7fff] usable
[Tue Sep  9 14:21:04 2025] BIOS-e820: [mem 0x00000000bffd8000-0x00000000bfffffff] reserved
[Tue Sep  9 14:21:04 2025] BIOS-e820: [mem 0x00000000feffc000-0x00000000feffffff] reserved
[Tue Sep  9 14:21:04 2025] BIOS-e820: [mem 0x00000000fffc0000-0x00000000ffffffff] reserved
[Tue Sep  9 14:21:04 2025] BIOS-e820: [mem 0x0000000100000000-0x000000103fffffff] usable
[Tue Sep  9 14:21:04 2025] NX (Execute Disable) protection: active
[Tue Sep  9 14:21:04 2025] SMBIOS 2.8 present.
[Tue Sep  9 14:21:04 2025] DMI: GoStack Foundation OpenStack Nova, BIOS 1.13.0-2.ctl2 04/01/2014
[Tue Sep  9 14:21:04 2025] Hypervisor detected: KVM
[Tue Sep  9 14:21:04 2025] kvm-clock: Using msrs 4b564d01 and 4b564d00
[Tue Sep  9 14:21:04 2025] kvm-clock: cpu 0, msr 5cf001001, primary cpu clock
[Tue Sep  9 14:21:04 2025] kvm-clock: using sched offset of 8393328980 cycles
[Tue Sep  9 14:21:04 2025] clocksource: kvm-clock: mask: 0xffffffffffffffff max_cycles: 0x1cd42e4dffb, max_idle_ns: 881590591483 ns
[Tue Sep  9 14:21:04 2025] tsc: Detected 2799.974 MHz processor
[Tue Sep  9 14:21:04 2025] e820: update [mem 0x00000000-0x00000fff] usable ==> reserved
[Tue Sep  9 14:21:04 2025] e820: remove [mem 0x000a0000-0x000fffff] usable
[Tue Sep  9 14:21:04 2025] last_pfn = 0x1040000 max_arch_pfn = 0x10000000000
[Tue Sep  9 14:21:04 2025] MTRR default type: write-back
[Tue Sep  9 14:21:04 2025] MTRR fixed ranges enabled:
[Tue Sep  9 14:21:04 2025]   00000-9FFFF write-back
[Tue Sep  9 14:21:04 2025]   A0000-BFFFF uncachable
[Tue Sep  9 14:21:04 2025]   C0000-FFFFF write-protect
[Tue Sep  9 14:21:04 2025] MTRR variable ranges enabled:
[Tue Sep  9 14:21:04 2025]   0 base 0000C0000000 mask 3FFFC0000000 uncachable
[Tue Sep  9 14:21:04 2025]   1 disabled
[Tue Sep  9 14:21:04 2025]   2 disabled
[Tue Sep  9 14:21:04 2025]   3 disabled
[Tue Sep  9 14:21:04 2025]   4 disabled
[Tue Sep  9 14:21:04 2025]   5 disabled
[Tue Sep  9 14:21:04 2025]   6 disabled
[Tue Sep  9 14:21:04 2025]   7 disabled
[Tue Sep  9 14:21:04 2025] x86/PAT: Configuration [0-7]: WB  WC  UC- UC  WB  WP  UC- WT  
[Tue Sep  9 14:21:04 2025] last_pfn = 0xbffd8 max_arch_pfn = 0x10000000000
[Tue Sep  9 14:21:04 2025] found SMP MP-table at [mem 0x000f5bc0-0x000f5bcf]
[Tue Sep  9 14:21:04 2025] kexec: Reserving the low 1M of memory for crashkernel
[Tue Sep  9 14:21:04 2025] Using GB pages for direct mapping
[Tue Sep  9 14:21:04 2025] RAMDISK: [mem 0x34ac1000-0x36558fff]
[Tue Sep  9 14:21:04 2025] ACPI: Early table checksum verification disabled
[Tue Sep  9 14:21:04 2025] ACPI: RSDP 0x00000000000F5B80 000014 (v00 BOCHS )
[Tue Sep  9 14:21:04 2025] ACPI: RSDT 0x00000000BFFE1759 000030 (v01 BOCHS  BXPC     00000001 BXPC 00000001)
[Tue Sep  9 14:21:04 2025] ACPI: FACP 0x00000000BFFE1425 000074 (v01 BOCHS  BXPC     00000001 BXPC 00000001)
[Tue Sep  9 14:21:04 2025] ACPI: DSDT 0x00000000BFFDFB00 001925 (v01 BOCHS  BXPC     00000001 BXPC 00000001)
[Tue Sep  9 14:21:04 2025] ACPI: FACS 0x00000000BFFDFAC0 000040
[Tue Sep  9 14:21:04 2025] ACPI: APIC 0x00000000BFFE1499 0000F0 (v01 BOCHS  BXPC     00000001 BXPC 00000001)
[Tue Sep  9 14:21:04 2025] ACPI: SRAT 0x00000000BFFE1589 0001D0 (v01 BOCHS  BXPC     00000001 BXPC 00000001)
[Tue Sep  9 14:21:04 2025] ACPI: Reserving FACP table memory at [mem 0xbffe1425-0xbffe1498]
[Tue Sep  9 14:21:04 2025] ACPI: Reserving DSDT table memory at [mem 0xbffdfb00-0xbffe1424]
[Tue Sep  9 14:21:04 2025] ACPI: Reserving FACS table memory at [mem 0xbffdfac0-0xbffdfaff]
[Tue Sep  9 14:21:04 2025] ACPI: Reserving APIC table memory at [mem 0xbffe1499-0xbffe1588]
[Tue Sep  9 14:21:04 2025] ACPI: Reserving SRAT table memory at [mem 0xbffe1589-0xbffe1758]
[Tue Sep  9 14:21:04 2025] ACPI: Local APIC address 0xfee00000
[Tue Sep  9 14:21:04 2025] SRAT: PXM 0 -> APIC 0x00 -> Node 0
[Tue Sep  9 14:21:04 2025] SRAT: PXM 0 -> APIC 0x01 -> Node 0
[Tue Sep  9 14:21:04 2025] SRAT: PXM 0 -> APIC 0x02 -> Node 0
[Tue Sep  9 14:21:04 2025] SRAT: PXM 0 -> APIC 0x03 -> Node 0
[Tue Sep  9 14:21:04 2025] SRAT: PXM 0 -> APIC 0x04 -> Node 0
[Tue Sep  9 14:21:04 2025] SRAT: PXM 0 -> APIC 0x05 -> Node 0
[Tue Sep  9 14:21:04 2025] SRAT: PXM 0 -> APIC 0x06 -> Node 0
[Tue Sep  9 14:21:04 2025] SRAT: PXM 0 -> APIC 0x07 -> Node 0
[Tue Sep  9 14:21:04 2025] SRAT: PXM 1 -> APIC 0x08 -> Node 1
[Tue Sep  9 14:21:04 2025] SRAT: PXM 1 -> APIC 0x09 -> Node 1
[Tue Sep  9 14:21:04 2025] SRAT: PXM 1 -> APIC 0x0a -> Node 1
[Tue Sep  9 14:21:04 2025] SRAT: PXM 1 -> APIC 0x0b -> Node 1
[Tue Sep  9 14:21:04 2025] SRAT: PXM 1 -> APIC 0x0c -> Node 1
[Tue Sep  9 14:21:04 2025] SRAT: PXM 1 -> APIC 0x0d -> Node 1
[Tue Sep  9 14:21:04 2025] SRAT: PXM 1 -> APIC 0x0e -> Node 1
[Tue Sep  9 14:21:04 2025] SRAT: PXM 1 -> APIC 0x0f -> Node 1
[Tue Sep  9 14:21:04 2025] ACPI: SRAT: Node 0 PXM 0 [mem 0x00000000-0x0009ffff]
[Tue Sep  9 14:21:04 2025] ACPI: SRAT: Node 0 PXM 0 [mem 0x00100000-0xbfffffff]
[Tue Sep  9 14:21:04 2025] ACPI: SRAT: Node 0 PXM 0 [mem 0x100000000-0x83fffffff]
[Tue Sep  9 14:21:04 2025] ACPI: SRAT: Node 1 PXM 1 [mem 0x840000000-0x103fffffff]
[Tue Sep  9 14:21:04 2025] NUMA: Node 0 [mem 0x00000000-0x0009ffff] + [mem 0x00100000-0xbfffffff] -> [mem 0x00000000-0xbfffffff]
[Tue Sep  9 14:21:04 2025] NUMA: Node 0 [mem 0x00000000-0xbfffffff] + [mem 0x100000000-0x83fffffff] -> [mem 0x00000000-0x83fffffff]
[Tue Sep  9 14:21:04 2025] NODE_DATA(0) allocated [mem 0x83ffd5000-0x83fffffff]
[Tue Sep  9 14:21:04 2025] NODE_DATA(1) allocated [mem 0x103ffd5000-0x103fffffff]
[Tue Sep  9 14:21:04 2025] Reserving 512MB of memory at 2544MB for crashkernel (System RAM: 65535MB)
[Tue Sep  9 14:21:04 2025] Zone ranges:
[Tue Sep  9 14:21:04 2025]   DMA      [mem 0x0000000000001000-0x0000000000ffffff]
[Tue Sep  9 14:21:04 2025]   DMA32    [mem 0x0000000001000000-0x00000000ffffffff]
[Tue Sep  9 14:21:04 2025]   Normal   [mem 0x0000000100000000-0x000000103fffffff]
[Tue Sep  9 14:21:04 2025]   Device   empty
[Tue Sep  9 14:21:04 2025] Movable zone start for each node
[Tue Sep  9 14:21:04 2025] Early memory node ranges
[Tue Sep  9 14:21:04 2025]   node   0: [mem 0x0000000000001000-0x000000000009efff]
[Tue Sep  9 14:21:04 2025]   node   0: [mem 0x0000000000100000-0x00000000bffd7fff]
[Tue Sep  9 14:21:04 2025]   node   0: [mem 0x0000000100000000-0x000000083fffffff]
[Tue Sep  9 14:21:04 2025]   node   1: [mem 0x0000000840000000-0x000000103fffffff]
[Tue Sep  9 14:21:04 2025] Initmem setup node 0 [mem 0x0000000000001000-0x000000083fffffff]
[Tue Sep  9 14:21:04 2025] On node 0 totalpages: 8388470
[Tue Sep  9 14:21:04 2025]   DMA zone: 64 pages used for memmap
[Tue Sep  9 14:21:04 2025]   DMA zone: 158 pages reserved
[Tue Sep  9 14:21:04 2025]   DMA zone: 3998 pages, LIFO batch:0
[Tue Sep  9 14:21:04 2025]   DMA32 zone: 12224 pages used for memmap
[Tue Sep  9 14:21:04 2025]   DMA32 zone: 782296 pages, LIFO batch:63
[Tue Sep  9 14:21:04 2025]   Normal zone: 118784 pages used for memmap
[Tue Sep  9 14:21:04 2025]   Normal zone: 7602176 pages, LIFO batch:63
[Tue Sep  9 14:21:04 2025] Initmem setup node 1 [mem 0x0000000840000000-0x000000103fffffff]
[Tue Sep  9 14:21:04 2025] On node 1 totalpages: 8388608
[Tue Sep  9 14:21:04 2025]   Normal zone: 131072 pages used for memmap
[Tue Sep  9 14:21:04 2025]   Normal zone: 8388608 pages, LIFO batch:63
[Tue Sep  9 14:21:04 2025] On node 0, zone DMA: 1 pages in unavailable ranges
[Tue Sep  9 14:21:04 2025] On node 0, zone DMA: 97 pages in unavailable ranges
[Tue Sep  9 14:21:04 2025] On node 0, zone Normal: 40 pages in unavailable ranges
[Tue Sep  9 14:21:04 2025] ACPI: PM-Timer IO Port: 0x608
[Tue Sep  9 14:21:04 2025] ACPI: Local APIC address 0xfee00000
[Tue Sep  9 14:21:04 2025] ACPI: LAPIC_NMI (acpi_id[0xff] dfl dfl lint[0x1])
[Tue Sep  9 14:21:04 2025] IOAPIC[0]: apic_id 0, version 17, address 0xfec00000, GSI 0-23
[Tue Sep  9 14:21:04 2025] ACPI: INT_SRC_OVR (bus 0 bus_irq 0 global_irq 2 dfl dfl)
[Tue Sep  9 14:21:04 2025] ACPI: INT_SRC_OVR (bus 0 bus_irq 5 global_irq 5 high level)
[Tue Sep  9 14:21:04 2025] ACPI: INT_SRC_OVR (bus 0 bus_irq 9 global_irq 9 high level)
[Tue Sep  9 14:21:04 2025] ACPI: INT_SRC_OVR (bus 0 bus_irq 10 global_irq 10 high level)
[Tue Sep  9 14:21:04 2025] ACPI: INT_SRC_OVR (bus 0 bus_irq 11 global_irq 11 high level)
[Tue Sep  9 14:21:04 2025] ACPI: IRQ0 used by override.
[Tue Sep  9 14:21:04 2025] ACPI: IRQ5 used by override.
[Tue Sep  9 14:21:04 2025] ACPI: IRQ9 used by override.
[Tue Sep  9 14:21:04 2025] ACPI: IRQ10 used by override.
[Tue Sep  9 14:21:04 2025] ACPI: IRQ11 used by override.
[Tue Sep  9 14:21:04 2025] Using ACPI (MADT) for SMP configuration information
[Tue Sep  9 14:21:04 2025] TSC deadline timer available
[Tue Sep  9 14:21:04 2025] smpboot: Allowing 16 CPUs, 0 hotplug CPUs
[Tue Sep  9 14:21:04 2025] PM: hibernation: Registered nosave memory: [mem 0x00000000-0x00000fff]
[Tue Sep  9 14:21:04 2025] PM: hibernation: Registered nosave memory: [mem 0x0009f000-0x0009ffff]
[Tue Sep  9 14:21:04 2025] PM: hibernation: Registered nosave memory: [mem 0x000a0000-0x000effff]
[Tue Sep  9 14:21:04 2025] PM: hibernation: Registered nosave memory: [mem 0x000f0000-0x000fffff]
[Tue Sep  9 14:21:04 2025] PM: hibernation: Registered nosave memory: [mem 0xbffd8000-0xbfffffff]
[Tue Sep  9 14:21:04 2025] PM: hibernation: Registered nosave memory: [mem 0xc0000000-0xfeffbfff]
[Tue Sep  9 14:21:04 2025] PM: hibernation: Registered nosave memory: [mem 0xfeffc000-0xfeffffff]
[Tue Sep  9 14:21:04 2025] PM: hibernation: Registered nosave memory: [mem 0xff000000-0xfffbffff]
[Tue Sep  9 14:21:04 2025] PM: hibernation: Registered nosave memory: [mem 0xfffc0000-0xffffffff]
[Tue Sep  9 14:21:04 2025] [mem 0xc0000000-0xfeffbfff] available for PCI devices
[Tue Sep  9 14:21:04 2025] Booting paravirtualized kernel on KVM
[Tue Sep  9 14:21:04 2025] clocksource: refined-jiffies: mask: 0xffffffff max_cycles: 0xffffffff, max_idle_ns: 1910969940391419 ns
[Tue Sep  9 14:21:04 2025] setup_percpu: NR_CPUS:8192 nr_cpumask_bits:16 nr_cpu_ids:16 nr_node_ids:2
[Tue Sep  9 14:21:04 2025] percpu: Embedded 65 pages/cpu s229376 r8192 d28672 u524288
[Tue Sep  9 14:21:04 2025] pcpu-alloc: s229376 r8192 d28672 u524288 alloc=1*2097152
[Tue Sep  9 14:21:04 2025] pcpu-alloc: [0] 00 01 02 03 [0] 04 05 06 07 
[Tue Sep  9 14:21:04 2025] pcpu-alloc: [1] 08 09 10 11 [1] 12 13 14 15 
[Tue Sep  9 14:21:04 2025] kvm-guest: stealtime: cpu 0, msr 81fa37080
[Tue Sep  9 14:21:04 2025] kvm-guest: PV spinlocks enabled
[Tue Sep  9 14:21:04 2025] PV qspinlock hash table entries: 256 (order: 0, 4096 bytes, linear)
[Tue Sep  9 14:21:04 2025] Fallback order for Node 0: 0 1 
[Tue Sep  9 14:21:04 2025] Fallback order for Node 1: 1 0 
[Tue Sep  9 14:21:04 2025] Built 2 zonelists, mobility grouping on.  Total pages: 16514776
[Tue Sep  9 14:21:04 2025] Policy zone: Normal
[Tue Sep  9 14:21:04 2025] Kernel command line: BOOT_IMAGE=/boot/vmlinuz-5.10.0-136.12.0.92.ctl3.x86_64 root=UUID=a74fe630-4089-4ae3-b9f8-95a915cf42d7 ro net.ifnames=0 biosdevname=0 console=tty0 console=ttyS0,115200n8 crashkernel=0M-3G:0M,3G-9G:256M,9G-:512M nvme_core.io_timeout=4294967295 nvme_core.admin_timeout=4294967295
[Tue Sep  9 14:21:04 2025] mem auto-init: stack:off, heap alloc:off, heap free:off
[Tue Sep  9 14:21:04 2025] Memory: 2789428K/67108312K available (14345K kernel code, 5882K rwdata, 8032K rodata, 2780K init, 7216K bss, 1717364K reserved, 0K cma-reserved)
[Tue Sep  9 14:21:04 2025] SLUB: HWalign=64, Order=0-3, MinObjects=0, CPUs=16, Nodes=2
[Tue Sep  9 14:21:04 2025] ftrace: allocating 44962 entries in 176 pages
[Tue Sep  9 14:21:04 2025] ftrace: allocated 176 pages with 3 groups
[Tue Sep  9 14:21:04 2025] rcu: Hierarchical RCU implementation.
[Tue Sep  9 14:21:04 2025] rcu: 	RCU restricting CPUs from NR_CPUS=8192 to nr_cpu_ids=16.
[Tue Sep  9 14:21:04 2025] 	Rude variant of Tasks RCU enabled.
[Tue Sep  9 14:21:04 2025] 	Tracing variant of Tasks RCU enabled.
[Tue Sep  9 14:21:04 2025] rcu: RCU calculated value of scheduler-enlistment delay is 100 jiffies.
[Tue Sep  9 14:21:04 2025] rcu: Adjusting geometry for rcu_fanout_leaf=16, nr_cpu_ids=16
[Tue Sep  9 14:21:04 2025] NR_IRQS: 524544, nr_irqs: 552, preallocated irqs: 16
[Tue Sep  9 14:21:04 2025] Console: colour VGA+ 80x25
[Tue Sep  9 14:21:04 2025] printk: console [tty0] enabled
[Tue Sep  9 14:21:04 2025] printk: console [ttyS0] enabled
[Tue Sep  9 14:21:04 2025] mempolicy: Enabling automatic NUMA balancing. Configure with numa_balancing= or the kernel.numa_balancing sysctl
[Tue Sep  9 14:21:04 2025] ACPI: Core revision 20200925
[Tue Sep  9 14:21:04 2025] APIC: Switch to symmetric I/O mode setup
[Tue Sep  9 14:21:04 2025] x2apic enabled
[Tue Sep  9 14:21:04 2025] Switched APIC routing to physical x2apic.
[Tue Sep  9 14:21:04 2025] clocksource: tsc-early: mask: 0xffffffffffffffff max_cycles: 0x285c289fcb0, max_idle_ns: 440795348079 ns
[Tue Sep  9 14:21:04 2025] Calibrating delay loop (skipped) preset value.. 5599.94 BogoMIPS (lpj=2799974)
[Tue Sep  9 14:21:04 2025] pid_max: default: 32768 minimum: 301
[Tue Sep  9 14:21:04 2025] LSM: Security Framework initializing
[Tue Sep  9 14:21:04 2025] Yama: becoming mindful.
[Tue Sep  9 14:21:04 2025] SELinux:  Initializing.
[Tue Sep  9 14:21:04 2025] Dentry cache hash table entries: 8388608 (order: 14, 67108864 bytes, vmalloc)
[Tue Sep  9 14:21:04 2025] Inode-cache hash table entries: 4194304 (order: 13, 33554432 bytes, vmalloc)
[Tue Sep  9 14:21:04 2025] Mount-cache hash table entries: 131072 (order: 8, 1048576 bytes, vmalloc)
[Tue Sep  9 14:21:04 2025] Mountpoint-cache hash table entries: 131072 (order: 8, 1048576 bytes, vmalloc)
[Tue Sep  9 14:21:04 2025] x86/cpu: User Mode Instruction Prevention (UMIP) activated
[Tue Sep  9 14:21:04 2025] Last level iTLB entries: 4KB 0, 2MB 0, 4MB 0
[Tue Sep  9 14:21:04 2025] Last level dTLB entries: 4KB 0, 2MB 0, 4MB 0, 1GB 0
[Tue Sep  9 14:21:04 2025] Spectre V1 : Mitigation: usercopy/swapgs barriers and __user pointer sanitization
[Tue Sep  9 14:21:04 2025] Spectre V2 : WARNING: Unprivileged eBPF is enabled with eIBRS on, data leaks possible via Spectre v2 BHB attacks!
[Tue Sep  9 14:21:04 2025] Spectre V2 : Mitigation: Enhanced / Automatic IBRS
[Tue Sep  9 14:21:04 2025] Spectre V2 : Spectre v2 / SpectreRSB mitigation: Filling RSB on context switch
[Tue Sep  9 14:21:04 2025] Spectre V2 : mitigation: Enabling conditional Indirect Branch Prediction Barrier
[Tue Sep  9 14:21:04 2025] Speculative Store Bypass: Mitigation: Speculative Store Bypass disabled via prctl and seccomp
[Tue Sep  9 14:21:04 2025] MMIO Stale Data: Vulnerable: Clear CPU buffers attempted, no microcode
[Tue Sep  9 14:21:04 2025] Freeing SMP alternatives memory: 36K
[Tue Sep  9 14:21:04 2025] smpboot: CPU0: Intel Xeon Processor (Icelake) (family: 0x6, model: 0x86, stepping: 0x0)
[Tue Sep  9 14:21:04 2025] Performance Events: unsupported p6 CPU model 134 no PMU driver, software events only.
[Tue Sep  9 14:21:04 2025] rcu: Hierarchical SRCU implementation.
[Tue Sep  9 14:21:04 2025] smp: Bringing up secondary CPUs ...
[Tue Sep  9 14:21:04 2025] x86: Booting SMP configuration:
[Tue Sep  9 14:21:04 2025] .... node  #0, CPUs:        #1
[Tue Sep  9 14:21:04 2025] kvm-clock: cpu 1, msr 5cf001041, secondary cpu clock
[Tue Sep  9 14:21:04 2025] kvm-guest: stealtime: cpu 1, msr 81fab7080
[Tue Sep  9 14:21:04 2025] MMIO Stale Data CPU bug present and SMT on, data leak possible. See https://www.kernel.org/doc/html/latest/admin-guide/hw-vuln/processor_mmio_stale_data.html for more details.
[Tue Sep  9 14:21:04 2025]   #2
[Tue Sep  9 14:21:04 2025] kvm-clock: cpu 2, msr 5cf001081, secondary cpu clock
[Tue Sep  9 14:21:04 2025] smpboot: CPU 2 Converting physical 0 to logical die 1
[Tue Sep  9 14:21:04 2025] kvm-guest: stealtime: cpu 2, msr 81fb37080
[Tue Sep  9 14:21:04 2025]   #3
[Tue Sep  9 14:21:04 2025] kvm-clock: cpu 3, msr 5cf0010c1, secondary cpu clock
[Tue Sep  9 14:21:04 2025] kvm-guest: stealtime: cpu 3, msr 81fbb7080
[Tue Sep  9 14:21:04 2025]   #4
[Tue Sep  9 14:21:04 2025] kvm-clock: cpu 4, msr 5cf001101, secondary cpu clock
[Tue Sep  9 14:21:04 2025] smpboot: CPU 4 Converting physical 0 to logical die 2
[Tue Sep  9 14:21:04 2025] kvm-guest: stealtime: cpu 4, msr 81fc37080
[Tue Sep  9 14:21:04 2025]   #5
[Tue Sep  9 14:21:04 2025] kvm-clock: cpu 5, msr 5cf001141, secondary cpu clock
[Tue Sep  9 14:21:04 2025] kvm-guest: stealtime: cpu 5, msr 81fcb7080
[Tue Sep  9 14:21:04 2025]   #6
[Tue Sep  9 14:21:04 2025] kvm-clock: cpu 6, msr 5cf001181, secondary cpu clock
[Tue Sep  9 14:21:04 2025] smpboot: CPU 6 Converting physical 0 to logical die 3
[Tue Sep  9 14:21:04 2025] kvm-guest: stealtime: cpu 6, msr 81fd37080
[Tue Sep  9 14:21:04 2025]   #7
[Tue Sep  9 14:21:04 2025] kvm-clock: cpu 7, msr 5cf0011c1, secondary cpu clock
[Tue Sep  9 14:21:04 2025] kvm-guest: stealtime: cpu 7, msr 81fdb7080

[Tue Sep  9 14:21:04 2025] .... node  #1, CPUs:    #8
[Tue Sep  9 14:21:04 2025] kvm-clock: cpu 8, msr 5cf001201, secondary cpu clock
[Tue Sep  9 14:21:04 2025] smpboot: CPU 8 Converting physical 0 to logical die 4
[Tue Sep  9 14:21:04 2025] kvm-guest: stealtime: cpu 8, msr 101fa37080
[Tue Sep  9 14:21:04 2025]   #9
[Tue Sep  9 14:21:04 2025] kvm-clock: cpu 9, msr 5cf001241, secondary cpu clock
[Tue Sep  9 14:21:04 2025] kvm-guest: stealtime: cpu 9, msr 101fab7080
[Tue Sep  9 14:21:04 2025]  #10
[Tue Sep  9 14:21:04 2025] kvm-clock: cpu 10, msr 5cf001281, secondary cpu clock
[Tue Sep  9 14:21:04 2025] smpboot: CPU 10 Converting physical 0 to logical die 5
[Tue Sep  9 14:21:04 2025] kvm-guest: stealtime: cpu 10, msr 101fb37080
[Tue Sep  9 14:21:04 2025]  #11
[Tue Sep  9 14:21:04 2025] kvm-clock: cpu 11, msr 5cf0012c1, secondary cpu clock
[Tue Sep  9 14:21:04 2025] kvm-guest: stealtime: cpu 11, msr 101fbb7080
[Tue Sep  9 14:21:04 2025]  #12
[Tue Sep  9 14:21:04 2025] kvm-clock: cpu 12, msr 5cf001301, secondary cpu clock
[Tue Sep  9 14:21:04 2025] smpboot: CPU 12 Converting physical 0 to logical die 6
[Tue Sep  9 14:21:04 2025] kvm-guest: stealtime: cpu 12, msr 101fc37080
[Tue Sep  9 14:21:04 2025]  #13
[Tue Sep  9 14:21:04 2025] kvm-clock: cpu 13, msr 5cf001341, secondary cpu clock
[Tue Sep  9 14:21:04 2025] kvm-guest: stealtime: cpu 13, msr 101fcb7080
[Tue Sep  9 14:21:04 2025]  #14
[Tue Sep  9 14:21:04 2025] kvm-clock: cpu 14, msr 5cf001381, secondary cpu clock
[Tue Sep  9 14:21:04 2025] smpboot: CPU 14 Converting physical 0 to logical die 7
[Tue Sep  9 14:21:04 2025] kvm-guest: stealtime: cpu 14, msr 101fd37080
[Tue Sep  9 14:21:04 2025]  #15
[Tue Sep  9 14:21:04 2025] kvm-clock: cpu 15, msr 5cf0013c1, secondary cpu clock
[Tue Sep  9 14:21:04 2025] kvm-guest: stealtime: cpu 15, msr 101fdb7080
[Tue Sep  9 14:21:04 2025] smp: Brought up 2 nodes, 16 CPUs
[Tue Sep  9 14:21:04 2025] smpboot: Max logical packages: 8
[Tue Sep  9 14:21:04 2025] smpboot: Total of 16 processors activated (89599.16 BogoMIPS)
[Tue Sep  9 14:21:04 2025] node 0 deferred pages initialised in 20ms
[Tue Sep  9 14:21:04 2025] node 1 deferred pages initialised in 23ms
[Tue Sep  9 14:21:04 2025] devtmpfs: initialized
[Tue Sep  9 14:21:04 2025] x86/mm: Memory block size: 1024MB
[Tue Sep  9 14:21:04 2025] clocksource: jiffies: mask: 0xffffffff max_cycles: 0xffffffff, max_idle_ns: 1911260446275000 ns
[Tue Sep  9 14:21:04 2025] futex hash table entries: 4096 (order: 6, 262144 bytes, vmalloc)
[Tue Sep  9 14:21:04 2025] pinctrl core: initialized pinctrl subsystem
[Tue Sep  9 14:21:04 2025] NET: Registered protocol family 16
[Tue Sep  9 14:21:04 2025] DMA: preallocated 4096 KiB GFP_KERNEL pool for atomic allocations
[Tue Sep  9 14:21:04 2025] DMA: preallocated 4096 KiB GFP_KERNEL|GFP_DMA pool for atomic allocations
[Tue Sep  9 14:21:04 2025] DMA: preallocated 4096 KiB GFP_KERNEL|GFP_DMA32 pool for atomic allocations
[Tue Sep  9 14:21:04 2025] audit: initializing netlink subsys (disabled)
[Tue Sep  9 14:21:04 2025] thermal_sys: Registered thermal governor 'fair_share'
[Tue Sep  9 14:21:04 2025] thermal_sys: Registered thermal governor 'bang_bang'
[Tue Sep  9 14:21:04 2025] thermal_sys: Registered thermal governor 'step_wise'
[Tue Sep  9 14:21:04 2025] audit: type=2000 audit(1757398864.849:1): state=initialized audit_enabled=0 res=1
[Tue Sep  9 14:21:04 2025] thermal_sys: Registered thermal governor 'user_space'
[Tue Sep  9 14:21:04 2025] cpuidle: using governor menu
[Tue Sep  9 14:21:04 2025] HugeTLB: can optimize 4095 vmemmap pages for hugepages-1048576kB
[Tue Sep  9 14:21:04 2025] ACPI: bus type PCI registered
[Tue Sep  9 14:21:04 2025] acpiphp: ACPI Hot Plug PCI Controller Driver version: 0.5
[Tue Sep  9 14:21:04 2025] PCI: Using configuration type 1 for base access
[Tue Sep  9 14:21:04 2025] Kprobes globally optimized
[Tue Sep  9 14:21:04 2025] HugeTLB: can optimize 7 vmemmap pages for hugepages-2048kB
[Tue Sep  9 14:21:04 2025] HugeTLB registered 1.00 GiB page size, pre-allocated 0 pages
[Tue Sep  9 14:21:04 2025] HugeTLB registered 2.00 MiB page size, pre-allocated 0 pages
[Tue Sep  9 14:21:04 2025] cryptd: max_cpu_qlen set to 1000
[Tue Sep  9 14:21:04 2025] ACPI: Added _OSI(Module Device)
[Tue Sep  9 14:21:04 2025] ACPI: Added _OSI(Processor Device)
[Tue Sep  9 14:21:04 2025] ACPI: Added _OSI(3.0 _SCP Extensions)
[Tue Sep  9 14:21:04 2025] ACPI: Added _OSI(Processor Aggregator Device)
[Tue Sep  9 14:21:04 2025] ACPI: Added _OSI(Linux-Dell-Video)
[Tue Sep  9 14:21:04 2025] ACPI: Added _OSI(Linux-Lenovo-NV-HDMI-Audio)
[Tue Sep  9 14:21:04 2025] ACPI: Added _OSI(Linux-HPI-Hybrid-Graphics)
[Tue Sep  9 14:21:04 2025] ACPI: 1 ACPI AML tables successfully acquired and loaded
[Tue Sep  9 14:21:04 2025] ACPI: Interpreter enabled
[Tue Sep  9 14:21:04 2025] ACPI: (supports S0 S5)
[Tue Sep  9 14:21:04 2025] ACPI: Using IOAPIC for interrupt routing
[Tue Sep  9 14:21:04 2025] PCI: Using host bridge windows from ACPI; if necessary, use "pci=nocrs" and report a bug
[Tue Sep  9 14:21:04 2025] ACPI: Enabled 2 GPEs in block 00 to 0F
[Tue Sep  9 14:21:04 2025] ACPI: PCI Root Bridge [PCI0] (domain 0000 [bus 00-ff])
[Tue Sep  9 14:21:04 2025] acpi PNP0A03:00: _OSC: OS supports [ASPM ClockPM Segments MSI HPX-Type3]
[Tue Sep  9 14:21:04 2025] acpi PNP0A03:00: fail to add MMCONFIG information, can't access extended PCI configuration space under this bridge.
[Tue Sep  9 14:21:04 2025] acpiphp: Slot [3] registered
[Tue Sep  9 14:21:04 2025] acpiphp: Slot [4] registered
[Tue Sep  9 14:21:04 2025] acpiphp: Slot [5] registered
[Tue Sep  9 14:21:04 2025] acpiphp: Slot [6] registered
[Tue Sep  9 14:21:04 2025] acpiphp: Slot [7] registered
[Tue Sep  9 14:21:04 2025] acpiphp: Slot [8] registered
[Tue Sep  9 14:21:04 2025] acpiphp: Slot [9] registered
[Tue Sep  9 14:21:04 2025] acpiphp: Slot [10] registered
[Tue Sep  9 14:21:04 2025] acpiphp: Slot [11] registered
[Tue Sep  9 14:21:04 2025] acpiphp: Slot [12] registered
[Tue Sep  9 14:21:04 2025] acpiphp: Slot [13] registered
[Tue Sep  9 14:21:04 2025] acpiphp: Slot [14] registered
[Tue Sep  9 14:21:04 2025] acpiphp: Slot [15] registered
[Tue Sep  9 14:21:04 2025] acpiphp: Slot [16] registered
[Tue Sep  9 14:21:04 2025] acpiphp: Slot [17] registered
[Tue Sep  9 14:21:04 2025] acpiphp: Slot [18] registered
[Tue Sep  9 14:21:04 2025] acpiphp: Slot [19] registered
[Tue Sep  9 14:21:04 2025] acpiphp: Slot [20] registered
[Tue Sep  9 14:21:04 2025] acpiphp: Slot [21] registered
[Tue Sep  9 14:21:04 2025] acpiphp: Slot [22] registered
[Tue Sep  9 14:21:04 2025] acpiphp: Slot [23] registered
[Tue Sep  9 14:21:04 2025] acpiphp: Slot [24] registered
[Tue Sep  9 14:21:04 2025] acpiphp: Slot [25] registered
[Tue Sep  9 14:21:04 2025] acpiphp: Slot [26] registered
[Tue Sep  9 14:21:04 2025] acpiphp: Slot [27] registered
[Tue Sep  9 14:21:04 2025] acpiphp: Slot [28] registered
[Tue Sep  9 14:21:04 2025] acpiphp: Slot [29] registered
[Tue Sep  9 14:21:04 2025] acpiphp: Slot [30] registered
[Tue Sep  9 14:21:04 2025] acpiphp: Slot [31] registered
[Tue Sep  9 14:21:04 2025] PCI host bridge to bus 0000:00
[Tue Sep  9 14:21:04 2025] pci_bus 0000:00: Unknown NUMA node; performance will be reduced
[Tue Sep  9 14:21:04 2025] pci_bus 0000:00: root bus resource [io  0x0000-0x0cf7 window]
[Tue Sep  9 14:21:04 2025] pci_bus 0000:00: root bus resource [io  0x0d00-0xffff window]
[Tue Sep  9 14:21:04 2025] pci_bus 0000:00: root bus resource [mem 0x000a0000-0x000bffff window]
[Tue Sep  9 14:21:04 2025] pci_bus 0000:00: root bus resource [mem 0xc0000000-0xfebfffff window]
[Tue Sep  9 14:21:04 2025] pci_bus 0000:00: root bus resource [mem 0x1040000000-0x10bfffffff window]
[Tue Sep  9 14:21:04 2025] pci_bus 0000:00: root bus resource [bus 00-ff]
[Tue Sep  9 14:21:04 2025] pci 0000:00:00.0: [8086:1237] type 00 class 0x060000
[Tue Sep  9 14:21:04 2025] pci 0000:00:01.0: [8086:7000] type 00 class 0x060100
[Tue Sep  9 14:21:04 2025] pci 0000:00:01.1: [8086:7010] type 00 class 0x010180
[Tue Sep  9 14:21:04 2025] pci 0000:00:01.1: reg 0x20: [io  0xc140-0xc14f]
[Tue Sep  9 14:21:04 2025] pci 0000:00:01.1: legacy IDE quirk: reg 0x10: [io  0x01f0-0x01f7]
[Tue Sep  9 14:21:04 2025] pci 0000:00:01.1: legacy IDE quirk: reg 0x14: [io  0x03f6]
[Tue Sep  9 14:21:04 2025] pci 0000:00:01.1: legacy IDE quirk: reg 0x18: [io  0x0170-0x0177]
[Tue Sep  9 14:21:04 2025] pci 0000:00:01.1: legacy IDE quirk: reg 0x1c: [io  0x0376]
[Tue Sep  9 14:21:04 2025] pci 0000:00:01.2: [8086:7020] type 00 class 0x0c0300
[Tue Sep  9 14:21:04 2025] pci 0000:00:01.2: reg 0x20: [io  0xc100-0xc11f]
[Tue Sep  9 14:21:04 2025] pci 0000:00:01.3: [8086:7113] type 00 class 0x068000
[Tue Sep  9 14:21:04 2025] pci 0000:00:01.3: quirk: [io  0x0600-0x063f] claimed by PIIX4 ACPI
[Tue Sep  9 14:21:04 2025] pci 0000:00:01.3: quirk: [io  0x0700-0x070f] claimed by PIIX4 SMB
[Tue Sep  9 14:21:04 2025] pci 0000:00:02.0: [1013:00b8] type 00 class 0x030000
[Tue Sep  9 14:21:04 2025] pci 0000:00:02.0: reg 0x10: [mem 0xfc000000-0xfdffffff pref]
[Tue Sep  9 14:21:04 2025] pci 0000:00:02.0: reg 0x14: [mem 0xfebf0000-0xfebf0fff]
[Tue Sep  9 14:21:04 2025] pci 0000:00:02.0: reg 0x30: [mem 0xfebe0000-0xfebeffff pref]
[Tue Sep  9 14:21:04 2025] pci 0000:00:03.0: [1af4:1000] type 00 class 0x020000
[Tue Sep  9 14:21:04 2025] pci 0000:00:03.0: reg 0x10: [io  0xc000-0xc03f]
[Tue Sep  9 14:21:04 2025] pci 0000:00:03.0: reg 0x14: [mem 0xfebf1000-0xfebf1fff]
[Tue Sep  9 14:21:04 2025] pci 0000:00:03.0: reg 0x20: [mem 0xfe000000-0xfe003fff 64bit pref]
[Tue Sep  9 14:21:04 2025] pci 0000:00:03.0: reg 0x30: [mem 0xfebc0000-0xfebdffff pref]
[Tue Sep  9 14:21:04 2025] pci 0000:00:04.0: [1af4:1003] type 00 class 0x078000
[Tue Sep  9 14:21:04 2025] pci 0000:00:04.0: reg 0x10: [io  0xc040-0xc07f]
[Tue Sep  9 14:21:04 2025] pci 0000:00:04.0: reg 0x14: [mem 0xfebf2000-0xfebf2fff]
[Tue Sep  9 14:21:04 2025] pci 0000:00:04.0: reg 0x20: [mem 0xfe004000-0xfe007fff 64bit pref]
[Tue Sep  9 14:21:04 2025] pci 0000:00:05.0: [1af4:1001] type 00 class 0x010000
[Tue Sep  9 14:21:04 2025] pci 0000:00:05.0: reg 0x10: [io  0xc080-0xc0bf]
[Tue Sep  9 14:21:04 2025] pci 0000:00:05.0: reg 0x14: [mem 0xfebf3000-0xfebf3fff]
[Tue Sep  9 14:21:04 2025] pci 0000:00:05.0: reg 0x20: [mem 0xfe008000-0xfe00bfff 64bit pref]
[Tue Sep  9 14:21:04 2025] pci 0000:00:06.0: [1af4:1002] type 00 class 0x00ff00
[Tue Sep  9 14:21:04 2025] pci 0000:00:06.0: reg 0x10: [io  0xc120-0xc13f]
[Tue Sep  9 14:21:04 2025] pci 0000:00:06.0: reg 0x20: [mem 0xfe00c000-0xfe00ffff 64bit pref]
[Tue Sep  9 14:21:04 2025] pci 0000:00:07.0: [1af4:1001] type 00 class 0x010000
[Tue Sep  9 14:21:04 2025] pci 0000:00:07.0: reg 0x10: [io  0xc0c0-0xc0ff]
[Tue Sep  9 14:21:04 2025] pci 0000:00:07.0: reg 0x14: [mem 0xfebf4000-0xfebf4fff]
[Tue Sep  9 14:21:04 2025] pci 0000:00:07.0: reg 0x20: [mem 0xfe010000-0xfe013fff 64bit pref]
[Tue Sep  9 14:21:04 2025] ACPI: PCI Interrupt Link [LNKA] (IRQs 5 *10 11)
[Tue Sep  9 14:21:04 2025] ACPI: PCI Interrupt Link [LNKB] (IRQs 5 *10 11)
[Tue Sep  9 14:21:04 2025] ACPI: PCI Interrupt Link [LNKC] (IRQs 5 10 *11)
[Tue Sep  9 14:21:04 2025] ACPI: PCI Interrupt Link [LNKD] (IRQs 5 10 *11)
[Tue Sep  9 14:21:04 2025] ACPI: PCI Interrupt Link [LNKS] (IRQs *9)
[Tue Sep  9 14:21:04 2025] iommu: Default domain type: Passthrough 
[Tue Sep  9 14:21:04 2025] pci 0000:00:02.0: vgaarb: setting as boot VGA device
[Tue Sep  9 14:21:04 2025] pci 0000:00:02.0: vgaarb: VGA device added: decodes=io+mem,owns=io+mem,locks=none
[Tue Sep  9 14:21:04 2025] pci 0000:00:02.0: vgaarb: bridge control possible
[Tue Sep  9 14:21:04 2025] vgaarb: loaded
[Tue Sep  9 14:21:04 2025] SCSI subsystem initialized
[Tue Sep  9 14:21:04 2025] libata version 3.00 loaded.
[Tue Sep  9 14:21:04 2025] ACPI: bus type USB registered
[Tue Sep  9 14:21:04 2025] usbcore: registered new interface driver usbfs
[Tue Sep  9 14:21:04 2025] usbcore: registered new interface driver hub
[Tue Sep  9 14:21:04 2025] usbcore: registered new device driver usb
[Tue Sep  9 14:21:04 2025] pps_core: LinuxPPS API ver. 1 registered
[Tue Sep  9 14:21:04 2025] pps_core: Software ver. 5.3.6 - Copyright 2005-2007 Rodolfo Giometti <giometti@linux.it>
[Tue Sep  9 14:21:04 2025] PTP clock support registered
[Tue Sep  9 14:21:04 2025] EDAC MC: Ver: 3.0.0
[Tue Sep  9 14:21:04 2025] NetLabel: Initializing
[Tue Sep  9 14:21:04 2025] NetLabel:  domain hash size = 128
[Tue Sep  9 14:21:04 2025] NetLabel:  protocols = UNLABELED CIPSOv4 CALIPSO
[Tue Sep  9 14:21:04 2025] NetLabel:  unlabeled traffic allowed by default
[Tue Sep  9 14:21:04 2025] PCI: Using ACPI for IRQ routing
[Tue Sep  9 14:21:04 2025] PCI: pci_cache_line_size set to 64 bytes
[Tue Sep  9 14:21:04 2025] e820: reserve RAM buffer [mem 0x0009fc00-0x0009ffff]
[Tue Sep  9 14:21:04 2025] e820: reserve RAM buffer [mem 0xbffd8000-0xbfffffff]
[Tue Sep  9 14:21:04 2025] clocksource: Switched to clocksource kvm-clock
[Tue Sep  9 14:21:04 2025] VFS: Disk quotas dquot_6.6.0
[Tue Sep  9 14:21:04 2025] VFS: Dquot-cache hash table entries: 512 (order 0, 4096 bytes)
[Tue Sep  9 14:21:04 2025] pnp: PnP ACPI init
[Tue Sep  9 14:21:04 2025] pnp 00:00: Plug and Play ACPI device, IDs PNP0b00 (active)
[Tue Sep  9 14:21:04 2025] pnp 00:01: Plug and Play ACPI device, IDs PNP0303 (active)
[Tue Sep  9 14:21:04 2025] pnp 00:02: Plug and Play ACPI device, IDs PNP0f13 (active)
[Tue Sep  9 14:21:04 2025] pnp 00:03: [dma 2]
[Tue Sep  9 14:21:04 2025] pnp 00:03: Plug and Play ACPI device, IDs PNP0700 (active)
[Tue Sep  9 14:21:04 2025] pnp 00:04: Plug and Play ACPI device, IDs PNP0501 (active)
[Tue Sep  9 14:21:04 2025] pnp: PnP ACPI: found 5 devices
[Tue Sep  9 14:21:04 2025] clocksource: acpi_pm: mask: 0xffffff max_cycles: 0xffffff, max_idle_ns: 2085701024 ns
[Tue Sep  9 14:21:04 2025] NET: Registered protocol family 2
[Tue Sep  9 14:21:04 2025] IP idents hash table entries: 262144 (order: 9, 2097152 bytes, vmalloc)
[Tue Sep  9 14:21:04 2025] tcp_listen_portaddr_hash hash table entries: 32768 (order: 7, 524288 bytes, vmalloc)
[Tue Sep  9 14:21:04 2025] TCP established hash table entries: 524288 (order: 10, 4194304 bytes, vmalloc)
[Tue Sep  9 14:21:04 2025] TCP bind hash table entries: 65536 (order: 8, 1048576 bytes, vmalloc)
[Tue Sep  9 14:21:04 2025] TCP: Hash tables configured (established 524288 bind 65536)
[Tue Sep  9 14:21:04 2025] UDP hash table entries: 32768 (order: 8, 1048576 bytes, vmalloc)
[Tue Sep  9 14:21:04 2025] UDP-Lite hash table entries: 32768 (order: 8, 1048576 bytes, vmalloc)
[Tue Sep  9 14:21:04 2025] NET: Registered protocol family 1
[Tue Sep  9 14:21:04 2025] NET: Registered protocol family 44
[Tue Sep  9 14:21:04 2025] pci_bus 0000:00: resource 4 [io  0x0000-0x0cf7 window]
[Tue Sep  9 14:21:04 2025] pci_bus 0000:00: resource 5 [io  0x0d00-0xffff window]
[Tue Sep  9 14:21:04 2025] pci_bus 0000:00: resource 6 [mem 0x000a0000-0x000bffff window]
[Tue Sep  9 14:21:04 2025] pci_bus 0000:00: resource 7 [mem 0xc0000000-0xfebfffff window]
[Tue Sep  9 14:21:04 2025] pci_bus 0000:00: resource 8 [mem 0x1040000000-0x10bfffffff window]
[Tue Sep  9 14:21:04 2025] pci 0000:00:01.0: PIIX3: Enabling Passive Release
[Tue Sep  9 14:21:04 2025] pci 0000:00:00.0: Limiting direct PCI/PCI transfers
[Tue Sep  9 14:21:04 2025] pci 0000:00:01.0: Activating ISA DMA hang workarounds
[Tue Sep  9 14:21:04 2025] PCI Interrupt Link [LNKD] enabled at IRQ 11
[Tue Sep  9 14:21:04 2025] pci 0000:00:01.2: quirk_usb_early_handoff+0x0/0x270 took 36067 usecs
[Tue Sep  9 14:21:04 2025] pci 0000:00:02.0: Video device with shadowed ROM at [mem 0x000c0000-0x000dffff]
[Tue Sep  9 14:21:04 2025] PCI: CLS 0 bytes, default 64
[Tue Sep  9 14:21:04 2025] Trying to unpack rootfs image as initramfs...
[Tue Sep  9 14:21:04 2025] Freeing initrd memory: 27232K
[Tue Sep  9 14:21:04 2025] PCI-DMA: Using software bounce buffering for IO (SWIOTLB)
[Tue Sep  9 14:21:04 2025] software IO TLB: mapped [mem 0x000000009b000000-0x000000009f000000] (64MB)
[Tue Sep  9 14:21:04 2025] clocksource: tsc: mask: 0xffffffffffffffff max_cycles: 0x285c289fcb0, max_idle_ns: 440795348079 ns
[Tue Sep  9 14:21:04 2025] Initialise system trusted keyrings
[Tue Sep  9 14:21:04 2025] Key type blacklist registered
[Tue Sep  9 14:21:04 2025] workingset: timestamp_bits=36 max_order=24 bucket_order=0
[Tue Sep  9 14:21:04 2025] zbud: loaded
[Tue Sep  9 14:21:04 2025] integrity: Platform Keyring initialized
[Tue Sep  9 14:21:04 2025] NET: Registered protocol family 38
[Tue Sep  9 14:21:04 2025] Key type asymmetric registered
[Tue Sep  9 14:21:04 2025] Asymmetric key parser 'x509' registered
[Tue Sep  9 14:21:04 2025] Asymmetric key parser 'pgp' registered
[Tue Sep  9 14:21:04 2025] Block layer SCSI generic (bsg) driver version 0.4 loaded (major 247)
[Tue Sep  9 14:21:04 2025] io scheduler mq-deadline registered
[Tue Sep  9 14:21:04 2025] io scheduler kyber registered
[Tue Sep  9 14:21:04 2025] io scheduler bfq registered
[Tue Sep  9 14:21:04 2025] shpchp: Standard Hot Plug PCI Controller Driver version: 0.4
[Tue Sep  9 14:21:04 2025] input: Power Button as /devices/LNXSYSTM:00/LNXPWRBN:00/input/input0
[Tue Sep  9 14:21:04 2025] ACPI: Power Button [PWRF]
[Tue Sep  9 14:21:04 2025] PCI Interrupt Link [LNKC] enabled at IRQ 10
[Tue Sep  9 14:21:04 2025] PCI Interrupt Link [LNKA] enabled at IRQ 10
[Tue Sep  9 14:21:04 2025] PCI Interrupt Link [LNKB] enabled at IRQ 11
[Tue Sep  9 14:21:04 2025] Serial: 8250/16550 driver, 4 ports, IRQ sharing enabled
[Tue Sep  9 14:21:04 2025] 00:04: ttyS0 at I/O 0x3f8 (irq = 4, base_baud = 115200) is a 16550A
[Tue Sep  9 14:21:04 2025] Non-volatile memory driver v1.3
[Tue Sep  9 14:21:04 2025] rdac: device handler registered
[Tue Sep  9 14:21:04 2025] hp_sw: device handler registered
[Tue Sep  9 14:21:04 2025] emc: device handler registered
[Tue Sep  9 14:21:04 2025] alua: device handler registered
[Tue Sep  9 14:21:04 2025] ehci_hcd: USB 2.0 'Enhanced' Host Controller (EHCI) Driver
[Tue Sep  9 14:21:04 2025] ehci-pci: EHCI PCI platform driver
[Tue Sep  9 14:21:04 2025] ohci_hcd: USB 1.1 'Open' Host Controller (OHCI) Driver
[Tue Sep  9 14:21:04 2025] ohci-pci: OHCI PCI platform driver
[Tue Sep  9 14:21:04 2025] uhci_hcd: USB Universal Host Controller Interface driver
[Tue Sep  9 14:21:04 2025] uhci_hcd 0000:00:01.2: UHCI Host Controller
[Tue Sep  9 14:21:04 2025] uhci_hcd 0000:00:01.2: new USB bus registered, assigned bus number 1
[Tue Sep  9 14:21:04 2025] uhci_hcd 0000:00:01.2: detected 2 ports
[Tue Sep  9 14:21:04 2025] uhci_hcd 0000:00:01.2: irq 11, io base 0x0000c100
[Tue Sep  9 14:21:04 2025] usb usb1: New USB device found, idVendor=1d6b, idProduct=0001, bcdDevice= 5.10
[Tue Sep  9 14:21:04 2025] usb usb1: New USB device strings: Mfr=3, Product=2, SerialNumber=1
[Tue Sep  9 14:21:04 2025] usb usb1: Product: UHCI Host Controller
[Tue Sep  9 14:21:04 2025] usb usb1: Manufacturer: Linux 5.10.0-136.12.0.92.ctl3.x86_64 uhci_hcd
[Tue Sep  9 14:21:04 2025] usb usb1: SerialNumber: 0000:00:01.2
[Tue Sep  9 14:21:04 2025] hub 1-0:1.0: USB hub found
[Tue Sep  9 14:21:04 2025] hub 1-0:1.0: 2 ports detected
[Tue Sep  9 14:21:04 2025] i8042: PNP: PS/2 Controller [PNP0303:KBD,PNP0f13:MOU] at 0x60,0x64 irq 1,12
[Tue Sep  9 14:21:04 2025] serio: i8042 KBD port at 0x60,0x64 irq 1
[Tue Sep  9 14:21:04 2025] serio: i8042 AUX port at 0x60,0x64 irq 12
[Tue Sep  9 14:21:04 2025] mousedev: PS/2 mouse device common for all mice
[Tue Sep  9 14:21:04 2025] rtc_cmos 00:00: RTC can wake from S4
[Tue Sep  9 14:21:04 2025] rtc_cmos 00:00: registered as rtc0
[Tue Sep  9 14:21:04 2025] rtc_cmos 00:00: setting system clock to 2025-09-09T06:21:05 UTC (1757398865)
[Tue Sep  9 14:21:04 2025] rtc_cmos 00:00: alarms up to one day, y3k, 114 bytes nvram
[Tue Sep  9 14:21:04 2025] intel_pstate: CPU model not supported
[Tue Sep  9 14:21:04 2025] input: AT Translated Set 2 keyboard as /devices/platform/i8042/serio0/input/input1
[Tue Sep  9 14:21:04 2025] hid: raw HID events driver (C) Jiri Kosina
[Tue Sep  9 14:21:04 2025] input: VirtualPS/2 VMware VMMouse as /devices/platform/i8042/serio1/input/input4
[Tue Sep  9 14:21:04 2025] usbcore: registered new interface driver usbhid
[Tue Sep  9 14:21:04 2025] input: VirtualPS/2 VMware VMMouse as /devices/platform/i8042/serio1/input/input3
[Tue Sep  9 14:21:04 2025] usbhid: USB HID core driver
[Tue Sep  9 14:21:04 2025] drop_monitor: Initializing network drop monitor service
[Tue Sep  9 14:21:04 2025] Initializing XFRM netlink socket
[Tue Sep  9 14:21:04 2025] NET: Registered protocol family 10
[Tue Sep  9 14:21:04 2025] Segment Routing with IPv6
[Tue Sep  9 14:21:04 2025] NET: Registered protocol family 17
[Tue Sep  9 14:21:04 2025] mpls_gso: MPLS GSO support
[Tue Sep  9 14:21:04 2025] IPI shorthand broadcast: enabled
[Tue Sep  9 14:21:04 2025] AVX2 version of gcm_enc/dec engaged.
[Tue Sep  9 14:21:04 2025] AES CTR mode by8 optimization enabled
[Tue Sep  9 14:21:04 2025] sched_clock: Marking stable (870990661, 126993348)->(1183031585, -185047576)
[Tue Sep  9 14:21:04 2025] registered taskstats version 1
[Tue Sep  9 14:21:05 2025] Loading compiled-in X.509 certificates
[Tue Sep  9 14:21:05 2025] Loaded X.509 cert 'CTyunOS kernel signing key: 73a6c3ea851412a656f94334e429f4521e652941'
[Tue Sep  9 14:21:05 2025] Load PGP public keys
[Tue Sep  9 14:21:05 2025] Loaded PGP key 'RPM-GPG-KEY-CTyunOS-v2 3e07d51a'
[Tue Sep  9 14:21:05 2025] zswap: loaded using pool lzo/zbud
[Tue Sep  9 14:21:05 2025] Key type encrypted registered
[Tue Sep  9 14:21:05 2025] ima: No TPM chip found, activating TPM-bypass!
[Tue Sep  9 14:21:05 2025] ima: Allocated hash algorithm: sha256
[Tue Sep  9 14:21:05 2025] ima: No architecture policies found
[Tue Sep  9 14:21:05 2025] evm: Initialising EVM extended attributes:
[Tue Sep  9 14:21:05 2025] evm: security.selinux
[Tue Sep  9 14:21:05 2025] evm: security.apparmor
[Tue Sep  9 14:21:05 2025] evm: security.ima
[Tue Sep  9 14:21:05 2025] evm: security.capability
[Tue Sep  9 14:21:05 2025] evm: HMAC attrs: 0x1
[Tue Sep  9 14:21:05 2025] NMI watchdog: Perf NMI watchdog permanently disabled
[Tue Sep  9 14:21:05 2025] integrity: Unable to open file: /etc/keys/x509_ima.der (-2)
[Tue Sep  9 14:21:05 2025] integrity: Unable to open file: /etc/keys/x509_evm.der (-2)
[Tue Sep  9 14:21:05 2025] Freeing unused decrypted memory: 2036K
[Tue Sep  9 14:21:05 2025] Freeing unused kernel image (initmem) memory: 2780K
[Tue Sep  9 14:21:05 2025] Write protecting the kernel read-only data: 24576k
[Tue Sep  9 14:21:05 2025] Freeing unused kernel image (text/rodata gap) memory: 2036K
[Tue Sep  9 14:21:05 2025] Freeing unused kernel image (rodata/data gap) memory: 160K
[Tue Sep  9 14:21:05 2025] Run /init as init process
[Tue Sep  9 14:21:05 2025]   with arguments:
[Tue Sep  9 14:21:05 2025]     /init
[Tue Sep  9 14:21:05 2025]   with environment:
[Tue Sep  9 14:21:05 2025]     HOME=/
[Tue Sep  9 14:21:05 2025]     TERM=linux
[Tue Sep  9 14:21:05 2025]     BOOT_IMAGE=/boot/vmlinuz-5.10.0-136.12.0.92.ctl3.x86_64
[Tue Sep  9 14:21:05 2025]     biosdevname=0
[Tue Sep  9 14:21:05 2025]     crashkernel=0M-3G:0M,3G-9G:256M,9G-:512M
[Tue Sep  9 14:21:05 2025] systemd[1]: systemd v249-75.ctl3 running in system mode (+PAM +AUDIT +SELINUX -APPARMOR +IMA -SMACK +SECCOMP +GCRYPT +GNUTLS -OPENSSL +ACL +BLKID -CURL -ELFUTILS -FIDO2 +IDN2 -IDN -IPTC +KMOD -LIBCRYPTSETUP +LIBFDISK +PCRE2 -PWQUALITY +P11KIT -QRENCODE +BZIP2 +LZ4 +XZ +ZLIB -ZSTD +XKBCOMMON +UTMP +SYSVINIT default-hierarchy=legacy)
[Tue Sep  9 14:21:05 2025] systemd[1]: Detected virtualization kvm.
[Tue Sep  9 14:21:05 2025] systemd[1]: Detected architecture x86-64.
[Tue Sep  9 14:21:05 2025] systemd[1]: Running in initial RAM disk.
[Tue Sep  9 14:21:05 2025] systemd[1]: Hostname set to <CTyunOS23>.
[Tue Sep  9 14:21:05 2025] systemd[1]: Queued start job for default target Initrd Default Target.
[Tue Sep  9 14:21:05 2025] systemd[1]: Reached target Local File Systems.
[Tue Sep  9 14:21:05 2025] systemd[1]: Reached target Slice Units.
[Tue Sep  9 14:21:05 2025] systemd[1]: Reached target Swaps.
[Tue Sep  9 14:21:05 2025] systemd[1]: Reached target Timer Units.
[Tue Sep  9 14:21:05 2025] systemd[1]: Listening on Journal Socket (/dev/log).
[Tue Sep  9 14:21:05 2025] systemd[1]: Listening on Journal Socket.
[Tue Sep  9 14:21:05 2025] systemd[1]: Listening on udev Control Socket.
[Tue Sep  9 14:21:05 2025] systemd[1]: Listening on udev Kernel Socket.
[Tue Sep  9 14:21:05 2025] systemd[1]: Reached target Socket Units.
[Tue Sep  9 14:21:05 2025] systemd[1]: Starting Create List of Static Device Nodes...
[Tue Sep  9 14:21:05 2025] systemd[1]: Started Hardware RNG Entropy Gatherer Daemon.
[Tue Sep  9 14:21:05 2025] systemd[1]: systemd-journald.service: unit configures an IP firewall, but the local system does not support BPF/cgroup firewalling.
[Tue Sep  9 14:21:05 2025] random: rngd: uninitialized urandom read (16 bytes read)
[Tue Sep  9 14:21:05 2025] systemd[1]: (This warning is only shown for the first unit using IP firewalling.)
[Tue Sep  9 14:21:05 2025] systemd[1]: Starting Journal Service...
[Tue Sep  9 14:21:05 2025] systemd[1]: Condition check resulted in Load Kernel Modules being skipped.
[Tue Sep  9 14:21:05 2025] systemd[1]: Starting Apply Kernel Variables...
[Tue Sep  9 14:21:05 2025] systemd[1]: Starting Setup Virtual Console...
[Tue Sep  9 14:21:05 2025] systemd[1]: Finished Create List of Static Device Nodes.
[Tue Sep  9 14:21:05 2025] systemd[1]: Starting Create Static Device Nodes in /dev...
[Tue Sep  9 14:21:05 2025] systemd[1]: Finished Create Static Device Nodes in /dev.
[Tue Sep  9 14:21:05 2025] usb 1-1: new full-speed USB device number 2 using uhci_hcd
[Tue Sep  9 14:21:05 2025] systemd[1]: Started Journal Service.
[Tue Sep  9 14:21:05 2025] usb 1-1: New USB device found, idVendor=0409, idProduct=55aa, bcdDevice= 1.01
[Tue Sep  9 14:21:05 2025] usb 1-1: New USB device strings: Mfr=1, Product=2, SerialNumber=3
[Tue Sep  9 14:21:05 2025] usb 1-1: Product: QEMU USB Hub
[Tue Sep  9 14:21:05 2025] usb 1-1: Manufacturer: QEMU
[Tue Sep  9 14:21:05 2025] usb 1-1: SerialNumber: 314159-0000:00:01.2-1
[Tue Sep  9 14:21:05 2025] hub 1-1:1.0: USB hub found
[Tue Sep  9 14:21:05 2025] hub 1-1:1.0: 8 ports detected
[Tue Sep  9 14:21:05 2025] ata_piix 0000:00:01.1: version 2.13
[Tue Sep  9 14:21:05 2025] scsi host0: ata_piix
[Tue Sep  9 14:21:05 2025] scsi host1: ata_piix
[Tue Sep  9 14:21:05 2025] ata1: PATA max MWDMA2 cmd 0x1f0 ctl 0x3f6 bmdma 0xc140 irq 14
[Tue Sep  9 14:21:05 2025] virtio_blk virtio2: [vda] 209715200 512-byte logical blocks (107 GB/100 GiB)
[Tue Sep  9 14:21:05 2025] ata2: PATA max MWDMA2 cmd 0x170 ctl 0x376 bmdma 0xc148 irq 15
[Tue Sep  9 14:21:05 2025] vda: detected capacity change from 0 to 107374182400
[Tue Sep  9 14:21:05 2025]  vda: vda1
[Tue Sep  9 14:21:05 2025] virtio_blk virtio4: [vdb] 6291456000 512-byte logical blocks (3.22 TB/2.93 TiB)
[Tue Sep  9 14:21:05 2025] vdb: detected capacity change from 0 to 3221225472000
[Tue Sep  9 14:21:05 2025] usb 1-2: new full-speed USB device number 3 using uhci_hcd
[Tue Sep  9 14:21:05 2025] ata1.01: NODEV after polling detection
[Tue Sep  9 14:21:05 2025] ata1.00: ATAPI: QEMU DVD-ROM, 2.5+, max UDMA/100
[Tue Sep  9 14:21:05 2025] scsi 0:0:0:0: CD-ROM            QEMU     QEMU DVD-ROM     2.5+ PQ: 0 ANSI: 5
[Tue Sep  9 14:21:05 2025] sr 0:0:0:0: [sr0] scsi3-mmc drive: 4x/4x cd/rw xa/form2 tray
[Tue Sep  9 14:21:05 2025] cdrom: Uniform CD-ROM driver Revision: 3.20
[Tue Sep  9 14:21:05 2025] cirrus 0000:00:02.0: vgaarb: deactivate vga console
[Tue Sep  9 14:21:05 2025] Console: switching to colour dummy device 80x25
[Tue Sep  9 14:21:05 2025] [drm] Initialized cirrus 2.0.0 2019 for 0000:00:02.0 on minor 0
[Tue Sep  9 14:21:05 2025] fbcon: cirrusdrmfb (fb0) is primary device
[Tue Sep  9 14:21:05 2025] Console: switching to colour frame buffer device 128x48
[Tue Sep  9 14:21:05 2025] cirrus 0000:00:02.0: [drm] fb0: cirrusdrmfb frame buffer device
[Tue Sep  9 14:21:05 2025] sr 0:0:0:0: Attached scsi CD-ROM sr0
[Tue Sep  9 14:21:05 2025] usb 1-2: New USB device found, idVendor=0627, idProduct=0001, bcdDevice= 0.00
[Tue Sep  9 14:21:05 2025] usb 1-2: New USB device strings: Mfr=1, Product=3, SerialNumber=10
[Tue Sep  9 14:21:05 2025] usb 1-2: Product: QEMU USB Tablet
[Tue Sep  9 14:21:05 2025] usb 1-2: Manufacturer: QEMU
[Tue Sep  9 14:21:05 2025] usb 1-2: SerialNumber: 42
[Tue Sep  9 14:21:05 2025] input: QEMU QEMU USB Tablet as /devices/pci0000:00/0000:00:01.2/usb1/1-2/1-2:1.0/0003:0627:0001.0001/input/input5
[Tue Sep  9 14:21:05 2025] hid-generic 0003:0627:0001.0001: input,hidraw0: USB HID v0.01 Mouse [QEMU QEMU USB Tablet] on usb-0000:00:01.2-2/input0
[Tue Sep  9 14:21:05 2025] SGI XFS with ACLs, security attributes, quota, no debug enabled
[Tue Sep  9 14:21:05 2025] XFS (vda1): EXPERIMENTAL big timestamp feature in use. Use at your own risk!
[Tue Sep  9 14:21:05 2025] XFS (vda1): EXPERIMENTAL inode btree counters feature in use. Use at your own risk!
[Tue Sep  9 14:21:05 2025] XFS (vda1): Mounting V5 Filesystem
[Tue Sep  9 14:21:05 2025] XFS (vda1): Ending clean mount
[Tue Sep  9 14:21:06 2025] systemd-journald[321]: Received SIGTERM from PID 1 (systemd).
[Tue Sep  9 14:21:06 2025] SELinux:  Runtime disable is deprecated, use selinux=0 on the kernel cmdline.
[Tue Sep  9 14:21:06 2025] SELinux:  Disabled at runtime.
[Tue Sep  9 14:21:06 2025] audit: type=1404 audit(1757398866.763:2): enforcing=0 old_enforcing=0 auid=4294967295 ses=4294967295 enabled=0 old-enabled=1 lsm=selinux res=1
[Tue Sep  9 14:21:06 2025] systemd[1]: systemd v249-75.ctl3 running in system mode (+PAM +AUDIT +SELINUX -APPARMOR +IMA -SMACK +SECCOMP +GCRYPT +GNUTLS -OPENSSL +ACL +BLKID -CURL -ELFUTILS -FIDO2 +IDN2 -IDN -IPTC +KMOD -LIBCRYPTSETUP +LIBFDISK +PCRE2 -PWQUALITY +P11KIT -QRENCODE +BZIP2 +LZ4 +XZ +ZLIB -ZSTD +XKBCOMMON +UTMP +SYSVINIT default-hierarchy=legacy)
[Tue Sep  9 14:21:06 2025] systemd[1]: Detected virtualization kvm.
[Tue Sep  9 14:21:06 2025] systemd[1]: Detected architecture x86-64.
[Tue Sep  9 14:21:06 2025] systemd[1]: Hostname set to <localhost>.
[Tue Sep  9 14:21:06 2025] systemd[1]: Initializing machine ID from VM UUID.
[Tue Sep  9 14:21:06 2025] systemd[1]: Installed transient /etc/machine-id file.
[Tue Sep  9 14:21:06 2025] random: lvmconfig: uninitialized urandom read (4 bytes read)
[Tue Sep  9 14:21:06 2025] systemd[1]: /usr/lib/systemd/system/dbus.socket:5: ListenStream= references a path below legacy directory /var/run/, updating /var/run/dbus/system_bus_socket → /run/dbus/system_bus_socket; please update the unit file accordingly.
[Tue Sep  9 14:21:06 2025] systemd[1]: /usr/lib/systemd/system/acpid.socket:6: ListenStream= references a path below legacy directory /var/run/, updating /var/run/acpid.socket → /run/acpid.socket; please update the unit file accordingly.
[Tue Sep  9 14:21:06 2025] systemd[1]: /usr/lib/systemd/system/libstoragemgmt.service:7: Standard output type syslog is obsolete, automatically updating to journal. Please update your unit file, and consider removing the setting altogether.
[Tue Sep  9 14:21:06 2025] systemd[1]: /etc/systemd/system/ctcss.service:18: Failed to extract device node and bandwidth from '10M', ignoring.
[Tue Sep  9 14:21:06 2025] systemd[1]: /etc/systemd/system/ctcss.service:19: Failed to extract device node and bandwidth from '10M', ignoring.
[Tue Sep  9 14:21:06 2025] systemd[1]: initrd-switch-root.service: Deactivated successfully.
[Tue Sep  9 14:21:06 2025] systemd[1]: Stopped Switch Root.
[Tue Sep  9 14:21:06 2025] systemd[1]: systemd-journald.service: Scheduled restart job, restart counter is at 1.
[Tue Sep  9 14:21:06 2025] systemd[1]: Created slice Slice /system/getty.
[Tue Sep  9 14:21:06 2025] systemd[1]: Created slice Slice /system/modprobe.
[Tue Sep  9 14:21:06 2025] systemd[1]: Created slice Slice /system/serial-getty.
[Tue Sep  9 14:21:06 2025] systemd[1]: Created slice Slice /system/sshd-keygen.
[Tue Sep  9 14:21:06 2025] systemd[1]: Created slice User and Session Slice.
[Tue Sep  9 14:21:06 2025] systemd[1]: Condition check resulted in Dispatch Password Requests to Console Directory Watch being skipped.
[Tue Sep  9 14:21:06 2025] systemd[1]: Started Forward Password Requests to Wall Directory Watch.
[Tue Sep  9 14:21:06 2025] systemd[1]: Set up automount Arbitrary Executable File Formats File System Automount Point.
[Tue Sep  9 14:21:06 2025] systemd[1]: Stopped target Switch Root.
[Tue Sep  9 14:21:06 2025] systemd[1]: Stopped target Initrd File Systems.
[Tue Sep  9 14:21:06 2025] systemd[1]: Stopped target Initrd Root File System.
[Tue Sep  9 14:21:06 2025] systemd[1]: Reached target Path Units.
[Tue Sep  9 14:21:06 2025] systemd[1]: Reached target Remote File Systems.
[Tue Sep  9 14:21:06 2025] systemd[1]: Reached target Slice Units.
[Tue Sep  9 14:21:06 2025] systemd[1]: Reached target Swaps.
[Tue Sep  9 14:21:06 2025] systemd[1]: Listening on Device-mapper event daemon FIFOs.
[Tue Sep  9 14:21:06 2025] systemd[1]: Listening on LVM2 poll daemon socket.
[Tue Sep  9 14:21:06 2025] systemd[1]: Listening on RPCbind Server Activation Socket.
[Tue Sep  9 14:21:06 2025] systemd[1]: Reached target RPC Port Mapper.
[Tue Sep  9 14:21:06 2025] systemd[1]: Listening on Process Core Dump Socket.
[Tue Sep  9 14:21:06 2025] systemd[1]: Listening on initctl Compatibility Named Pipe.
[Tue Sep  9 14:21:06 2025] systemd[1]: Listening on udev Control Socket.
[Tue Sep  9 14:21:06 2025] systemd[1]: Listening on udev Kernel Socket.
[Tue Sep  9 14:21:06 2025] systemd[1]: Mounting Huge Pages File System...
[Tue Sep  9 14:21:06 2025] systemd[1]: Mounting POSIX Message Queue File System...
[Tue Sep  9 14:21:06 2025] systemd[1]: Mounting Kernel Debug File System...
[Tue Sep  9 14:21:06 2025] systemd[1]: Mounting Kernel Trace File System...
[Tue Sep  9 14:21:06 2025] systemd[1]: Mounting Temporary Directory /tmp...
[Tue Sep  9 14:21:06 2025] systemd[1]: Starting Create List of Static Device Nodes...
[Tue Sep  9 14:21:06 2025] systemd[1]: Starting Monitoring of LVM2 mirrors, snapshots etc. using dmeventd or progress polling...
[Tue Sep  9 14:21:06 2025] random: lvm: uninitialized urandom read (4 bytes read)
[Tue Sep  9 14:21:06 2025] systemd[1]: Starting Load Kernel Module configfs...
[Tue Sep  9 14:21:06 2025] systemd[1]: Starting Load Kernel Module drm...
[Tue Sep  9 14:21:06 2025] systemd[1]: Starting Load Kernel Module fuse...
[Tue Sep  9 14:21:06 2025] systemd[1]: plymouth-switch-root.service: Deactivated successfully.
[Tue Sep  9 14:21:06 2025] systemd[1]: Stopped Plymouth switch root service.
[Tue Sep  9 14:21:06 2025] systemd[1]: Condition check resulted in Set Up Additional Binary Formats being skipped.
[Tue Sep  9 14:21:06 2025] systemd[1]: systemd-fsck-root.service: Deactivated successfully.
[Tue Sep  9 14:21:06 2025] systemd[1]: Stopped File System Check on Root Device.
[Tue Sep  9 14:21:06 2025] systemd[1]: Stopped Journal Service.
[Tue Sep  9 14:21:06 2025] systemd[1]: Starting Journal Service...
[Tue Sep  9 14:21:06 2025] systemd[1]: Condition check resulted in Load Kernel Modules being skipped.
[Tue Sep  9 14:21:06 2025] systemd[1]: Starting Remount Root and Kernel File Systems...
[Tue Sep  9 14:21:06 2025] fuse: init (API version 7.33)
[Tue Sep  9 14:21:06 2025] systemd[1]: Starting Apply Kernel Variables...
[Tue Sep  9 14:21:06 2025] systemd[1]: Starting Coldplug All udev Devices...
[Tue Sep  9 14:21:06 2025] systemd[1]: Mounted Huge Pages File System.
[Tue Sep  9 14:21:06 2025] systemd[1]: Mounted POSIX Message Queue File System.
[Tue Sep  9 14:21:06 2025] systemd[1]: Mounted Kernel Debug File System.
[Tue Sep  9 14:21:06 2025] systemd[1]: Started Journal Service.
[Tue Sep  9 14:21:06 2025] systemd-journald[719]: Received client request to flush runtime journal.
[Tue Sep  9 14:21:06 2025] input: PC Speaker as /devices/platform/pcspkr/input/input6
[Tue Sep  9 14:21:06 2025] piix4_smbus 0000:00:01.3: SMBus Host Controller at 0x700, revision 0
[Tue Sep  9 14:21:06 2025] sr 0:0:0:0: Attached scsi generic sg0 type 5
[Tue Sep  9 14:21:06 2025] random: cloud-init: uninitialized urandom read (24 bytes read)
[Tue Sep  9 14:21:07 2025] random: crng init done
[Tue Sep  9 14:21:07 2025] random: 4 urandom warning(s) missed due to ratelimiting
[Tue Sep  9 14:21:07 2025] ISO 9660 Extensions: Microsoft Joliet Level 3
[Tue Sep  9 14:21:07 2025] ISO 9660 Extensions: RRIP_1991A
[Tue Sep  9 14:21:07 2025] VFS: Open an exclusive opened block device for write vda. current [1052 growpart]. parent [823 cloud-init]
[Tue Sep  9 14:21:07 2025] VFS: Open an exclusive opened block device for write vda. current [1079 sfdisk]. parent [1052 growpart]
[Tue Sep  9 14:22:01 2025] process '/titan/agent/titanagent' started with executable stack
[Tue Sep  9 14:26:40 2025] XFS (vdb): EXPERIMENTAL big timestamp feature in use. Use at your own risk!
[Tue Sep  9 14:26:40 2025] XFS (vdb): EXPERIMENTAL inode btree counters feature in use. Use at your own risk!
[Tue Sep  9 14:26:40 2025] XFS (vdb): Mounting V5 Filesystem
[Tue Sep  9 14:26:40 2025] XFS (vdb): Ending clean mount
[Tue Sep  9 16:54:15 2025] bridge: filtering via arp/ip/ip6tables is no longer available by default. Update your scripts to load br_netfilter if you need this.
[Tue Sep  9 16:54:15 2025] Bridge firewalling registered
[Tue Sep  9 16:59:21 2025] docker0: port 1(veth000b4f2) entered blocking state
[Tue Sep  9 16:59:21 2025] docker0: port 1(veth000b4f2) entered disabled state
[Tue Sep  9 16:59:21 2025] device veth000b4f2 entered promiscuous mode
[Tue Sep  9 16:59:21 2025] eth0: renamed from vethd839c41
[Tue Sep  9 16:59:21 2025] IPv6: ADDRCONF(NETDEV_CHANGE): veth000b4f2: link becomes ready
[Tue Sep  9 16:59:21 2025] docker0: port 1(veth000b4f2) entered blocking state
[Tue Sep  9 16:59:21 2025] docker0: port 1(veth000b4f2) entered forwarding state
[Tue Sep  9 16:59:21 2025] IPv6: ADDRCONF(NETDEV_CHANGE): docker0: link becomes ready
[Tue Sep  9 16:59:21 2025] vethd839c41: renamed from eth0
[Tue Sep  9 16:59:21 2025] docker0: port 1(veth000b4f2) entered disabled state
[Tue Sep  9 16:59:21 2025] docker0: port 1(veth000b4f2) entered disabled state
[Tue Sep  9 16:59:21 2025] device veth000b4f2 left promiscuous mode
[Tue Sep  9 16:59:21 2025] docker0: port 1(veth000b4f2) entered disabled state
[Tue Sep  9 17:00:36 2025] docker0: port 1(vethc388a1c) entered blocking state
[Tue Sep  9 17:00:36 2025] docker0: port 1(vethc388a1c) entered disabled state
[Tue Sep  9 17:00:36 2025] device vethc388a1c entered promiscuous mode
[Tue Sep  9 17:00:36 2025] eth0: renamed from veth57fbe9e
[Tue Sep  9 17:00:36 2025] IPv6: ADDRCONF(NETDEV_CHANGE): vethc388a1c: link becomes ready
[Tue Sep  9 17:00:36 2025] docker0: port 1(vethc388a1c) entered blocking state
[Tue Sep  9 17:00:36 2025] docker0: port 1(vethc388a1c) entered forwarding state
[Tue Sep  9 17:41:38 2025] capability: warning: `yum' uses 32-bit capabilities (legacy support in use)
[Thu Dec 25 17:58:23 2025] eShield-modules invoked oom-killer: gfp_mask=0x100cca(GFP_HIGHUSER_MOVABLE), order=0, oom_score_adj=500
[Thu Dec 25 17:58:23 2025] CPU: 5 PID: 2676131 Comm: eShield-modules Kdump: loaded Not tainted 5.10.0-136.12.0.92.ctl3.x86_64 #1
[Thu Dec 25 17:58:23 2025] Hardware name: GoStack Foundation OpenStack Nova, BIOS 1.13.0-2.ctl2 04/01/2014
[Thu Dec 25 17:58:23 2025] Call Trace:
[Thu Dec 25 17:58:23 2025]  dump_stack+0x57/0x6e
[Thu Dec 25 17:58:23 2025]  dump_header+0x4a/0x1f1
[Thu Dec 25 17:58:23 2025]  oom_kill_process.cold+0xb/0x10
[Thu Dec 25 17:58:23 2025]  out_of_memory+0x104/0x320
[Thu Dec 25 17:58:23 2025]  mem_cgroup_out_of_memory+0x138/0x150
[Thu Dec 25 17:58:23 2025]  mem_cgroup_oom+0x158/0x190
[Thu Dec 25 17:58:23 2025]  try_charge+0x2aa/0x600
[Thu Dec 25 17:58:23 2025]  mem_cgroup_charge+0xa1/0x400
[Thu Dec 25 17:58:23 2025]  __add_to_page_cache_locked+0x464/0x560
[Thu Dec 25 17:58:23 2025]  ? count_shadow_nodes+0x220/0x220
[Thu Dec 25 17:58:23 2025]  add_to_page_cache_lru+0x50/0x180
[Thu Dec 25 17:58:23 2025]  pagecache_get_page+0x10f/0x550
[Thu Dec 25 17:58:23 2025]  filemap_fault+0x3a2/0x790
[Thu Dec 25 17:58:23 2025]  __xfs_filemap_fault+0x144/0x240 [xfs]
[Thu Dec 25 17:58:23 2025]  __do_fault+0x37/0x200
[Thu Dec 25 17:58:23 2025]  do_read_fault+0x31/0xf0
[Thu Dec 25 17:58:23 2025]  do_fault+0x75/0x150
[Thu Dec 25 17:58:23 2025]  __handle_mm_fault+0x3f1/0x7d0
[Thu Dec 25 17:58:23 2025]  handle_mm_fault+0xbc/0x290
[Thu Dec 25 17:58:23 2025]  exc_page_fault+0x1b9/0x540
[Thu Dec 25 17:58:23 2025]  ? asm_exc_page_fault+0x8/0x30
[Thu Dec 25 17:58:23 2025]  asm_exc_page_fault+0x1e/0x30
[Thu Dec 25 17:58:23 2025] RIP: 0033:0x455227
[Thu Dec 25 17:58:23 2025] Code: Unable to access opcode bytes at RIP 0x4551fd.
[Thu Dec 25 17:58:23 2025] RSP: 002b:00007fe28ee07d18 EFLAGS: 00010212
[Thu Dec 25 17:58:23 2025] RAX: 00000000025f0618 RBX: 000000c00007c400 RCX: 0000000000001d3e
[Thu Dec 25 17:58:23 2025] RDX: 0000000000000000 RSI: 0000000000000001 RDI: 00007fff1f14a080
[Thu Dec 25 17:58:23 2025] RBP: 00007fe28ee07d78 R08: 000000000080015d R09: 0000000000000000
[Thu Dec 25 17:58:23 2025] R10: 00000000c68fc74c R11: 0000000000000202 R12: 00007fe28ee07cf8
[Thu Dec 25 17:58:23 2025] R13: 000000000000001c R14: 000000c0000069c0 R15: 0000000000000001
[Thu Dec 25 17:58:23 2025] memory: usage 614400kB, limit 614400kB, failcnt 55715302
[Thu Dec 25 17:58:23 2025] memory+swap: usage 614400kB, limit 9007199254740988kB, failcnt 0
[Thu Dec 25 17:58:23 2025] kmem: usage 0kB, limit 9007199254740988kB, failcnt 0
[Thu Dec 25 17:58:23 2025] Memory cgroup stats for /system.slice/ctcss.service:
[Thu Dec 25 17:58:23 2025] anon 582656000
                           file 46489600
                           kernel_stack 0
                           percpu 0
                           sock 0
                           shmem 41660416
                           file_mapped 0
                           file_dirty 0
                           file_writeback 0
                           anon_thp 18874368
                           inactive_anon 582647808
                           active_anon 41668608
                           inactive_file 4698112
                           active_file 0
                           unevictable 0
                           slab_reclaimable 0
                           slab_unreclaimable 0
                           slab 0
                           workingset_refault_anon 0
                           workingset_refault_file 173041502
                           workingset_activate_anon 0
                           workingset_activate_file 3682920
                           workingset_restore_anon 0
                           workingset_restore_file 3053534
                           workingset_nodereclaim 0
                           pgfault 234703283
                           pgmajfault 196329
                           pgrefill 15733483
                           pgscan 5183461133
                           pgsteal 187568736
                           pgactivate 11555521
                           pgdeactivate 15019783
                           pglazyfree 0
                           pglazyfreed 0
                           thp_fault_alloc 2714
                           thp_collapse_alloc 11
[Thu Dec 25 17:58:23 2025] Tasks state (memory values in pages):
[Thu Dec 25 17:58:23 2025] [  pid  ]   uid  tgid total_vm      rss pgtables_bytes swapents oom_score_adj name
[Thu Dec 25 17:58:23 2025] [2663388]     0 2663388   370997     4260   278528        0           500 ctcss-agentd
[Thu Dec 25 17:58:23 2025] [2676130]     0 2676130   768585   137785  1495040        0           500 eShield-modules
[Thu Dec 25 17:58:23 2025] oom-kill:constraint=CONSTRAINT_MEMCG,nodemask=(null),cpuset=/,mems_allowed=0-1,oom_memcg=/system.slice/ctcss.service,task_memcg=/system.slice/ctcss.service,task=eShield-modules,pid=2676130,uid=0
[Thu Dec 25 17:58:23 2025] Memory cgroup out of memory: Killed process 2676130 (eShield-modules) total-vm:3074340kB, anon-rss:550464kB, file-rss:676kB, shmem-rss:0kB, UID:0 pgtables:1460kB oom_score_adj:500
[Tue Jan 27 17:59:18 2026] veth57fbe9e: renamed from eth0
[Tue Jan 27 17:59:18 2026] docker0: port 1(vethc388a1c) entered disabled state
[Tue Jan 27 17:59:18 2026] docker0: port 1(vethc388a1c) entered disabled state
[Tue Jan 27 17:59:18 2026] device vethc388a1c left promiscuous mode
[Tue Jan 27 17:59:18 2026] docker0: port 1(vethc388a1c) entered disabled state
[Tue Jan 27 17:59:40 2026] docker0: port 1(veth35438c3) entered blocking state
[Tue Jan 27 17:59:40 2026] docker0: port 1(veth35438c3) entered disabled state
[Tue Jan 27 17:59:40 2026] device veth35438c3 entered promiscuous mode
[Tue Jan 27 17:59:41 2026] eth0: renamed from vethc410603
[Tue Jan 27 17:59:41 2026] IPv6: ADDRCONF(NETDEV_CHANGE): veth35438c3: link becomes ready
[Tue Jan 27 17:59:41 2026] docker0: port 1(veth35438c3) entered blocking state
[Tue Jan 27 17:59:41 2026] docker0: port 1(veth35438c3) entered forwarding state
[Tue Feb 24 15:51:56 2026] hrtimer: interrupt took 10974 ns
[Thu Jul 16 01:15:36 2026] ThreadPool: page allocation failure: order:0, mode:0x40800(GFP_NOWAIT|__GFP_COMP), nodemask=(null),cpuset=d3a69e72d4ad67bdb7a06411db3a5a401d13f5b6a5d617bbbaa5b683ef8d8580,mems_allowed=0-1
[Thu Jul 16 01:15:36 2026] CPU: 5 PID: 3520095 Comm: ThreadPool Kdump: loaded Not tainted 5.10.0-136.12.0.92.ctl3.x86_64 #1
[Thu Jul 16 01:15:36 2026] Hardware name: GoStack Foundation OpenStack Nova, BIOS 1.13.0-2.ctl2 04/01/2014
[Thu Jul 16 01:15:36 2026] Call Trace:
[Thu Jul 16 01:15:36 2026]  dump_stack+0x57/0x6e
[Thu Jul 16 01:15:36 2026]  warn_alloc+0x135/0x160
[Thu Jul 16 01:15:36 2026]  __alloc_pages+0xf2c/0x1060
[Thu Jul 16 01:15:36 2026]  ? ttwu_queue_wakelist.part.0+0xb4/0xd0
[Thu Jul 16 01:15:36 2026]  ? ttwu_queue+0x41/0xc0
[Thu Jul 16 01:15:36 2026]  allocate_slab+0x337/0x490
[Thu Jul 16 01:15:36 2026]  ? get_any_partial+0x159/0x1a0
[Thu Jul 16 01:15:36 2026]  ___slab_alloc+0x3fc/0x570
[Thu Jul 16 01:15:36 2026]  ? skb_clone+0x4c/0xd0
[Thu Jul 16 01:15:36 2026]  ? __wake_up_common+0x7d/0x190
[Thu Jul 16 01:15:36 2026]  ? skb_clone+0x4c/0xd0
[Thu Jul 16 01:15:36 2026]  kmem_cache_alloc+0x388/0x410
[Thu Jul 16 01:15:36 2026]  skb_clone+0x4c/0xd0
[Thu Jul 16 01:15:36 2026]  do_one_broadcast+0x1c6/0x320
[Thu Jul 16 01:15:36 2026]  netlink_broadcast_filtered+0x100/0x1b0
[Thu Jul 16 01:15:36 2026]  netlink_broadcast+0xf/0x20
[Thu Jul 16 01:15:36 2026]  proc_comm_connector+0xd5/0x100
[Thu Jul 16 01:15:36 2026]  __se_sys_prctl+0x1ca/0x6e0
[Thu Jul 16 01:15:36 2026]  do_syscall_64+0x3d/0x80
[Thu Jul 16 01:15:36 2026]  entry_SYSCALL_64_after_hwframe+0x61/0xc6
[Thu Jul 16 01:15:36 2026] RIP: 0033:0x7f972757440d
[Thu Jul 16 01:15:36 2026] Code: 00 48 89 44 24 18 31 c0 48 8d 44 24 60 c7 04 24 18 00 00 00 48 89 44 24 08 48 8d 44 24 20 48 89 44 24 10 b8 9d 00 00 00 0f 05 <48> 3d 00 f0 ff ff 77 1b 48 8b 54 24 18 64 48 2b 14 25 28 00 00 00
[Thu Jul 16 01:15:36 2026] RSP: 002b:00007f957c6829e0 EFLAGS: 00000246 ORIG_RAX: 000000000000009d
[Thu Jul 16 01:15:36 2026] RAX: ffffffffffffffda RBX: 000000000000000b RCX: 00007f972757440d
[Thu Jul 16 01:15:36 2026] RDX: 0000000000000000 RSI: 00007f957c682a60 RDI: 000000000000000f
[Thu Jul 16 01:15:36 2026] RBP: 0000000000000000 R08: 0000000000000000 R09: 0000000000000000
[Thu Jul 16 01:15:36 2026] R10: 0000000000000000 R11: 0000000000000246 R12: 0000000000000031
[Thu Jul 16 01:15:36 2026] R13: 0000000000000062 R14: 00000000016bfb07 R15: 00007f957c682a60
[Thu Jul 16 01:15:36 2026] Mem-Info:
[Thu Jul 16 01:15:36 2026] active_anon:180611 inactive_anon:3898356 isolated_anon:0
                            active_file:390158 inactive_file:9868447 isolated_file:0
                            unevictable:6 dirty:540717 writeback:2
                            slab_reclaimable:811459 slab_unreclaimable:497438
                            mapped:68777 shmem:330320 pagetables:143146 bounce:0
                            free:112427 free_pcp:5863 free_cma:0
[Thu Jul 16 01:15:36 2026] Node 0 active_anon:349888kB inactive_anon:8882768kB active_file:755828kB inactive_file:17812144kB unevictable:8kB isolated(anon):0kB isolated(file):0kB mapped:144808kB dirty:1236784kB writeback:0kB shmem:641180kB shmem_thp: 0kB shmem_pmdmapped: 0kB anon_thp: 1087488kB writeback_tmp:0kB kernel_stack:8896kB all_unreclaimable? no
[Thu Jul 16 01:15:36 2026] Node 1 active_anon:372556kB inactive_anon:6715024kB active_file:804804kB inactive_file:21661644kB unevictable:16kB isolated(anon):0kB isolated(file):0kB mapped:130300kB dirty:926084kB writeback:8kB shmem:680100kB shmem_thp: 0kB shmem_pmdmapped: 0kB anon_thp: 2330624kB writeback_tmp:0kB kernel_stack:35488kB all_unreclaimable? no
[Thu Jul 16 01:15:36 2026] Node 0 DMA free:11264kB min:20kB low:32kB high:44kB reserved_highatomic:0KB active_anon:0kB inactive_anon:0kB active_file:0kB inactive_file:0kB unevictable:0kB writepending:0kB present:15992kB managed:15360kB mlocked:0kB pagetables:0kB bounce:0kB free_pcp:0kB local_pcp:0kB free_cma:0kB
[Thu Jul 16 01:15:36 2026] lowmem_reserve[]: 0 2453 31591 31591 31591
[Thu Jul 16 01:15:36 2026] Node 0 DMA32 free:121812kB min:3460kB low:5972kB high:8484kB reserved_highatomic:2048KB active_anon:8224kB inactive_anon:1808996kB active_file:21680kB inactive_file:240260kB unevictable:0kB writepending:25760kB present:3129184kB managed:2539360kB mlocked:0kB pagetables:24528kB bounce:0kB free_pcp:3200kB local_pcp:20kB free_cma:0kB
[Thu Jul 16 01:15:36 2026] lowmem_reserve[]: 0 0 29137 29137 29137
[Thu Jul 16 01:15:36 2026] Node 0 Normal free:214672kB min:192296kB low:222132kB high:251968kB reserved_highatomic:22528KB active_anon:341664kB inactive_anon:7073564kB active_file:734152kB inactive_file:17572324kB unevictable:8kB writepending:1211024kB present:30408704kB managed:29844072kB mlocked:8kB pagetables:202332kB bounce:0kB free_pcp:10356kB local_pcp:196kB free_cma:0kB
[Thu Jul 16 01:15:36 2026] lowmem_reserve[]: 0 0 0 0 0
[Thu Jul 16 01:15:36 2026] Node 1 Normal free:95124kB min:61896kB low:94920kB high:127944kB reserved_highatomic:28672KB active_anon:372556kB inactive_anon:6715752kB active_file:804840kB inactive_file:21664144kB unevictable:16kB writepending:926088kB present:33554432kB managed:33026436kB mlocked:16kB pagetables:345724kB bounce:0kB free_pcp:9316kB local_pcp:980kB free_cma:0kB
[Thu Jul 16 01:15:36 2026] lowmem_reserve[]: 0 0 0 0 0
[Thu Jul 16 01:15:36 2026] Node 0 DMA: 0*4kB 0*8kB 0*16kB 0*32kB 0*64kB 0*128kB 0*256kB 0*512kB 1*1024kB (U) 1*2048kB (M) 2*4096kB (M) = 11264kB
[Thu Jul 16 01:15:36 2026] Node 0 DMA32: 197*4kB (UE) 182*8kB (UE) 279*16kB (UMEH) 1899*32kB (UMEH) 551*64kB (UMEH) 83*128kB (UMEH) 11*256kB (UMEH) 5*512kB (UEH) 3*1024kB (UE) 0*2048kB 0*4096kB = 121812kB
[Thu Jul 16 01:15:36 2026] Node 0 Normal: 5373*4kB (UM) 26*8kB (M) 2741*16kB (UMH) 4646*32kB (UME) 2*64kB (H) 0*128kB 0*256kB 0*512kB 0*1024kB 0*2048kB 0*4096kB = 214356kB
[Thu Jul 16 01:15:36 2026] Node 1 Normal: 5296*4kB (UMEH) 1788*8kB (UMEH) 1121*16kB (UMEH) 623*32kB (UMEH) 139*64kB (UMEH) 37*128kB (UMEH) 17*256kB (ME) 0*512kB 0*1024kB 0*2048kB 0*4096kB = 91344kB
[Thu Jul 16 01:15:36 2026] Node 0 hugepages_total=0 hugepages_free=0 hugepages_surp=0 hugepages_size=1048576kB
[Thu Jul 16 01:15:36 2026] Node 0 hugepages_total=0 hugepages_free=0 hugepages_surp=0 hugepages_size=2048kB
[Thu Jul 16 01:15:36 2026] Node 1 hugepages_total=0 hugepages_free=0 hugepages_surp=0 hugepages_size=1048576kB
[Thu Jul 16 01:15:36 2026] Node 1 hugepages_total=0 hugepages_free=0 hugepages_surp=0 hugepages_size=2048kB
[Thu Jul 16 01:15:36 2026] 10591038 total pagecache pages
[Thu Jul 16 01:15:36 2026] 0 pages in swap cache
[Thu Jul 16 01:15:36 2026] Swap cache stats: add 0, delete 0, find 0/0
[Thu Jul 16 01:15:36 2026] Free swap  = 0kB
[Thu Jul 16 01:15:36 2026] Total swap = 0kB
[Thu Jul 16 01:15:36 2026] 16777078 pages RAM
[Thu Jul 16 01:15:36 2026] 0 pages HighMem/MovableOnly
[Thu Jul 16 01:15:36 2026] 420771 pages reserved
[Thu Jul 16 01:15:36 2026] 0 pages cma reserved
[Thu Jul 16 01:15:36 2026] 0 pages hwpoisoned
[Thu Jul 16 01:15:36 2026] SLUB: Unable to allocate memory on node -1, gfp=0x800(GFP_NOWAIT)
[Thu Jul 16 01:15:36 2026]   cache: skbuff_head_cache, object size: 256, buffer size: 256, default order: 1, min order: 0
[Thu Jul 16 01:15:36 2026]   node 0: slabs: 62, objs: 1984, free: 0
[Thu Jul 16 01:15:36 2026]   node 1: slabs: 25, objs: 800, free: 32
[Fri Jul 17 10:43:48 2026] ThreadPoolRead: page allocation failure: order:0, mode:0x40800(GFP_NOWAIT|__GFP_COMP), nodemask=(null),cpuset=d3a69e72d4ad67bdb7a06411db3a5a401d13f5b6a5d617bbbaa5b683ef8d8580,mems_allowed=0-1
[Fri Jul 17 10:43:48 2026] CPU: 11 PID: 3520059 Comm: ThreadPoolRead Kdump: loaded Not tainted 5.10.0-136.12.0.92.ctl3.x86_64 #1
[Fri Jul 17 10:43:48 2026] Hardware name: GoStack Foundation OpenStack Nova, BIOS 1.13.0-2.ctl2 04/01/2014
[Fri Jul 17 10:43:48 2026] Call Trace:
[Fri Jul 17 10:43:48 2026]  dump_stack+0x57/0x6e
[Fri Jul 17 10:43:48 2026]  warn_alloc+0x135/0x160
[Fri Jul 17 10:43:48 2026]  __alloc_pages+0xf2c/0x1060
[Fri Jul 17 10:43:48 2026]  ? __get_task_comm+0x3d/0x50
[Fri Jul 17 10:43:48 2026]  ? put_dec+0x3a/0x80
[Fri Jul 17 10:43:48 2026]  ? number+0x319/0x350
[Fri Jul 17 10:43:48 2026]  ? perf_output_begin+0x102/0x230
[Fri Jul 17 10:43:48 2026]  allocate_slab+0x337/0x490
[Fri Jul 17 10:43:48 2026]  ? get_any_partial+0x159/0x1a0
[Fri Jul 17 10:43:48 2026]  ___slab_alloc+0x3fc/0x570
[Fri Jul 17 10:43:48 2026]  ? skb_clone+0x4c/0xd0
[Fri Jul 17 10:43:48 2026]  ? skb_clone+0x4c/0xd0
[Fri Jul 17 10:43:48 2026]  kmem_cache_alloc+0x388/0x410
[Fri Jul 17 10:43:48 2026]  skb_clone+0x4c/0xd0
[Fri Jul 17 10:43:48 2026]  do_one_broadcast+0x1c6/0x320
[Fri Jul 17 10:43:48 2026]  netlink_broadcast_filtered+0x100/0x1b0
[Fri Jul 17 10:43:48 2026]  netlink_broadcast+0xf/0x20
[Fri Jul 17 10:43:48 2026]  proc_comm_connector+0xd5/0x100
[Fri Jul 17 10:43:48 2026]  __se_sys_prctl+0x1ca/0x6e0
[Fri Jul 17 10:43:48 2026]  do_syscall_64+0x3d/0x80
[Fri Jul 17 10:43:48 2026]  entry_SYSCALL_64_after_hwframe+0x61/0xc6
[Fri Jul 17 10:43:48 2026] RIP: 0033:0x7f972757440d
[Fri Jul 17 10:43:48 2026] Code: 00 48 89 44 24 18 31 c0 48 8d 44 24 60 c7 04 24 18 00 00 00 48 89 44 24 08 48 8d 44 24 20 48 89 44 24 10 b8 9d 00 00 00 0f 05 <48> 3d 00 f0 ff ff 77 1b 48 8b 54 24 18 64 48 2b 14 25 28 00 00 00
[Fri Jul 17 10:43:48 2026] RSP: 002b:00007f958e3a2890 EFLAGS: 00000246 ORIG_RAX: 000000000000009d
[Fri Jul 17 10:43:48 2026] RAX: ffffffffffffffda RBX: 000000000000000f RCX: 00007f972757440d
[Fri Jul 17 10:43:48 2026] RDX: 0000000000000000 RSI: 00007f958e3a2910 RDI: 000000000000000f
[Fri Jul 17 10:43:48 2026] RBP: 0000000000000000 R08: 0000000000000000 R09: 000000003fffffff
[Fri Jul 17 10:43:48 2026] R10: 0000000000000000 R11: 0000000000000246 R12: 00007f958e3a2a38
[Fri Jul 17 10:43:48 2026] R13: 000000000000000b R14: 00007f93be3f22e8 R15: 00007f958e3a2910
[Fri Jul 17 10:43:48 2026] Mem-Info:
[Fri Jul 17 10:43:48 2026] active_anon:161364 inactive_anon:3955103 isolated_anon:0
                            active_file:1210889 inactive_file:9190944 isolated_file:32
                            unevictable:6 dirty:1700439 writeback:1
                            slab_reclaimable:680020 slab_unreclaimable:391793
                            mapped:76071 shmem:305744 pagetables:143185 bounce:0
                            free:156741 free_pcp:7522 free_cma:0
[Fri Jul 17 10:43:48 2026] Node 0 active_anon:315568kB inactive_anon:8905140kB active_file:2145660kB inactive_file:16803804kB unevictable:12kB isolated(anon):0kB isolated(file):128kB mapped:171416kB dirty:2255876kB writeback:0kB shmem:593440kB shmem_thp: 0kB shmem_pmdmapped: 0kB anon_thp: 1095680kB writeback_tmp:0kB kernel_stack:23904kB all_unreclaimable? no
[Fri Jul 17 10:43:48 2026] Node 1 active_anon:329888kB inactive_anon:6915512kB active_file:2697896kB inactive_file:19959972kB unevictable:12kB isolated(anon):0kB isolated(file):0kB mapped:132868kB dirty:4545880kB writeback:4kB shmem:629536kB shmem_thp: 0kB shmem_pmdmapped: 0kB anon_thp: 2353152kB writeback_tmp:0kB kernel_stack:40624kB all_unreclaimable? no
[Fri Jul 17 10:43:48 2026] Node 0 DMA free:11264kB min:20kB low:32kB high:44kB reserved_highatomic:0KB active_anon:0kB inactive_anon:0kB active_file:0kB inactive_file:0kB unevictable:0kB writepending:0kB present:15992kB managed:15360kB mlocked:0kB pagetables:0kB bounce:0kB free_pcp:0kB local_pcp:0kB free_cma:0kB
[Fri Jul 17 10:43:48 2026] lowmem_reserve[]: 0 2453 31591 31591 31591
[Fri Jul 17 10:43:48 2026] Node 0 DMA32 free:121884kB min:3460kB low:5972kB high:8484kB reserved_highatomic:2048KB active_anon:8228kB inactive_anon:1790956kB active_file:38200kB inactive_file:236652kB unevictable:0kB writepending:28560kB present:3129184kB managed:2539360kB mlocked:0kB pagetables:24528kB bounce:0kB free_pcp:7296kB local_pcp:0kB free_cma:0kB
[Fri Jul 17 10:43:48 2026] lowmem_reserve[]: 0 0 29137 29137 29137
[Fri Jul 17 10:43:48 2026] Node 0 Normal free:244724kB min:184476kB low:214312kB high:244148kB reserved_highatomic:59392KB active_anon:307340kB inactive_anon:7114308kB active_file:2107592kB inactive_file:16573732kB unevictable:12kB writepending:2227316kB present:30408704kB managed:29844072kB mlocked:12kB pagetables:202460kB bounce:0kB free_pcp:10164kB local_pcp:264kB free_cma:0kB
[Fri Jul 17 10:43:48 2026] lowmem_reserve[]: 0 0 0 0 0
[Fri Jul 17 10:43:48 2026] Node 1 Normal free:237400kB min:212852kB low:245876kB high:278900kB reserved_highatomic:24576KB active_anon:329888kB inactive_anon:6916136kB active_file:2698124kB inactive_file:19964676kB unevictable:12kB writepending:4545884kB present:33554432kB managed:33026436kB mlocked:12kB pagetables:345752kB bounce:0kB free_pcp:10680kB local_pcp:492kB free_cma:0kB
[Fri Jul 17 10:43:48 2026] lowmem_reserve[]: 0 0 0 0 0
[Fri Jul 17 10:43:48 2026] Node 0 DMA: 0*4kB 0*8kB 0*16kB 0*32kB 0*64kB 0*128kB 0*256kB 0*512kB 1*1024kB (U) 1*2048kB (M) 2*4096kB (M) = 11264kB
[Fri Jul 17 10:43:48 2026] Node 0 DMA32: 91*4kB (UE) 388*8kB (UME) 991*16kB (UMEH) 537*32kB (UMEH) 296*64kB (UMEH) 195*128kB (UMEH) 98*256kB (UMEH) 32*512kB (MEH) 0*1024kB 0*2048kB 0*4096kB = 121884kB
[Fri Jul 17 10:43:48 2026] Node 0 Normal: 4595*4kB (UMEH) 2023*8kB (UMEH) 5147*16kB (UMEH) 4007*32kB (UMEH) 0*64kB 0*128kB 0*256kB 0*512kB 0*1024kB 1*2048kB (H) 0*4096kB = 247188kB
[Fri Jul 17 10:43:48 2026] Node 1 Normal: 1206*4kB (UMH) 126*8kB (UEH) 7049*16kB (UEH) 3824*32kB (UEH) 0*64kB 0*128kB 0*256kB 0*512kB 0*1024kB 0*2048kB 0*4096kB = 240984kB
[Fri Jul 17 10:43:48 2026] Node 0 hugepages_total=0 hugepages_free=0 hugepages_surp=0 hugepages_size=1048576kB
[Fri Jul 17 10:43:48 2026] Node 0 hugepages_total=0 hugepages_free=0 hugepages_surp=0 hugepages_size=2048kB
[Fri Jul 17 10:43:48 2026] Node 1 hugepages_total=0 hugepages_free=0 hugepages_surp=0 hugepages_size=1048576kB
[Fri Jul 17 10:43:48 2026] Node 1 hugepages_total=0 hugepages_free=0 hugepages_surp=0 hugepages_size=2048kB
[Fri Jul 17 10:43:48 2026] 10709495 total pagecache pages
[Fri Jul 17 10:43:48 2026] 0 pages in swap cache
[Fri Jul 17 10:43:48 2026] Swap cache stats: add 0, delete 0, find 0/0
[Fri Jul 17 10:43:48 2026] Free swap  = 0kB
[Fri Jul 17 10:43:48 2026] Total swap = 0kB
[Fri Jul 17 10:43:48 2026] 16777078 pages RAM
[Fri Jul 17 10:43:48 2026] 0 pages HighMem/MovableOnly
[Fri Jul 17 10:43:48 2026] 420771 pages reserved
[Fri Jul 17 10:43:48 2026] 0 pages cma reserved
[Fri Jul 17 10:43:48 2026] 0 pages hwpoisoned
[Fri Jul 17 10:43:48 2026] SLUB: Unable to allocate memory on node -1, gfp=0x800(GFP_NOWAIT)
[Fri Jul 17 10:43:48 2026]   cache: skbuff_head_cache, object size: 256, buffer size: 256, default order: 1, min order: 0
[Fri Jul 17 10:43:48 2026]   node 0: slabs: 30, objs: 960, free: 0
[Fri Jul 17 10:43:48 2026]   node 1: slabs: 30, objs: 960, free: 0
[Fri Jul 17 10:49:43 2026] ThreadPool: page allocation failure: order:0, mode:0x40800(GFP_NOWAIT|__GFP_COMP), nodemask=(null),cpuset=d3a69e72d4ad67bdb7a06411db3a5a401d13f5b6a5d617bbbaa5b683ef8d8580,mems_allowed=0-1
[Fri Jul 17 10:49:43 2026] CPU: 0 PID: 3520089 Comm: ThreadPool Kdump: loaded Not tainted 5.10.0-136.12.0.92.ctl3.x86_64 #1
[Fri Jul 17 10:49:43 2026] Hardware name: GoStack Foundation OpenStack Nova, BIOS 1.13.0-2.ctl2 04/01/2014
[Fri Jul 17 10:49:43 2026] Call Trace:
[Fri Jul 17 10:49:43 2026]  dump_stack+0x57/0x6e
[Fri Jul 17 10:49:43 2026]  warn_alloc+0x135/0x160
[Fri Jul 17 10:49:43 2026]  __alloc_pages+0xf2c/0x1060
[Fri Jul 17 10:49:43 2026]  ? ttwu_queue_wakelist.part.0+0xb4/0xd0
[Fri Jul 17 10:49:43 2026]  ? ttwu_queue+0x41/0xc0
[Fri Jul 17 10:49:43 2026]  allocate_slab+0x337/0x490
[Fri Jul 17 10:49:43 2026]  ? get_any_partial+0x159/0x1a0
[Fri Jul 17 10:49:43 2026]  ___slab_alloc+0x3fc/0x570
[Fri Jul 17 10:49:43 2026]  ? skb_clone+0x4c/0xd0
[Fri Jul 17 10:49:43 2026]  ? __wake_up_common+0x7d/0x190
[Fri Jul 17 10:49:43 2026]  ? skb_clone+0x4c/0xd0
[Fri Jul 17 10:49:43 2026]  kmem_cache_alloc+0x388/0x410
[Fri Jul 17 10:49:43 2026]  skb_clone+0x4c/0xd0
[Fri Jul 17 10:49:43 2026]  do_one_broadcast+0x1c6/0x320
[Fri Jul 17 10:49:43 2026]  netlink_broadcast_filtered+0x100/0x1b0
[Fri Jul 17 10:49:43 2026]  netlink_broadcast+0xf/0x20
[Fri Jul 17 10:49:43 2026]  proc_comm_connector+0xd5/0x100
[Fri Jul 17 10:49:43 2026]  __se_sys_prctl+0x1ca/0x6e0
[Fri Jul 17 10:49:43 2026]  do_syscall_64+0x3d/0x80
[Fri Jul 17 10:49:43 2026]  entry_SYSCALL_64_after_hwframe+0x61/0xc6
[Fri Jul 17 10:49:43 2026] RIP: 0033:0x7f972757440d
[Fri Jul 17 10:49:43 2026] Code: 00 48 89 44 24 18 31 c0 48 8d 44 24 60 c7 04 24 18 00 00 00 48 89 44 24 08 48 8d 44 24 20 48 89 44 24 10 b8 9d 00 00 00 0f 05 <48> 3d 00 f0 ff ff 77 1b 48 8b 54 24 18 64 48 2b 14 25 28 00 00 00
[Fri Jul 17 10:49:43 2026] RSP: 002b:00007f957ee879e0 EFLAGS: 00000246 ORIG_RAX: 000000000000009d
[Fri Jul 17 10:49:43 2026] RAX: ffffffffffffffda RBX: 000000000000000b RCX: 00007f972757440d
[Fri Jul 17 10:49:43 2026] RDX: 0000000000000000 RSI: 00007f957ee87a60 RDI: 000000000000000f
[Fri Jul 17 10:49:43 2026] RBP: 0000000000000000 R08: 0000000000000000 R09: 0000000000000020
[Fri Jul 17 10:49:43 2026] R10: 0000000000000000 R11: 0000000000000246 R12: 0000000000000043
[Fri Jul 17 10:49:43 2026] R13: 0000000000000003 R14: 00000000016bfb07 R15: 00007f957ee87a60
[Fri Jul 17 10:49:43 2026] Mem-Info:
[Fri Jul 17 10:49:43 2026] active_anon:161362 inactive_anon:3542381 isolated_anon:0
                            active_file:7279974 inactive_file:3926237 isolated_file:0
                            unevictable:6 dirty:2894090 writeback:24
                            slab_reclaimable:603654 slab_unreclaimable:332826
                            mapped:67806 shmem:305744 pagetables:143177 bounce:0
                            free:145821 free_pcp:6755 free_cma:0
[Fri Jul 17 10:49:43 2026] Node 0 active_anon:315560kB inactive_anon:7692796kB active_file:13924740kB inactive_file:7324628kB unevictable:12kB isolated(anon):0kB isolated(file):0kB mapped:155648kB dirty:4411172kB writeback:0kB shmem:593440kB shmem_thp: 0kB shmem_pmdmapped: 0kB anon_thp: 1085440kB writeback_tmp:0kB kernel_stack:8896kB all_unreclaimable? no
[Fri Jul 17 10:49:43 2026] Node 1 active_anon:329888kB inactive_anon:6476728kB active_file:15195156kB inactive_file:8380320kB unevictable:12kB isolated(anon):0kB isolated(file):0kB mapped:115576kB dirty:7165188kB writeback:96kB shmem:629536kB shmem_thp: 0kB shmem_pmdmapped: 0kB anon_thp: 2351104kB writeback_tmp:0kB kernel_stack:17136kB all_unreclaimable? no
[Fri Jul 17 10:49:43 2026] Node 0 DMA free:11264kB min:20kB low:32kB high:44kB reserved_highatomic:0KB active_anon:0kB inactive_anon:0kB active_file:0kB inactive_file:0kB unevictable:0kB writepending:0kB present:15992kB managed:15360kB mlocked:0kB pagetables:0kB bounce:0kB free_pcp:0kB local_pcp:0kB free_cma:0kB
[Fri Jul 17 10:49:43 2026] lowmem_reserve[]: 0 2453 31591 31591 31591
[Fri Jul 17 10:49:43 2026] Node 0 DMA32 free:121844kB min:3460kB low:5972kB high:8484kB reserved_highatomic:2048KB active_anon:8228kB inactive_anon:1310968kB active_file:384008kB inactive_file:413748kB unevictable:0kB writepending:73816kB present:3129184kB managed:2539360kB mlocked:0kB pagetables:24528kB bounce:0kB free_pcp:1256kB local_pcp:288kB free_cma:0kB
[Fri Jul 17 10:49:43 2026] lowmem_reserve[]: 0 0 29137 29137 29137
[Fri Jul 17 10:49:43 2026] Node 0 Normal free:225460kB min:192296kB low:222132kB high:251968kB reserved_highatomic:32768KB active_anon:307332kB inactive_anon:6381400kB active_file:13541052kB inactive_file:6910736kB unevictable:12kB writepending:4337356kB present:30408704kB managed:29844072kB mlocked:12kB pagetables:202296kB bounce:0kB free_pcp:13660kB local_pcp:412kB free_cma:0kB
[Fri Jul 17 10:49:43 2026] lowmem_reserve[]: 0 0 0 0 0
[Fri Jul 17 10:49:43 2026] Node 1 Normal free:224716kB min:212852kB low:245876kB high:278900kB reserved_highatomic:12288KB active_anon:329888kB inactive_anon:6476364kB active_file:15195160kB inactive_file:8380828kB unevictable:12kB writepending:7165284kB present:33554432kB managed:33026436kB mlocked:12kB pagetables:345884kB bounce:0kB free_pcp:12104kB local_pcp:1444kB free_cma:0kB
[Fri Jul 17 10:49:43 2026] lowmem_reserve[]: 0 0 0 0 0
[Fri Jul 17 10:49:43 2026] Node 0 DMA: 0*4kB 0*8kB 0*16kB 0*32kB 0*64kB 0*128kB 0*256kB 0*512kB 1*1024kB (U) 1*2048kB (M) 2*4096kB (M) = 11264kB
[Fri Jul 17 10:49:43 2026] Node 0 DMA32: 207*4kB (UE) 487*8kB (UE) 484*16kB (UEH) 920*32kB (UEH) 139*64kB (UEH) 47*128kB (UMEH) 18*256kB (UEH) 64*512kB (UMEH) 27*1024kB (UM) 0*2048kB 0*4096kB = 121844kB
[Fri Jul 17 10:49:43 2026] Node 0 Normal: 880*4kB (UMH) 423*8kB (UMH) 257*16kB (MH) 6563*32kB (UMEH) 39*64kB (H) 5*128kB (H) 0*256kB 0*512kB 0*1024kB 1*2048kB (H) 0*4096kB = 226216kB
[Fri Jul 17 10:49:43 2026] Node 1 Normal: 219*4kB (UMEH) 351*8kB (UMEH) 3590*16kB (UEH) 5102*32kB (UEH) 14*64kB (H) 0*128kB 0*256kB 0*512kB 0*1024kB 0*2048kB 0*4096kB = 225284kB
[Fri Jul 17 10:49:43 2026] Node 0 hugepages_total=0 hugepages_free=0 hugepages_surp=0 hugepages_size=1048576kB
[Fri Jul 17 10:49:43 2026] Node 0 hugepages_total=0 hugepages_free=0 hugepages_surp=0 hugepages_size=2048kB
[Fri Jul 17 10:49:43 2026] Node 1 hugepages_total=0 hugepages_free=0 hugepages_surp=0 hugepages_size=1048576kB
[Fri Jul 17 10:49:43 2026] Node 1 hugepages_total=0 hugepages_free=0 hugepages_surp=0 hugepages_size=2048kB
[Fri Jul 17 10:49:43 2026] 11512172 total pagecache pages
[Fri Jul 17 10:49:43 2026] 0 pages in swap cache
[Fri Jul 17 10:49:43 2026] Swap cache stats: add 0, delete 0, find 0/0
[Fri Jul 17 10:49:43 2026] Free swap  = 0kB
[Fri Jul 17 10:49:43 2026] Total swap = 0kB
[Fri Jul 17 10:49:43 2026] 16777078 pages RAM
[Fri Jul 17 10:49:43 2026] 0 pages HighMem/MovableOnly
[Fri Jul 17 10:49:43 2026] 420771 pages reserved
[Fri Jul 17 10:49:43 2026] 0 pages cma reserved
[Fri Jul 17 10:49:43 2026] 0 pages hwpoisoned
[Fri Jul 17 10:49:43 2026] SLUB: Unable to allocate memory on node -1, gfp=0x800(GFP_NOWAIT)
[Fri Jul 17 10:49:43 2026]   cache: skbuff_head_cache, object size: 256, buffer size: 256, default order: 1, min order: 0
[Fri Jul 17 10:49:43 2026]   node 0: slabs: 30, objs: 960, free: 0
[Fri Jul 17 10:49:43 2026]   node 1: slabs: 33, objs: 1056, free: 0
[Fri Jul 17 10:49:53 2026] ThreadPoolRead: page allocation failure: order:0, mode:0x40800(GFP_NOWAIT|__GFP_COMP), nodemask=(null),cpuset=d3a69e72d4ad67bdb7a06411db3a5a401d13f5b6a5d617bbbaa5b683ef8d8580,mems_allowed=0-1
[Fri Jul 17 10:49:53 2026] CPU: 1 PID: 3886722 Comm: ThreadPoolRead Kdump: loaded Not tainted 5.10.0-136.12.0.92.ctl3.x86_64 #1
[Fri Jul 17 10:49:53 2026] Hardware name: GoStack Foundation OpenStack Nova, BIOS 1.13.0-2.ctl2 04/01/2014
[Fri Jul 17 10:49:53 2026] Call Trace:
[Fri Jul 17 10:49:53 2026]  dump_stack+0x57/0x6e
[Fri Jul 17 10:49:53 2026]  warn_alloc+0x135/0x160
[Fri Jul 17 10:49:53 2026]  __alloc_pages+0xf2c/0x1060
[Fri Jul 17 10:49:53 2026]  ? __get_task_comm+0x3d/0x50
[Fri Jul 17 10:49:53 2026]  ? put_dec+0x3a/0x80
[Fri Jul 17 10:49:53 2026]  ? number+0x319/0x350
[Fri Jul 17 10:49:53 2026]  ? perf_output_begin+0x102/0x230
[Fri Jul 17 10:49:53 2026]  allocate_slab+0x337/0x490
[Fri Jul 17 10:49:53 2026]  ? get_any_partial+0x159/0x1a0
[Fri Jul 17 10:49:53 2026]  ___slab_alloc+0x3fc/0x570
[Fri Jul 17 10:49:53 2026]  ? skb_clone+0x4c/0xd0
[Fri Jul 17 10:49:53 2026]  ? skb_clone+0x4c/0xd0
[Fri Jul 17 10:49:53 2026]  kmem_cache_alloc+0x388/0x410
[Fri Jul 17 10:49:53 2026]  skb_clone+0x4c/0xd0
[Fri Jul 17 10:49:53 2026]  do_one_broadcast+0x1c6/0x320
[Fri Jul 17 10:49:53 2026]  netlink_broadcast_filtered+0x100/0x1b0
[Fri Jul 17 10:49:53 2026]  netlink_broadcast+0xf/0x20
[Fri Jul 17 10:49:53 2026]  proc_comm_connector+0xd5/0x100
[Fri Jul 17 10:49:53 2026]  __se_sys_prctl+0x1ca/0x6e0
[Fri Jul 17 10:49:53 2026]  do_syscall_64+0x3d/0x80
[Fri Jul 17 10:49:53 2026]  entry_SYSCALL_64_after_hwframe+0x61/0xc6
[Fri Jul 17 10:49:53 2026] RIP: 0033:0x7f972757440d
[Fri Jul 17 10:49:53 2026] Code: 00 48 89 44 24 18 31 c0 48 8d 44 24 60 c7 04 24 18 00 00 00 48 89 44 24 08 48 8d 44 24 20 48 89 44 24 10 b8 9d 00 00 00 0f 05 <48> 3d 00 f0 ff ff 77 1b 48 8b 54 24 18 64 48 2b 14 25 28 00 00 00
[Fri Jul 17 10:49:53 2026] RSP: 002b:00007f68723de890 EFLAGS: 00000246 ORIG_RAX: 000000000000009d
[Fri Jul 17 10:49:53 2026] RAX: ffffffffffffffda RBX: 000000000000000f RCX: 00007f972757440d
[Fri Jul 17 10:49:53 2026] RDX: 0000000000000000 RSI: 00007f68723de910 RDI: 000000000000000f
[Fri Jul 17 10:49:53 2026] RBP: 0000000000000000 R08: 0000000000000000 R09: 000000003fffffff
[Fri Jul 17 10:49:53 2026] R10: 0000000000000000 R11: 0000000000000246 R12: 00007f68723dea38
[Fri Jul 17 10:49:53 2026] R13: 000000000000002c R14: 00007f94eee4bd08 R15: 00007f68723de910
[Fri Jul 17 10:49:53 2026] Mem-Info:
[Fri Jul 17 10:49:53 2026] active_anon:161362 inactive_anon:3542971 isolated_anon:0
                            active_file:7668182 inactive_file:3582428 isolated_file:0
                            unevictable:6 dirty:2893186 writeback:1
                            slab_reclaimable:588970 slab_unreclaimable:312990
                            mapped:67864 shmem:305744 pagetables:143177 bounce:0
                            free:144117 free_pcp:6411 free_cma:0
[Fri Jul 17 10:49:53 2026] Node 0 active_anon:315560kB inactive_anon:7681632kB active_file:14863376kB inactive_file:6472720kB unevictable:12kB isolated(anon):0kB isolated(file):0kB mapped:155820kB dirty:4411564kB writeback:4kB shmem:593440kB shmem_thp: 0kB shmem_pmdmapped: 0kB anon_thp: 1085440kB writeback_tmp:0kB kernel_stack:8672kB all_unreclaimable? no
[Fri Jul 17 10:49:53 2026] Node 1 active_anon:329888kB inactive_anon:6490252kB active_file:15809352kB inactive_file:7856992kB unevictable:12kB isolated(anon):0kB isolated(file):0kB mapped:115636kB dirty:7161180kB writeback:0kB shmem:629536kB shmem_thp: 0kB shmem_pmdmapped: 0kB anon_thp: 2351104kB writeback_tmp:0kB kernel_stack:17136kB all_unreclaimable? no
[Fri Jul 17 10:49:53 2026] Node 0 DMA free:11264kB min:20kB low:32kB high:44kB reserved_highatomic:0KB active_anon:0kB inactive_anon:0kB active_file:0kB inactive_file:0kB unevictable:0kB writepending:0kB present:15992kB managed:15360kB mlocked:0kB pagetables:0kB bounce:0kB free_pcp:0kB local_pcp:0kB free_cma:0kB
[Fri Jul 17 10:49:53 2026] lowmem_reserve[]: 0 2453 31591 31591 31591
[Fri Jul 17 10:49:53 2026] Node 0 DMA32 free:121864kB min:3460kB low:5972kB high:8484kB reserved_highatomic:2048KB active_anon:8228kB inactive_anon:1310268kB active_file:419136kB inactive_file:386812kB unevictable:0kB writepending:73816kB present:3129184kB managed:2539360kB mlocked:0kB pagetables:24528kB bounce:0kB free_pcp:748kB local_pcp:0kB free_cma:0kB
[Fri Jul 17 10:49:53 2026] lowmem_reserve[]: 0 0 29137 29137 29137
[Fri Jul 17 10:49:53 2026] Node 0 Normal free:221964kB min:192296kB low:222132kB high:251968kB reserved_highatomic:28672KB active_anon:307332kB inactive_anon:6371868kB active_file:14444452kB inactive_file:6089376kB unevictable:12kB writepending:4337752kB present:30408704kB managed:29844072kB mlocked:12kB pagetables:202296kB bounce:0kB free_pcp:9952kB local_pcp:752kB free_cma:0kB
[Fri Jul 17 10:49:53 2026] lowmem_reserve[]: 0 0 0 0 0
[Fri Jul 17 10:49:53 2026] Node 1 Normal free:220652kB min:212852kB low:245876kB high:278900kB reserved_highatomic:8192KB active_anon:329888kB inactive_anon:6490252kB active_file:15816540kB inactive_file:7850636kB unevictable:12kB writepending:7161180kB present:33554432kB managed:33026436kB mlocked:12kB pagetables:345884kB bounce:0kB free_pcp:12176kB local_pcp:1208kB free_cma:0kB
[Fri Jul 17 10:49:53 2026] lowmem_reserve[]: 0 0 0 0 0
[Fri Jul 17 10:49:53 2026] Node 0 DMA: 0*4kB 0*8kB 0*16kB 0*32kB 0*64kB 0*128kB 0*256kB 0*512kB 1*1024kB (U) 1*2048kB (M) 2*4096kB (M) = 11264kB
[Fri Jul 17 10:49:53 2026] Node 0 DMA32: 116*4kB (UE) 485*8kB (UME) 483*16kB (UMEH) 1059*32kB (UEH) 156*64kB (UMEH) 45*128kB (UMEH) 19*256kB (UMEH) 52*512kB (UMEH) 28*1024kB (UM) 0*2048kB 0*4096kB = 121864kB
[Fri Jul 17 10:49:53 2026] Node 0 Normal: 494*4kB (UMEH) 392*8kB (UMH) 236*16kB (UH) 6455*32kB (UMEH) 47*64kB (MH) 5*128kB (H) 0*256kB 0*512kB 0*1024kB 1*2048kB (H) 0*4096kB = 221144kB
[Fri Jul 17 10:49:53 2026] Node 1 Normal: 71*4kB (UEH) 717*8kB (UMEH) 3124*16kB (UEH) 5147*32kB (UEH) 7*64kB (H) 0*128kB 0*256kB 0*512kB 0*1024kB 0*2048kB 0*4096kB = 221156kB
[Fri Jul 17 10:49:53 2026] Node 0 hugepages_total=0 hugepages_free=0 hugepages_surp=0 hugepages_size=1048576kB
[Fri Jul 17 10:49:53 2026] Node 0 hugepages_total=0 hugepages_free=0 hugepages_surp=0 hugepages_size=2048kB
[Fri Jul 17 10:49:53 2026] Node 1 hugepages_total=0 hugepages_free=0 hugepages_surp=0 hugepages_size=1048576kB
[Fri Jul 17 10:49:53 2026] Node 1 hugepages_total=0 hugepages_free=0 hugepages_surp=0 hugepages_size=2048kB
[Fri Jul 17 10:49:53 2026] 11557681 total pagecache pages
[Fri Jul 17 10:49:53 2026] 0 pages in swap cache
[Fri Jul 17 10:49:53 2026] Swap cache stats: add 0, delete 0, find 0/0
[Fri Jul 17 10:49:53 2026] Free swap  = 0kB
[Fri Jul 17 10:49:53 2026] Total swap = 0kB
[Fri Jul 17 10:49:53 2026] 16777078 pages RAM
[Fri Jul 17 10:49:53 2026] 0 pages HighMem/MovableOnly
[Fri Jul 17 10:49:53 2026] 420771 pages reserved
[Fri Jul 17 10:49:53 2026] 0 pages cma reserved
[Fri Jul 17 10:49:53 2026] 0 pages hwpoisoned
[Fri Jul 17 10:49:53 2026] SLUB: Unable to allocate memory on node -1, gfp=0x800(GFP_NOWAIT)
[Fri Jul 17 10:49:53 2026]   cache: skbuff_head_cache, object size: 256, buffer size: 256, default order: 1, min order: 0
[Fri Jul 17 10:49:53 2026]   node 0: slabs: 36, objs: 1152, free: 0
[Fri Jul 17 10:49:53 2026]   node 1: slabs: 37, objs: 1184, free: 0
[Fri Jul 17 10:50:18 2026] ThreadPoolRead: page allocation failure: order:0, mode:0x40800(GFP_NOWAIT|__GFP_COMP), nodemask=(null),cpuset=d3a69e72d4ad67bdb7a06411db3a5a401d13f5b6a5d617bbbaa5b683ef8d8580,mems_allowed=0-1
[Fri Jul 17 10:50:18 2026] CPU: 7 PID: 3520051 Comm: ThreadPoolRead Kdump: loaded Not tainted 5.10.0-136.12.0.92.ctl3.x86_64 #1
[Fri Jul 17 10:50:18 2026] Hardware name: GoStack Foundation OpenStack Nova, BIOS 1.13.0-2.ctl2 04/01/2014
[Fri Jul 17 10:50:18 2026] Call Trace:
[Fri Jul 17 10:50:18 2026]  dump_stack+0x57/0x6e
[Fri Jul 17 10:50:18 2026]  warn_alloc+0x135/0x160
[Fri Jul 17 10:50:18 2026]  __alloc_pages+0xf2c/0x1060
[Fri Jul 17 10:50:18 2026]  ? __get_task_comm+0x3d/0x50
[Fri Jul 17 10:50:18 2026]  ? put_dec+0x3a/0x80
[Fri Jul 17 10:50:18 2026]  ? number+0x319/0x350
[Fri Jul 17 10:50:18 2026]  ? perf_output_begin+0x102/0x230
[Fri Jul 17 10:50:18 2026]  allocate_slab+0x337/0x490
[Fri Jul 17 10:50:18 2026]  ? get_any_partial+0x159/0x1a0
[Fri Jul 17 10:50:18 2026]  ___slab_alloc+0x3fc/0x570
[Fri Jul 17 10:50:18 2026]  ? skb_clone+0x4c/0xd0
[Fri Jul 17 10:50:18 2026]  ? skb_clone+0x4c/0xd0
[Fri Jul 17 10:50:18 2026]  kmem_cache_alloc+0x388/0x410
[Fri Jul 17 10:50:18 2026]  skb_clone+0x4c/0xd0
[Fri Jul 17 10:50:18 2026]  do_one_broadcast+0x1c6/0x320
[Fri Jul 17 10:50:18 2026]  netlink_broadcast_filtered+0x100/0x1b0
[Fri Jul 17 10:50:18 2026]  netlink_broadcast+0xf/0x20
[Fri Jul 17 10:50:18 2026]  proc_comm_connector+0xd5/0x100
[Fri Jul 17 10:50:18 2026]  __se_sys_prctl+0x1ca/0x6e0
[Fri Jul 17 10:50:18 2026]  do_syscall_64+0x3d/0x80
[Fri Jul 17 10:50:18 2026]  entry_SYSCALL_64_after_hwframe+0x61/0xc6
[Fri Jul 17 10:50:18 2026] RIP: 0033:0x7f972757440d
[Fri Jul 17 10:50:18 2026] Code: 00 48 89 44 24 18 31 c0 48 8d 44 24 60 c7 04 24 18 00 00 00 48 89 44 24 08 48 8d 44 24 20 48 89 44 24 10 b8 9d 00 00 00 0f 05 <48> 3d 00 f0 ff ff 77 1b 48 8b 54 24 18 64 48 2b 14 25 28 00 00 00
[Fri Jul 17 10:50:18 2026] RSP: 002b:00007f95942ad890 EFLAGS: 00000246 ORIG_RAX: 000000000000009d
[Fri Jul 17 10:50:18 2026] RAX: ffffffffffffffda RBX: 000000000000000f RCX: 00007f972757440d
[Fri Jul 17 10:50:18 2026] RDX: 0000000000000000 RSI: 00007f95942ad910 RDI: 000000000000000f
[Fri Jul 17 10:50:18 2026] RBP: 0000000000000000 R08: 0000000000000000 R09: 000000003fffffff
[Fri Jul 17 10:50:18 2026] R10: 0000000000000000 R11: 0000000000000246 R12: 00007f95942ada38
[Fri Jul 17 10:50:18 2026] R13: 0000000000000018 R14: 00007f94ede7cfd8 R15: 00007f95942ad910
[Fri Jul 17 10:50:18 2026] Mem-Info:
[Fri Jul 17 10:50:18 2026] active_anon:161362 inactive_anon:3548224 isolated_anon:0
                            active_file:7638284 inactive_file:3723736 isolated_file:0
                            unevictable:6 dirty:2894176 writeback:1
                            slab_reclaimable:538843 slab_unreclaimable:247238
                            mapped:67769 shmem:305744 pagetables:143178 bounce:0
                            free:138162 free_pcp:7629 free_cma:0
[Fri Jul 17 10:50:18 2026] Node 0 active_anon:315560kB inactive_anon:7719104kB active_file:14279468kB inactive_file:7273376kB unevictable:12kB isolated(anon):0kB isolated(file):0kB mapped:156532kB dirty:4417548kB writeback:0kB shmem:593440kB shmem_thp: 0kB shmem_pmdmapped: 0kB anon_thp: 1085440kB writeback_tmp:0kB kernel_stack:8672kB all_unreclaimable? no
[Fri Jul 17 10:50:18 2026] Node 1 active_anon:329888kB inactive_anon:6473796kB active_file:16279764kB inactive_file:7614364kB unevictable:12kB isolated(anon):0kB isolated(file):0kB mapped:114544kB dirty:7159156kB writeback:4kB shmem:629536kB shmem_thp: 0kB shmem_pmdmapped: 0kB anon_thp: 2351104kB writeback_tmp:0kB kernel_stack:17152kB all_unreclaimable? no
[Fri Jul 17 10:50:18 2026] Node 0 DMA free:11264kB min:20kB low:32kB high:44kB reserved_highatomic:0KB active_anon:0kB inactive_anon:0kB active_file:0kB inactive_file:0kB unevictable:0kB writepending:0kB present:15992kB managed:15360kB mlocked:0kB pagetables:0kB bounce:0kB free_pcp:0kB local_pcp:0kB free_cma:0kB
[Fri Jul 17 10:50:18 2026] lowmem_reserve[]: 0 2453 31591 31591 31591
[Fri Jul 17 10:50:18 2026] Node 0 DMA32 free:121816kB min:3460kB low:5972kB high:8484kB reserved_highatomic:2048KB active_anon:8228kB inactive_anon:1322104kB active_file:556164kB inactive_file:260188kB unevictable:0kB writepending:74408kB present:3129184kB managed:2539360kB mlocked:0kB pagetables:24528kB bounce:0kB free_pcp:9480kB local_pcp:224kB free_cma:0kB
[Fri Jul 17 10:50:18 2026] lowmem_reserve[]: 0 0 29137 29137 29137
[Fri Jul 17 10:50:18 2026] Node 0 Normal free:200080kB min:192296kB low:222132kB high:251968kB reserved_highatomic:8192KB active_anon:307332kB inactive_anon:6397048kB active_file:13729052kB inactive_file:7005712kB unevictable:12kB writepending:4343140kB present:30408704kB managed:29844072kB mlocked:12kB pagetables:202296kB bounce:0kB free_pcp:12556kB local_pcp:456kB free_cma:0kB
[Fri Jul 17 10:50:18 2026] lowmem_reserve[]: 0 0 0 0 0
[Fri Jul 17 10:50:18 2026] Node 1 Normal free:219488kB min:212852kB low:245876kB high:278900kB reserved_highatomic:6144KB active_anon:329888kB inactive_anon:6474860kB active_file:16279404kB inactive_file:7615500kB unevictable:12kB writepending:7159160kB present:33554432kB managed:33026436kB mlocked:12kB pagetables:345888kB bounce:0kB free_pcp:10208kB local_pcp:1260kB free_cma:0kB
[Fri Jul 17 10:50:18 2026] lowmem_reserve[]: 0 0 0 0 0
[Fri Jul 17 10:50:18 2026] Node 0 DMA: 0*4kB 0*8kB 0*16kB 0*32kB 0*64kB 0*128kB 0*256kB 0*512kB 1*1024kB (U) 1*2048kB (M) 2*4096kB (M) = 11264kB
[Fri Jul 17 10:50:18 2026] Node 0 DMA32: 97*4kB (UME) 385*8kB (UE) 433*16kB (UMEH) 1583*32kB (UMEH) 273*64kB (UEH) 53*128kB (UMEH) 21*256kB (UMEH) 11*512kB (UEH) 25*1024kB (UM) 0*2048kB 0*4096kB = 121916kB
[Fri Jul 17 10:50:18 2026] Node 0 Normal: 342*4kB (UEH) 33*8kB (UEH) 373*16kB (UE) 6010*32kB (UMEH) 4*64kB (H) 4*128kB (H) 0*256kB 0*512kB 0*1024kB 0*2048kB 0*4096kB = 200688kB
[Fri Jul 17 10:50:18 2026] Node 1 Normal: 11074*4kB (UMEH) 1844*8kB (UMEH) 1758*16kB (UMEH) 4145*32kB (UMEH) 7*64kB (MH) 0*128kB 0*256kB 0*512kB 0*1024kB 0*2048kB 0*4096kB = 220264kB
[Fri Jul 17 10:50:18 2026] Node 0 hugepages_total=0 hugepages_free=0 hugepages_surp=0 hugepages_size=1048576kB
[Fri Jul 17 10:50:18 2026] Node 0 hugepages_total=0 hugepages_free=0 hugepages_surp=0 hugepages_size=2048kB
[Fri Jul 17 10:50:18 2026] Node 1 hugepages_total=0 hugepages_free=0 hugepages_surp=0 hugepages_size=1048576kB
[Fri Jul 17 10:50:18 2026] Node 1 hugepages_total=0 hugepages_free=0 hugepages_surp=0 hugepages_size=2048kB
[Fri Jul 17 10:50:18 2026] 11667599 total pagecache pages
[Fri Jul 17 10:50:18 2026] 0 pages in swap cache
