[    0.000000] Booting Linux on physical CPU 0x80000
[    0.000000] Linux version 4.14.0-115.el7.0.1.ctyun.panic.soft_lockup.aarch64 (root@centos) (gcc version 4.8.5 20150623 (Red Hat 4.8.5-36) (GCC)) #1 SMP Thu Jul 25 11:57:41 CST 2024
[    0.000000] Boot CPU: AArch64 Processor [481fd010]
[    0.000000] efi: Getting EFI parameters from FDT:
[    0.000000] efi: EFI v2.70 by EDK II
[    0.000000] efi:  ACPI 2.0=0x2f610018  SMBIOS 3.0=0x2f430000  MEMATTR=0x2be6f018  ESRT=0x2be88618  RNG=0x3edad618 
[    0.000000] random: fast init done
[    0.000000] efi: seeding entropy pool
[    0.000000] esrt: Reserving ESRT space from 0x000000002be88618 to 0x000000002be88650.
[    0.000000] crashkernel reserved: 0x0000000009800000 - 0x0000000029800000 (512 MB)
[    0.000000] ACPI: Early table checksum verification disabled
[    0.000000] ACPI: RSDP 0x000000002F610018 000024 (v02 HISI  )
[    0.000000] ACPI: XSDT 0x000000002F61FE98 0000BC (v01 HISI   HIP08    00000000 HISI 20151124)
[    0.000000] ACPI: FACP 0x000000002F61F918 000114 (v06 HISI   HIP08    00000000 HISI 20151124)
[    0.000000] ACPI: DSDT 0x000000002ED80018 013800 (v02 HISI   HIP08    00000000 INTL 20221020)
[    0.000000] ACPI: PCCT 0x000000002F61FA98 00008A (v01 HISI   HIP08    00000000 HISI 20151124)
[    0.000000] ACPI: SSDT 0x000000002F5E0018 015778 (v02 HISI   HIP07    00000000 INTL 20221020)
[    0.000000] ACPI: BERT 0x000000002F61FE18 000030 (v01 HISI   HIP08    00000000 HISI 20151124)
[    0.000000] ACPI: HEST 0x000000002F61E998 00058C (v01 HISI   HIP08    00000000 HISI 20151124)
[    0.000000] ACPI: ERST 0x000000002F61FB98 000230 (v01 HISI   HIP08    00000000 HISI 20151124)
[    0.000000] ACPI: EINJ 0x000000002F61F018 000170 (v01 HISI   HIP08    00000000 HISI 20151124)
[    0.000000] ACPI: GTDT 0x000000002F61F298 00007C (v02 HISI   HIP08    00000000 HISI 20151124)
[    0.000000] ACPI: DBG2 0x000000002F61F798 00005E (v00 HISI   HIP08    00000000 HISI 20151124)
[    0.000000] ACPI: MCFG 0x000000002F61F898 00003C (v01 HISI   HIP08    00000000 HISI 20151124)
[    0.000000] ACPI: SLIT 0x000000002F61F398 00006C (v01 HISI   HIP08    00000000 HISI 20151124)
[    0.000000] ACPI: SPCR 0x000000002F61F718 000050 (v02 HISI   HIP08    00000000 HISI 20151124)
[    0.000000] ACPI: SRAT 0x000000002F617518 000F98 (v03 HISI   HIP08    00000000 HISI 20151124)
[    0.000000] ACPI: APIC 0x000000002F618618 003C94 (v04 HISI   HIP08    00000000 HISI 20151124)
[    0.000000] ACPI: SDEI 0x000000002F61FF98 000030 (v01 HISI   HIP08    00000000 HISI 20151124)
[    0.000000] ACPI: IORT 0x000000002F610098 001F80 (v00 HISI   HIP08    00000000 INTL 20221020)
[    0.000000] ACPI: PPTT 0x000000002BE50018 00633C (v01 HISI   HIP08    00000000 HISI 20151124)
[    0.000000] ACPI: MPAM 0x000000002BE5E918 0008FC (v01 HISI   HIP08    00000000 HISI 20151124)
[    0.000000] ACPI: SPMI 0x000000002BE5FF98 000041 (v05 HISI   HIP08    00000000 HISI 20151124)
[    0.000000] ACPI: SPCR: console: pl011,mmio32,0x94080000,115200
[    0.000000] ACPI: NUMA: SRAT: PXM 0 -> MPIDR 0x80000 -> Node 0
[    0.000000] ACPI: NUMA: SRAT: PXM 0 -> MPIDR 0x80100 -> Node 0
[    0.000000] ACPI: NUMA: SRAT: PXM 0 -> MPIDR 0x80200 -> Node 0
[    0.000000] ACPI: NUMA: SRAT: PXM 0 -> MPIDR 0x80300 -> Node 0
[    0.000000] ACPI: NUMA: SRAT: PXM 0 -> MPIDR 0x90000 -> Node 0
[    0.000000] ACPI: NUMA: SRAT: PXM 0 -> MPIDR 0x90100 -> Node 0
[    0.000000] ACPI: NUMA: SRAT: PXM 0 -> MPIDR 0x90200 -> Node 0
[    0.000000] ACPI: NUMA: SRAT: PXM 0 -> MPIDR 0x90300 -> Node 0
[    0.000000] ACPI: NUMA: SRAT: PXM 0 -> MPIDR 0xa0000 -> Node 0
[    0.000000] ACPI: NUMA: SRAT: PXM 0 -> MPIDR 0xa0100 -> Node 0
[    0.000000] ACPI: NUMA: SRAT: PXM 0 -> MPIDR 0xa0200 -> Node 0
[    0.000000] ACPI: NUMA: SRAT: PXM 0 -> MPIDR 0xa0300 -> Node 0
[    0.000000] ACPI: NUMA: SRAT: PXM 0 -> MPIDR 0xb0000 -> Node 0
[    0.000000] ACPI: NUMA: SRAT: PXM 0 -> MPIDR 0xb0100 -> Node 0
[    0.000000] ACPI: NUMA: SRAT: PXM 0 -> MPIDR 0xb0200 -> Node 0
[    0.000000] ACPI: NUMA: SRAT: PXM 0 -> MPIDR 0xb0300 -> Node 0
[    0.000000] ACPI: NUMA: SRAT: PXM 0 -> MPIDR 0xc0000 -> Node 0
[    0.000000] ACPI: NUMA: SRAT: PXM 0 -> MPIDR 0xc0100 -> Node 0
[    0.000000] ACPI: NUMA: SRAT: PXM 0 -> MPIDR 0xc0200 -> Node 0
[    0.000000] ACPI: NUMA: SRAT: PXM 0 -> MPIDR 0xc0300 -> Node 0
[    0.000000] ACPI: NUMA: SRAT: PXM 0 -> MPIDR 0xd0000 -> Node 0
[    0.000000] ACPI: NUMA: SRAT: PXM 0 -> MPIDR 0xd0100 -> Node 0
[    0.000000] ACPI: NUMA: SRAT: PXM 0 -> MPIDR 0xd0200 -> Node 0
[    0.000000] ACPI: NUMA: SRAT: PXM 0 -> MPIDR 0xd0300 -> Node 0
[    0.000000] ACPI: NUMA: SRAT: PXM 1 -> MPIDR 0x180000 -> Node 1
[    0.000000] ACPI: NUMA: SRAT: PXM 1 -> MPIDR 0x180100 -> Node 1
[    0.000000] ACPI: NUMA: SRAT: PXM 1 -> MPIDR 0x180200 -> Node 1
[    0.000000] ACPI: NUMA: SRAT: PXM 1 -> MPIDR 0x180300 -> Node 1
[    0.000000] ACPI: NUMA: SRAT: PXM 1 -> MPIDR 0x190000 -> Node 1
[    0.000000] ACPI: NUMA: SRAT: PXM 1 -> MPIDR 0x190100 -> Node 1
[    0.000000] ACPI: NUMA: SRAT: PXM 1 -> MPIDR 0x190200 -> Node 1
[    0.000000] ACPI: NUMA: SRAT: PXM 1 -> MPIDR 0x190300 -> Node 1
[    0.000000] ACPI: NUMA: SRAT: PXM 1 -> MPIDR 0x1a0000 -> Node 1
[    0.000000] ACPI: NUMA: SRAT: PXM 1 -> MPIDR 0x1a0100 -> Node 1
[    0.000000] ACPI: NUMA: SRAT: PXM 1 -> MPIDR 0x1a0200 -> Node 1
[    0.000000] ACPI: NUMA: SRAT: PXM 1 -> MPIDR 0x1a0300 -> Node 1
[    0.000000] ACPI: NUMA: SRAT: PXM 1 -> MPIDR 0x1b0000 -> Node 1
[    0.000000] ACPI: NUMA: SRAT: PXM 1 -> MPIDR 0x1b0100 -> Node 1
[    0.000000] ACPI: NUMA: SRAT: PXM 1 -> MPIDR 0x1b0200 -> Node 1
[    0.000000] ACPI: NUMA: SRAT: PXM 1 -> MPIDR 0x1b0300 -> Node 1
[    0.000000] ACPI: NUMA: SRAT: PXM 1 -> MPIDR 0x1c0000 -> Node 1
[    0.000000] ACPI: NUMA: SRAT: PXM 1 -> MPIDR 0x1c0100 -> Node 1
[    0.000000] ACPI: NUMA: SRAT: PXM 1 -> MPIDR 0x1c0200 -> Node 1
[    0.000000] ACPI: NUMA: SRAT: PXM 1 -> MPIDR 0x1c0300 -> Node 1
[    0.000000] ACPI: NUMA: SRAT: PXM 1 -> MPIDR 0x1d0000 -> Node 1
[    0.000000] ACPI: NUMA: SRAT: PXM 1 -> MPIDR 0x1d0100 -> Node 1
[    0.000000] ACPI: NUMA: SRAT: PXM 1 -> MPIDR 0x1d0200 -> Node 1
[    0.000000] ACPI: NUMA: SRAT: PXM 1 -> MPIDR 0x1d0300 -> Node 1
[    0.000000] ACPI: NUMA: SRAT: PXM 2 -> MPIDR 0x280000 -> Node 2
[    0.000000] ACPI: NUMA: SRAT: PXM 2 -> MPIDR 0x280100 -> Node 2
[    0.000000] ACPI: NUMA: SRAT: PXM 2 -> MPIDR 0x280200 -> Node 2
[    0.000000] ACPI: NUMA: SRAT: PXM 2 -> MPIDR 0x280300 -> Node 2
[    0.000000] ACPI: NUMA: SRAT: PXM 2 -> MPIDR 0x290000 -> Node 2
[    0.000000] ACPI: NUMA: SRAT: PXM 2 -> MPIDR 0x290100 -> Node 2
[    0.000000] ACPI: NUMA: SRAT: PXM 2 -> MPIDR 0x290200 -> Node 2
[    0.000000] ACPI: NUMA: SRAT: PXM 2 -> MPIDR 0x290300 -> Node 2
[    0.000000] ACPI: NUMA: SRAT: PXM 2 -> MPIDR 0x2a0000 -> Node 2
[    0.000000] ACPI: NUMA: SRAT: PXM 2 -> MPIDR 0x2a0100 -> Node 2
[    0.000000] ACPI: NUMA: SRAT: PXM 2 -> MPIDR 0x2a0200 -> Node 2
[    0.000000] ACPI: NUMA: SRAT: PXM 2 -> MPIDR 0x2a0300 -> Node 2
[    0.000000] ACPI: NUMA: SRAT: PXM 2 -> MPIDR 0x2b0000 -> Node 2
[    0.000000] ACPI: NUMA: SRAT: PXM 2 -> MPIDR 0x2b0100 -> Node 2
[    0.000000] ACPI: NUMA: SRAT: PXM 2 -> MPIDR 0x2b0200 -> Node 2
[    0.000000] ACPI: NUMA: SRAT: PXM 2 -> MPIDR 0x2b0300 -> Node 2
[    0.000000] ACPI: NUMA: SRAT: PXM 2 -> MPIDR 0x2c0000 -> Node 2
[    0.000000] ACPI: NUMA: SRAT: PXM 2 -> MPIDR 0x2c0100 -> Node 2
[    0.000000] ACPI: NUMA: SRAT: PXM 2 -> MPIDR 0x2c0200 -> Node 2
[    0.000000] ACPI: NUMA: SRAT: PXM 2 -> MPIDR 0x2c0300 -> Node 2
[    0.000000] ACPI: NUMA: SRAT: PXM 2 -> MPIDR 0x2d0000 -> Node 2
[    0.000000] ACPI: NUMA: SRAT: PXM 2 -> MPIDR 0x2d0100 -> Node 2
[    0.000000] ACPI: NUMA: SRAT: PXM 2 -> MPIDR 0x2d0200 -> Node 2
[    0.000000] ACPI: NUMA: SRAT: PXM 2 -> MPIDR 0x2d0300 -> Node 2
[    0.000000] ACPI: NUMA: SRAT: PXM 3 -> MPIDR 0x380000 -> Node 3
[    0.000000] ACPI: NUMA: SRAT: PXM 3 -> MPIDR 0x380100 -> Node 3
[    0.000000] ACPI: NUMA: SRAT: PXM 3 -> MPIDR 0x380200 -> Node 3
[    0.000000] ACPI: NUMA: SRAT: PXM 3 -> MPIDR 0x380300 -> Node 3
[    0.000000] ACPI: NUMA: SRAT: PXM 3 -> MPIDR 0x390000 -> Node 3
[    0.000000] ACPI: NUMA: SRAT: PXM 3 -> MPIDR 0x390100 -> Node 3
[    0.000000] ACPI: NUMA: SRAT: PXM 3 -> MPIDR 0x390200 -> Node 3
[    0.000000] ACPI: NUMA: SRAT: PXM 3 -> MPIDR 0x390300 -> Node 3
[    0.000000] ACPI: NUMA: SRAT: PXM 3 -> MPIDR 0x3a0000 -> Node 3
[    0.000000] ACPI: NUMA: SRAT: PXM 3 -> MPIDR 0x3a0100 -> Node 3
[    0.000000] ACPI: NUMA: SRAT: PXM 3 -> MPIDR 0x3a0200 -> Node 3
[    0.000000] ACPI: NUMA: SRAT: PXM 3 -> MPIDR 0x3a0300 -> Node 3
[    0.000000] ACPI: NUMA: SRAT: PXM 3 -> MPIDR 0x3b0000 -> Node 3
[    0.000000] ACPI: NUMA: SRAT: PXM 3 -> MPIDR 0x3b0100 -> Node 3
[    0.000000] ACPI: NUMA: SRAT: PXM 3 -> MPIDR 0x3b0200 -> Node 3
[    0.000000] ACPI: NUMA: SRAT: PXM 3 -> MPIDR 0x3b0300 -> Node 3
[    0.000000] ACPI: NUMA: SRAT: PXM 3 -> MPIDR 0x3c0000 -> Node 3
[    0.000000] ACPI: NUMA: SRAT: PXM 3 -> MPIDR 0x3c0100 -> Node 3
[    0.000000] ACPI: NUMA: SRAT: PXM 3 -> MPIDR 0x3c0200 -> Node 3
[    0.000000] ACPI: NUMA: SRAT: PXM 3 -> MPIDR 0x3c0300 -> Node 3
[    0.000000] ACPI: NUMA: SRAT: PXM 3 -> MPIDR 0x3d0000 -> Node 3
[    0.000000] ACPI: NUMA: SRAT: PXM 3 -> MPIDR 0x3d0100 -> Node 3
[    0.000000] ACPI: NUMA: SRAT: PXM 3 -> MPIDR 0x3d0200 -> Node 3
[    0.000000] ACPI: NUMA: SRAT: PXM 3 -> MPIDR 0x3d0300 -> Node 3
[    0.000000] ACPI: NUMA: SRAT: Too many proximity domains 4
[    0.000000] ACPI: SRAT: SRAT not used.
[    0.000000] ACPI: NUMA: Failed to initialise from firmware
[    0.000000] NUMA: Faking a node at [mem 0x0000000000000000-0x00006057ffffffff]
[    0.000000] NUMA: NODE_DATA [mem 0x6057ffffe500-0x6057ffffffff]
[    0.000000] Zone ranges:
[    0.000000]   DMA      [mem 0x0000000000000000-0x00000000ffffffff]
[    0.000000]   Normal   [mem 0x0000000100000000-0x00006057ffffffff]
[    0.000000] Movable zone start for each node
[    0.000000] Early memory node ranges
[    0.000000]   node   0: [mem 0x0000000000000000-0x000000000000ffff]
[    0.000000]   node   0: [mem 0x0000000000010000-0x000000002be4ffff]
[    0.000000]   node   0: [mem 0x000000002be50000-0x000000002be5ffff]
[    0.000000]   node   0: [mem 0x000000002be60000-0x000000002ed7ffff]
[    0.000000]   node   0: [mem 0x000000002ed80000-0x000000002ed9ffff]
[    0.000000]   node   0: [mem 0x000000002eda0000-0x000000002ee4ffff]
[    0.000000]   node   0: [mem 0x000000002ee50000-0x000000002f03ffff]
[    0.000000]   node   0: [mem 0x000000002f040000-0x000000002f04ffff]
[    0.000000]   node   0: [mem 0x000000002f050000-0x000000002f05ffff]
[    0.000000]   node   0: [mem 0x000000002f060000-0x000000002f06ffff]
[    0.000000]   node   0: [mem 0x000000002f070000-0x000000002f09ffff]
[    0.000000]   node   0: [mem 0x000000002f0a0000-0x000000002f0affff]
[    0.000000]   node   0: [mem 0x000000002f0b0000-0x000000002f0effff]
[    0.000000]   node   0: [mem 0x000000002f0f0000-0x000000002f0fffff]
[    0.000000]   node   0: [mem 0x000000002f100000-0x000000002f17ffff]
[    0.000000]   node   0: [mem 0x000000002f180000-0x000000002f1dffff]
[    0.000000]   node   0: [mem 0x000000002f1e0000-0x000000002f27ffff]
[    0.000000]   node   0: [mem 0x000000002f280000-0x000000002f2affff]
[    0.000000]   node   0: [mem 0x000000002f2b0000-0x000000002f34ffff]
[    0.000000]   node   0: [mem 0x000000002f350000-0x000000002f38ffff]
[    0.000000]   node   0: [mem 0x000000002f390000-0x000000002f3effff]
[    0.000000]   node   0: [mem 0x000000002f3f0000-0x000000002f41ffff]
[    0.000000]   node   0: [mem 0x000000002f420000-0x000000002f43ffff]
[    0.000000]   node   0: [mem 0x000000002f440000-0x000000002f4dffff]
[    0.000000]   node   0: [mem 0x000000002f4e0000-0x000000002f57ffff]
[    0.000000]   node   0: [mem 0x000000002f580000-0x000000002f5dffff]
[    0.000000]   node   0: [mem 0x000000002f5e0000-0x000000002f61ffff]
[    0.000000]   node   0: [mem 0x000000002f620000-0x000000002f65ffff]
[    0.000000]   node   0: [mem 0x000000002f660000-0x000000002f9cffff]
[    0.000000]   node   0: [mem 0x000000002f9d0000-0x000000003ed7ffff]
[    0.000000]   node   0: [mem 0x000000003ed80000-0x000000003edaffff]
[    0.000000]   node   0: [mem 0x000000003edb0000-0x000000003fffffff]
[    0.000000]   node   0: [mem 0x0000000040000000-0x0000000043ffffff]
[    0.000000]   node   0: [mem 0x0000000044030000-0x000000004effffff]
[    0.000000]   node   0: [mem 0x0000000050000000-0x00000000501fffff]
[    0.000000]   node   0: [mem 0x0000000050200000-0x000000005fffffff]
[    0.000000]   node   0: [mem 0x0000002020800000-0x00000027ffffffff]
[    0.000000]   node   0: [mem 0x0000002820000000-0x00000028207fffff]
[    0.000000]   node   0: [mem 0x0000002820800000-0x0000002fffffffff]
[    0.000000]   node   0: [mem 0x0000003020000000-0x00000030207fffff]
[    0.000000]   node   0: [mem 0x0000003020800000-0x00000037ffffffff]
[    0.000000]   node   0: [mem 0x0000004000000000-0x00000057ffffffff]
[    0.000000]   node   0: [mem 0x0000202000000000-0x00002037ffffffff]
[    0.000000]   node   0: [mem 0x0000204000000000-0x00002057ffffffff]
[    0.000000]   node   0: [mem 0x0000402000000000-0x00004037ffffffff]
[    0.000000]   node   0: [mem 0x0000404000000000-0x00004057ffffffff]
[    0.000000]   node   0: [mem 0x0000602000000000-0x00006037ffffffff]
[    0.000000]   node   0: [mem 0x0000604000000000-0x00006057ffffffff]
[    0.000000] Initmem setup node 0 [mem 0x0000000000000000-0x00006057ffffffff]
[    0.000000] On node 0 totalpages: 12582525
[    0.000000]   DMA zone: 24 pages used for memmap
[    0.000000]   DMA zone: 0 pages reserved
[    0.000000]   DMA zone: 24317 pages, LIFO batch:1
[    0.000000]   Normal zone: 12264 pages used for memmap
[    0.000000]   Normal zone: 12558208 pages, LIFO batch:1
[    0.000000] psci: probing for conduit method from ACPI.
[    0.000000] psci: PSCIv1.1 detected in firmware.
[    0.000000] psci: Using standard PSCI v0.2 function IDs
[    0.000000] psci: MIGRATE_INFO_TYPE not supported.
[    0.000000] psci: SMC Calling Convention v1.0
[    0.000000] percpu: Embedded 3 pages/cpu @ffffe057cd4b0000 s125976 r8192 d62440 u196608
[    0.000000] pcpu-alloc: s125976 r8192 d62440 u196608 alloc=3*65536
[    0.000000] pcpu-alloc: [0] 000 [0] 001 [0] 002 [0] 003 
[    0.000000] pcpu-alloc: [0] 004 [0] 005 [0] 006 [0] 007 
[    0.000000] pcpu-alloc: [0] 008 [0] 009 [0] 010 [0] 011 
[    0.000000] pcpu-alloc: [0] 012 [0] 013 [0] 014 [0] 015 
[    0.000000] pcpu-alloc: [0] 016 [0] 017 [0] 018 [0] 019 
[    0.000000] pcpu-alloc: [0] 020 [0] 021 [0] 022 [0] 023 
[    0.000000] pcpu-alloc: [0] 024 [0] 025 [0] 026 [0] 027 
[    0.000000] pcpu-alloc: [0] 028 [0] 029 [0] 030 [0] 031 
[    0.000000] pcpu-alloc: [0] 032 [0] 033 [0] 034 [0] 035 
[    0.000000] pcpu-alloc: [0] 036 [0] 037 [0] 038 [0] 039 
[    0.000000] pcpu-alloc: [0] 040 [0] 041 [0] 042 [0] 043 
[    0.000000] pcpu-alloc: [0] 044 [0] 045 [0] 046 [0] 047 
[    0.000000] pcpu-alloc: [0] 048 [0] 049 [0] 050 [0] 051 
[    0.000000] pcpu-alloc: [0] 052 [0] 053 [0] 054 [0] 055 
[    0.000000] pcpu-alloc: [0] 056 [0] 057 [0] 058 [0] 059 
[    0.000000] pcpu-alloc: [0] 060 [0] 061 [0] 062 [0] 063 
[    0.000000] pcpu-alloc: [0] 064 [0] 065 [0] 066 [0] 067 
[    0.000000] pcpu-alloc: [0] 068 [0] 069 [0] 070 [0] 071 
[    0.000000] pcpu-alloc: [0] 072 [0] 073 [0] 074 [0] 075 
[    0.000000] pcpu-alloc: [0] 076 [0] 077 [0] 078 [0] 079 
[    0.000000] pcpu-alloc: [0] 080 [0] 081 [0] 082 [0] 083 
[    0.000000] pcpu-alloc: [0] 084 [0] 085 [0] 086 [0] 087 
[    0.000000] pcpu-alloc: [0] 088 [0] 089 [0] 090 [0] 091 
[    0.000000] pcpu-alloc: [0] 092 [0] 093 [0] 094 [0] 095 
[    0.000000] pcpu-alloc: [0] 096 [0] 097 [0] 098 [0] 099 
[    0.000000] pcpu-alloc: [0] 100 [0] 101 [0] 102 [0] 103 
[    0.000000] pcpu-alloc: [0] 104 [0] 105 [0] 106 [0] 107 
[    0.000000] pcpu-alloc: [0] 108 [0] 109 [0] 110 [0] 111 
[    0.000000] pcpu-alloc: [0] 112 [0] 113 [0] 114 [0] 115 
[    0.000000] pcpu-alloc: [0] 116 [0] 117 [0] 118 [0] 119 
[    0.000000] pcpu-alloc: [0] 120 [0] 121 [0] 122 [0] 123 
[    0.000000] pcpu-alloc: [0] 124 [0] 125 [0] 126 [0] 127 
[    0.000000] pcpu-alloc: [0] 128 [0] 129 [0] 130 [0] 131 
[    0.000000] pcpu-alloc: [0] 132 [0] 133 [0] 134 [0] 135 
[    0.000000] pcpu-alloc: [0] 136 [0] 137 [0] 138 [0] 139 
[    0.000000] pcpu-alloc: [0] 140 [0] 141 [0] 142 [0] 143 
[    0.000000] pcpu-alloc: [0] 144 [0] 145 [0] 146 [0] 147 
[    0.000000] pcpu-alloc: [0] 148 [0] 149 [0] 150 [0] 151 
[    0.000000] pcpu-alloc: [0] 152 [0] 153 [0] 154 [0] 155 
[    0.000000] pcpu-alloc: [0] 156 [0] 157 [0] 158 [0] 159 
[    0.000000] pcpu-alloc: [0] 160 [0] 161 [0] 162 [0] 163 
[    0.000000] pcpu-alloc: [0] 164 [0] 165 [0] 166 [0] 167 
[    0.000000] pcpu-alloc: [0] 168 [0] 169 [0] 170 [0] 171 
[    0.000000] pcpu-alloc: [0] 172 [0] 173 [0] 174 [0] 175 
[    0.000000] pcpu-alloc: [0] 176 [0] 177 [0] 178 [0] 179 
[    0.000000] pcpu-alloc: [0] 180 [0] 181 [0] 182 [0] 183 
[    0.000000] pcpu-alloc: [0] 184 [0] 185 [0] 186 [0] 187 
[    0.000000] pcpu-alloc: [0] 188 [0] 189 [0] 190 [0] 191 
[    0.000000] Detected VIPT I-cache on CPU0
[    0.000000] Built 1 zonelists, mobility grouping on.  Total pages: 12570237
[    0.000000] Policy zone: Normal
[    0.000000] Kernel command line: BOOT_IMAGE=/vmlinuz-4.14.0-115.el7.0.1.ctyun.panic.soft_lockup.aarch64 root=/dev/mapper/system-lv_root ro console=tty0 pci=realloc hardened_usercopy=off noirqdebug pciehp.pciehp_force=1 crashkernel=512M initcall_blacklist=mlx5_ib_init,mx5_core_init module_blacklist=mlx5_ib,mlx5_core biosdevname=0 net.ifnames=0 console=ttyS0,115200n8
[    0.000000] IRQ lockup detection disabled
[    0.000000] blacklisting initcall mlx5_ib_init
[    0.000000] blacklisting initcall mx5_core_init
[    0.000000] log_buf_len individual max cpu contribution: 4096 bytes
[    0.000000] log_buf_len total cpu_extra contributions: 782336 bytes
[    0.000000] log_buf_len min size: 1048576 bytes
[    0.000000] log_buf_len: 2097152 bytes
[    0.000000] early log buf free: 1030324(98%)
[    0.000000] PID hash table entries: 4096 (order: -1, 32768 bytes)
[    0.000000] software IO TLB [mem 0x5bff0000-0x5fff0000] (64MB) mapped at [ffff80005bff0000-ffff80005ffeffff]
[    0.000000] Memory: 803537536K/805281600K available (8316K kernel code, 1886K rwdata, 3392K rodata, 1472K init, 9784K bss, 1744064K reserved, 0K cma-reserved)
[    0.000000] Virtual kernel memory layout:
[    0.000000]     modules : 0xffff000000000000 - 0xffff000008000000   (   128 MB)
[    0.000000]     vmalloc : 0xffff000008000000 - 0xffff7bdfffff0000   (126847 GB)
[    0.000000]       .text : 0xffff000008080000 - 0xffff0000088a0000   (  8320 KB)
[    0.000000]     .rodata : 0xffff0000088a0000 - 0xffff000008c00000   (  3456 KB)
[    0.000000]       .init : 0xffff000008c00000 - 0xffff000008d70000   (  1472 KB)
[    0.000000]       .data : 0xffff000008d70000 - 0xffff000008f47a00   (  1887 KB)
[    0.000000]        .bss : 0xffff000008f47a00 - 0xffff0000098d5d18   (  9785 KB)
[    0.000000]     fixed   : 0xffff7fdffe790000 - 0xffff7fdffec00000   (  4544 KB)
[    0.000000]     PCI I/O : 0xffff7fdffee00000 - 0xffff7fdfffe00000   (    16 MB)
[    0.000000]     vmemmap : 0xffff7fe000000000 - 0xffff800000000000   (   128 GB maximum)
[    0.000000]               0xffff7fe000000000 - 0xffff7ff816000000   ( 98656 MB actual)
[    0.000000]     memory  : 0xffff800000000000 - 0xffffe05800000000   (101023744 MB)
[    0.000000] SLUB: HWalign=64, Order=0-3, MinObjects=0, CPUs=192, Nodes=1
[    0.000000] ftrace: allocating 30308 entries in 8 pages
[    0.000000] Hierarchical RCU implementation.
[    0.000000] 	RCU restricting CPUs from NR_CPUS=4096 to nr_cpu_ids=192.
[    0.000000] RCU: Adjusting geometry for rcu_fanout_leaf=16, nr_cpu_ids=192
[    0.000000] NR_IRQS: 64, nr_irqs: 64, preallocated irqs: 0
[    0.000000] GICv3: GIC: Using split EOI/Deactivate mode
[    0.000000] GICv3: Distributor has no Range Selector support
[    0.000000] GICv3: VLPI support, direct LPI support
[    0.000000] SRAT: Invalid NUMA node -1 in ITS affinity
[    0.000000] SRAT: Invalid NUMA node -1 in ITS affinity
[    0.000000] SRAT: Invalid NUMA node -1 in ITS affinity
[    0.000000] SRAT: Invalid NUMA node -1 in ITS affinity
[    0.000000] ITS [mem 0x202100000-0x20211ffff]
[    0.000000] ITS@0x0000000202100000: Using ITS number 0
[    0.000000] ITS@0x0000000202100000: allocated 65536 Devices @2820f80000 (flat, esz 8, psz 16K, shr 1)
[    0.000000] ITS@0x0000000202100000: allocated 65536 Virtual CPUs @2020800000 (flat, esz 16, psz 4K, shr 1)
[    0.000000] ITS@0x0000000202100000: allocated 4096 Interrupt Collections @2820f40000 (flat, esz 16, psz 4K, shr 1)
[    0.000000] ITS [mem 0x200202100000-0x20020211ffff]
[    0.000000] ITS@0x0000200202100000: Using ITS number 1
[    0.000000] ITS@0x0000200202100000: allocated 65536 Devices @2020900000 (flat, esz 8, psz 16K, shr 1)
[    0.000000] ITS@0x0000200202100000: allocated 65536 Virtual CPUs @2020a00000 (flat, esz 16, psz 4K, shr 1)
[    0.000000] ITS@0x0000200202100000: allocated 4096 Interrupt Collections @2820f60000 (flat, esz 16, psz 4K, shr 1)
[    0.000000] ITS [mem 0x400202100000-0x40020211ffff]
[    0.000000] ITS@0x0000400202100000: Using ITS number 2
[    0.000000] ITS@0x0000400202100000: allocated 65536 Devices @2020980000 (flat, esz 8, psz 16K, shr 1)
[    0.000000] ITS@0x0000400202100000: allocated 65536 Virtual CPUs @2020b00000 (flat, esz 16, psz 4K, shr 1)
[    0.000000] ITS@0x0000400202100000: allocated 4096 Interrupt Collections @2020c00000 (flat, esz 16, psz 4K, shr 1)
[    0.000000] ITS [mem 0x600202100000-0x60020211ffff]
[    0.000000] ITS@0x0000600202100000: Using ITS number 3
[    0.000000] ITS@0x0000600202100000: allocated 65536 Devices @2020c80000 (flat, esz 8, psz 16K, shr 1)
[    0.000000] ITS@0x0000600202100000: allocated 65536 Virtual CPUs @2020d00000 (flat, esz 16, psz 4K, shr 1)
[    0.000000] ITS@0x0000600202100000: allocated 4096 Interrupt Collections @2020c20000 (flat, esz 16, psz 4K, shr 1)
[    0.000000] GIC: using LPI property table @0x0000002020c30000
[    0.000000] ITS: Using DirectLPI for VPE invalidation
[    0.000000] ITS: Enabling GICv4 support
[    0.000000] GICv3: CPU0: found redistributor 80000 region 0:0x00000000ae100000
[    0.000000] CPU0: using LPI pending table @0x0000002020c40000
[    0.000000] 	Offload RCU callbacks from CPUs: .
[    0.000000] arch_timer: cp15 timer(s) running at 100.00MHz (phys).
[    0.000000] clocksource: arch_sys_counter: mask: 0xffffffffffffff max_cycles: 0x171024e7e0, max_idle_ns: 440795205315 ns
[    0.000001] sched_clock: 56 bits at 100MHz, resolution 10ns, wraps every 4398046511100ns
[    0.000303] Console: colour dummy device 80x25
[    0.000682] console [tty0] enabled
[    0.000808] Calibrating delay loop (skipped), value calculated using timer frequency.. 200.00 BogoMIPS (lpj=1000000)
[    0.000813] pid_max: default: 196608 minimum: 1536
[    0.000836] ACPI: Core revision 20170728
[    0.008408] ACPI: 2 ACPI AML tables successfully acquired and loaded
[    0.008474] Security Framework initialized
[    0.008477] SELinux:  Initializing.
[    0.008497] SELinux:  Starting in permissive mode
[    0.018353] Dentry cache hash table entries: 33554432 (order: 12, 268435456 bytes)
[    0.023283] Inode-cache hash table entries: 16777216 (order: 11, 134217728 bytes)
[    0.023461] Mount-cache hash table entries: 524288 (order: 6, 4194304 bytes)
[    0.023621] Mountpoint-cache hash table entries: 524288 (order: 6, 4194304 bytes)
[    0.030140] ASID allocator initialised with 32768 entries
[    0.030166] Hierarchical SRCU implementation.
[    0.030437] PCI/MSI: ITS@0x202100000 domain created
[    0.030440] PCI/MSI: ITS@0x200202100000 domain created
[    0.030443] PCI/MSI: ITS@0x400202100000 domain created
[    0.030446] PCI/MSI: ITS@0x600202100000 domain created
[    0.030452] Platform MSI: ITS@0x202100000 domain created
[    0.030455] Platform MSI: ITS@0x200202100000 domain created
[    0.030458] Platform MSI: ITS@0x400202100000 domain created
[    0.030461] Platform MSI: ITS@0x600202100000 domain created
[    0.030499] Remapping and enabling EFI services.
[    0.030512]   EFI remap 0x0000000000000000 => 0000000020000000
[    0.030517]   EFI remap 0x000000002ee50000 => 0000000020010000
[    0.030521]   EFI remap 0x000000002eea0000 => 0000000020060000
[    0.030524]   EFI remap 0x000000002eef0000 => 00000000200b0000
[    0.030528]   EFI remap 0x000000002ef40000 => 0000000020100000
[    0.030532]   EFI remap 0x000000002ef90000 => 0000000020150000
[    0.030535]   EFI remap 0x000000002efe0000 => 00000000201a0000
[    0.030539]   EFI remap 0x000000002f030000 => 00000000201f0000
[    0.030542]   EFI remap 0x000000002f050000 => 0000000020200000
[    0.030546]   EFI remap 0x000000002f070000 => 0000000020210000
[    0.030549]   EFI remap 0x000000002f090000 => 0000000020220000
[    0.030553]   EFI remap 0x000000002f0b0000 => 0000000020230000
[    0.030557]   EFI remap 0x000000002f100000 => 0000000020270000
[    0.030560]   EFI remap 0x000000002f1e0000 => 00000000202f0000
[    0.030564]   EFI remap 0x000000002f230000 => 0000000020340000
[    0.030568]   EFI remap 0x000000002f2b0000 => 0000000020390000
[    0.030572]   EFI remap 0x000000002f300000 => 00000000203e0000
[    0.030576]   EFI remap 0x000000002f420000 => 0000000020430000
[    0.030580]   EFI remap 0x000000002f4e0000 => 0000000020450000
[    0.030583]   EFI remap 0x000000002f530000 => 00000000204a0000
[    0.030587]   EFI remap 0x000000002f660000 => 00000000204f0000
[    0.030591]   EFI remap 0x000000002f6b0000 => 0000000020540000
[    0.030596]   EFI remap 0x000000002f700000 => 0000000020590000
[    0.030599]   EFI remap 0x000000002f830000 => 00000000206c0000
[    0.030603]   EFI remap 0x000000002f890000 => 0000000020720000
[    0.030606]   EFI remap 0x000000002f8e0000 => 0000000020770000
[    0.030611]   EFI remap 0x000000002f930000 => 00000000207c0000
[    0.030614]   EFI remap 0x000000002f980000 => 0000000020810000
[    0.030618]   EFI remap 0x000000003ed80000 => 0000000020860000
[    0.030622]   EFI remap 0x0000000044000000 => 0000000020890000
[    0.030626]   EFI remap 0x000000004ef00000 => 00000000208c0000
[    0.030630]   EFI remap 0x0000000080000000 => 00000000209c0000
[    0.030633]   EFI remap 0x0000000094080000 => 00000000209d0000
[    0.030637]   EFI remap 0x0000000202020000 => 00000000209e0000
[    0.030667]   EFI remap 0x0000000204000000 => 0000000020a00000
[    0.030671]   EFI remap 0x0000000206200000 => 0000000022a00000
[    0.030674] efi: memattr: Entry attributes invalid: RO and XP bits both cleared
[    0.030679] efi: memattr: ! 0x000000000000-0x00000000ffff [Runtime Code       |RUN|  |  |  |  |  |  |   |  |  |  |  ]
[    0.031813] smp: Bringing up secondary CPUs ...
[    0.032934] Detected VIPT I-cache on CPU1
[    0.032941] GICv3: CPU1: found redistributor 80100 region 1:0x00000000ae140000
[    0.032957] CPU1: using LPI pending table @0x000000302c830000
[    0.033012] CPU1: Booted secondary processor [481fd010]
[    0.034232] Detected VIPT I-cache on CPU2
[    0.034237] GICv3: CPU2: found redistributor 80200 region 2:0x00000000ae180000
[    0.034251] CPU2: using LPI pending table @0x000000302c930000
[    0.034305] CPU2: Booted secondary processor [481fd010]
[    0.035490] Detected VIPT I-cache on CPU3
[    0.035494] GICv3: CPU3: found redistributor 80300 region 3:0x00000000ae1c0000
[    0.035508] CPU3: using LPI pending table @0x000000302ca30000
[    0.035563] CPU3: Booted secondary processor [481fd010]
[    0.036746] Detected VIPT I-cache on CPU4
[    0.036754] GICv3: CPU4: found redistributor 90000 region 4:0x00000000ae200000
[    0.036771] CPU4: using LPI pending table @0x000000302cb30000
[    0.036831] CPU4: Booted secondary processor [481fd010]
[    0.038032] Detected VIPT I-cache on CPU5
[    0.038038] GICv3: CPU5: found redistributor 90100 region 5:0x00000000ae240000
[    0.038052] CPU5: using LPI pending table @0x000000302cc30000
[    0.038106] CPU5: Booted secondary processor [481fd010]
[    0.039289] Detected VIPT I-cache on CPU6
[    0.039294] GICv3: CPU6: found redistributor 90200 region 6:0x00000000ae280000
[    0.039308] CPU6: using LPI pending table @0x000000302cd30000
[    0.039362] CPU6: Booted secondary processor [481fd010]
[    0.040550] Detected VIPT I-cache on CPU7
[    0.040555] GICv3: CPU7: found redistributor 90300 region 7:0x00000000ae2c0000
[    0.040569] CPU7: using LPI pending table @0x000000302ce80000
[    0.040622] CPU7: Booted secondary processor [481fd010]
[    0.041810] Detected VIPT I-cache on CPU8
[    0.041817] GICv3: CPU8: found redistributor a0000 region 8:0x00000000ae300000
[    0.041833] CPU8: using LPI pending table @0x000000302cfa0000
[    0.041891] CPU8: Booted secondary processor [481fd010]
[    0.043087] Detected VIPT I-cache on CPU9
[    0.043092] GICv3: CPU9: found redistributor a0100 region 9:0x00000000ae340000
[    0.043107] CPU9: using LPI pending table @0x000000302d0b0000
[    0.043161] CPU9: Booted secondary processor [481fd010]
[    0.044344] Detected VIPT I-cache on CPU10
[    0.044349] GICv3: CPU10: found redistributor a0200 region 10:0x00000000ae380000
[    0.044364] CPU10: using LPI pending table @0x000000302d1b0000
[    0.044417] CPU10: Booted secondary processor [481fd010]
[    0.045605] Detected VIPT I-cache on CPU11
[    0.045611] GICv3: CPU11: found redistributor a0300 region 11:0x00000000ae3c0000
[    0.045625] CPU11: using LPI pending table @0x000000302d2b0000
[    0.045679] CPU11: Booted secondary processor [481fd010]
[    0.046864] Detected VIPT I-cache on CPU12
[    0.046872] GICv3: CPU12: found redistributor b0000 region 12:0x00000000ae400000
[    0.046888] CPU12: using LPI pending table @0x000000302d3b0000
[    0.046947] CPU12: Booted secondary processor [481fd010]
[    0.048140] Detected VIPT I-cache on CPU13
[    0.048146] GICv3: CPU13: found redistributor b0100 region 13:0x00000000ae440000
[    0.048161] CPU13: using LPI pending table @0x000000302d4b0000
[    0.048216] CPU13: Booted secondary processor [481fd010]
[    0.049394] Detected VIPT I-cache on CPU14
[    0.049400] GICv3: CPU14: found redistributor b0200 region 14:0x00000000ae480000
[    0.049415] CPU14: using LPI pending table @0x000000302d5b0000
[    0.049469] CPU14: Booted secondary processor [481fd010]
[    0.050652] Detected VIPT I-cache on CPU15
[    0.050658] GICv3: CPU15: found redistributor b0300 region 15:0x00000000ae4c0000
[    0.050673] CPU15: using LPI pending table @0x000000302d6b0000
[    0.050726] CPU15: Booted secondary processor [481fd010]
[    0.051913] Detected VIPT I-cache on CPU16
[    0.051921] GICv3: CPU16: found redistributor c0000 region 16:0x00000000ae500000
[    0.051937] CPU16: using LPI pending table @0x000000302d7b0000
[    0.051994] CPU16: Booted secondary processor [481fd010]
[    0.053188] Detected VIPT I-cache on CPU17
[    0.053194] GICv3: CPU17: found redistributor c0100 region 17:0x00000000ae540000
[    0.053209] CPU17: using LPI pending table @0x000000302d900000
[    0.053263] CPU17: Booted secondary processor [481fd010]
[    0.054440] Detected VIPT I-cache on CPU18
[    0.054446] GICv3: CPU18: found redistributor c0200 region 18:0x00000000ae580000
[    0.054461] CPU18: using LPI pending table @0x000000302da20000
[    0.054514] CPU18: Booted secondary processor [481fd010]
[    0.055695] Detected VIPT I-cache on CPU19
[    0.055702] GICv3: CPU19: found redistributor c0300 region 19:0x00000000ae5c0000
[    0.055716] CPU19: using LPI pending table @0x000000302db20000
[    0.055769] CPU19: Booted secondary processor [481fd010]
[    0.056952] Detected VIPT I-cache on CPU20
[    0.056961] GICv3: CPU20: found redistributor d0000 region 20:0x00000000ae600000
[    0.056977] CPU20: using LPI pending table @0x000000302dc30000
[    0.057036] CPU20: Booted secondary processor [481fd010]
[    0.058229] Detected VIPT I-cache on CPU21
[    0.058236] GICv3: CPU21: found redistributor d0100 region 21:0x00000000ae640000
[    0.058250] CPU21: using LPI pending table @0x000000302dd30000
[    0.058305] CPU21: Booted secondary processor [481fd010]
[    0.059488] Detected VIPT I-cache on CPU22
[    0.059496] GICv3: CPU22: found redistributor d0200 region 22:0x00000000ae680000
[    0.059510] CPU22: using LPI pending table @0x000000302de30000
[    0.059564] CPU22: Booted secondary processor [481fd010]
[    0.060751] Detected VIPT I-cache on CPU23
[    0.060758] GICv3: CPU23: found redistributor d0300 region 23:0x00000000ae6c0000
[    0.060773] CPU23: using LPI pending table @0x000000302df30000
[    0.060827] CPU23: Booted secondary processor [481fd010]
[    0.062022] Detected VIPT I-cache on CPU24
[    0.062038] GICv3: CPU24: found redistributor 180000 region 24:0x00000000aa100000
[    0.062058] CPU24: using LPI pending table @0x000000302e040000
[    0.062139] CPU24: Booted secondary processor [481fd010]
[    0.063466] Detected VIPT I-cache on CPU25
[    0.063476] GICv3: CPU25: found redistributor 180100 region 25:0x00000000aa140000
[    0.063493] CPU25: using LPI pending table @0x000000302e140000
[    0.063561] CPU25: Booted secondary processor [481fd010]
[    0.064765] Detected VIPT I-cache on CPU26
[    0.064775] GICv3: CPU26: found redistributor 180200 region 26:0x00000000aa180000
[    0.064792] CPU26: using LPI pending table @0x000000302e240000
[    0.064858] CPU26: Booted secondary processor [481fd010]
[    0.066067] Detected VIPT I-cache on CPU27
[    0.066077] GICv3: CPU27: found redistributor 180300 region 27:0x00000000aa1c0000
[    0.066093] CPU27: using LPI pending table @0x000000302e390000
[    0.066161] CPU27: Booted secondary processor [481fd010]
[    0.067366] Detected VIPT I-cache on CPU28
[    0.067380] GICv3: CPU28: found redistributor 190000 region 28:0x00000000aa200000
[    0.067398] CPU28: using LPI pending table @0x000000302e490000
[    0.067478] CPU28: Booted secondary processor [481fd010]
[    0.068697] Detected VIPT I-cache on CPU29
[    0.068708] GICv3: CPU29: found redistributor 190100 region 29:0x00000000aa240000
[    0.068725] CPU29: using LPI pending table @0x000000302e5c0000
[    0.068794] CPU29: Booted secondary processor [481fd010]
[    0.069995] Detected VIPT I-cache on CPU30
[    0.070006] GICv3: CPU30: found redistributor 190200 region 30:0x00000000aa280000
[    0.070023] CPU30: using LPI pending table @0x000000302e6c0000
[    0.070090] CPU30: Booted secondary processor [481fd010]
[    0.071297] Detected VIPT I-cache on CPU31
[    0.071307] GICv3: CPU31: found redistributor 190300 region 31:0x00000000aa2c0000
[    0.071325] CPU31: using LPI pending table @0x000000302e7c0000
[    0.071392] CPU31: Booted secondary processor [481fd010]
[    0.072602] Detected VIPT I-cache on CPU32
[    0.072616] GICv3: CPU32: found redistributor 1a0000 region 32:0x00000000aa300000
[    0.072634] CPU32: using LPI pending table @0x000000302e8d0000
[    0.072710] CPU32: Booted secondary processor [481fd010]
[    0.073921] Detected VIPT I-cache on CPU33
[    0.073932] GICv3: CPU33: found redistributor 1a0100 region 33:0x00000000aa340000
[    0.073949] CPU33: using LPI pending table @0x000000302e9d0000
[    0.074018] CPU33: Booted secondary processor [481fd010]
[    0.075220] Detected VIPT I-cache on CPU34
[    0.075231] GICv3: CPU34: found redistributor 1a0200 region 34:0x00000000aa380000
[    0.075248] CPU34: using LPI pending table @0x000000302ead0000
[    0.075315] CPU34: Booted secondary processor [481fd010]
[    0.076519] Detected VIPT I-cache on CPU35
[    0.076530] GICv3: CPU35: found redistributor 1a0300 region 35:0x00000000aa3c0000
[    0.076547] CPU35: using LPI pending table @0x000000302ebd0000
[    0.076615] CPU35: Booted secondary processor [481fd010]
[    0.077820] Detected VIPT I-cache on CPU36
[    0.077834] GICv3: CPU36: found redistributor 1b0000 region 36:0x00000000aa400000
[    0.077852] CPU36: using LPI pending table @0x000000302ecd0000
[    0.077927] CPU36: Booted secondary processor [481fd010]
[    0.079145] Detected VIPT I-cache on CPU37
[    0.079156] GICv3: CPU37: found redistributor 1b0100 region 37:0x00000000aa440000
[    0.079173] CPU37: using LPI pending table @0x000000302ee20000
[    0.079242] CPU37: Booted secondary processor [481fd010]
[    0.080439] Detected VIPT I-cache on CPU38
[    0.080450] GICv3: CPU38: found redistributor 1b0200 region 38:0x00000000aa480000
[    0.080467] CPU38: using LPI pending table @0x000000302ef20000
[    0.080534] CPU38: Booted secondary processor [481fd010]
[    0.081741] Detected VIPT I-cache on CPU39
[    0.081752] GICv3: CPU39: found redistributor 1b0300 region 39:0x00000000aa4c0000
[    0.081770] CPU39: using LPI pending table @0x000000302f040000
[    0.081837] CPU39: Booted secondary processor [481fd010]
[    0.083042] Detected VIPT I-cache on CPU40
[    0.083056] GICv3: CPU40: found redistributor 1c0000 region 40:0x00000000aa500000
[    0.083074] CPU40: using LPI pending table @0x000000302f140000
[    0.083150] CPU40: Booted secondary processor [481fd010]
[    0.084366] Detected VIPT I-cache on CPU41
[    0.084377] GICv3: CPU41: found redistributor 1c0100 region 41:0x00000000aa540000
[    0.084394] CPU41: using LPI pending table @0x000000302f250000
[    0.084461] CPU41: Booted secondary processor [481fd010]
[    0.085657] Detected VIPT I-cache on CPU42
[    0.085669] GICv3: CPU42: found redistributor 1c0200 region 42:0x00000000aa580000
[    0.085685] CPU42: using LPI pending table @0x000000302f350000
[    0.085752] CPU42: Booted secondary processor [481fd010]
[    0.086952] Detected VIPT I-cache on CPU43
[    0.086963] GICv3: CPU43: found redistributor 1c0300 region 43:0x00000000aa5c0000
[    0.086980] CPU43: using LPI pending table @0x000000302f450000
[    0.087047] CPU43: Booted secondary processor [481fd010]
[    0.088253] Detected VIPT I-cache on CPU44
[    0.088268] GICv3: CPU44: found redistributor 1d0000 region 44:0x00000000aa600000
[    0.088286] CPU44: using LPI pending table @0x000000302f560000
[    0.088362] CPU44: Booted secondary processor [481fd010]
[    0.089576] Detected VIPT I-cache on CPU45
[    0.089588] GICv3: CPU45: found redistributor 1d0100 region 45:0x00000000aa640000
[    0.089605] CPU45: using LPI pending table @0x000000302f660000
[    0.089673] CPU45: Booted secondary processor [481fd010]
[    0.090879] Detected VIPT I-cache on CPU46
[    0.090890] GICv3: CPU46: found redistributor 1d0200 region 46:0x00000000aa680000
[    0.090908] CPU46: using LPI pending table @0x000000302f760000
[    0.090975] CPU46: Booted secondary processor [481fd010]
[    0.092181] Detected VIPT I-cache on CPU47
[    0.092193] GICv3: CPU47: found redistributor 1d0300 region 47:0x00000000aa6c0000
[    0.092210] CPU47: using LPI pending table @0x000000302f8b0000
[    0.092277] CPU47: Booted secondary processor [481fd010]
[    0.093500] Detected VIPT I-cache on CPU48
[    0.093538] GICv3: CPU48: found redistributor 280000 region 48:0x00002000ae100000
[    0.093562] CPU48: using LPI pending table @0x000000302f9b0000
[    0.093719] CPU48: Booted secondary processor [481fd010]
[    0.095087] Detected VIPT I-cache on CPU49
[    0.095113] GICv3: CPU49: found redistributor 280100 region 49:0x00002000ae140000
[    0.095133] CPU49: using LPI pending table @0x000000302fad0000
[    0.095254] CPU49: Booted secondary processor [481fd010]
[    0.096481] Detected VIPT I-cache on CPU50
[    0.096507] GICv3: CPU50: found redistributor 280200 region 50:0x00002000ae180000
[    0.096527] CPU50: using LPI pending table @0x000000302fbd0000
[    0.096690] CPU50: Booted secondary processor [481fd010]
[    0.097921] Detected VIPT I-cache on CPU51
[    0.097947] GICv3: CPU51: found redistributor 280300 region 51:0x00002000ae1c0000
[    0.097967] CPU51: using LPI pending table @0x000000302fcd0000
[    0.098132] CPU51: Booted secondary processor [481fd010]
[    0.099360] Detected VIPT I-cache on CPU52
[    0.099388] GICv3: CPU52: found redistributor 290000 region 52:0x00002000ae200000
[    0.099408] CPU52: using LPI pending table @0x000000302fdd0000
[    0.099533] CPU52: Booted secondary processor [481fd010]
[    0.100771] Detected VIPT I-cache on CPU53
[    0.100798] GICv3: CPU53: found redistributor 290100 region 53:0x00002000ae240000
[    0.100818] CPU53: using LPI pending table @0x000000302fed0000
[    0.100981] CPU53: Booted secondary processor [481fd010]
[    0.102208] Detected VIPT I-cache on CPU54
[    0.102236] GICv3: CPU54: found redistributor 290200 region 54:0x00002000ae280000
[    0.102256] CPU54: using LPI pending table @0x000000302ffd0000
[    0.102420] CPU54: Booted secondary processor [481fd010]
[    0.103654] Detected VIPT I-cache on CPU55
[    0.103681] GICv3: CPU55: found redistributor 290300 region 55:0x00002000ae2c0000
[    0.103701] CPU55: using LPI pending table @0x00000028280d0000
[    0.103822] CPU55: Booted secondary processor [481fd010]
[    0.105059] Detected VIPT I-cache on CPU56
[    0.105088] GICv3: CPU56: found redistributor 2a0000 region 56:0x00002000ae300000
[    0.105108] CPU56: using LPI pending table @0x00000028281e0000
[    0.105277] CPU56: Booted secondary processor [481fd010]
[    0.106516] Detected VIPT I-cache on CPU57
[    0.106544] GICv3: CPU57: found redistributor 2a0100 region 57:0x00002000ae340000
[    0.106563] CPU57: using LPI pending table @0x0000002828330000
[    0.106728] CPU57: Booted secondary processor [481fd010]
[    0.107958] Detected VIPT I-cache on CPU58
[    0.107986] GICv3: CPU58: found redistributor 2a0200 region 58:0x00002000ae380000
[    0.108005] CPU58: using LPI pending table @0x0000002828430000
[    0.108171] CPU58: Booted secondary processor [481fd010]
[    0.109403] Detected VIPT I-cache on CPU59
[    0.109432] GICv3: CPU59: found redistributor 2a0300 region 59:0x00002000ae3c0000
[    0.109451] CPU59: using LPI pending table @0x0000002828530000
[    0.109616] CPU59: Booted secondary processor [481fd010]
[    0.110844] Detected VIPT I-cache on CPU60
[    0.110874] GICv3: CPU60: found redistributor 2b0000 region 60:0x00002000ae400000
[    0.110894] CPU60: using LPI pending table @0x0000002828650000
[    0.111064] CPU60: Booted secondary processor [481fd010]
[    0.112298] Detected VIPT I-cache on CPU61
[    0.112326] GICv3: CPU61: found redistributor 2b0100 region 61:0x00002000ae440000
[    0.112346] CPU61: using LPI pending table @0x0000002828750000
[    0.112510] CPU61: Booted secondary processor [481fd010]
[    0.113738] Detected VIPT I-cache on CPU62
[    0.113767] GICv3: CPU62: found redistributor 2b0200 region 62:0x00002000ae480000
[    0.113786] CPU62: using LPI pending table @0x0000002828850000
[    0.113953] CPU62: Booted secondary processor [481fd010]
[    0.115182] Detected VIPT I-cache on CPU63
[    0.115210] GICv3: CPU63: found redistributor 2b0300 region 63:0x00002000ae4c0000
[    0.115230] CPU63: using LPI pending table @0x0000002828950000
[    0.115396] CPU63: Booted secondary processor [481fd010]
[    0.116625] Detected VIPT I-cache on CPU64
[    0.116654] GICv3: CPU64: found redistributor 2c0000 region 64:0x00002000ae500000
[    0.116675] CPU64: using LPI pending table @0x0000002828a50000
[    0.116847] CPU64: Booted secondary processor [481fd010]
[    0.118080] Detected VIPT I-cache on CPU65
[    0.118107] GICv3: CPU65: found redistributor 2c0100 region 65:0x00002000ae540000
[    0.118127] CPU65: using LPI pending table @0x0000002828b50000
[    0.118247] CPU65: Booted secondary processor [481fd010]
[    0.119475] Detected VIPT I-cache on CPU66
[    0.119503] GICv3: CPU66: found redistributor 2c0200 region 66:0x00002000ae580000
[    0.119523] CPU66: using LPI pending table @0x0000002828c50000
[    0.119688] CPU66: Booted secondary processor [481fd010]
[    0.120921] Detected VIPT I-cache on CPU67
[    0.120949] GICv3: CPU67: found redistributor 2c0300 region 67:0x00002000ae5c0000
[    0.120969] CPU67: using LPI pending table @0x0000002828da0000
[    0.121133] CPU67: Booted secondary processor [481fd010]
[    0.122367] Detected VIPT I-cache on CPU68
[    0.122396] GICv3: CPU68: found redistributor 2d0000 region 68:0x00002000ae600000
[    0.122417] CPU68: using LPI pending table @0x0000002828eb0000
[    0.122587] CPU68: Booted secondary processor [481fd010]
[    0.123820] Detected VIPT I-cache on CPU69
[    0.123848] GICv3: CPU69: found redistributor 2d0100 region 69:0x00002000ae640000
[    0.123868] CPU69: using LPI pending table @0x0000002828fb0000
[    0.124035] CPU69: Booted secondary processor [481fd010]
[    0.125268] Detected VIPT I-cache on CPU70
[    0.125296] GICv3: CPU70: found redistributor 2d0200 region 70:0x00002000ae680000
[    0.125316] CPU70: using LPI pending table @0x00000028290d0000
[    0.125438] CPU70: Booted secondary processor [481fd010]
[    0.126669] Detected VIPT I-cache on CPU71
[    0.126698] GICv3: CPU71: found redistributor 2d0300 region 71:0x00002000ae6c0000
[    0.126718] CPU71: using LPI pending table @0x00000028291e0000
[    0.126883] CPU71: Booted secondary processor [481fd010]
[    0.128129] Detected VIPT I-cache on CPU72
[    0.128177] GICv3: CPU72: found redistributor 380000 region 72:0x00002000aa100000
[    0.128204] CPU72: using LPI pending table @0x00000028292e0000
[    0.128434] CPU72: Booted secondary processor [481fd010]
[    0.129816] Detected VIPT I-cache on CPU73
[    0.129850] GICv3: CPU73: found redistributor 380100 region 73:0x00002000aa140000
[    0.129871] CPU73: using LPI pending table @0x00000028293e0000
[    0.130005] CPU73: Booted secondary processor [481fd010]
[    0.131243] Detected VIPT I-cache on CPU74
[    0.131276] GICv3: CPU74: found redistributor 380200 region 74:0x00002000aa180000
[    0.131297] CPU74: using LPI pending table @0x00000028294e0000
[    0.131433] CPU74: Booted secondary processor [481fd010]
[    0.132672] Detected VIPT I-cache on CPU75
[    0.132706] GICv3: CPU75: found redistributor 380300 region 75:0x00002000aa1c0000
[    0.132726] CPU75: using LPI pending table @0x00000028295e0000
[    0.132911] CPU75: Booted secondary processor [481fd010]
[    0.134150] Detected VIPT I-cache on CPU76
[    0.134186] GICv3: CPU76: found redistributor 390000 region 76:0x00002000aa200000
[    0.134207] CPU76: using LPI pending table @0x00000028296e0000
[    0.134401] CPU76: Booted secondary processor [481fd010]
[    0.135649] Detected VIPT I-cache on CPU77
[    0.135683] GICv3: CPU77: found redistributor 390100 region 77:0x00002000aa240000
[    0.135703] CPU77: using LPI pending table @0x0000002829830000
[    0.135888] CPU77: Booted secondary processor [481fd010]
[    0.137123] Detected VIPT I-cache on CPU78
[    0.137158] GICv3: CPU78: found redistributor 390200 region 78:0x00002000aa280000
[    0.137178] CPU78: using LPI pending table @0x0000002829930000
[    0.137365] CPU78: Booted secondary processor [481fd010]
[    0.138603] Detected VIPT I-cache on CPU79
[    0.138638] GICv3: CPU79: found redistributor 390300 region 79:0x00002000aa2c0000
[    0.138658] CPU79: using LPI pending table @0x0000002829a30000
[    0.138843] CPU79: Booted secondary processor [481fd010]
[    0.140089] Detected VIPT I-cache on CPU80
[    0.140126] GICv3: CPU80: found redistributor 3a0000 region 80:0x00002000aa300000
[    0.140147] CPU80: using LPI pending table @0x0000002829b70000
[    0.140288] CPU80: Booted secondary processor [481fd010]
[    0.141534] Detected VIPT I-cache on CPU81
[    0.141569] GICv3: CPU81: found redistributor 3a0100 region 81:0x00002000aa340000
[    0.141590] CPU81: using LPI pending table @0x0000002829c70000
[    0.141776] CPU81: Booted secondary processor [481fd010]
[    0.143014] Detected VIPT I-cache on CPU82
[    0.143049] GICv3: CPU82: found redistributor 3a0200 region 82:0x00002000aa380000
[    0.143069] CPU82: using LPI pending table @0x0000002829d70000
[    0.143255] CPU82: Booted secondary processor [481fd010]
[    0.144498] Detected VIPT I-cache on CPU83
[    0.144533] GICv3: CPU83: found redistributor 3a0300 region 83:0x00002000aa3c0000
[    0.144554] CPU83: using LPI pending table @0x0000002829e70000
[    0.144740] CPU83: Booted secondary processor [481fd010]
[    0.145982] Detected VIPT I-cache on CPU84
[    0.146018] GICv3: CPU84: found redistributor 3b0000 region 84:0x00002000aa400000
[    0.146039] CPU84: using LPI pending table @0x0000002829f80000
[    0.146230] CPU84: Booted secondary processor [481fd010]
[    0.147471] Detected VIPT I-cache on CPU85
[    0.147507] GICv3: CPU85: found redistributor 3b0100 region 85:0x00002000aa440000
[    0.147528] CPU85: using LPI pending table @0x000000282a080000
[    0.147715] CPU85: Booted secondary processor [481fd010]
[    0.148956] Detected VIPT I-cache on CPU86
[    0.148992] GICv3: CPU86: found redistributor 3b0200 region 86:0x00002000aa480000
[    0.149013] CPU86: using LPI pending table @0x000000282a180000
[    0.149199] CPU86: Booted secondary processor [481fd010]
[    0.150444] Detected VIPT I-cache on CPU87
[    0.150480] GICv3: CPU87: found redistributor 3b0300 region 87:0x00002000aa4c0000
[    0.150500] CPU87: using LPI pending table @0x000000282a2d0000
[    0.150687] CPU87: Booted secondary processor [481fd010]
[    0.151926] Detected VIPT I-cache on CPU88
[    0.151962] GICv3: CPU88: found redistributor 3c0000 region 88:0x00002000aa500000
[    0.151983] CPU88: using LPI pending table @0x000000282a3d0000
[    0.152175] CPU88: Booted secondary processor [481fd010]
[    0.153423] Detected VIPT I-cache on CPU89
[    0.153458] GICv3: CPU89: found redistributor 3c0100 region 89:0x00002000aa540000
[    0.153478] CPU89: using LPI pending table @0x000000282a4d0000
[    0.153665] CPU89: Booted secondary processor [481fd010]
[    0.154905] Detected VIPT I-cache on CPU90
[    0.154940] GICv3: CPU90: found redistributor 3c0200 region 90:0x00002000aa580000
[    0.154960] CPU90: using LPI pending table @0x000000282a5d0000
[    0.155148] CPU90: Booted secondary processor [481fd010]
[    0.156392] Detected VIPT I-cache on CPU91
[    0.156427] GICv3: CPU91: found redistributor 3c0300 region 91:0x00002000aa5c0000
[    0.156447] CPU91: using LPI pending table @0x000000282a6f0000
[    0.156632] CPU91: Booted secondary processor [481fd010]
[    0.157875] Detected VIPT I-cache on CPU92
[    0.157912] GICv3: CPU92: found redistributor 3d0000 region 92:0x00002000aa600000
[    0.157933] CPU92: using LPI pending table @0x000000282a800000
[    0.158124] CPU92: Booted secondary processor [481fd010]
[    0.159372] Detected VIPT I-cache on CPU93
[    0.159407] GICv3: CPU93: found redistributor 3d0100 region 93:0x00002000aa640000
[    0.159427] CPU93: using LPI pending table @0x000000282a900000
[    0.159613] CPU93: Booted secondary processor [481fd010]
[    0.160855] Detected VIPT I-cache on CPU94
[    0.160891] GICv3: CPU94: found redistributor 3d0200 region 94:0x00002000aa680000
[    0.160912] CPU94: using LPI pending table @0x000000282aa00000
[    0.161100] CPU94: Booted secondary processor [481fd010]
[    0.162343] Detected VIPT I-cache on CPU95
[    0.162379] GICv3: CPU95: found redistributor 3d0300 region 95:0x00002000aa6c0000
[    0.162399] CPU95: using LPI pending table @0x000000282ab00000
[    0.162585] CPU95: Booted secondary processor [481fd010]
[    0.163839] Detected VIPT I-cache on CPU96
[    0.163900] GICv3: CPU96: found redistributor 480000 region 96:0x00004000ae100000
[    0.163926] CPU96: using LPI pending table @0x000000282ac00000
[    0.164093] CPU96: Booted secondary processor [481fd010]
[    0.165467] Detected VIPT I-cache on CPU97
[    0.165516] GICv3: CPU97: found redistributor 480100 region 97:0x00004000ae140000
[    0.165535] CPU97: using LPI pending table @0x000000282ad50000
[    0.165660] CPU97: Booted secondary processor [481fd010]
[    0.166891] Detected VIPT I-cache on CPU98
[    0.166939] GICv3: CPU98: found redistributor 480200 region 98:0x00004000ae180000
[    0.166959] CPU98: using LPI pending table @0x000000282ae50000
[    0.167084] CPU98: Booted secondary processor [481fd010]
[    0.168322] Detected VIPT I-cache on CPU99
[    0.168371] GICv3: CPU99: found redistributor 480300 region 99:0x00004000ae1c0000
[    0.168391] CPU99: using LPI pending table @0x000000282af50000
[    0.168562] CPU99: Booted secondary processor [481fd010]
[    0.169794] Detected VIPT I-cache on CPU100
[    0.169845] GICv3: CPU100: found redistributor 490000 region 100:0x00004000ae200000
[    0.169866] CPU100: using LPI pending table @0x000000282b050000
[    0.170043] CPU100: Booted secondary processor [481fd010]
[    0.171293] Detected VIPT I-cache on CPU101
[    0.171343] GICv3: CPU101: found redistributor 490100 region 101:0x00004000ae240000
[    0.171363] CPU101: using LPI pending table @0x000000282b170000
[    0.171534] CPU101: Booted secondary processor [481fd010]
[    0.172766] Detected VIPT I-cache on CPU102
[    0.172816] GICv3: CPU102: found redistributor 490200 region 102:0x00004000ae280000
[    0.172836] CPU102: using LPI pending table @0x000000282b270000
[    0.173008] CPU102: Booted secondary processor [481fd010]
[    0.174244] Detected VIPT I-cache on CPU103
[    0.174294] GICv3: CPU103: found redistributor 490300 region 103:0x00004000ae2c0000
[    0.174313] CPU103: using LPI pending table @0x000000282b370000
[    0.174438] CPU103: Booted secondary processor [481fd010]
[    0.175675] Detected VIPT I-cache on CPU104
[    0.175727] GICv3: CPU104: found redistributor 4a0000 region 104:0x00004000ae300000
[    0.175748] CPU104: using LPI pending table @0x000000282b480000
[    0.175927] CPU104: Booted secondary processor [481fd010]
[    0.177177] Detected VIPT I-cache on CPU105
[    0.177227] GICv3: CPU105: found redistributor 4a0100 region 105:0x00004000ae340000
[    0.177247] CPU105: using LPI pending table @0x000000282b590000
[    0.177419] CPU105: Booted secondary processor [481fd010]
[    0.178657] Detected VIPT I-cache on CPU106
[    0.178707] GICv3: CPU106: found redistributor 4a0200 region 106:0x00004000ae380000
[    0.178728] CPU106: using LPI pending table @0x000000282b690000
[    0.178900] CPU106: Booted secondary processor [481fd010]
[    0.180141] Detected VIPT I-cache on CPU107
[    0.180191] GICv3: CPU107: found redistributor 4a0300 region 107:0x00004000ae3c0000
[    0.180211] CPU107: using LPI pending table @0x000000282b7e0000
[    0.180384] CPU107: Booted secondary processor [481fd010]
[    0.181618] Detected VIPT I-cache on CPU108
[    0.181669] GICv3: CPU108: found redistributor 4b0000 region 108:0x00004000ae400000
[    0.181690] CPU108: using LPI pending table @0x000000282b8e0000
[    0.181866] CPU108: Booted secondary processor [481fd010]
[    0.183109] Detected VIPT I-cache on CPU109
[    0.183159] GICv3: CPU109: found redistributor 4b0100 region 109:0x00004000ae440000
[    0.183179] CPU109: using LPI pending table @0x000000282b9e0000
[    0.183351] CPU109: Booted secondary processor [481fd010]
[    0.184588] Detected VIPT I-cache on CPU110
[    0.184639] GICv3: CPU110: found redistributor 4b0200 region 110:0x00004000ae480000
[    0.184659] CPU110: using LPI pending table @0x000000282bae0000
[    0.184832] CPU110: Booted secondary processor [481fd010]
[    0.186069] Detected VIPT I-cache on CPU111
[    0.186120] GICv3: CPU111: found redistributor 4b0300 region 111:0x00004000ae4c0000
[    0.186140] CPU111: using LPI pending table @0x000000282bc00000
[    0.186264] CPU111: Booted secondary processor [481fd010]
[    0.187504] Detected VIPT I-cache on CPU112
[    0.187555] GICv3: CPU112: found redistributor 4c0000 region 112:0x00004000ae500000
[    0.187575] CPU112: using LPI pending table @0x000000282bd00000
[    0.187753] CPU112: Booted secondary processor [481fd010]
[    0.188999] Detected VIPT I-cache on CPU113
[    0.189049] GICv3: CPU113: found redistributor 4c0100 region 113:0x00004000ae540000
[    0.189069] CPU113: using LPI pending table @0x000000282be00000
[    0.189240] CPU113: Booted secondary processor [481fd010]
[    0.190479] Detected VIPT I-cache on CPU114
[    0.190529] GICv3: CPU114: found redistributor 4c0200 region 114:0x00004000ae580000
[    0.190549] CPU114: using LPI pending table @0x000000282bf10000
[    0.190674] CPU114: Booted secondary processor [481fd010]
[    0.191914] Detected VIPT I-cache on CPU115
[    0.191964] GICv3: CPU115: found redistributor 4c0300 region 115:0x00004000ae5c0000
[    0.191984] CPU115: using LPI pending table @0x000000282c010000
[    0.192156] CPU115: Booted secondary processor [481fd010]
[    0.193399] Detected VIPT I-cache on CPU116
[    0.193451] GICv3: CPU116: found redistributor 4d0000 region 116:0x00004000ae600000
[    0.193472] CPU116: using LPI pending table @0x000000282c120000
[    0.193648] CPU116: Booted secondary processor [481fd010]
[    0.194890] Detected VIPT I-cache on CPU117
[    0.194940] GICv3: CPU117: found redistributor 4d0100 region 117:0x00004000ae640000
[    0.194960] CPU117: using LPI pending table @0x000000282c270000
[    0.195132] CPU117: Booted secondary processor [481fd010]
[    0.196371] Detected VIPT I-cache on CPU118
[    0.196421] GICv3: CPU118: found redistributor 4d0200 region 118:0x00004000ae680000
[    0.196441] CPU118: using LPI pending table @0x000000282c370000
[    0.196614] CPU118: Booted secondary processor [481fd010]
[    0.197850] Detected VIPT I-cache on CPU119
[    0.197901] GICv3: CPU119: found redistributor 4d0300 region 119:0x00004000ae6c0000
[    0.197921] CPU119: using LPI pending table @0x000000282c470000
[    0.198093] CPU119: Booted secondary processor [481fd010]
[    0.199349] Detected VIPT I-cache on CPU120
[    0.199419] GICv3: CPU120: found redistributor 580000 region 120:0x00004000aa100000
[    0.199446] CPU120: using LPI pending table @0x000000282c570000
[    0.199689] CPU120: Booted secondary processor [481fd010]
[    0.201081] Detected VIPT I-cache on CPU121
[    0.201139] GICv3: CPU121: found redistributor 580100 region 121:0x00004000aa140000
[    0.201160] CPU121: using LPI pending table @0x000000282c670000
[    0.201354] CPU121: Booted secondary processor [481fd010]
[    0.202602] Detected VIPT I-cache on CPU122
[    0.202661] GICv3: CPU122: found redistributor 580200 region 122:0x00004000aa180000
[    0.202682] CPU122: using LPI pending table @0x000000282c790000
[    0.202823] CPU122: Booted secondary processor [481fd010]
[    0.204069] Detected VIPT I-cache on CPU123
[    0.204128] GICv3: CPU123: found redistributor 580300 region 123:0x00004000aa1c0000
[    0.204148] CPU123: using LPI pending table @0x000000282c890000
[    0.204342] CPU123: Booted secondary processor [481fd010]
[    0.205587] Detected VIPT I-cache on CPU124
[    0.205648] GICv3: CPU124: found redistributor 590000 region 124:0x00004000aa200000
[    0.205669] CPU124: using LPI pending table @0x000000282c990000
[    0.205867] CPU124: Booted secondary processor [481fd010]
[    0.207121] Detected VIPT I-cache on CPU125
[    0.207180] GICv3: CPU125: found redistributor 590100 region 125:0x00004000aa240000
[    0.207201] CPU125: using LPI pending table @0x000000282ca90000
[    0.207340] CPU125: Booted secondary processor [481fd010]
[    0.208583] Detected VIPT I-cache on CPU126
[    0.208643] GICv3: CPU126: found redistributor 590200 region 126:0x00004000aa280000
[    0.208664] CPU126: using LPI pending table @0x000000282cb90000
[    0.208857] CPU126: Booted secondary processor [481fd010]
[    0.210107] Detected VIPT I-cache on CPU127
[    0.210167] GICv3: CPU127: found redistributor 590300 region 127:0x00004000aa2c0000
[    0.210188] CPU127: using LPI pending table @0x000000282cce0000
[    0.210382] CPU127: Booted secondary processor [481fd010]
[    0.211636] Detected VIPT I-cache on CPU128
[    0.211698] GICv3: CPU128: found redistributor 5a0000 region 128:0x00004000aa300000
[    0.211719] CPU128: using LPI pending table @0x000000282cdf0000
[    0.211918] CPU128: Booted secondary processor [481fd010]
[    0.213177] Detected VIPT I-cache on CPU129
[    0.213237] GICv3: CPU129: found redistributor 5a0100 region 129:0x00004000aa340000
[    0.213257] CPU129: using LPI pending table @0x000000282cef0000
[    0.213450] CPU129: Booted secondary processor [481fd010]
[    0.214699] Detected VIPT I-cache on CPU130
[    0.214759] GICv3: CPU130: found redistributor 5a0200 region 130:0x00004000aa380000
[    0.214780] CPU130: using LPI pending table @0x000000282cff0000
[    0.214972] CPU130: Booted secondary processor [481fd010]
[    0.216222] Detected VIPT I-cache on CPU131
[    0.216283] GICv3: CPU131: found redistributor 5a0300 region 131:0x00004000aa3c0000
[    0.216303] CPU131: using LPI pending table @0x000000282d0f0000
[    0.216495] CPU131: Booted secondary processor [481fd010]
[    0.217751] Detected VIPT I-cache on CPU132
[    0.217813] GICv3: CPU132: found redistributor 5b0000 region 132:0x00004000aa400000
[    0.217834] CPU132: using LPI pending table @0x000000282d210000
[    0.218032] CPU132: Booted secondary processor [481fd010]
[    0.219288] Detected VIPT I-cache on CPU133
[    0.219349] GICv3: CPU133: found redistributor 5b0100 region 133:0x00004000aa440000
[    0.219370] CPU133: using LPI pending table @0x000000282d310000
[    0.219562] CPU133: Booted secondary processor [481fd010]
[    0.220811] Detected VIPT I-cache on CPU134
[    0.220873] GICv3: CPU134: found redistributor 5b0200 region 134:0x00004000aa480000
[    0.220894] CPU134: using LPI pending table @0x000000282d410000
[    0.221033] CPU134: Booted secondary processor [481fd010]
[    0.222287] Detected VIPT I-cache on CPU135
[    0.222349] GICv3: CPU135: found redistributor 5b0300 region 135:0x00004000aa4c0000
[    0.222369] CPU135: using LPI pending table @0x000000282d510000
[    0.222564] CPU135: Booted secondary processor [481fd010]
[    0.223817] Detected VIPT I-cache on CPU136
[    0.223878] GICv3: CPU136: found redistributor 5c0000 region 136:0x00004000aa500000
[    0.223899] CPU136: using LPI pending table @0x000000282d610000
[    0.224097] CPU136: Booted secondary processor [481fd010]
[    0.225362] Detected VIPT I-cache on CPU137
[    0.225422] GICv3: CPU137: found redistributor 5c0100 region 137:0x00004000aa540000
[    0.225443] CPU137: using LPI pending table @0x000000282d770000
[    0.225638] CPU137: Booted secondary processor [481fd010]
[    0.226890] Detected VIPT I-cache on CPU138
[    0.226950] GICv3: CPU138: found redistributor 5c0200 region 138:0x00004000aa580000
[    0.226970] CPU138: using LPI pending table @0x000000282d870000
[    0.227164] CPU138: Booted secondary processor [481fd010]
[    0.228416] Detected VIPT I-cache on CPU139
[    0.228476] GICv3: CPU139: found redistributor 5c0300 region 139:0x00004000aa5c0000
[    0.228497] CPU139: using LPI pending table @0x000000282d970000
[    0.228638] CPU139: Booted secondary processor [481fd010]
[    0.229895] Detected VIPT I-cache on CPU140
[    0.229957] GICv3: CPU140: found redistributor 5d0000 region 140:0x00004000aa600000
[    0.229978] CPU140: using LPI pending table @0x000000282da80000
[    0.230175] CPU140: Booted secondary processor [481fd010]
[    0.231437] Detected VIPT I-cache on CPU141
[    0.231497] GICv3: CPU141: found redistributor 5d0100 region 141:0x00004000aa640000
[    0.231518] CPU141: using LPI pending table @0x000000282db80000
[    0.231712] CPU141: Booted secondary processor [481fd010]
[    0.232971] Detected VIPT I-cache on CPU142
[    0.233032] GICv3: CPU142: found redistributor 5d0200 region 142:0x00004000aa680000
[    0.233053] CPU142: using LPI pending table @0x000000282dca0000
[    0.233248] CPU142: Booted secondary processor [481fd010]
[    0.234505] Detected VIPT I-cache on CPU143
[    0.234565] GICv3: CPU143: found redistributor 5d0300 region 143:0x00004000aa6c0000
[    0.234586] CPU143: using LPI pending table @0x000000282dda0000
[    0.234780] CPU143: Booted secondary processor [481fd010]
[    0.236045] Detected VIPT I-cache on CPU144
[    0.236126] GICv3: CPU144: found redistributor 680000 region 144:0x00006000ae100000
[    0.236152] CPU144: using LPI pending table @0x000000282dea0000
[    0.236359] CPU144: Booted secondary processor [481fd010]
[    0.237694] Detected VIPT I-cache on CPU145
[    0.237763] GICv3: CPU145: found redistributor 680100 region 145:0x00006000ae140000
[    0.237782] CPU145: using LPI pending table @0x000000282dfa0000
[    0.237954] CPU145: Booted secondary processor [481fd010]
[    0.239193] Detected VIPT I-cache on CPU146
[    0.239262] GICv3: CPU146: found redistributor 680200 region 146:0x00006000ae180000
[    0.239281] CPU146: using LPI pending table @0x000000282e0a0000
[    0.239451] CPU146: Booted secondary processor [481fd010]
[    0.240695] Detected VIPT I-cache on CPU147
[    0.240764] GICv3: CPU147: found redistributor 680300 region 147:0x00006000ae1c0000
[    0.240783] CPU147: using LPI pending table @0x000000282e1f0000
[    0.240955] CPU147: Booted secondary processor [481fd010]
[    0.242197] Detected VIPT I-cache on CPU148
[    0.242269] GICv3: CPU148: found redistributor 690000 region 148:0x00006000ae200000
[    0.242288] CPU148: using LPI pending table @0x000000282e2f0000
[    0.242465] CPU148: Booted secondary processor [481fd010]
[    0.243714] Detected VIPT I-cache on CPU149
[    0.243784] GICv3: CPU149: found redistributor 690100 region 149:0x00006000ae240000
[    0.243802] CPU149: using LPI pending table @0x000000282e3f0000
[    0.243974] CPU149: Booted secondary processor [481fd010]
[    0.245213] Detected VIPT I-cache on CPU150
[    0.245283] GICv3: CPU150: found redistributor 690200 region 150:0x00006000ae280000
[    0.245301] CPU150: using LPI pending table @0x000000282e4f0000
[    0.245429] CPU150: Booted secondary processor [481fd010]
[    0.246675] Detected VIPT I-cache on CPU151
[    0.246745] GICv3: CPU151: found redistributor 690300 region 151:0x00006000ae2c0000
[    0.246764] CPU151: using LPI pending table @0x000000282e600000
[    0.246935] CPU151: Booted secondary processor [481fd010]
[    0.248176] Detected VIPT I-cache on CPU152
[    0.248247] GICv3: CPU152: found redistributor 6a0000 region 152:0x00006000ae300000
[    0.248268] CPU152: using LPI pending table @0x000000282e700000
[    0.248445] CPU152: Booted secondary processor [481fd010]
[    0.249693] Detected VIPT I-cache on CPU153
[    0.249763] GICv3: CPU153: found redistributor 6a0100 region 153:0x00006000ae340000
[    0.249782] CPU153: using LPI pending table @0x000000282e820000
[    0.249955] CPU153: Booted secondary processor [481fd010]
[    0.251194] Detected VIPT I-cache on CPU154
[    0.251264] GICv3: CPU154: found redistributor 6a0200 region 154:0x00006000ae380000
[    0.251283] CPU154: using LPI pending table @0x000000282e920000
[    0.251456] CPU154: Booted secondary processor [481fd010]
[    0.252698] Detected VIPT I-cache on CPU155
[    0.252768] GICv3: CPU155: found redistributor 6a0300 region 155:0x00006000ae3c0000
[    0.252788] CPU155: using LPI pending table @0x000000282ea20000
[    0.252915] CPU155: Booted secondary processor [481fd010]
[    0.254156] Detected VIPT I-cache on CPU156
[    0.254228] GICv3: CPU156: found redistributor 6b0000 region 156:0x00006000ae400000
[    0.254248] CPU156: using LPI pending table @0x000000282eb20000
[    0.254425] CPU156: Booted secondary processor [481fd010]
[    0.255675] Detected VIPT I-cache on CPU157
[    0.255747] GICv3: CPU157: found redistributor 6b0100 region 157:0x00006000ae440000
[    0.255766] CPU157: using LPI pending table @0x000000282ec80000
[    0.255939] CPU157: Booted secondary processor [481fd010]
[    0.257179] Detected VIPT I-cache on CPU158
[    0.257250] GICv3: CPU158: found redistributor 6b0200 region 158:0x00006000ae480000
[    0.257269] CPU158: using LPI pending table @0x000000282ed80000
[    0.257440] CPU158: Booted secondary processor [481fd010]
[    0.258682] Detected VIPT I-cache on CPU159
[    0.258754] GICv3: CPU159: found redistributor 6b0300 region 159:0x00006000ae4c0000
[    0.258773] CPU159: using LPI pending table @0x000000282ee80000
[    0.258946] CPU159: Booted secondary processor [481fd010]
[    0.260188] Detected VIPT I-cache on CPU160
[    0.260259] GICv3: CPU160: found redistributor 6c0000 region 160:0x00006000ae500000
[    0.260280] CPU160: using LPI pending table @0x000000282ef80000
[    0.260457] CPU160: Booted secondary processor [481fd010]
[    0.261708] Detected VIPT I-cache on CPU161
[    0.261778] GICv3: CPU161: found redistributor 6c0100 region 161:0x00006000ae540000
[    0.261798] CPU161: using LPI pending table @0x000000282f080000
[    0.261970] CPU161: Booted secondary processor [481fd010]
[    0.263213] Detected VIPT I-cache on CPU162
[    0.263283] GICv3: CPU162: found redistributor 6c0200 region 162:0x00006000ae580000
[    0.263302] CPU162: using LPI pending table @0x000000282f180000
[    0.263474] CPU162: Booted secondary processor [481fd010]
[    0.264724] Detected VIPT I-cache on CPU163
[    0.264795] GICv3: CPU163: found redistributor 6c0300 region 163:0x00006000ae5c0000
[    0.264813] CPU163: using LPI pending table @0x000000282f2b0000
[    0.264985] CPU163: Booted secondary processor [481fd010]
[    0.266232] Detected VIPT I-cache on CPU164
[    0.266304] GICv3: CPU164: found redistributor 6d0000 region 164:0x00006000ae600000
[    0.266323] CPU164: using LPI pending table @0x000000282f3b0000
[    0.266501] CPU164: Booted secondary processor [481fd010]
[    0.267749] Detected VIPT I-cache on CPU165
[    0.267819] GICv3: CPU165: found redistributor 6d0100 region 165:0x00006000ae640000
[    0.267838] CPU165: using LPI pending table @0x000000282f4b0000
[    0.268011] CPU165: Booted secondary processor [481fd010]
[    0.269255] Detected VIPT I-cache on CPU166
[    0.269325] GICv3: CPU166: found redistributor 6d0200 region 166:0x00006000ae680000
[    0.269344] CPU166: using LPI pending table @0x000000282f5b0000
[    0.269518] CPU166: Booted secondary processor [481fd010]
[    0.270766] Detected VIPT I-cache on CPU167
[    0.270836] GICv3: CPU167: found redistributor 6d0300 region 167:0x00006000ae6c0000
[    0.270855] CPU167: using LPI pending table @0x000000282f700000
[    0.270982] CPU167: Booted secondary processor [481fd010]
[    0.272242] Detected VIPT I-cache on CPU168
[    0.272338] GICv3: CPU168: found redistributor 780000 region 168:0x00006000aa100000
[    0.272364] CPU168: using LPI pending table @0x000000282f800000
[    0.272543] CPU168: Booted secondary processor [481fd010]
[    0.273839] Detected VIPT I-cache on CPU169
[    0.273921] GICv3: CPU169: found redistributor 780100 region 169:0x00006000aa140000
[    0.273941] CPU169: using LPI pending table @0x000000282f920000
[    0.274082] CPU169: Booted secondary processor [481fd010]
[    0.275316] Detected VIPT I-cache on CPU170
[    0.275397] GICv3: CPU170: found redistributor 780200 region 170:0x00006000aa180000
[    0.275417] CPU170: using LPI pending table @0x000000282fa20000
[    0.275557] CPU170: Booted secondary processor [481fd010]
[    0.276789] Detected VIPT I-cache on CPU171
[    0.276871] GICv3: CPU171: found redistributor 780300 region 171:0x00006000aa1c0000
[    0.276890] CPU171: using LPI pending table @0x000000282fb20000
[    0.277084] CPU171: Booted secondary processor [481fd010]
[    0.278315] Detected VIPT I-cache on CPU172
[    0.278399] GICv3: CPU172: found redistributor 790000 region 172:0x00006000aa200000
[    0.278419] CPU172: using LPI pending table @0x000000282fc20000
[    0.278621] CPU172: Booted secondary processor [481fd010]
[    0.279861] Detected VIPT I-cache on CPU173
[    0.279944] GICv3: CPU173: found redistributor 790100 region 173:0x00006000aa240000
[    0.279963] CPU173: using LPI pending table @0x000000282fd40000
[    0.280156] CPU173: Booted secondary processor [481fd010]
[    0.281383] Detected VIPT I-cache on CPU174
[    0.281465] GICv3: CPU174: found redistributor 790200 region 174:0x00006000aa280000
[    0.281485] CPU174: using LPI pending table @0x000000282fe40000
[    0.281625] CPU174: Booted secondary processor [481fd010]
[    0.282861] Detected VIPT I-cache on CPU175
[    0.282944] GICv3: CPU175: found redistributor 790300 region 175:0x00006000aa2c0000
[    0.282963] CPU175: using LPI pending table @0x000000282ff50000
[    0.283156] CPU175: Booted secondary processor [481fd010]
[    0.284387] Detected VIPT I-cache on CPU176
[    0.284472] GICv3: CPU176: found redistributor 7a0000 region 176:0x00006000aa300000
[    0.284492] CPU176: using LPI pending table @0x0000002028050000
[    0.284638] CPU176: Booted secondary processor [481fd010]
[    0.285873] Detected VIPT I-cache on CPU177
[    0.285956] GICv3: CPU177: found redistributor 7a0100 region 177:0x00006000aa340000
[    0.285976] CPU177: using LPI pending table @0x00000020281a0000
[    0.286169] CPU177: Booted secondary processor [481fd010]
[    0.287397] Detected VIPT I-cache on CPU178
[    0.287481] GICv3: CPU178: found redistributor 7a0200 region 178:0x00006000aa380000
[    0.287500] CPU178: using LPI pending table @0x00000020282a0000
[    0.287694] CPU178: Booted secondary processor [481fd010]
[    0.288925] Detected VIPT I-cache on CPU179
[    0.289008] GICv3: CPU179: found redistributor 7a0300 region 179:0x00006000aa3c0000
[    0.289027] CPU179: using LPI pending table @0x00000020283a0000
[    0.289168] CPU179: Booted secondary processor [481fd010]
[    0.290395] Detected VIPT I-cache on CPU180
[    0.290480] GICv3: CPU180: found redistributor 7b0000 region 180:0x00006000aa400000
[    0.290500] CPU180: using LPI pending table @0x00000020284a0000
[    0.290697] CPU180: Booted secondary processor [481fd010]
[    0.291930] Detected VIPT I-cache on CPU181
[    0.292014] GICv3: CPU181: found redistributor 7b0100 region 181:0x00006000aa440000
[    0.292033] CPU181: using LPI pending table @0x00000020285a0000
[    0.292227] CPU181: Booted secondary processor [481fd010]
[    0.293450] Detected VIPT I-cache on CPU182
[    0.293535] GICv3: CPU182: found redistributor 7b0200 region 182:0x00006000aa480000
[    0.293554] CPU182: using LPI pending table @0x00000020286a0000
[    0.293746] CPU182: Booted secondary processor [481fd010]
[    0.294977] Detected VIPT I-cache on CPU183
[    0.295061] GICv3: CPU183: found redistributor 7b0300 region 183:0x00006000aa4c0000
[    0.295080] CPU183: using LPI pending table @0x00000020287a0000
[    0.295220] CPU183: Booted secondary processor [481fd010]
[    0.296453] Detected VIPT I-cache on CPU184
[    0.296536] GICv3: CPU184: found redistributor 7c0000 region 184:0x00006000aa500000
[    0.296557] CPU184: using LPI pending table @0x00000020288c0000
[    0.296754] CPU184: Booted secondary processor [481fd010]
[    0.297990] Detected VIPT I-cache on CPU185
[    0.298071] GICv3: CPU185: found redistributor 7c0100 region 185:0x00006000aa540000
[    0.298091] CPU185: using LPI pending table @0x00000020289c0000
[    0.298284] CPU185: Booted secondary processor [481fd010]
[    0.299513] Detected VIPT I-cache on CPU186
[    0.299594] GICv3: CPU186: found redistributor 7c0200 region 186:0x00006000aa580000
[    0.299614] CPU186: using LPI pending table @0x0000002028ac0000
[    0.299754] CPU186: Booted secondary processor [481fd010]
[    0.300993] Detected VIPT I-cache on CPU187
[    0.301075] GICv3: CPU187: found redistributor 7c0300 region 187:0x00006000aa5c0000
[    0.301094] CPU187: using LPI pending table @0x0000002028c20000
[    0.301286] CPU187: Booted secondary processor [481fd010]
[    0.302515] Detected VIPT I-cache on CPU188
[    0.302600] GICv3: CPU188: found redistributor 7d0000 region 188:0x00006000aa600000
[    0.302620] CPU188: using LPI pending table @0x0000002028d20000
[    0.302815] CPU188: Booted secondary processor [481fd010]
[    0.304052] Detected VIPT I-cache on CPU189
[    0.304135] GICv3: CPU189: found redistributor 7d0100 region 189:0x00006000aa640000
[    0.304154] CPU189: using LPI pending table @0x0000002028e20000
[    0.304346] CPU189: Booted secondary processor [481fd010]
[    0.305577] Detected VIPT I-cache on CPU190
[    0.305660] GICv3: CPU190: found redistributor 7d0200 region 190:0x00006000aa680000
[    0.305679] CPU190: using LPI pending table @0x0000002028f20000
[    0.305872] CPU190: Booted secondary processor [481fd010]
[    0.307102] Detected VIPT I-cache on CPU191
[    0.307184] GICv3: CPU191: found redistributor 7d0300 region 191:0x00006000aa6c0000
[    0.307204] CPU191: using LPI pending table @0x0000002029020000
[    0.307397] CPU191: Booted secondary processor [481fd010]
[    0.307498] smp: Brought up 1 node, 192 CPUs
[    0.308547] SMP: Total of 192 processors activated.
[    0.308550] CPU features: detected feature: GIC system register CPU interface
[    0.308553] CPU features: detected feature: Privileged Access Never
[    0.308555] CPU features: detected feature: LSE atomic instructions
[    0.308557] CPU features: detected feature: User Access Override
[    0.308559] CPU features: detected feature: Virtualization Host Extensions
[    0.308562] CPU features: detected feature: Kernel page table isolation (KPTI)
[    0.308565] CPU features: detected feature: RAS Extension Support
[    0.364835] CPU: All CPU(s) started at EL2
[    0.366173] alternatives: patching kernel code
[    0.390426] devtmpfs: initialized
[    0.391732] clocksource: jiffies: mask: 0xffffffff max_cycles: 0xffffffff, max_idle_ns: 19112604462750000 ns
[    0.391895] futex hash table entries: 65536 (order: 7, 8388608 bytes)
[    0.393781] pinctrl core: initialized pinctrl subsystem
[    0.393919] SMBIOS 3.3.0 present.
[    0.393924] DMI: HUAKUN HuaKun AT3500 G3/IT21SK4E, BIOS 12.01.08 03/22/2024
[    0.394151] NET: Registered protocol family 16
[    0.396761] cpuidle: using governor menu
[    0.396821] Detected 1 PCC Subspaces
[    0.396904] Registering PCC driver as Mailbox controller
[    0.396995] vdso: 2 pages (1 code @ ffff0000088b0000, 1 data @ ffff000008da0000)
[    0.397000] hw-breakpoint: found 6 breakpoint and 4 watchpoint registers.
[    0.399270] DMA: preallocated 256 KiB pool for atomic allocations
[    0.399337] ACPI: bus type PCI registered
[    0.399340] acpiphp: ACPI Hot Plug PCI Controller Driver version: 0.5
[    0.399409] Serial: AMBA PL011 UART driver
[    0.404353] HugeTLB registered 2.00 MiB page size, pre-allocated 0 pages
[    0.404357] HugeTLB registered 512 MiB page size, pre-allocated 0 pages
[    0.407477] dmistr: HuaKun AT3500 G3
[    0.408553] ACPI: Added _OSI(Module Device)
[    0.408556] ACPI: Added _OSI(Processor Device)
[    0.408558] ACPI: Added _OSI(3.0 _SCP Extensions)
[    0.408560] ACPI: Added _OSI(Processor Aggregator Device)
[    0.408689] ACPI: Executed 3 blocks of module-level executable AML code
[    0.428239] ACPI: Interpreter enabled
[    0.428243] ACPI: Using GIC for interrupt routing
[    0.428255] ACPI: MCFG table detected, 1 entries
[    0.428423] HEST: Table parsing has been initialized.
[    0.466965] ARMH0011:00: ttyAMA0 at MMIO 0x94080000 (irq = 5, base_baud = 0) is a SBSA
[    7.106158] console [ttyAMA0] enabled
[    7.132486] ACPI: PCI Root Bridge [PCI0] (domain 0000 [bus 00-2f])
[    7.138660] acpi PNP0A08:00: _OSC: OS supports [ExtendedConfig ASPM ClockPM Segments MSI]
[    7.146970] acpi PNP0A08:00: _OSC: OS now controls [PCIeHotplug PME AER PCIeCapability]
[    7.164309] acpi PNP0A08:00: ECAM area [mem 0xd0000000-0xd2ffffff] reserved by PNP0C02:00
[    7.172504] acpi PNP0A08:00: ECAM at [mem 0xd0000000-0xd2ffffff] for [bus 00-2f]
[    7.179905] Remapped I/O 0x00000000f3ff0000 to [io  0x0000-0xffff window]
[    7.186741] PCI host bridge to bus 0000:00
[    7.190825] pci_bus 0000:00: root bus resource [mem 0x80000000000-0x83fffffffff pref window]
[    7.199251] pci_bus 0000:00: root bus resource [mem 0xe0000000-0xf3feffff window]
[    7.206719] pci_bus 0000:00: root bus resource [io  0x0000-0xffff window]
[    7.213495] pci_bus 0000:00: root bus resource [bus 00-2f]
[    7.218972] pci 0000:00:00.0: [19e5:a120] type 01 class 0x060400
[    7.219051] pci 0000:00:00.0: PME# supported from D0 D1 D2 D3hot D3cold
[    7.219108] pci 0000:00:08.0: [19e5:a120] type 01 class 0x060400
[    7.219169] pci 0000:00:08.0: PME# supported from D0 D1 D2 D3hot D3cold
[    7.219217] pci 0000:00:10.0: [19e5:a120] type 01 class 0x060400
[    7.219278] pci 0000:00:10.0: PME# supported from D0 D1 D2 D3hot D3cold
[    7.219323] pci 0000:00:11.0: [19e5:a120] type 01 class 0x060400
[    7.219383] pci 0000:00:11.0: PME# supported from D0 D1 D2 D3hot D3cold
[    7.219428] pci 0000:00:12.0: [19e5:a120] type 01 class 0x060400
[    7.219488] pci 0000:00:12.0: PME# supported from D0 D1 D2 D3hot D3cold
[    7.219559] pci 0000:01:00.0: [19e5:d802] type 00 class 0x120000
[    7.219576] pci 0000:01:00.0: reg 0x10: [mem 0x83c20000000-0x83c3fffffff 64bit pref]
[    7.219582] pci 0000:01:00.0: reg 0x18: [mem 0x83c00000000-0x83c1fffffff 64bit pref]
[    7.219588] pci 0000:01:00.0: reg 0x20: [mem 0x82000000000-0x82fffffffff 64bit pref]
[    7.219595] pci 0000:01:00.0: enabling Extended Tags
[    7.224627] pci 0000:01:00.0: reg 0x224: [mem 0x83c70000000-0x83c71ffffff 64bit pref]
[    7.224629] pci 0000:01:00.0: VF(n) BAR0 space: [mem 0x83c70000000-0x83c87ffffff 64bit pref] (contains BAR0 for 12 VFs)
[    7.235403] pci 0000:01:00.0: reg 0x22c: [mem 0x83c40000000-0x83c43ffffff 64bit pref]
[    7.235404] pci 0000:01:00.0: VF(n) BAR2 space: [mem 0x83c40000000-0x83c6fffffff 64bit pref] (contains BAR2 for 12 VFs)
[    7.246177] pci 0000:01:00.0: reg 0x234: [mem 0x83000000000-0x830ffffffff 64bit pref]
[    7.246179] pci 0000:01:00.0: VF(n) BAR4 space: [mem 0x83000000000-0x83bffffffff 64bit pref] (contains BAR4 for 12 VFs)
[    7.257042] pci 0000:02:00.0: [19e5:d802] type 00 class 0x120000
[    7.257059] pci 0000:02:00.0: reg 0x10: [mem 0x81c20000000-0x81c3fffffff 64bit pref]
[    7.257065] pci 0000:02:00.0: reg 0x18: [mem 0x81c00000000-0x81c1fffffff 64bit pref]
[    7.257071] pci 0000:02:00.0: reg 0x20: [mem 0x80000000000-0x80fffffffff 64bit pref]
[    7.257077] pci 0000:02:00.0: enabling Extended Tags
[    7.262107] pci 0000:02:00.0: reg 0x224: [mem 0x81c70000000-0x81c71ffffff 64bit pref]
[    7.262109] pci 0000:02:00.0: VF(n) BAR0 space: [mem 0x81c70000000-0x81c87ffffff 64bit pref] (contains BAR0 for 12 VFs)
[    7.272883] pci 0000:02:00.0: reg 0x22c: [mem 0x81c40000000-0x81c43ffffff 64bit pref]
[    7.272885] pci 0000:02:00.0: VF(n) BAR2 space: [mem 0x81c40000000-0x81c6fffffff 64bit pref] (contains BAR2 for 12 VFs)
[    7.283658] pci 0000:02:00.0: reg 0x234: [mem 0x81000000000-0x810ffffffff 64bit pref]
[    7.283660] pci 0000:02:00.0: VF(n) BAR4 space: [mem 0x81000000000-0x81bffffffff 64bit pref] (contains BAR4 for 12 VFs)
[    7.294530] pci 0000:03:00.0: [19e5:1711] type 00 class 0x030000
[    7.294548] pci 0000:03:00.0: reg 0x10: [mem 0xe4000000-0xe5ffffff pref]
[    7.294556] pci 0000:03:00.0: reg 0x14: [mem 0xe7200000-0xe73fffff]
[    7.294637] pci 0000:03:00.0: BAR 0: assigned to efifb
[    7.299793] pci 0000:03:00.0: supports D1
[    7.299794] pci 0000:03:00.0: PME# supported from D0 D1 D3hot
[    7.299888] pci 0000:04:00.0: [19e5:1710] type 00 class 0x118000
[    7.299904] pci 0000:04:00.0: reg 0x10: [mem 0xe0000000-0xe3ffffff pref]
[    7.299910] pci 0000:04:00.0: reg 0x14: [mem 0xe7000000-0xe70fffff]
[    7.299916] pci 0000:04:00.0: reg 0x18: [mem 0xe6000000-0xe6ffffff]
[    7.300011] pci 0000:04:00.0: supports D1
[    7.300012] pci 0000:04:00.0: PME# supported from D0 D1 D3hot
[    7.300097] pci 0000:05:00.0: [1000:10e2] type 00 class 0x010400
[    7.300117] pci 0000:05:00.0: reg 0x10: [mem 0x83c88100000-0x83c881fffff 64bit pref]
[    7.300125] pci 0000:05:00.0: reg 0x18: [mem 0x83c88000000-0x83c880fffff 64bit pref]
[    7.300131] pci 0000:05:00.0: reg 0x20: [mem 0xe7500000-0xe75fffff]
[    7.300136] pci 0000:05:00.0: reg 0x24: [io  0x0000-0x00ff]
[    7.300141] pci 0000:05:00.0: reg 0x30: [mem 0xfff00000-0xffffffff pref]
[    7.300212] pci 0000:05:00.0: supports D1 D2
[    7.300297] pci 0000:00:00.0: BAR 15: assigned [mem 0x80000000000-0x81fffffffff 64bit pref]
[    7.308636] pci 0000:00:08.0: BAR 15: assigned [mem 0x82000000000-0x83fffffffff 64bit pref]
[    7.316973] pci 0000:00:11.0: BAR 14: assigned [mem 0xe0000000-0xe5ffffff]
[    7.323835] pci 0000:00:10.0: BAR 14: assigned [mem 0xe6000000-0xe8ffffff]
[    7.330696] pci 0000:00:12.0: BAR 14: assigned [mem 0xe9000000-0xe91fffff]
[    7.337559] pci 0000:00:12.0: BAR 15: assigned [mem 0xe9200000-0xe93fffff 64bit pref]
[    7.345375] pci 0000:00:12.0: BAR 13: assigned [io  0x1000-0x1fff]
[    7.351544] pci 0000:01:00.0: BAR 4: assigned [mem 0x80000000000-0x80fffffffff 64bit pref]
[    7.359798] pci 0000:01:00.0: BAR 11: assigned [mem 0x81000000000-0x81bffffffff 64bit pref]
[    7.368138] pci 0000:01:00.0: BAR 0: assigned [mem 0x81c00000000-0x81c1fffffff 64bit pref]
[    7.376391] pci 0000:01:00.0: BAR 2: assigned [mem 0x81c20000000-0x81c3fffffff 64bit pref]
[    7.384645] pci 0000:01:00.0: BAR 9: assigned [mem 0x81c40000000-0x81c6fffffff 64bit pref]
[    7.392897] pci 0000:01:00.0: BAR 7: assigned [mem 0x81c70000000-0x81c87ffffff 64bit pref]
[    7.401150] pci 0000:00:00.0: PCI bridge to [bus 01]
[    7.406103] pci 0000:00:00.0:   bridge window [mem 0x80000000000-0x81fffffffff 64bit pref]
[    7.414356] pci 0000:02:00.0: BAR 4: assigned [mem 0x82000000000-0x82fffffffff 64bit pref]
[    7.422610] pci 0000:02:00.0: BAR 11: assigned [mem 0x83000000000-0x83bffffffff 64bit pref]
[    7.430949] pci 0000:02:00.0: BAR 0: assigned [mem 0x83c00000000-0x83c1fffffff 64bit pref]
[    7.439202] pci 0000:02:00.0: BAR 2: assigned [mem 0x83c20000000-0x83c3fffffff 64bit pref]
[    7.447458] pci 0000:02:00.0: BAR 9: assigned [mem 0x83c40000000-0x83c6fffffff 64bit pref]
[    7.455710] pci 0000:02:00.0: BAR 7: assigned [mem 0x83c70000000-0x83c87ffffff 64bit pref]
[    7.463962] pci 0000:00:08.0: PCI bridge to [bus 02]
[    7.468914] pci 0000:00:08.0:   bridge window [mem 0x82000000000-0x83fffffffff 64bit pref]
[    7.477167] pci 0000:03:00.0: BAR 0: assigned [mem 0xe6000000-0xe7ffffff pref]
[    7.484377] pci 0000:03:00.0: BAR 1: assigned [mem 0xe8000000-0xe81fffff]
[    7.491154] pci 0000:00:10.0: PCI bridge to [bus 03]
[    7.496106] pci 0000:00:10.0:   bridge window [mem 0xe6000000-0xe8ffffff]
[    7.502883] pci 0000:04:00.0: BAR 0: assigned [mem 0xe0000000-0xe3ffffff pref]
[    7.510093] pci 0000:04:00.0: BAR 2: assigned [mem 0xe4000000-0xe4ffffff]
[    7.516870] pci 0000:04:00.0: BAR 1: assigned [mem 0xe5000000-0xe50fffff]
[    7.523646] pci 0000:00:11.0: PCI bridge to [bus 04]
[    7.528598] pci 0000:00:11.0:   bridge window [mem 0xe0000000-0xe5ffffff]
[    7.535375] pci 0000:05:00.0: BAR 0: assigned [mem 0xe9200000-0xe92fffff 64bit pref]
[    7.543109] pci 0000:05:00.0: BAR 2: assigned [mem 0xe9300000-0xe93fffff 64bit pref]
[    7.550842] pci 0000:05:00.0: BAR 4: assigned [mem 0xe9000000-0xe90fffff]
[    7.557618] pci 0000:05:00.0: BAR 6: assigned [mem 0xe9100000-0xe91fffff pref]
[    7.564826] pci 0000:05:00.0: BAR 5: assigned [io  0x1000-0x10ff]
[    7.570908] pci 0000:00:12.0: PCI bridge to [bus 05]
[    7.575859] pci 0000:00:12.0:   bridge window [io  0x1000-0x1fff]
[    7.581940] pci 0000:00:12.0:   bridge window [mem 0xe9000000-0xe91fffff]
[    7.588715] pci 0000:00:12.0:   bridge window [mem 0xe9200000-0xe93fffff 64bit pref]
[    7.596476] ACPI: PCI Root Bridge [PCI2] (domain 0000 [bus 3a])
[    7.602383] acpi PNP0A08:01: _OSC: OS supports [ExtendedConfig ASPM ClockPM Segments MSI]
[    7.610648] acpi PNP0A08:01: _OSC: platform does not support [PCIeHotplug PME AER]
[    7.618290] acpi PNP0A08:01: _OSC: OS now controls [PCIeCapability]
[    7.633817] acpi PNP0A08:01: ECAM area [mem 0xd3a00000-0xd3afffff] reserved by PNP0C02:00
[    7.642048] acpi PNP0A08:01: ECAM at [mem 0xd3a00000-0xd3afffff] for [bus 3a]
[    7.649220] PCI host bridge to bus 0000:3a
[    7.653307] pci_bus 0000:3a: root bus resource [mem 0x20c000000-0x20c1fffff pref window]
[    7.661383] pci_bus 0000:3a: root bus resource [bus 3a]
[    7.666601] pci 0000:3a:00.0: [19e5:a23b] type 00 class 0x0c0310
[    7.666608] pci 0000:3a:00.0: reg 0x10: [mem 0x20c100000-0x20c100fff 64bit pref]
[    7.666662] pci 0000:3a:01.0: [19e5:a239] type 00 class 0x0c0320
[    7.666670] pci 0000:3a:01.0: reg 0x10: [mem 0x20c101000-0x20c101fff 64bit pref]
[    7.666762] pci 0000:3a:02.0: [19e5:a238] type 00 class 0x0c0330
[    7.666769] pci 0000:3a:02.0: reg 0x10: [mem 0x20c000000-0x20c0fffff 64bit pref]
[    7.666827] pci 0000:3a:02.0: BAR 0: assigned [mem 0x20c000000-0x20c0fffff 64bit pref]
[    7.674733] pci 0000:3a:00.0: BAR 0: assigned [mem 0x20c100000-0x20c100fff 64bit pref]
[    7.682641] pci 0000:3a:01.0: BAR 0: assigned [mem 0x20c101000-0x20c101fff 64bit pref]
[    7.690572] ACPI: PCI Root Bridge [PCI3] (domain 0000 [bus 38-39])
[    7.696742] acpi PNP0A08:02: _OSC: OS supports [ExtendedConfig ASPM ClockPM Segments MSI]
[    7.705001] acpi PNP0A08:02: _OSC: platform does not support [PCIeHotplug PME AER]
[    7.712645] acpi PNP0A08:02: _OSC: OS now controls [PCIeCapability]
[    7.728210] acpi PNP0A08:02: ECAM area [mem 0xd3800000-0xd39fffff] reserved by PNP0C02:00
[    7.736381] acpi PNP0A08:02: ECAM at [mem 0xd3800000-0xd39fffff] for [bus 38-39]
[    7.743826] PCI host bridge to bus 0000:38
[    7.747912] pci_bus 0000:38: root bus resource [mem 0x208000000-0x208ffffff pref window]
[    7.755988] pci_bus 0000:38: root bus resource [mem 0x209000000-0x209ffffff pref window]
[    7.764065] pci_bus 0000:38: root bus resource [bus 38-39]
[    7.769573] ACPI: PCI Root Bridge [PCI4] (domain 0000 [bus 3c-3d])
[    7.775742] acpi PNP0A08:03: _OSC: OS supports [ExtendedConfig ASPM ClockPM Segments MSI]
[    7.784000] acpi PNP0A08:03: _OSC: platform does not support [PCIeHotplug PME AER]
[    7.791644] acpi PNP0A08:03: _OSC: OS now controls [PCIeCapability]
[    7.807201] acpi PNP0A08:03: ECAM area [mem 0xd3c00000-0xd3dfffff] reserved by PNP0C02:00
[    7.815371] acpi PNP0A08:03: ECAM at [mem 0xd3c00000-0xd3dfffff] for [bus 3c-3d]
[    7.822801] PCI host bridge to bus 0000:3c
[    7.826887] pci_bus 0000:3c: root bus resource [mem 0x120000000-0x13fffffff pref window]
[    7.834963] pci_bus 0000:3c: root bus resource [bus 3c-3d]
[    7.840440] pci 0000:3c:00.0: [19e5:a121] type 01 class 0x060400
[    7.840451] pci 0000:3c:00.0: enabling Extended Tags
[    7.845474] pci 0000:3d:00.0: [19e5:a222] type 00 class 0x020000
[    7.845482] pci 0000:3d:00.0: reg 0x10: [mem 0x1221f0000-0x1221fffff 64bit pref]
[    7.845487] pci 0000:3d:00.0: reg 0x18: [mem 0x121f00000-0x121ffffff 64bit pref]
[    7.845518] pci 0000:3d:00.0: reg 0x224: [mem 0x122180000-0x12218ffff 64bit pref]
[    7.845520] pci 0000:3d:00.0: VF(n) BAR0 space: [mem 0x122180000-0x1221effff 64bit pref] (contains BAR0 for 7 VFs)
[    7.855858] pci 0000:3d:00.0: reg 0x22c: [mem 0x121800000-0x1218fffff 64bit pref]
[    7.855860] pci 0000:3d:00.0: VF(n) BAR2 space: [mem 0x121800000-0x121efffff 64bit pref] (contains BAR2 for 7 VFs)
[    7.866238] pci 0000:3d:00.1: [19e5:a221] type 00 class 0x020000
[    7.866246] pci 0000:3d:00.1: reg 0x10: [mem 0x122170000-0x12217ffff 64bit pref]
[    7.866250] pci 0000:3d:00.1: reg 0x18: [mem 0x121700000-0x1217fffff 64bit pref]
[    7.866278] pci 0000:3d:00.1: reg 0x224: [mem 0x122100000-0x12210ffff 64bit pref]
[    7.866280] pci 0000:3d:00.1: VF(n) BAR0 space: [mem 0x122100000-0x12216ffff 64bit pref] (contains BAR0 for 7 VFs)
[    7.876618] pci 0000:3d:00.1: reg 0x22c: [mem 0x121000000-0x1210fffff 64bit pref]
[    7.876620] pci 0000:3d:00.1: VF(n) BAR2 space: [mem 0x121000000-0x1216fffff 64bit pref] (contains BAR2 for 7 VFs)
[    7.886997] pci 0000:3d:00.2: [19e5:a222] type 00 class 0x020000
[    7.887005] pci 0000:3d:00.2: reg 0x10: [mem 0x1220f0000-0x1220fffff 64bit pref]
[    7.887010] pci 0000:3d:00.2: reg 0x18: [mem 0x120f00000-0x120ffffff 64bit pref]
[    7.887038] pci 0000:3d:00.2: reg 0x224: [mem 0x122080000-0x12208ffff 64bit pref]
[    7.887039] pci 0000:3d:00.2: VF(n) BAR0 space: [mem 0x122080000-0x1220effff 64bit pref] (contains BAR0 for 7 VFs)
[    7.897378] pci 0000:3d:00.2: reg 0x22c: [mem 0x120800000-0x1208fffff 64bit pref]
[    7.897379] pci 0000:3d:00.2: VF(n) BAR2 space: [mem 0x120800000-0x120efffff 64bit pref] (contains BAR2 for 7 VFs)
[    7.907761] pci 0000:3d:00.3: [19e5:a221] type 00 class 0x020000
[    7.907769] pci 0000:3d:00.3: reg 0x10: [mem 0x122070000-0x12207ffff 64bit pref]
[    7.907773] pci 0000:3d:00.3: reg 0x18: [mem 0x120700000-0x1207fffff 64bit pref]
[    7.907803] pci 0000:3d:00.3: reg 0x224: [mem 0x122000000-0x12200ffff 64bit pref]
[    7.907804] pci 0000:3d:00.3: VF(n) BAR0 space: [mem 0x122000000-0x12206ffff 64bit pref] (contains BAR0 for 7 VFs)
[    7.918142] pci 0000:3d:00.3: reg 0x22c: [mem 0x120000000-0x1200fffff 64bit pref]
[    7.918144] pci 0000:3d:00.3: VF(n) BAR2 space: [mem 0x120000000-0x1206fffff 64bit pref] (contains BAR2 for 7 VFs)
[    7.928529] pci 0000:3c:00.0: BAR 15: assigned [mem 0x120000000-0x1221fffff 64bit pref]
[    7.936520] pci 0000:3d:00.0: BAR 2: assigned [mem 0x120000000-0x1200fffff 64bit pref]
[    7.944426] pci 0000:3d:00.0: BAR 9: assigned [mem 0x120100000-0x1207fffff 64bit pref]
[    7.952330] pci 0000:3d:00.1: BAR 2: assigned [mem 0x120800000-0x1208fffff 64bit pref]
[    7.960235] pci 0000:3d:00.1: BAR 9: assigned [mem 0x120900000-0x120ffffff 64bit pref]
[    7.968139] pci 0000:3d:00.2: BAR 2: assigned [mem 0x121000000-0x1210fffff 64bit pref]
[    7.976045] pci 0000:3d:00.2: BAR 9: assigned [mem 0x121100000-0x1217fffff 64bit pref]
[    7.983949] pci 0000:3d:00.3: BAR 2: assigned [mem 0x121800000-0x1218fffff 64bit pref]
[    7.991854] pci 0000:3d:00.3: BAR 9: assigned [mem 0x121900000-0x121ffffff 64bit pref]
[    7.999758] pci 0000:3d:00.0: BAR 0: assigned [mem 0x122000000-0x12200ffff 64bit pref]
[    8.007663] pci 0000:3d:00.0: BAR 7: assigned [mem 0x122010000-0x12207ffff 64bit pref]
[    8.015566] pci 0000:3d:00.1: BAR 0: assigned [mem 0x122080000-0x12208ffff 64bit pref]
[    8.023472] pci 0000:3d:00.1: BAR 7: assigned [mem 0x122090000-0x1220fffff 64bit pref]
[    8.031375] pci 0000:3d:00.2: BAR 0: assigned [mem 0x122100000-0x12210ffff 64bit pref]
[    8.039280] pci 0000:3d:00.2: BAR 7: assigned [mem 0x122110000-0x12217ffff 64bit pref]
[    8.047183] pci 0000:3d:00.3: BAR 0: assigned [mem 0x122180000-0x12218ffff 64bit pref]
[    8.055090] pci 0000:3d:00.3: BAR 7: assigned [mem 0x122190000-0x1221fffff 64bit pref]
[    8.062993] pci 0000:3c:00.0: PCI bridge to [bus 3d]
[    8.067949] pci 0000:3c:00.0:   bridge window [mem 0x120000000-0x1221fffff 64bit pref]
[    8.075886] ACPI: PCI Root Bridge [PCI5] (domain 0000 [bus 34-35])
[    8.082056] acpi PNP0A08:04: _OSC: OS supports [ExtendedConfig ASPM ClockPM Segments MSI]
[    8.090314] acpi PNP0A08:04: _OSC: platform does not support [PCIeHotplug PME AER]
[    8.097971] acpi PNP0A08:04: _OSC: OS now controls [PCIeCapability]
[    8.113545] acpi PNP0A08:04: ECAM area [mem 0xd3400000-0xd35fffff] reserved by PNP0C02:00
[    8.121716] acpi PNP0A08:04: ECAM at [mem 0xd3400000-0xd35fffff] for [bus 34-35]
[    8.129177] PCI host bridge to bus 0000:34
[    8.133262] pci_bus 0000:34: root bus resource [mem 0x144000000-0x147ffffff pref window]
[    8.141338] pci_bus 0000:34: root bus resource [mem 0xa2000000-0xa2ffffff window]
[    8.148808] pci_bus 0000:34: root bus resource [bus 34-35]
[    8.154284] pci 0000:34:01.0: [19e5:a121] type 01 class 0x060400
[    8.154296] pci 0000:34:01.0: enabling Extended Tags
[    8.159305] pci 0000:34:02.0: [19e5:a230] type 00 class 0x010700
[    8.159321] pci 0000:34:02.0: reg 0x24: [mem 0xa2008000-0xa200ffff]
[    8.159389] pci 0000:34:03.0: [19e5:a235] type 00 class 0x010601
[    8.159405] pci 0000:34:03.0: reg 0x24: [mem 0xa2010000-0xa2010fff]
[    8.159456] pci 0000:34:04.0: [19e5:a230] type 00 class 0x010700
[    8.159473] pci 0000:34:04.0: reg 0x24: [mem 0xa2000000-0xa2007fff]
[    8.159573] pci_bus 0000:36: busn_res: can not insert [bus 36] under [bus 34-35] (conflicts with (null) [bus 34-35])
[    8.159582] pci 0000:34:02.0: BAR 5: assigned [mem 0xa2000000-0xa2007fff]
[    8.166357] pci 0000:34:04.0: BAR 5: assigned [mem 0xa2008000-0xa200ffff]
[    8.173135] pci 0000:34:03.0: BAR 5: assigned [mem 0xa2010000-0xa2010fff]
[    8.179910] pci 0000:34:01.0: PCI bridge to [bus 36]
[    8.184941] ACPI: PCI Root Bridge [PCI6] (domain 0000 [bus 40-6f])
[    8.191109] acpi PNP0A08:05: _OSC: OS supports [ExtendedConfig ASPM ClockPM Segments MSI]
[    8.199410] acpi PNP0A08:05: _OSC: OS now controls [PCIeHotplug PME AER PCIeCapability]
[    8.216733] acpi PNP0A08:05: ECAM area [mem 0xd4000000-0xd6ffffff] reserved by PNP0C02:00
[    8.224925] acpi PNP0A08:05: ECAM at [mem 0xd4000000-0xd6ffffff] for [bus 40-6f]
[    8.232332] Remapped I/O 0x00000000cfff0000 to [io  0x10000-0x1ffff window]
[    8.239340] PCI host bridge to bus 0000:40
[    8.243424] pci_bus 0000:40: root bus resource [mem 0x280000000000-0x283fffffffff pref window]
[    8.252023] pci_bus 0000:40: root bus resource [mem 0xc0000000-0xcffeffff window]
[    8.259492] pci_bus 0000:40: root bus resource [io  0x10000-0x1ffff window] (bus address [0x0000-0xffff])
[    8.269046] pci_bus 0000:40: root bus resource [bus 40-6f]
[    8.274522] pci 0000:40:00.0: [19e5:a120] type 01 class 0x060400
[    8.274596] pci 0000:40:00.0: PME# supported from D0 D1 D2 D3hot D3cold
[    8.274652] pci 0000:40:08.0: [19e5:a120] type 01 class 0x060400
[    8.274720] pci 0000:40:08.0: PME# supported from D0 D1 D2 D3hot D3cold
[    8.274771] pci 0000:40:10.0: [19e5:a120] type 01 class 0x060400
[    8.274839] pci 0000:40:10.0: PME# supported from D0 D1 D2 D3hot D3cold
[    8.274914] pci 0000:41:00.0: [19e5:d802] type 00 class 0x120000
[    8.274933] pci 0000:41:00.0: reg 0x10: [mem 0x283c20000000-0x283c3fffffff 64bit pref]
[    8.274940] pci 0000:41:00.0: reg 0x18: [mem 0x283c00000000-0x283c1fffffff 64bit pref]
[    8.274946] pci 0000:41:00.0: reg 0x20: [mem 0x282000000000-0x282fffffffff 64bit pref]
[    8.274953] pci 0000:41:00.0: enabling Extended Tags
[    8.279992] pci 0000:41:00.0: reg 0x224: [mem 0x283c70000000-0x283c71ffffff 64bit pref]
[    8.279994] pci 0000:41:00.0: VF(n) BAR0 space: [mem 0x283c70000000-0x283c87ffffff 64bit pref] (contains BAR0 for 12 VFs)
[    8.290942] pci 0000:41:00.0: reg 0x22c: [mem 0x283c40000000-0x283c43ffffff 64bit pref]
[    8.290943] pci 0000:41:00.0: VF(n) BAR2 space: [mem 0x283c40000000-0x283c6fffffff 64bit pref] (contains BAR2 for 12 VFs)
[    8.301890] pci 0000:41:00.0: reg 0x234: [mem 0x283000000000-0x2830ffffffff 64bit pref]
[    8.301892] pci 0000:41:00.0: VF(n) BAR4 space: [mem 0x283000000000-0x283bffffffff 64bit pref] (contains BAR4 for 12 VFs)
[    8.312936] pci 0000:42:00.0: [19e5:d802] type 00 class 0x120000
[    8.312955] pci 0000:42:00.0: reg 0x10: [mem 0x281c20000000-0x281c3fffffff 64bit pref]
[    8.312962] pci 0000:42:00.0: reg 0x18: [mem 0x281c00000000-0x281c1fffffff 64bit pref]
[    8.312968] pci 0000:42:00.0: reg 0x20: [mem 0x280000000000-0x280fffffffff 64bit pref]
[    8.312975] pci 0000:42:00.0: enabling Extended Tags
[    8.318013] pci 0000:42:00.0: reg 0x224: [mem 0x281c70000000-0x281c71ffffff 64bit pref]
[    8.318015] pci 0000:42:00.0: VF(n) BAR0 space: [mem 0x281c70000000-0x281c87ffffff 64bit pref] (contains BAR0 for 12 VFs)
[    8.328963] pci 0000:42:00.0: reg 0x22c: [mem 0x281c40000000-0x281c43ffffff 64bit pref]
[    8.328964] pci 0000:42:00.0: VF(n) BAR2 space: [mem 0x281c40000000-0x281c6fffffff 64bit pref] (contains BAR2 for 12 VFs)
[    8.339911] pci 0000:42:00.0: reg 0x234: [mem 0x281000000000-0x2810ffffffff 64bit pref]
[    8.339913] pci 0000:42:00.0: VF(n) BAR4 space: [mem 0x281000000000-0x281bffffffff 64bit pref] (contains BAR4 for 12 VFs)
[    8.351001] pci 0000:43:00.0: [15b3:2020] type 01 class 0x060400
[    8.351542] pci 0000:43:00.0: PME# supported from D3cold
[    8.351909] pci 0000:44:00.0: [15b3:2020] type 01 class 0x060400
[    8.352470] pci 0000:44:00.0: PME# supported from D3cold
[    8.352677] pci 0000:44:01.0: [15b3:2020] type 01 class 0x060400
[    8.353239] pci 0000:44:01.0: PME# supported from D3cold
[    8.353445] pci 0000:44:02.0: [15b3:2020] type 01 class 0x060400
