[    0.000000] Booting Linux on physical CPU 0x0000180000 [0x481fd010]
[    0.000000] Linux version 4.19.90-2102.2.0.0062.ctl2.aarch64 (abuild@obs7) (gcc version 7.3.0 (GCC)) #1 SMP Thu Mar 10 03:30:47 UTC 2022
[    0.000000] efi: Getting EFI parameters from FDT:
[    0.000000] efi: EFI v2.70 by EDK II
[    0.000000] efi:  ACPI 2.0=0x2f390018  SMBIOS 3.0=0x2f240000  MEMATTR=0x312e8018  ESRT=0x312f4f98  RNG=0x3eadba18  MEMRESERVE=0x2f251e18 
[    0.000000] efi: seeding entropy pool
[    0.000000] esrt: Reserving ESRT space from 0x00000000312f4f98 to 0x00000000312f4fd0.
[    0.000000] kexec_core: Reserving 256MB of low memory at 1792MB for crashkernel (System low RAM: 2031MB)
[    0.000000] crashkernel reserved: 0x0000203fc0000000 - 0x0000204000000000 (1024 MB)
[    0.000000] cma: Failed to reserve 512 MiB
[    0.000000] ACPI: Early table checksum verification disabled
[    0.000000] ACPI: RSDP 0x000000002F390018 000024 (v02 HISI  )
[    0.000000] ACPI: XSDT 0x000000002F39FE98 0000B4 (v01 HISI   HIP08    00000000      01000013)
[    0.000000] ACPI: FACP 0x000000002F39F918 000114 (v06 HISI   HIP08    00000000 HISI 20151124)
[    0.000000] ACPI: DSDT 0x000000002EE00018 00FEF7 (v02 HISI   HIP08    00000000 INTL 20210105)
[    0.000000] ACPI: PCCT 0x000000002F39FA98 00008A (v01 HISI   HIP08    00000000 HISI 20151124)
[    0.000000] ACPI: SSDT 0x000000002F380018 00E56A (v02 HISI   HIP07    00000000 INTL 20210105)
[    0.000000] ACPI: BERT 0x000000002F39FE18 000030 (v01 HISI   HIP08    00000000 HISI 20151124)
[    0.000000] ACPI: HEST 0x000000002F39E998 00058C (v01 HISI   HIP08    00000000 HISI 20151124)
[    0.000000] ACPI: ERST 0x000000002F39FB98 000230 (v01 HISI   HIP08    00000000 HISI 20151124)
[    0.000000] ACPI: EINJ 0x000000002F39F018 000170 (v01 HISI   HIP08    00000000 HISI 20151124)
[    0.000000] ACPI: GTDT 0x000000002F39F298 00007C (v02 HISI   HIP08    00000000 HISI 20151124)
[    0.000000] ACPI: SDEI 0x000000002F39FF98 000030 (v01 HISI   HIP08    00000000 HISI 20151124)
[    0.000000] ACPI: MCFG 0x000000002F39F798 00003C (v01 HISI   HIP08    00000000 HISI 20151124)
[    0.000000] ACPI: SLIT 0x000000002F39F818 00003C (v01 HISI   HIP08    00000000 HISI 20151124)
[    0.000000] ACPI: SPCR 0x000000002F39F898 000050 (v02 HISI   HIP08    00000000 HISI 20151124)
[    0.000000] ACPI: SRAT 0x000000002F397518 000540 (v03 HISI   HIP08    00000000 HISI 20151124)
[    0.000000] ACPI: APIC 0x000000002F39C398 00146C (v04 HISI   HIP08    00000000 HISI 20151124)
[    0.000000] ACPI: IORT 0x000000002F397B98 001678 (v00 HISI   HIP08    00000000 INTL 20210105)
[    0.000000] ACPI: PPTT 0x000000002F399718 002130 (v01 HISI   HIP08    00000000 HISI 20151124)
[    0.000000] ACPI: MPAM 0x000000002F39DF18 00043A (v01 HISI   HIP08    00000000 HISI 20151124)
[    0.000000] ACPI: SPMI 0x000000002F39E598 000041 (v05 HISI   HIP08    00000000 HISI 20151124)
[    0.000000] ACPI: SPCR: console: uart,mmio,0x3f00002f8,115200
[    0.000000] ACPI: SRAT: Node 0 PXM 0 [mem 0x2080000000-0x3fffffffff]
[    0.000000] ACPI: SRAT: Node 0 PXM 0 [mem 0x00000000-0x7fffffff]
[    0.000000] ACPI: SRAT: Node 1 PXM 1 [mem 0x202000000000-0x203fffffffff]
[    0.000000] NUMA: NODE_DATA [mem 0x3fffffe0c0-0x3fffffffff]
[    0.000000] NUMA: NODE_DATA [mem 0x203fbfffe0c0-0x203fbfffffff]
[    0.000000] Zone ranges:
[    0.000000]   DMA32    [mem 0x0000000000000000-0x00000000ffffffff]
[    0.000000]   Normal   [mem 0x0000000100000000-0x0000203fffffffff]
[    0.000000] Movable zone start for each node
[    0.000000] Early memory node ranges
[    0.000000]   node   0: [mem 0x0000000000000000-0x000000000000ffff]
[    0.000000]   node   0: [mem 0x0000000000010000-0x000000002ec0ffff]
[    0.000000]   node   0: [mem 0x000000002ec10000-0x000000002edfffff]
[    0.000000]   node   0: [mem 0x000000002ee00000-0x000000002ee0ffff]
[    0.000000]   node   0: [mem 0x000000002ee10000-0x000000002ee6ffff]
[    0.000000]   node   0: [mem 0x000000002ee70000-0x000000002ee7ffff]
[    0.000000]   node   0: [mem 0x000000002ee80000-0x000000002eefffff]
[    0.000000]   node   0: [mem 0x000000002ef00000-0x000000002ef5ffff]
[    0.000000]   node   0: [mem 0x000000002ef60000-0x000000002effffff]
[    0.000000]   node   0: [mem 0x000000002f000000-0x000000002f02ffff]
[    0.000000]   node   0: [mem 0x000000002f030000-0x000000002f0cffff]
[    0.000000]   node   0: [mem 0x000000002f0d0000-0x000000002f19ffff]
[    0.000000]   node   0: [mem 0x000000002f1a0000-0x000000002f1fffff]
[    0.000000]   node   0: [mem 0x000000002f200000-0x000000002f22ffff]
[    0.000000]   node   0: [mem 0x000000002f230000-0x000000002f24ffff]
[    0.000000]   node   0: [mem 0x000000002f250000-0x000000002f2cffff]
[    0.000000]   node   0: [mem 0x000000002f2d0000-0x000000002f37ffff]
[    0.000000]   node   0: [mem 0x000000002f380000-0x000000002f39ffff]
[    0.000000]   node   0: [mem 0x000000002f3a0000-0x000000002f6fffff]
[    0.000000]   node   0: [mem 0x000000002f700000-0x000000003eaaffff]
[    0.000000]   node   0: [mem 0x000000003eab0000-0x000000003eadffff]
[    0.000000]   node   0: [mem 0x000000003eae0000-0x000000003fbfffff]
[    0.000000]   node   0: [mem 0x000000003fc00000-0x0000000043ffffff]
[    0.000000]   node   0: [mem 0x0000000044030000-0x000000004effffff]
[    0.000000]   node   0: [mem 0x0000000050000000-0x00000000501fffff]
[    0.000000]   node   0: [mem 0x0000000050200000-0x000000007fffffff]
[    0.000000]   node   0: [mem 0x0000002080000000-0x0000003fffffffff]
[    0.000000]   node   1: [mem 0x0000202000000000-0x0000203fffffffff]
[    0.000000] Zeroed struct page in unavailable ranges: 205 pages
[    0.000000] Initmem setup node 0 [mem 0x0000000000000000-0x0000003fffffffff]
[    0.000000] On node 0 totalpages: 2096893
[    0.000000]   DMA32 zone: 32 pages used for memmap
[    0.000000]   DMA32 zone: 0 pages reserved
[    0.000000]   DMA32 zone: 32509 pages, LIFO batch:3
[    0.000000]   Normal zone: 2016 pages used for memmap
[    0.000000]   Normal zone: 2064384 pages, LIFO batch:3
[    0.000000] Initmem setup node 1 [mem 0x0000202000000000-0x0000203fffffffff]
[    0.000000] On node 1 totalpages: 2097152
[    0.000000]   Normal zone: 2048 pages used for memmap
[    0.000000]   Normal zone: 2097152 pages, LIFO batch:3
[    0.000000] psci: probing for conduit method from ACPI.
[    0.000000] psci: PSCIv1.1 detected in firmware.
[    0.000000] psci: Using standard PSCI v0.2 function IDs
[    0.000000] psci: MIGRATE_INFO_TYPE not supported.
[    0.000000] psci: SMC Calling Convention v1.0
[    0.000000] ACPI: NUMA: SRAT: PXM 0 -> MPIDR 0x180000 -> Node 0
[    0.000000] ACPI: NUMA: SRAT: PXM 0 -> MPIDR 0x180100 -> Node 0
[    0.000000] ACPI: NUMA: SRAT: PXM 0 -> MPIDR 0x180200 -> Node 0
[    0.000000] ACPI: NUMA: SRAT: PXM 0 -> MPIDR 0x180300 -> Node 0
[    0.000000] ACPI: NUMA: SRAT: PXM 0 -> MPIDR 0x190000 -> Node 0
[    0.000000] ACPI: NUMA: SRAT: PXM 0 -> MPIDR 0x190100 -> Node 0
[    0.000000] ACPI: NUMA: SRAT: PXM 0 -> MPIDR 0x190200 -> Node 0
[    0.000000] ACPI: NUMA: SRAT: PXM 0 -> MPIDR 0x190300 -> Node 0
[    0.000000] ACPI: NUMA: SRAT: PXM 0 -> MPIDR 0x1a0000 -> Node 0
[    0.000000] ACPI: NUMA: SRAT: PXM 0 -> MPIDR 0x1a0100 -> Node 0
[    0.000000] ACPI: NUMA: SRAT: PXM 0 -> MPIDR 0x1a0200 -> Node 0
[    0.000000] ACPI: NUMA: SRAT: PXM 0 -> MPIDR 0x1a0300 -> Node 0
[    0.000000] ACPI: NUMA: SRAT: PXM 0 -> MPIDR 0x1b0000 -> Node 0
[    0.000000] ACPI: NUMA: SRAT: PXM 0 -> MPIDR 0x1b0100 -> Node 0
[    0.000000] ACPI: NUMA: SRAT: PXM 0 -> MPIDR 0x1b0200 -> Node 0
[    0.000000] ACPI: NUMA: SRAT: PXM 0 -> MPIDR 0x1b0300 -> Node 0
[    0.000000] ACPI: NUMA: SRAT: PXM 0 -> MPIDR 0x1c0000 -> Node 0
[    0.000000] ACPI: NUMA: SRAT: PXM 0 -> MPIDR 0x1c0100 -> Node 0
[    0.000000] ACPI: NUMA: SRAT: PXM 0 -> MPIDR 0x1c0200 -> Node 0
[    0.000000] ACPI: NUMA: SRAT: PXM 0 -> MPIDR 0x1c0300 -> Node 0
[    0.000000] ACPI: NUMA: SRAT: PXM 0 -> MPIDR 0x1d0000 -> Node 0
[    0.000000] ACPI: NUMA: SRAT: PXM 0 -> MPIDR 0x1d0100 -> Node 0
[    0.000000] ACPI: NUMA: SRAT: PXM 0 -> MPIDR 0x1d0200 -> Node 0
[    0.000000] ACPI: NUMA: SRAT: PXM 0 -> MPIDR 0x1d0300 -> Node 0
[    0.000000] ACPI: NUMA: SRAT: PXM 0 -> MPIDR 0x1e0000 -> Node 0
[    0.000000] ACPI: NUMA: SRAT: PXM 0 -> MPIDR 0x1e0100 -> Node 0
[    0.000000] ACPI: NUMA: SRAT: PXM 0 -> MPIDR 0x1e0200 -> Node 0
[    0.000000] ACPI: NUMA: SRAT: PXM 0 -> MPIDR 0x1e0300 -> Node 0
[    0.000000] ACPI: NUMA: SRAT: PXM 0 -> MPIDR 0x1f0000 -> Node 0
[    0.000000] ACPI: NUMA: SRAT: PXM 0 -> MPIDR 0x1f0100 -> Node 0
[    0.000000] ACPI: NUMA: SRAT: PXM 0 -> MPIDR 0x1f0200 -> Node 0
[    0.000000] ACPI: NUMA: SRAT: PXM 0 -> MPIDR 0x1f0300 -> Node 0
[    0.000000] ACPI: NUMA: SRAT: PXM 1 -> MPIDR 0x380000 -> Node 1
[    0.000000] ACPI: NUMA: SRAT: PXM 1 -> MPIDR 0x380100 -> Node 1
[    0.000000] ACPI: NUMA: SRAT: PXM 1 -> MPIDR 0x380200 -> Node 1
[    0.000000] ACPI: NUMA: SRAT: PXM 1 -> MPIDR 0x380300 -> Node 1
[    0.000000] ACPI: NUMA: SRAT: PXM 1 -> MPIDR 0x390000 -> Node 1
[    0.000000] ACPI: NUMA: SRAT: PXM 1 -> MPIDR 0x390100 -> Node 1
[    0.000000] ACPI: NUMA: SRAT: PXM 1 -> MPIDR 0x390200 -> Node 1
[    0.000000] ACPI: NUMA: SRAT: PXM 1 -> MPIDR 0x390300 -> Node 1
[    0.000000] ACPI: NUMA: SRAT: PXM 1 -> MPIDR 0x3a0000 -> Node 1
[    0.000000] ACPI: NUMA: SRAT: PXM 1 -> MPIDR 0x3a0100 -> Node 1
[    0.000000] ACPI: NUMA: SRAT: PXM 1 -> MPIDR 0x3a0200 -> Node 1
[    0.000000] ACPI: NUMA: SRAT: PXM 1 -> MPIDR 0x3a0300 -> Node 1
[    0.000000] ACPI: NUMA: SRAT: PXM 1 -> MPIDR 0x3b0000 -> Node 1
[    0.000000] ACPI: NUMA: SRAT: PXM 1 -> MPIDR 0x3b0100 -> Node 1
[    0.000000] ACPI: NUMA: SRAT: PXM 1 -> MPIDR 0x3b0200 -> Node 1
[    0.000000] ACPI: NUMA: SRAT: PXM 1 -> MPIDR 0x3b0300 -> Node 1
[    0.000000] ACPI: NUMA: SRAT: PXM 1 -> MPIDR 0x3c0000 -> Node 1
[    0.000000] ACPI: NUMA: SRAT: PXM 1 -> MPIDR 0x3c0100 -> Node 1
[    0.000000] ACPI: NUMA: SRAT: PXM 1 -> MPIDR 0x3c0200 -> Node 1
[    0.000000] ACPI: NUMA: SRAT: PXM 1 -> MPIDR 0x3c0300 -> Node 1
[    0.000000] ACPI: NUMA: SRAT: PXM 1 -> MPIDR 0x3d0000 -> Node 1
[    0.000000] ACPI: NUMA: SRAT: PXM 1 -> MPIDR 0x3d0100 -> Node 1
[    0.000000] ACPI: NUMA: SRAT: PXM 1 -> MPIDR 0x3d0200 -> Node 1
[    0.000000] ACPI: NUMA: SRAT: PXM 1 -> MPIDR 0x3d0300 -> Node 1
[    0.000000] ACPI: NUMA: SRAT: PXM 1 -> MPIDR 0x3e0000 -> Node 1
[    0.000000] ACPI: NUMA: SRAT: PXM 1 -> MPIDR 0x3e0100 -> Node 1
[    0.000000] ACPI: NUMA: SRAT: PXM 1 -> MPIDR 0x3e0200 -> Node 1
[    0.000000] ACPI: NUMA: SRAT: PXM 1 -> MPIDR 0x3e0300 -> Node 1
[    0.000000] ACPI: NUMA: SRAT: PXM 1 -> MPIDR 0x3f0000 -> Node 1
[    0.000000] ACPI: NUMA: SRAT: PXM 1 -> MPIDR 0x3f0100 -> Node 1
[    0.000000] ACPI: NUMA: SRAT: PXM 1 -> MPIDR 0x3f0200 -> Node 1
[    0.000000] ACPI: NUMA: SRAT: PXM 1 -> MPIDR 0x3f0300 -> Node 1
[    0.000000] random: get_random_bytes called from start_kernel+0xa8/0x4f8 with crng_init=0
[    0.000000] percpu: Embedded 3 pages/cpu s125912 r8192 d62504 u196608
[    0.000000] pcpu-alloc: s125912 r8192 d62504 u196608 alloc=3*65536
[    0.000000] pcpu-alloc: [0] 00 [0] 01 [0] 02 [0] 03 [0] 04 [0] 05 [0] 06 [0] 07 
[    0.000000] pcpu-alloc: [0] 08 [0] 09 [0] 10 [0] 11 [0] 12 [0] 13 [0] 14 [0] 15 
[    0.000000] pcpu-alloc: [0] 16 [0] 17 [0] 18 [0] 19 [0] 20 [0] 21 [0] 22 [0] 23 
[    0.000000] pcpu-alloc: [0] 24 [0] 25 [0] 26 [0] 27 [0] 28 [0] 29 [0] 30 [0] 31 
[    0.000000] pcpu-alloc: [1] 32 [1] 33 [1] 34 [1] 35 [1] 36 [1] 37 [1] 38 [1] 39 
[    0.000000] pcpu-alloc: [1] 40 [1] 41 [1] 42 [1] 43 [1] 44 [1] 45 [1] 46 [1] 47 
[    0.000000] pcpu-alloc: [1] 48 [1] 49 [1] 50 [1] 51 [1] 52 [1] 53 [1] 54 [1] 55 
[    0.000000] pcpu-alloc: [1] 56 [1] 57 [1] 58 [1] 59 [1] 60 [1] 61 [1] 62 [1] 63 
[    0.000000] Detected VIPT I-cache on CPU0
[    0.000000] CPU features: enabling workaround for Mismatched cache type
[    0.000000] CPU features: detected: GIC system register CPU interface
[    0.000000] CPU features: detected: Virtualization Host Extensions
[    0.000000] CPU features: kernel page table isolation forced ON by KASLR
[    0.000000] CPU features: detected: Kernel page table isolation (KPTI)
[    0.000000] CPU features: detected: Hardware dirty bit management
[    0.000000] CPU features: detected: Speculative Store Bypassing Safe (SSBS)
[    0.000000] alternatives: patching kernel code
[    0.000000] Built 2 zonelists, mobility grouping on.  Total pages: 4189949
[    0.000000] Policy zone: Normal
[    0.000000] Kernel command line: BOOT_IMAGE=/vmlinuz-4.19.90-2102.2.0.0062.ctl2.aarch64 root=/dev/mapper/system-lv_root ro console=tty0 pci=realloc pciehp.pciehp_forece=1 biosdevname=0 net.ifnames=0 console=ttyS0,115200n8 crashkernel=1024M,high smmu.bypassdev=0x1000:0x17 smmu.bypassdev=0x1000:0x15 video=efifb:off video=VGA-1:640x480-32@60me
[    0.000000] software IO TLB: mapped [mem 0x6c000000-0x70000000] (64MB)
[    0.000000] Memory: 266452928K/268418880K available (10300K kernel code, 1602K rwdata, 3712K rodata, 4288K init, 3056K bss, 1965952K reserved, 0K cma-reserved)
[    0.000000] SLUB: HWalign=64, Order=0-3, MinObjects=0, CPUs=64, Nodes=2
[    0.000000] ftrace: allocating 34923 entries in 9 pages
[    0.000000] rcu: Hierarchical RCU implementation.
[    0.000000] rcu: 	RCU restricting CPUs from NR_CPUS=1024 to nr_cpu_ids=64.
[    0.000000] rcu: Adjusting geometry for rcu_fanout_leaf=16, nr_cpu_ids=64
[    0.000000] NR_IRQS: 64, nr_irqs: 64, preallocated irqs: 0
[    0.000000] GICv3: GIC: Using split EOI/Deactivate mode
[    0.000000] GICv3: Distributor has no Range Selector support
[    0.000000] GICv3: VLPI support, direct LPI support
[    0.000000] GICv3: CPU0: found redistributor 180000 region 0:0x00000000aa100000
[    0.000000] SRAT: PXM 0 -> ITS 0 -> Node 0
[    0.000000] SRAT: PXM 1 -> ITS 1 -> Node 1
[    0.000000] ITS [mem 0x202100000-0x20211ffff]
[    0.000000] ITS@0x0000000202100000: Using ITS number 0
[    0.000000] ITS@0x0000000202100000: allocated 65536 Devices @3fc0700000 (flat, esz 8, psz 16K, shr 1)
[    0.000000] ITS@0x0000000202100000: allocated 65536 Virtual CPUs @3fc0800000 (flat, esz 16, psz 4K, shr 1)
[    0.000000] ITS@0x0000000202100000: allocated 4096 Interrupt Collections @3fc06a0000 (flat, esz 16, psz 4K, shr 1)
[    0.000000] ITS [mem 0x200202100000-0x20020211ffff]
[    0.000000] ITS@0x0000200202100000: Using ITS number 1
[    0.000000] ITS@0x0000200202100000: allocated 65536 Devices @203f60080000 (flat, esz 8, psz 16K, shr 1)
[    0.000000] ITS@0x0000200202100000: allocated 65536 Virtual CPUs @203f60100000 (flat, esz 16, psz 4K, shr 1)
[    0.000000] ITS@0x0000200202100000: allocated 4096 Interrupt Collections @203f60020000 (flat, esz 16, psz 4K, shr 1)
[    0.000000] GICv3: using LPI property table @0x0000003fc06b0000
[    0.000000] ITS: Using DirectLPI for VPE invalidation
[    0.000000] ITS: Enabling GICv4 support
[    0.000000] GICv3: CPU0: using allocated LPI pending table @0x0000003fc06d0000
[    0.000000] rcu: 	Offload RCU callbacks from CPUs: (none).
[    0.000000] arch_timer: cp15 timer(s) running at 100.00MHz (phys).
[    0.000000] clocksource: arch_sys_counter: mask: 0xffffffffffffff max_cycles: 0x171024e7e0, max_idle_ns: 440795205315 ns
[    0.000001] sched_clock: 56 bits at 100MHz, resolution 10ns, wraps every 4398046511100ns
[    0.000084] Console: colour dummy device 80x25
[    0.000354] console [tty0] enabled
[    0.000472] mempolicy: Enabling automatic NUMA balancing. Configure with numa_balancing= or the kernel.numa_balancing sysctl
[    0.000485] ACPI: Core revision 20180810
[    0.000896] Calibrating delay loop (skipped), value calculated using timer frequency.. 200.00 BogoMIPS (lpj=400000)
[    0.000901] pid_max: default: 65536 minimum: 512
[    0.001216] Security Framework initialized
[    0.001219] Yama: becoming mindful.
[    0.001223] SELinux:  Initializing.
[    0.010358] Dentry cache hash table entries: 16777216 (order: 11, 134217728 bytes)
[    0.014809] Inode-cache hash table entries: 8388608 (order: 10, 67108864 bytes)
[    0.015012] Mount-cache hash table entries: 262144 (order: 5, 2097152 bytes)
[    0.015164] Mountpoint-cache hash table entries: 262144 (order: 5, 2097152 bytes)
[    0.016717] ASID allocator initialised with 32768 entries
[    0.016738] rcu: Hierarchical SRCU implementation.
[    0.017063] Platform MSI: ITS@0x202100000 domain created
[    0.017066] Platform MSI: ITS@0x200202100000 domain created
[    0.017071] PCI/MSI: ITS@0x202100000 domain created
[    0.017074] PCI/MSI: ITS@0x200202100000 domain created
[    0.017105] Remapping and enabling EFI services.
[    0.017190] efi: memattr: Entry attributes invalid: RO and XP bits both cleared
[    0.017194] efi: memattr: ! 0x000000000000-0x00000000ffff [Runtime Code       |RUN|  |  |  |  |  |  |   |  |  |  |  ]
[    0.017866] smp: Bringing up secondary CPUs ...
[    0.017993] Detected VIPT I-cache on CPU1
[    0.017999] GICv3: CPU1: found redistributor 180100 region 1:0x00000000aa140000
[    0.018013] GICv3: CPU1: using allocated LPI pending table @0x0000003fc06e0000
[    0.018041] CPU1: Booted secondary processor 0x0000180100 [0x481fd010]
[    0.018983] Detected VIPT I-cache on CPU2
[    0.018987] GICv3: CPU2: found redistributor 180200 region 2:0x00000000aa180000
[    0.018998] GICv3: CPU2: using allocated LPI pending table @0x0000003fc06f0000
[    0.019025] CPU2: Booted secondary processor 0x0000180200 [0x481fd010]
[    0.019969] Detected VIPT I-cache on CPU3
[    0.019973] GICv3: CPU3: found redistributor 180300 region 3:0x00000000aa1c0000
[    0.019985] GICv3: CPU3: using allocated LPI pending table @0x0000003fc0780000
[    0.020011] CPU3: Booted secondary processor 0x0000180300 [0x481fd010]
[    0.020988] Detected VIPT I-cache on CPU4
[    0.020996] GICv3: CPU4: found redistributor 190000 region 4:0x00000000aa200000
[    0.021020] GICv3: CPU4: using allocated LPI pending table @0x0000003fc0790000
[    0.021051] CPU4: Booted secondary processor 0x0000190000 [0x481fd010]
[    0.021985] Detected VIPT I-cache on CPU5
[    0.021990] GICv3: CPU5: found redistributor 190100 region 5:0x00000000aa240000
[    0.022003] GICv3: CPU5: using allocated LPI pending table @0x0000003fc07a0000
[    0.022029] CPU5: Booted secondary processor 0x0000190100 [0x481fd010]
[    0.022977] Detected VIPT I-cache on CPU6
[    0.022982] GICv3: CPU6: found redistributor 190200 region 6:0x00000000aa280000
[    0.022994] GICv3: CPU6: using allocated LPI pending table @0x0000003fc07b0000
[    0.023020] CPU6: Booted secondary processor 0x0000190200 [0x481fd010]
[    0.023971] Detected VIPT I-cache on CPU7
[    0.023976] GICv3: CPU7: found redistributor 190300 region 7:0x00000000aa2c0000
[    0.023989] GICv3: CPU7: using allocated LPI pending table @0x0000003fc07c0000
[    0.024015] CPU7: Booted secondary processor 0x0000190300 [0x481fd010]
[    0.024970] Detected VIPT I-cache on CPU8
[    0.024977] GICv3: CPU8: found redistributor 1a0000 region 8:0x00000000aa300000
[    0.024993] GICv3: CPU8: using allocated LPI pending table @0x0000003fc07d0000
[    0.025022] CPU8: Booted secondary processor 0x00001a0000 [0x481fd010]
[    0.025963] Detected VIPT I-cache on CPU9
[    0.025968] GICv3: CPU9: found redistributor 1a0100 region 9:0x00000000aa340000
[    0.025981] GICv3: CPU9: using allocated LPI pending table @0x0000003fc07e0000
[    0.026007] CPU9: Booted secondary processor 0x00001a0100 [0x481fd010]
[    0.026969] Detected VIPT I-cache on CPU10
[    0.026974] GICv3: CPU10: found redistributor 1a0200 region 10:0x00000000aa380000
[    0.026987] GICv3: CPU10: using allocated LPI pending table @0x0000003fc07f0000
[    0.027012] CPU10: Booted secondary processor 0x00001a0200 [0x481fd010]
[    0.027961] Detected VIPT I-cache on CPU11
[    0.027967] GICv3: CPU11: found redistributor 1a0300 region 11:0x00000000aa3c0000
[    0.027980] GICv3: CPU11: using allocated LPI pending table @0x0000003fc0900000
[    0.028007] CPU11: Booted secondary processor 0x00001a0300 [0x481fd010]
[    0.028964] Detected VIPT I-cache on CPU12
[    0.028972] GICv3: CPU12: found redistributor 1b0000 region 12:0x00000000aa400000
[    0.028989] GICv3: CPU12: using allocated LPI pending table @0x0000003fc0910000
[    0.029018] CPU12: Booted secondary processor 0x00001b0000 [0x481fd010]
[    0.029959] Detected VIPT I-cache on CPU13
[    0.029965] GICv3: CPU13: found redistributor 1b0100 region 13:0x00000000aa440000
[    0.029978] GICv3: CPU13: using allocated LPI pending table @0x0000003fc0920000
[    0.030004] CPU13: Booted secondary processor 0x00001b0100 [0x481fd010]
[    0.030950] Detected VIPT I-cache on CPU14
[    0.030956] GICv3: CPU14: found redistributor 1b0200 region 14:0x00000000aa480000
[    0.030969] GICv3: CPU14: using allocated LPI pending table @0x0000003fc0930000
[    0.030996] CPU14: Booted secondary processor 0x00001b0200 [0x481fd010]
[    0.031953] Detected VIPT I-cache on CPU15
[    0.031960] GICv3: CPU15: found redistributor 1b0300 region 15:0x00000000aa4c0000
[    0.031972] GICv3: CPU15: using allocated LPI pending table @0x0000003fc0940000
[    0.031999] CPU15: Booted secondary processor 0x00001b0300 [0x481fd010]
[    0.032960] Detected VIPT I-cache on CPU16
[    0.032968] GICv3: CPU16: found redistributor 1c0000 region 16:0x00000000aa500000
[    0.032985] GICv3: CPU16: using allocated LPI pending table @0x0000003fc0950000
[    0.033015] CPU16: Booted secondary processor 0x00001c0000 [0x481fd010]
[    0.033955] Detected VIPT I-cache on CPU17
[    0.033961] GICv3: CPU17: found redistributor 1c0100 region 17:0x00000000aa540000
[    0.033975] GICv3: CPU17: using allocated LPI pending table @0x0000003fc0960000
[    0.034001] CPU17: Booted secondary processor 0x00001c0100 [0x481fd010]
[    0.034948] Detected VIPT I-cache on CPU18
[    0.034954] GICv3: CPU18: found redistributor 1c0200 region 18:0x00000000aa580000
[    0.034967] GICv3: CPU18: using allocated LPI pending table @0x0000003fc0970000
[    0.034994] CPU18: Booted secondary processor 0x00001c0200 [0x481fd010]
[    0.035944] Detected VIPT I-cache on CPU19
[    0.035951] GICv3: CPU19: found redistributor 1c0300 region 19:0x00000000aa5c0000
[    0.035963] GICv3: CPU19: using allocated LPI pending table @0x0000003fc0980000
[    0.035990] CPU19: Booted secondary processor 0x00001c0300 [0x481fd010]
[    0.036965] Detected VIPT I-cache on CPU20
[    0.036974] GICv3: CPU20: found redistributor 1d0000 region 20:0x00000000aa600000
[    0.036992] GICv3: CPU20: using allocated LPI pending table @0x0000003fc0990000
[    0.037024] CPU20: Booted secondary processor 0x00001d0000 [0x481fd010]
[    0.037959] Detected VIPT I-cache on CPU21
[    0.037966] GICv3: CPU21: found redistributor 1d0100 region 21:0x00000000aa640000
[    0.037980] GICv3: CPU21: using allocated LPI pending table @0x0000003fc09a0000
[    0.038007] CPU21: Booted secondary processor 0x00001d0100 [0x481fd010]
[    0.038955] Detected VIPT I-cache on CPU22
[    0.038962] GICv3: CPU22: found redistributor 1d0200 region 22:0x00000000aa680000
[    0.038975] GICv3: CPU22: using allocated LPI pending table @0x0000003fc09b0000
[    0.039002] CPU22: Booted secondary processor 0x00001d0200 [0x481fd010]
[    0.039951] Detected VIPT I-cache on CPU23
[    0.039958] GICv3: CPU23: found redistributor 1d0300 region 23:0x00000000aa6c0000
[    0.039971] GICv3: CPU23: using allocated LPI pending table @0x0000003fc09c0000
[    0.039997] CPU23: Booted secondary processor 0x00001d0300 [0x481fd010]
[    0.040954] Detected VIPT I-cache on CPU24
[    0.040963] GICv3: CPU24: found redistributor 1e0000 region 24:0x00000000aa700000
[    0.040981] GICv3: CPU24: using allocated LPI pending table @0x0000003fc09d0000
[    0.041013] CPU24: Booted secondary processor 0x00001e0000 [0x481fd010]
[    0.041951] Detected VIPT I-cache on CPU25
[    0.041958] GICv3: CPU25: found redistributor 1e0100 region 25:0x00000000aa740000
[    0.041971] GICv3: CPU25: using allocated LPI pending table @0x0000003fc09e0000
[    0.041998] CPU25: Booted secondary processor 0x00001e0100 [0x481fd010]
[    0.042944] Detected VIPT I-cache on CPU26
[    0.042952] GICv3: CPU26: found redistributor 1e0200 region 26:0x00000000aa780000
[    0.042965] GICv3: CPU26: using allocated LPI pending table @0x0000003fc09f0000
[    0.042993] CPU26: Booted secondary processor 0x00001e0200 [0x481fd010]
[    0.043938] Detected VIPT I-cache on CPU27
[    0.043946] GICv3: CPU27: found redistributor 1e0300 region 27:0x00000000aa7c0000
[    0.043959] GICv3: CPU27: using allocated LPI pending table @0x0000003fc0a00000
[    0.043986] CPU27: Booted secondary processor 0x00001e0300 [0x481fd010]
[    0.044948] Detected VIPT I-cache on CPU28
[    0.044958] GICv3: CPU28: found redistributor 1f0000 region 28:0x00000000aa800000
[    0.044977] GICv3: CPU28: using allocated LPI pending table @0x0000003fc0a10000
[    0.045009] CPU28: Booted secondary processor 0x00001f0000 [0x481fd010]
[    0.045946] Detected VIPT I-cache on CPU29
[    0.045954] GICv3: CPU29: found redistributor 1f0100 region 29:0x00000000aa840000
[    0.045968] GICv3: CPU29: using allocated LPI pending table @0x0000003fc0a20000
[    0.045995] CPU29: Booted secondary processor 0x00001f0100 [0x481fd010]
[    0.046941] Detected VIPT I-cache on CPU30
[    0.046949] GICv3: CPU30: found redistributor 1f0200 region 30:0x00000000aa880000
[    0.046963] GICv3: CPU30: using allocated LPI pending table @0x0000003fc0a30000
[    0.046990] CPU30: Booted secondary processor 0x00001f0200 [0x481fd010]
[    0.047935] Detected VIPT I-cache on CPU31
[    0.047943] GICv3: CPU31: found redistributor 1f0300 region 31:0x00000000aa8c0000
[    0.047957] GICv3: CPU31: using allocated LPI pending table @0x0000003fc0a40000
[    0.047986] CPU31: Booted secondary processor 0x00001f0300 [0x481fd010]
[    0.049041] Detected VIPT I-cache on CPU32
[    0.049069] GICv3: CPU32: found redistributor 380000 region 32:0x00002000aa100000
[    0.049114] GICv3: CPU32: using allocated LPI pending table @0x0000003fc0a50000
[    0.049179] CPU32: Booted secondary processor 0x0000380000 [0x481fd010]
[    0.050154] Detected VIPT I-cache on CPU33
[    0.050172] GICv3: CPU33: found redistributor 380100 region 33:0x00002000aa140000
[    0.050193] GICv3: CPU33: using allocated LPI pending table @0x0000003fc0a60000
[    0.050241] CPU33: Booted secondary processor 0x0000380100 [0x481fd010]
[    0.051192] Detected VIPT I-cache on CPU34
[    0.051211] GICv3: CPU34: found redistributor 380200 region 34:0x00002000aa180000
[    0.051231] GICv3: CPU34: using allocated LPI pending table @0x0000003fc0a70000
[    0.051279] CPU34: Booted secondary processor 0x0000380200 [0x481fd010]
[    0.052233] Detected VIPT I-cache on CPU35
[    0.052252] GICv3: CPU35: found redistributor 380300 region 35:0x00002000aa1c0000
[    0.052272] GICv3: CPU35: using allocated LPI pending table @0x0000003fc0a80000
[    0.052320] CPU35: Booted secondary processor 0x0000380300 [0x481fd010]
[    0.053282] Detected VIPT I-cache on CPU36
[    0.053303] GICv3: CPU36: found redistributor 390000 region 36:0x00002000aa200000
[    0.053327] GICv3: CPU36: using allocated LPI pending table @0x0000003fc0a90000
[    0.053379] CPU36: Booted secondary processor 0x0000390000 [0x481fd010]
[    0.054336] Detected VIPT I-cache on CPU37
[    0.054355] GICv3: CPU37: found redistributor 390100 region 37:0x00002000aa240000
[    0.054376] GICv3: CPU37: using allocated LPI pending table @0x0000003fc0aa0000
[    0.054424] CPU37: Booted secondary processor 0x0000390100 [0x481fd010]
[    0.055384] Detected VIPT I-cache on CPU38
[    0.055403] GICv3: CPU38: found redistributor 390200 region 38:0x00002000aa280000
[    0.055424] GICv3: CPU38: using allocated LPI pending table @0x0000003fc0ab0000
[    0.055472] CPU38: Booted secondary processor 0x0000390200 [0x481fd010]
[    0.056433] Detected VIPT I-cache on CPU39
[    0.056453] GICv3: CPU39: found redistributor 390300 region 39:0x00002000aa2c0000
[    0.056474] GICv3: CPU39: using allocated LPI pending table @0x0000003fc0ac0000
[    0.056522] CPU39: Booted secondary processor 0x0000390300 [0x481fd010]
[    0.057514] Detected VIPT I-cache on CPU40
[    0.057536] GICv3: CPU40: found redistributor 3a0000 region 40:0x00002000aa300000
[    0.057561] GICv3: CPU40: using allocated LPI pending table @0x0000003fc0ad0000
[    0.057612] CPU40: Booted secondary processor 0x00003a0000 [0x481fd010]
[    0.058565] Detected VIPT I-cache on CPU41
[    0.058585] GICv3: CPU41: found redistributor 3a0100 region 41:0x00002000aa340000
[    0.058605] GICv3: CPU41: using allocated LPI pending table @0x0000003fc0ae0000
[    0.058656] CPU41: Booted secondary processor 0x00003a0100 [0x481fd010]
[    0.059601] Detected VIPT I-cache on CPU42
[    0.059621] GICv3: CPU42: found redistributor 3a0200 region 42:0x00002000aa380000
[    0.059642] GICv3: CPU42: using allocated LPI pending table @0x0000003fc0af0000
[    0.059691] CPU42: Booted secondary processor 0x00003a0200 [0x481fd010]
[    0.060649] Detected VIPT I-cache on CPU43
[    0.060669] GICv3: CPU43: found redistributor 3a0300 region 43:0x00002000aa3c0000
[    0.060691] GICv3: CPU43: using allocated LPI pending table @0x0000003fc0b00000
[    0.060740] CPU43: Booted secondary processor 0x00003a0300 [0x481fd010]
[    0.061696] Detected VIPT I-cache on CPU44
[    0.061718] GICv3: CPU44: found redistributor 3b0000 region 44:0x00002000aa400000
[    0.061743] GICv3: CPU44: using allocated LPI pending table @0x0000003fc0b10000
[    0.061796] CPU44: Booted secondary processor 0x00003b0000 [0x481fd010]
[    0.062735] Detected VIPT I-cache on CPU45
[    0.062755] GICv3: CPU45: found redistributor 3b0100 region 45:0x00002000aa440000
[    0.062776] GICv3: CPU45: using allocated LPI pending table @0x0000003fc0b20000
[    0.062824] CPU45: Booted secondary processor 0x00003b0100 [0x481fd010]
[    0.063783] Detected VIPT I-cache on CPU46
[    0.063804] GICv3: CPU46: found redistributor 3b0200 region 46:0x00002000aa480000
[    0.063825] GICv3: CPU46: using allocated LPI pending table @0x0000003fc0b30000
[    0.063875] CPU46: Booted secondary processor 0x00003b0200 [0x481fd010]
[    0.064826] Detected VIPT I-cache on CPU47
[    0.064847] GICv3: CPU47: found redistributor 3b0300 region 47:0x00002000aa4c0000
[    0.064868] GICv3: CPU47: using allocated LPI pending table @0x0000003fc0b40000
[    0.064917] CPU47: Booted secondary processor 0x00003b0300 [0x481fd010]
[    0.065882] Detected VIPT I-cache on CPU48
[    0.065904] GICv3: CPU48: found redistributor 3c0000 region 48:0x00002000aa500000
[    0.065930] GICv3: CPU48: using allocated LPI pending table @0x0000003fc0b50000
[    0.065982] CPU48: Booted secondary processor 0x00003c0000 [0x481fd010]
[    0.066924] Detected VIPT I-cache on CPU49
[    0.066945] GICv3: CPU49: found redistributor 3c0100 region 49:0x00002000aa540000
[    0.066966] GICv3: CPU49: using allocated LPI pending table @0x0000003fc0b60000
[    0.067016] CPU49: Booted secondary processor 0x00003c0100 [0x481fd010]
[    0.067966] Detected VIPT I-cache on CPU50
[    0.067987] GICv3: CPU50: found redistributor 3c0200 region 50:0x00002000aa580000
[    0.068008] GICv3: CPU50: using allocated LPI pending table @0x0000003fc0b70000
[    0.068058] CPU50: Booted secondary processor 0x00003c0200 [0x481fd010]
[    0.069007] Detected VIPT I-cache on CPU51
[    0.069028] GICv3: CPU51: found redistributor 3c0300 region 51:0x00002000aa5c0000
[    0.069049] GICv3: CPU51: using allocated LPI pending table @0x0000003fc0b80000
[    0.069100] CPU51: Booted secondary processor 0x00003c0300 [0x481fd010]
[    0.070070] Detected VIPT I-cache on CPU52
[    0.070092] GICv3: CPU52: found redistributor 3d0000 region 52:0x00002000aa600000
[    0.070118] GICv3: CPU52: using allocated LPI pending table @0x0000003fc0b90000
[    0.070172] CPU52: Booted secondary processor 0x00003d0000 [0x481fd010]
[    0.071115] Detected VIPT I-cache on CPU53
[    0.071136] GICv3: CPU53: found redistributor 3d0100 region 53:0x00002000aa640000
[    0.071158] GICv3: CPU53: using allocated LPI pending table @0x0000003fc0ba0000
[    0.071207] CPU53: Booted secondary processor 0x00003d0100 [0x481fd010]
[    0.072152] Detected VIPT I-cache on CPU54
[    0.072174] GICv3: CPU54: found redistributor 3d0200 region 54:0x00002000aa680000
[    0.072194] GICv3: CPU54: using allocated LPI pending table @0x0000003fc0bb0000
[    0.072245] CPU54: Booted secondary processor 0x00003d0200 [0x481fd010]
[    0.073190] Detected VIPT I-cache on CPU55
[    0.073211] GICv3: CPU55: found redistributor 3d0300 region 55:0x00002000aa6c0000
[    0.073232] GICv3: CPU55: using allocated LPI pending table @0x0000003fc0bc0000
[    0.073282] CPU55: Booted secondary processor 0x00003d0300 [0x481fd010]
[    0.074245] Detected VIPT I-cache on CPU56
[    0.074267] GICv3: CPU56: found redistributor 3e0000 region 56:0x00002000aa700000
[    0.074293] GICv3: CPU56: using allocated LPI pending table @0x0000003fc0bd0000
[    0.074347] CPU56: Booted secondary processor 0x00003e0000 [0x481fd010]
[    0.075289] Detected VIPT I-cache on CPU57
[    0.075310] GICv3: CPU57: found redistributor 3e0100 region 57:0x00002000aa740000
[    0.075327] GICv3: CPU57: using allocated LPI pending table @0x0000003fc0be0000
[    0.075377] CPU57: Booted secondary processor 0x00003e0100 [0x481fd010]
[    0.076331] Detected VIPT I-cache on CPU58
[    0.076353] GICv3: CPU58: found redistributor 3e0200 region 58:0x00002000aa780000
[    0.076374] GICv3: CPU58: using allocated LPI pending table @0x0000003fc0bf0000
[    0.076424] CPU58: Booted secondary processor 0x00003e0200 [0x481fd010]
[    0.077374] Detected VIPT I-cache on CPU59
[    0.077396] GICv3: CPU59: found redistributor 3e0300 region 59:0x00002000aa7c0000
[    0.077418] GICv3: CPU59: using allocated LPI pending table @0x0000003fc0c00000
[    0.077468] CPU59: Booted secondary processor 0x00003e0300 [0x481fd010]
[    0.078435] Detected VIPT I-cache on CPU60
[    0.078459] GICv3: CPU60: found redistributor 3f0000 region 60:0x00002000aa800000
[    0.078485] GICv3: CPU60: using allocated LPI pending table @0x0000003fc0c10000
[    0.078539] CPU60: Booted secondary processor 0x00003f0000 [0x481fd010]
[    0.079491] Detected VIPT I-cache on CPU61
[    0.079514] GICv3: CPU61: found redistributor 3f0100 region 61:0x00002000aa840000
[    0.079535] GICv3: CPU61: using allocated LPI pending table @0x0000003fc0c20000
[    0.079585] CPU61: Booted secondary processor 0x00003f0100 [0x481fd010]
[    0.080533] Detected VIPT I-cache on CPU62
[    0.080556] GICv3: CPU62: found redistributor 3f0200 region 62:0x00002000aa880000
[    0.080577] GICv3: CPU62: using allocated LPI pending table @0x0000003fc0c30000
[    0.080628] CPU62: Booted secondary processor 0x00003f0200 [0x481fd010]
[    0.081589] Detected VIPT I-cache on CPU63
[    0.081612] GICv3: CPU63: found redistributor 3f0300 region 63:0x00002000aa8c0000
[    0.081634] GICv3: CPU63: using allocated LPI pending table @0x0000003fc0c40000
[    0.081684] CPU63: Booted secondary processor 0x00003f0300 [0x481fd010]
[    0.082489] smp: Brought up 2 nodes, 64 CPUs
[    0.082865] SMP: Total of 64 processors activated.
[    0.082867] CPU features: detected: Privileged Access Never
[    0.082870] CPU features: detected: LSE atomic instructions
[    0.082871] CPU features: detected: User Access Override
[    0.082874] CPU features: detected: Data cache clean to Point of Persistence
[    0.082876] CPU features: detected: RAS Extension Support
[    0.082878] CPU features: detected: ARM64 MPAM Extension Support
[    0.082880] CPU features: detected: CRC32 instructions
[    0.123270] CPU: All CPU(s) started at EL2
[    0.126994] devtmpfs: initialized
[    0.132762] clocksource: jiffies: mask: 0xffffffff max_cycles: 0xffffffff, max_idle_ns: 7645041785100000 ns
[    0.132796] futex hash table entries: 16384 (order: 4, 1048576 bytes)
[    0.133112] pinctrl core: initialized pinctrl subsystem
[    0.133227] SMBIOS 3.3.0 present.
[    0.133231] DMI: RCSIT TG225 B1/BC82AMDQ, BIOS 5.25 09/14/2022
[    0.133520] NET: Registered protocol family 16
[    0.134078] audit: initializing netlink subsys (disabled)
[    0.134136] audit: type=2000 audit(0.096:1): state=initialized audit_enabled=0 res=1
[    0.134422] cpuidle: using governor menu
[    0.134448] Detected 1 PCC Subspaces
[    0.134492] Registering PCC driver as Mailbox controller
[    0.134677] hw-breakpoint: found 6 breakpoint and 4 watchpoint registers.
[    0.135202] DMA: preallocated 256 KiB pool for atomic allocations
[    0.135216] ACPI: bus type PCI registered
[    0.135219] acpiphp: ACPI Hot Plug PCI Controller Driver version: 0.5
[    0.135252] Serial: AMBA PL011 UART driver
[    0.138280] HugeTLB registered 2.00 MiB page size, pre-allocated 0 pages
[    0.138284] HugeTLB registered 512 MiB page size, pre-allocated 0 pages
[    0.139035] ACPI: Added _OSI(Module Device)
[    0.139038] ACPI: Added _OSI(Processor Device)
[    0.139041] ACPI: Added _OSI(3.0 _SCP Extensions)
[    0.139043] ACPI: Added _OSI(Processor Aggregator Device)
[    0.139046] ACPI: Added _OSI(Linux-Dell-Video)
[    0.139048] ACPI: Added _OSI(Linux-Lenovo-NV-HDMI-Audio)
[    0.147256] ACPI: 2 ACPI AML tables successfully acquired and loaded
[    0.151558] ACPI: Interpreter enabled
[    0.151562] ACPI: Using GIC for interrupt routing
[    0.151573] ACPI: MCFG table detected, 1 entries
[    0.151578] ACPI: IORT: SMMU-v3[148000000] Mapped to Proximity domain 0
[    0.151603] ACPI: IORT: SMMU-v3[201000000] Mapped to Proximity domain 0
[    0.151619] ACPI: IORT: SMMU-v3[100000000] Mapped to Proximity domain 0
[    0.151634] ACPI: IORT: SMMU-v3[140000000] Mapped to Proximity domain 0
[    0.151648] ACPI: IORT: SMMU-v3[200148000000] Mapped to Proximity domain 1
[    0.151663] ACPI: IORT: SMMU-v3[200201000000] Mapped to Proximity domain 1
[    0.151677] ACPI: IORT: SMMU-v3[200100000000] Mapped to Proximity domain 1
[    0.151691] ACPI: IORT: SMMU-v3[200140000000] Mapped to Proximity domain 1
[    0.151947] HEST: Table parsing has been initialized.
[    0.180333] ACPI: PCI Root Bridge [PCI0] (domain 0000 [bus 00-3f])
[    0.180340] acpi PNP0A08:00: _OSC: OS supports [ExtendedConfig ASPM ClockPM Segments MSI]
[    0.180427] acpi PNP0A08:00: _OSC: platform does not support [SHPCHotplug LTR]
[    0.180502] acpi PNP0A08:00: _OSC: OS now controls [PCIeHotplug PME AER PCIeCapability]
[    0.181108] acpi PNP0A08:00: ECAM area [mem 0xd0000000-0xd3ffffff] reserved by PNP0C02:00
[    0.181145] acpi PNP0A08:00: ECAM at [mem 0xd0000000-0xd3ffffff] for [bus 00-3f]
[    0.181172] Remapped I/O 0x00000000f7ff0000 to [io  0x0000-0xffff window]
[    0.181223] PCI host bridge to bus 0000:00
[    0.181226] pci_bus 0000:00: root bus resource [mem 0x80000000000-0x82fffffffff pref window]
[    0.181229] pci_bus 0000:00: root bus resource [mem 0xe0000000-0xf7feffff window]
[    0.181233] pci_bus 0000:00: root bus resource [io  0x0000-0xffff window]
[    0.181236] pci_bus 0000:00: root bus resource [bus 00-3f]
[    0.181264] pci 0000:00:00.0: [19e5:a120] type 01 class 0x060400
[    0.181324] pci 0000:00:00.0: PME# supported from D0 D1 D2 D3hot D3cold
[    0.181384] pci 0000:00:08.0: [19e5:a120] type 01 class 0x060400
[    0.181434] pci 0000:00:08.0: PME# supported from D0 D1 D2 D3hot D3cold
[    0.181482] pci 0000:00:0c.0: [19e5:a120] type 01 class 0x060400
[    0.181531] pci 0000:00:0c.0: PME# supported from D0 D1 D2 D3hot D3cold
[    0.181579] pci 0000:00:10.0: [19e5:a120] type 01 class 0x060400
[    0.181627] pci 0000:00:10.0: PME# supported from D0 D1 D2 D3hot D3cold
[    0.181672] pci 0000:00:11.0: [19e5:a120] type 01 class 0x060400
[    0.181726] pci 0000:00:11.0: PME# supported from D0 D1 D2 D3hot D3cold
[    0.181771] pci 0000:00:12.0: [19e5:a120] type 01 class 0x060400
[    0.181820] pci 0000:00:12.0: PME# supported from D0 D1 D2 D3hot D3cold
[    0.181950] pci 0000:01:00.0: [15b3:1015] type 00 class 0x020000
[    0.182164] pci 0000:01:00.0: reg 0x10: [mem 0x80002000000-0x80003ffffff 64bit pref]
[    0.182450] pci 0000:01:00.0: reg 0x30: [mem 0xfff00000-0xffffffff pref]
[    0.183248] pci 0000:01:00.0: PME# supported from D3cold
[    0.183523] pci 0000:01:00.0: reg 0x1a4: [mem 0x80004800000-0x800048fffff 64bit pref]
[    0.183527] pci 0000:01:00.0: VF(n) BAR0 space: [mem 0x80004800000-0x80004ffffff 64bit pref] (contains BAR0 for 8 VFs)
[    0.184483] pci 0000:01:00.1: [15b3:1015] type 00 class 0x020000
[    0.184682] pci 0000:01:00.1: reg 0x10: [mem 0x80000000000-0x80001ffffff 64bit pref]
[    0.184969] pci 0000:01:00.1: reg 0x30: [mem 0xfff00000-0xffffffff pref]
[    0.185721] pci 0000:01:00.1: PME# supported from D3cold
[    0.185979] pci 0000:01:00.1: reg 0x1a4: [mem 0x80004000000-0x800040fffff 64bit pref]
[    0.185983] pci 0000:01:00.1: VF(n) BAR0 space: [mem 0x80004000000-0x800047fffff 64bit pref] (contains BAR0 for 8 VFs)
[    0.187001] pci 0000:04:00.0: [19e5:1710] type 00 class 0x118000
[    0.187017] pci 0000:04:00.0: reg 0x10: [mem 0xe0000000-0xe3ffffff pref]
[    0.187024] pci 0000:04:00.0: reg 0x14: [mem 0xe7000000-0xe70fffff]
[    0.187031] pci 0000:04:00.0: reg 0x18: [mem 0xe6000000-0xe6ffffff]
[    0.187120] pci 0000:04:00.0: supports D1
[    0.187123] pci 0000:04:00.0: PME# supported from D0 D1 D3hot
[    0.187215] pci 0000:05:00.0: [19e5:1711] type 00 class 0x030000
[    0.187233] pci 0000:05:00.0: reg 0x10: [mem 0xe4000000-0xe5ffffff pref]
[    0.187242] pci 0000:05:00.0: reg 0x14: [mem 0xe7200000-0xe73fffff]
[    0.187316] pci 0000:05:00.0: BAR 0: assigned to efifb
[    0.187349] pci 0000:05:00.0: supports D1
[    0.187351] pci 0000:05:00.0: PME# supported from D0 D1 D3hot
[    0.187444] pci_bus 0000:00: on NUMA node 0
[    0.187445] pci 0000:00:00.0: PCI bridge to [bus 01]
[    0.187450] pci 0000:00:00.0:   bridge window [mem 0xe7400000-0xe75fffff]
[    0.187453] pci 0000:00:00.0:   bridge window [mem 0x80000000000-0x80004ffffff 64bit pref]
[    0.187457] pci 0000:00:08.0: PCI bridge to [bus 02]
[    0.187461] pci 0000:00:0c.0: PCI bridge to [bus 03]
[    0.187465] pci 0000:00:10.0: PCI bridge to [bus 04]
[    0.187468] pci 0000:00:10.0:   bridge window [mem 0xe6000000-0xe70fffff]
[    0.187471] pci 0000:00:10.0:   bridge window [mem 0xe0000000-0xe3ffffff 64bit pref]
[    0.187474] pci 0000:00:11.0: PCI bridge to [bus 05]
[    0.187478] pci 0000:00:11.0:   bridge window [mem 0xe7200000-0xe73fffff]
[    0.187481] pci 0000:00:11.0:   bridge window [mem 0xe4000000-0xe5ffffff 64bit pref]
[    0.187484] pci 0000:00:12.0: PCI bridge to [bus 06]
[    0.187489] pci 0000:01:00.0: can't claim BAR 6 [mem 0xfff00000-0xffffffff pref]: no compatible bridge window
[    0.187493] pci 0000:01:00.1: can't claim BAR 6 [mem 0xfff00000-0xffffffff pref]: no compatible bridge window
[    0.187497] pci_bus 0000:00: max bus depth: 1 pci_try_num: 2
[    0.187505] pci 0000:01:00.0: BAR 6: assigned [mem 0xe7400000-0xe74fffff pref]
[    0.187508] pci 0000:01:00.1: BAR 6: assigned [mem 0xe7500000-0xe75fffff pref]
[    0.187512] pci 0000:00:00.0: PCI bridge to [bus 01]
[    0.187516] pci 0000:00:00.0:   bridge window [mem 0xe7400000-0xe75fffff]
[    0.187519] pci 0000:00:00.0:   bridge window [mem 0x80000000000-0x80004ffffff 64bit pref]
[    0.187522] pci 0000:00:08.0: PCI bridge to [bus 02]
[    0.187527] pci 0000:00:0c.0: PCI bridge to [bus 03]
[    0.187531] pci 0000:00:10.0: PCI bridge to [bus 04]
[    0.187534] pci 0000:00:10.0:   bridge window [mem 0xe6000000-0xe70fffff]
[    0.187537] pci 0000:00:10.0:   bridge window [mem 0xe0000000-0xe3ffffff 64bit pref]
[    0.187541] pci 0000:00:11.0: PCI bridge to [bus 05]
[    0.187543] pci 0000:00:11.0:   bridge window [mem 0xe7200000-0xe73fffff]
[    0.187547] pci 0000:00:11.0:   bridge window [mem 0xe4000000-0xe5ffffff 64bit pref]
[    0.187550] pci 0000:00:12.0: PCI bridge to [bus 06]
[    0.187555] pci_bus 0000:00: resource 4 [mem 0x80000000000-0x82fffffffff pref window]
[    0.187558] pci_bus 0000:00: resource 5 [mem 0xe0000000-0xf7feffff window]
[    0.187561] pci_bus 0000:00: resource 6 [io  0x0000-0xffff window]
[    0.187564] pci_bus 0000:01: resource 1 [mem 0xe7400000-0xe75fffff]
[    0.187566] pci_bus 0000:01: resource 2 [mem 0x80000000000-0x80004ffffff 64bit pref]
[    0.187570] pci_bus 0000:04: resource 1 [mem 0xe6000000-0xe70fffff]
[    0.187572] pci_bus 0000:04: resource 2 [mem 0xe0000000-0xe3ffffff 64bit pref]
[    0.187575] pci_bus 0000:05: resource 1 [mem 0xe7200000-0xe73fffff]
[    0.187578] pci_bus 0000:05: resource 2 [mem 0xe4000000-0xe5ffffff 64bit pref]
[    0.187611] ACPI: PCI Root Bridge [PCI1] (domain 0000 [bus 7b])
[    0.187615] acpi PNP0A08:01: _OSC: OS supports [ExtendedConfig ASPM ClockPM Segments MSI]
[    0.187700] acpi PNP0A08:01: _OSC: platform does not support [PCIeHotplug SHPCHotplug PME AER LTR]
[    0.187774] acpi PNP0A08:01: _OSC: OS now controls [PCIeCapability]
[    0.188362] acpi PNP0A08:01: ECAM area [mem 0xd7b00000-0xd7bfffff] reserved by PNP0C02:00
[    0.188389] acpi PNP0A08:01: ECAM at [mem 0xd7b00000-0xd7bfffff] for [bus 7b]
[    0.188472] PCI host bridge to bus 0000:7b
[    0.188475] pci_bus 0000:7b: root bus resource [mem 0x148800000-0x148ffffff pref window]
[    0.188478] pci_bus 0000:7b: root bus resource [bus 7b]
[    0.188486] pci 0000:7b:00.0: [19e5:a122] type 00 class 0x088000
[    0.188494] pci 0000:7b:00.0: reg 0x18: [mem 0x00000000-0x00003fff 64bit pref]
[    0.188544] pci_bus 0000:7b: on NUMA node 0
[    0.188545] pci_bus 0000:7b: max bus depth: 0 pci_try_num: 1
[    0.188549] pci 0000:7b:00.0: BAR 2: assigned [mem 0x148800000-0x148803fff 64bit pref]
[    0.188554] pci_bus 0000:7b: resource 4 [mem 0x148800000-0x148ffffff pref window]
[    0.188587] ACPI: PCI Root Bridge [PCI2] (domain 0000 [bus 7a])
[    0.188591] acpi PNP0A08:02: _OSC: OS supports [ExtendedConfig ASPM ClockPM Segments MSI]
[    0.188673] acpi PNP0A08:02: _OSC: platform does not support [PCIeHotplug SHPCHotplug PME AER LTR]
[    0.188746] acpi PNP0A08:02: _OSC: OS now controls [PCIeCapability]
[    0.189322] acpi PNP0A08:02: ECAM area [mem 0xd7a00000-0xd7afffff] reserved by PNP0C02:00
[    0.189328] acpi PNP0A08:02: ECAM at [mem 0xd7a00000-0xd7afffff] for [bus 7a]
[    0.189372] PCI host bridge to bus 0000:7a
[    0.189375] pci_bus 0000:7a: root bus resource [mem 0x20c000000-0x20c1fffff pref window]
[    0.189378] pci_bus 0000:7a: root bus resource [bus 7a]
[    0.189384] pci 0000:7a:00.0: [19e5:a23b] type 00 class 0x0c0310
[    0.189391] pci 0000:7a:00.0: reg 0x10: [mem 0x20c100000-0x20c100fff 64bit pref]
[    0.189435] pci 0000:7a:01.0: [19e5:a239] type 00 class 0x0c0320
[    0.189442] pci 0000:7a:01.0: reg 0x10: [mem 0x20c101000-0x20c101fff 64bit pref]
[    0.189486] pci 0000:7a:02.0: [19e5:a238] type 00 class 0x0c0330
[    0.189493] pci 0000:7a:02.0: reg 0x10: [mem 0x20c000000-0x20c0fffff 64bit pref]
[    0.189540] pci_bus 0000:7a: on NUMA node 0
[    0.189541] pci_bus 0000:7a: max bus depth: 0 pci_try_num: 1
[    0.189545] pci 0000:7a:02.0: BAR 0: assigned [mem 0x20c000000-0x20c0fffff 64bit pref]
[    0.189550] pci 0000:7a:00.0: BAR 0: assigned [mem 0x20c100000-0x20c100fff 64bit pref]
[    0.189554] pci 0000:7a:01.0: BAR 0: assigned [mem 0x20c101000-0x20c101fff 64bit pref]
[    0.189559] pci_bus 0000:7a: resource 4 [mem 0x20c000000-0x20c1fffff pref window]
[    0.189584] ACPI: PCI Root Bridge [PCI3] (domain 0000 [bus 78-79])
[    0.189588] acpi PNP0A08:03: _OSC: OS supports [ExtendedConfig ASPM ClockPM Segments MSI]
[    0.189669] acpi PNP0A08:03: _OSC: platform does not support [PCIeHotplug SHPCHotplug PME AER LTR]
[    0.189747] acpi PNP0A08:03: _OSC: OS now controls [PCIeCapability]
[    0.190326] acpi PNP0A08:03: ECAM area [mem 0xd7800000-0xd79fffff] reserved by PNP0C02:00
[    0.190332] acpi PNP0A08:03: ECAM at [mem 0xd7800000-0xd79fffff] for [bus 78-79]
[    0.190390] PCI host bridge to bus 0000:78
[    0.190393] pci_bus 0000:78: root bus resource [mem 0x208000000-0x208bfffff pref window]
[    0.190396] pci_bus 0000:78: root bus resource [bus 78-79]
[    0.190407] pci_bus 0000:78: on NUMA node 0
[    0.190409] pci_bus 0000:78: max bus depth: 0 pci_try_num: 1
[    0.190412] pci_bus 0000:78: resource 4 [mem 0x208000000-0x208bfffff pref window]
[    0.190438] ACPI: PCI Root Bridge [PCI4] (domain 0000 [bus 7c-7d])
[    0.190442] acpi PNP0A08:04: _OSC: OS supports [ExtendedConfig ASPM ClockPM Segments MSI]
[    0.190522] acpi PNP0A08:04: _OSC: platform does not support [PCIeHotplug SHPCHotplug PME AER LTR]
[    0.190596] acpi PNP0A08:04: _OSC: OS now controls [PCIeCapability]
[    0.191172] acpi PNP0A08:04: ECAM area [mem 0xd7c00000-0xd7dfffff] reserved by PNP0C02:00
[    0.191178] acpi PNP0A08:04: ECAM at [mem 0xd7c00000-0xd7dfffff] for [bus 7c-7d]
[    0.191220] PCI host bridge to bus 0000:7c
[    0.191223] pci_bus 0000:7c: root bus resource [mem 0x120000000-0x13fffffff pref window]
[    0.191226] pci_bus 0000:7c: root bus resource [bus 7c-7d]
[    0.191233] pci 0000:7c:00.0: [19e5:a121] type 01 class 0x060400
[    0.191243] pci 0000:7c:00.0: enabling Extended Tags
[    0.191317] pci 0000:7d:00.0: [19e5:a222] type 00 class 0x020000
[    0.191324] pci 0000:7d:00.0: reg 0x10: [mem 0x120430000-0x12043ffff 64bit pref]
[    0.191328] pci 0000:7d:00.0: reg 0x18: [mem 0x120300000-0x1203fffff 64bit pref]
[    0.191378] pci 0000:7d:00.1: [19e5:a221] type 00 class 0x020000
[    0.191385] pci 0000:7d:00.1: reg 0x10: [mem 0x120420000-0x12042ffff 64bit pref]
[    0.191390] pci 0000:7d:00.1: reg 0x18: [mem 0x120200000-0x1202fffff 64bit pref]
[    0.191435] pci 0000:7d:00.2: [19e5:a222] type 00 class 0x020000
[    0.191442] pci 0000:7d:00.2: reg 0x10: [mem 0x120410000-0x12041ffff 64bit pref]
[    0.191447] pci 0000:7d:00.2: reg 0x18: [mem 0x120100000-0x1201fffff 64bit pref]
[    0.191491] pci 0000:7d:00.3: [19e5:a221] type 00 class 0x020000
[    0.191498] pci 0000:7d:00.3: reg 0x10: [mem 0x120400000-0x12040ffff 64bit pref]
[    0.191502] pci 0000:7d:00.3: reg 0x18: [mem 0x120000000-0x1200fffff 64bit pref]
[    0.191551] pci_bus 0000:7c: on NUMA node 0
[    0.191552] pci_bus 0000:7c: max bus depth: 1 pci_try_num: 2
[    0.191558] pci 0000:7c:00.0: BAR 15: assigned [mem 0x120000000-0x1204fffff 64bit pref]
[    0.191562] pci 0000:7d:00.0: BAR 2: assigned [mem 0x120000000-0x1200fffff 64bit pref]
[    0.191566] pci 0000:7d:00.1: BAR 2: assigned [mem 0x120100000-0x1201fffff 64bit pref]
[    0.191571] pci 0000:7d:00.2: BAR 2: assigned [mem 0x120200000-0x1202fffff 64bit pref]
[    0.191575] pci 0000:7d:00.3: BAR 2: assigned [mem 0x120300000-0x1203fffff 64bit pref]
[    0.191579] pci 0000:7d:00.0: BAR 0: assigned [mem 0x120400000-0x12040ffff 64bit pref]
[    0.191583] pci 0000:7d:00.1: BAR 0: assigned [mem 0x120410000-0x12041ffff 64bit pref]
[    0.191587] pci 0000:7d:00.2: BAR 0: assigned [mem 0x120420000-0x12042ffff 64bit pref]
[    0.191591] pci 0000:7d:00.3: BAR 0: assigned [mem 0x120430000-0x12043ffff 64bit pref]
[    0.191596] pci 0000:7c:00.0: PCI bridge to [bus 7d]
[    0.191600] pci 0000:7c:00.0:   bridge window [mem 0x120000000-0x1204fffff 64bit pref]
[    0.191603] pci_bus 0000:7c: resource 4 [mem 0x120000000-0x13fffffff pref window]
[    0.191607] pci_bus 0000:7d: resource 2 [mem 0x120000000-0x1204fffff 64bit pref]
[    0.191654] ACPI: PCI Root Bridge [PCI5] (domain 0000 [bus 74-75])
[    0.191658] acpi PNP0A08:06: _OSC: OS supports [ExtendedConfig ASPM ClockPM Segments MSI]
[    0.191739] acpi PNP0A08:06: _OSC: platform does not support [PCIeHotplug SHPCHotplug PME AER LTR]
[    0.191812] acpi PNP0A08:06: _OSC: OS now controls [PCIeCapability]
[    0.192388] acpi PNP0A08:06: ECAM area [mem 0xd7400000-0xd75fffff] reserved by PNP0C02:00
[    0.192394] acpi PNP0A08:06: ECAM at [mem 0xd7400000-0xd75fffff] for [bus 74-75]
[    0.192465] PCI host bridge to bus 0000:74
[    0.192469] pci_bus 0000:74: root bus resource [mem 0x141000000-0x141ffffff pref window]
[    0.192472] pci_bus 0000:74: root bus resource [mem 0x144000000-0x145ffffff pref window]
[    0.192475] pci_bus 0000:74: root bus resource [mem 0xa2000000-0xa2ffffff window]
[    0.192478] pci_bus 0000:74: root bus resource [bus 74-75]
[    0.192485] pci 0000:74:01.0: [19e5:a121] type 01 class 0x060400
[    0.192494] pci 0000:74:01.0: enabling Extended Tags
[    0.192546] pci 0000:74:02.0: [19e5:a230] type 00 class 0x010700
[    0.192555] pci 0000:74:02.0: reg 0x24: [mem 0xa2008000-0xa200ffff]
[    0.192615] pci 0000:74:03.0: [19e5:a235] type 00 class 0x010601
[    0.192626] pci 0000:74:03.0: reg 0x24: [mem 0xa2010000-0xa2010fff]
[    0.192671] pci 0000:74:04.0: [19e5:a230] type 00 class 0x010700
[    0.192680] pci 0000:74:04.0: reg 0x24: [mem 0xa2000000-0xa2007fff]
[    0.192765] pci_bus 0000:76: busn_res: can not insert [bus 76] under [bus 74-75] (conflicts with (null) [bus 74-75])
[    0.192772] pci_bus 0000:74: on NUMA node 0
[    0.192773] pci_bus 0000:74: max bus depth: 1 pci_try_num: 2
[    0.192778] pci 0000:74:02.0: BAR 5: assigned [mem 0xa2000000-0xa2007fff]
[    0.192781] pci 0000:74:04.0: BAR 5: assigned [mem 0xa2008000-0xa200ffff]
[    0.192785] pci 0000:74:03.0: BAR 5: assigned [mem 0xa2010000-0xa2010fff]
[    0.192788] pci 0000:74:01.0: PCI bridge to [bus 76]
[    0.192792] pci_bus 0000:74: resource 4 [mem 0x141000000-0x141ffffff pref window]
[    0.192795] pci_bus 0000:74: resource 5 [mem 0x144000000-0x145ffffff pref window]
[    0.192798] pci_bus 0000:74: resource 6 [mem 0xa2000000-0xa2ffffff window]
[    0.192847] ACPI: PCI Root Bridge [PCI6] (domain 0000 [bus 80-9f])
[    0.192851] acpi PNP0A08:07: _OSC: OS supports [ExtendedConfig ASPM ClockPM Segments MSI]
[    0.192931] acpi PNP0A08:07: _OSC: platform does not support [SHPCHotplug LTR]
[    0.193003] acpi PNP0A08:07: _OSC: OS now controls [PCIeHotplug PME AER PCIeCapability]
[    0.193599] acpi PNP0A08:07: ECAM area [mem 0xd8000000-0xd9ffffff] reserved by PNP0C02:00
[    0.193620] acpi PNP0A08:07: ECAM at [mem 0xd8000000-0xd9ffffff] for [bus 80-9f]
[    0.193647] Remapped I/O 0x00000000cfff0000 to [io  0x10000-0x1ffff window]
[    0.193702] PCI host bridge to bus 0000:80
[    0.193705] pci_bus 0000:80: root bus resource [mem 0x280000000000-0x282fffffffff pref window]
[    0.193708] pci_bus 0000:80: root bus resource [mem 0xb0000000-0xcffeffff window]
[    0.193712] pci_bus 0000:80: root bus resource [io  0x10000-0x1ffff window] (bus address [0x0000-0xffff])
[    0.193716] pci_bus 0000:80: root bus resource [bus 80-9f]
[    0.193746] pci 0000:80:00.0: [19e5:a120] type 01 class 0x060400
[    0.193807] pci 0000:80:00.0: PME# supported from D0 D1 D2 D3hot D3cold
[    0.193866] pci 0000:80:08.0: [19e5:a120] type 01 class 0x060400
[    0.193923] pci 0000:80:08.0: PME# supported from D0 D1 D2 D3hot D3cold
[    0.193979] pci 0000:80:0c.0: [19e5:a120] type 01 class 0x060400
[    0.194036] pci 0000:80:0c.0: PME# supported from D0 D1 D2 D3hot D3cold
[    0.194087] pci 0000:80:10.0: [19e5:a120] type 01 class 0x060400
[    0.194143] pci 0000:80:10.0: PME# supported from D0 D1 D2 D3hot D3cold
[    0.194217] pci 0000:81:00.0: [1000:10e2] type 00 class 0x010400
[    0.194236] pci 0000:81:00.0: reg 0x10: [mem 0x280005300000-0x2800053fffff 64bit pref]
[    0.194244] pci 0000:81:00.0: reg 0x18: [mem 0x280005200000-0x2800052fffff 64bit pref]
[    0.194251] pci 0000:81:00.0: reg 0x20: [mem 0xb0500000-0xb05fffff]
[    0.194257] pci 0000:81:00.0: reg 0x24: [io  0x11000-0x110ff]
[    0.194263] pci 0000:81:00.0: reg 0x30: [mem 0xfff00000-0xffffffff pref]
[    0.194331] pci 0000:81:00.0: supports D1 D2
[    0.194479] pci 0000:82:00.0: [15b3:1015] type 00 class 0x020000
[    0.194694] pci 0000:82:00.0: reg 0x10: [mem 0x280002000000-0x280003ffffff 64bit pref]
[    0.194979] pci 0000:82:00.0: reg 0x30: [mem 0xfff00000-0xffffffff pref]
[    0.195779] pci 0000:82:00.0: PME# supported from D3cold
[    0.196053] pci 0000:82:00.0: reg 0x1a4: [mem 0x280004800000-0x2800048fffff 64bit pref]
[    0.196057] pci 0000:82:00.0: VF(n) BAR0 space: [mem 0x280004800000-0x280004ffffff 64bit pref] (contains BAR0 for 8 VFs)
[    0.197016] pci 0000:82:00.1: [15b3:1015] type 00 class 0x020000
[    0.197215] pci 0000:82:00.1: reg 0x10: [mem 0x280000000000-0x280001ffffff 64bit pref]
[    0.197501] pci 0000:82:00.1: reg 0x30: [mem 0xfff00000-0xffffffff pref]
[    0.198255] pci 0000:82:00.1: PME# supported from D3cold
[    0.198512] pci 0000:82:00.1: reg 0x1a4: [mem 0x280004000000-0x2800040fffff 64bit pref]
[    0.198515] pci 0000:82:00.1: VF(n) BAR0 space: [mem 0x280004000000-0x2800047fffff 64bit pref] (contains BAR0 for 8 VFs)
[    0.199501] pci 0000:84:00.0: [1000:10e2] type 00 class 0x010400
[    0.199520] pci 0000:84:00.0: reg 0x10: [mem 0x280005100000-0x2800051fffff 64bit pref]
[    0.199528] pci 0000:84:00.0: reg 0x18: [mem 0x280005000000-0x2800050fffff 64bit pref]
[    0.199535] pci 0000:84:00.0: reg 0x20: [mem 0xb0100000-0xb01fffff]
[    0.199541] pci 0000:84:00.0: reg 0x24: [io  0x10000-0x100ff]
[    0.199547] pci 0000:84:00.0: reg 0x30: [mem 0xfff00000-0xffffffff pref]
[    0.199615] pci 0000:84:00.0: supports D1 D2
[    0.199686] pci_bus 0000:80: on NUMA node 1
[    0.199687] pci 0000:80:00.0: PCI bridge to [bus 81]
[    0.199691] pci 0000:80:00.0:   bridge window [io  0x11000-0x11fff]
[    0.199694] pci 0000:80:00.0:   bridge window [mem 0xb0400000-0xb05fffff]
[    0.199697] pci 0000:80:00.0:   bridge window [mem 0x280005200000-0x2800053fffff 64bit pref]
[    0.199701] pci 0000:80:08.0: PCI bridge to [bus 82]
[    0.199705] pci 0000:80:08.0:   bridge window [mem 0xb0200000-0xb03fffff]
[    0.199708] pci 0000:80:08.0:   bridge window [mem 0x280000000000-0x280004ffffff 64bit pref]
[    0.199711] pci 0000:80:0c.0: PCI bridge to [bus 83]
[    0.199716] pci 0000:80:10.0: PCI bridge to [bus 84]
[    0.199719] pci 0000:80:10.0:   bridge window [io  0x10000-0x10fff]
[    0.199723] pci 0000:80:10.0:   bridge window [mem 0xb0000000-0xb01fffff]
[    0.199726] pci 0000:80:10.0:   bridge window [mem 0x280005000000-0x2800051fffff 64bit pref]
[    0.199731] pci 0000:81:00.0: can't claim BAR 6 [mem 0xfff00000-0xffffffff pref]: no compatible bridge window
[    0.199734] pci 0000:82:00.0: can't claim BAR 6 [mem 0xfff00000-0xffffffff pref]: no compatible bridge window
[    0.199738] pci 0000:82:00.1: can't claim BAR 6 [mem 0xfff00000-0xffffffff pref]: no compatible bridge window
[    0.199741] pci 0000:84:00.0: can't claim BAR 6 [mem 0xfff00000-0xffffffff pref]: no compatible bridge window
[    0.199745] pci_bus 0000:80: max bus depth: 1 pci_try_num: 2
[    0.199750] pci 0000:81:00.0: BAR 6: assigned [mem 0xb0400000-0xb04fffff pref]
[    0.199753] pci 0000:80:00.0: PCI bridge to [bus 81]
[    0.199756] pci 0000:80:00.0:   bridge window [io  0x11000-0x11fff]
[    0.199759] pci 0000:80:00.0:   bridge window [mem 0xb0400000-0xb05fffff]
[    0.199762] pci 0000:80:00.0:   bridge window [mem 0x280005200000-0x2800053fffff 64bit pref]
[    0.199767] pci 0000:82:00.0: BAR 6: assigned [mem 0xb0200000-0xb02fffff pref]
[    0.199770] pci 0000:82:00.1: BAR 6: assigned [mem 0xb0300000-0xb03fffff pref]
[    0.199773] pci 0000:80:08.0: PCI bridge to [bus 82]
[    0.199776] pci 0000:80:08.0:   bridge window [mem 0xb0200000-0xb03fffff]
[    0.199779] pci 0000:80:08.0:   bridge window [mem 0x280000000000-0x280004ffffff 64bit pref]
[    0.199783] pci 0000:80:0c.0: PCI bridge to [bus 83]
[    0.199788] pci 0000:84:00.0: BAR 6: assigned [mem 0xb0000000-0xb00fffff pref]
[    0.199791] pci 0000:80:10.0: PCI bridge to [bus 84]
[    0.199794] pci 0000:80:10.0:   bridge window [io  0x10000-0x10fff]
[    0.199797] pci 0000:80:10.0:   bridge window [mem 0xb0000000-0xb01fffff]
[    0.199800] pci 0000:80:10.0:   bridge window [mem 0x280005000000-0x2800051fffff 64bit pref]
[    0.199804] pci_bus 0000:80: resource 4 [mem 0x280000000000-0x282fffffffff pref window]
[    0.199807] pci_bus 0000:80: resource 5 [mem 0xb0000000-0xcffeffff window]
[    0.199810] pci_bus 0000:80: resource 6 [io  0x10000-0x1ffff window]
[    0.199813] pci_bus 0000:81: resource 0 [io  0x11000-0x11fff]
[    0.199815] pci_bus 0000:81: resource 1 [mem 0xb0400000-0xb05fffff]
[    0.199818] pci_bus 0000:81: resource 2 [mem 0x280005200000-0x2800053fffff 64bit pref]
[    0.199821] pci_bus 0000:82: resource 1 [mem 0xb0200000-0xb03fffff]
[    0.199823] pci_bus 0000:82: resource 2 [mem 0x280000000000-0x280004ffffff 64bit pref]
[    0.199826] pci_bus 0000:84: resource 0 [io  0x10000-0x10fff]
[    0.199829] pci_bus 0000:84: resource 1 [mem 0xb0000000-0xb01fffff]
[    0.199831] pci_bus 0000:84: resource 2 [mem 0x280005000000-0x2800051fffff 64bit pref]
[    0.199870] ACPI: PCI Root Bridge [PCI7] (domain 0000 [bus bb])
[    0.199874] acpi PNP0A08:08: _OSC: OS supports [ExtendedConfig ASPM ClockPM Segments MSI]
[    0.199955] acpi PNP0A08:08: _OSC: platform does not support [PCIeHotplug SHPCHotplug PME AER LTR]
[    0.200028] acpi PNP0A08:08: _OSC: OS now controls [PCIeCapability]
[    0.200617] acpi PNP0A08:08: ECAM area [mem 0xdbb00000-0xdbbfffff] reserved by PNP0C02:00
[    0.200644] acpi PNP0A08:08: ECAM at [mem 0xdbb00000-0xdbbfffff] for [bus bb]
[    0.200710] PCI host bridge to bus 0000:bb
[    0.200713] pci_bus 0000:bb: root bus resource [mem 0x200148800000-0x200148ffffff pref window]
[    0.200717] pci_bus 0000:bb: root bus resource [bus bb]
[    0.200724] pci 0000:bb:00.0: [19e5:a122] type 00 class 0x088000
[    0.200733] pci 0000:bb:00.0: reg 0x18: [mem 0x00000000-0x00003fff 64bit pref]
[    0.200791] pci_bus 0000:bb: on NUMA node 1
[    0.200792] pci_bus 0000:bb: max bus depth: 0 pci_try_num: 1
[    0.200797] pci 0000:bb:00.0: BAR 2: assigned [mem 0x200148800000-0x200148803fff 64bit pref]
[    0.200802] pci_bus 0000:bb: resource 4 [mem 0x200148800000-0x200148ffffff pref window]
[    0.200833] ACPI: PCI Root Bridge [PCI8] (domain 0000 [bus ba])
[    0.200837] acpi PNP0A08:09: _OSC: OS supports [ExtendedConfig ASPM ClockPM Segments MSI]
[    0.200917] acpi PNP0A08:09: _OSC: platform does not support [PCIeHotplug SHPCHotplug PME AER LTR]
[    0.200989] acpi PNP0A08:09: _OSC: OS now controls [PCIeCapability]
[    0.201573] acpi PNP0A08:09: ECAM area [mem 0xdba00000-0xdbafffff] reserved by PNP0C02:00
[    0.201578] acpi PNP0A08:09: ECAM at [mem 0xdba00000-0xdbafffff] for [bus ba]
[    0.201644] PCI host bridge to bus 0000:ba
[    0.201647] pci_bus 0000:ba: root bus resource [mem 0x20020c000000-0x20020c1fffff pref window]
[    0.201650] pci_bus 0000:ba: root bus resource [bus ba]
[    0.201658] pci 0000:ba:00.0: [19e5:a23b] type 00 class 0x0c0310
[    0.201665] pci 0000:ba:00.0: reg 0x10: [mem 0x20020c100000-0x20020c100fff 64bit pref]
[    0.201721] pci 0000:ba:01.0: [19e5:a239] type 00 class 0x0c0320
[    0.201729] pci 0000:ba:01.0: reg 0x10: [mem 0x20020c101000-0x20020c101fff 64bit pref]
[    0.201785] pci 0000:ba:02.0: [19e5:a238] type 00 class 0x0c0330
[    0.201792] pci 0000:ba:02.0: reg 0x10: [mem 0x20020c000000-0x20020c0fffff 64bit pref]
[    0.201845] pci_bus 0000:ba: on NUMA node 1
[    0.201847] pci_bus 0000:ba: max bus depth: 0 pci_try_num: 1
[    0.201851] pci 0000:ba:02.0: BAR 0: assigned [mem 0x20020c000000-0x20020c0fffff 64bit pref]
[    0.201856] pci 0000:ba:00.0: BAR 0: assigned [mem 0x20020c100000-0x20020c100fff 64bit pref]
[    0.201861] pci 0000:ba:01.0: BAR 0: assigned [mem 0x20020c101000-0x20020c101fff 64bit pref]
[    0.201866] pci_bus 0000:ba: resource 4 [mem 0x20020c000000-0x20020c1fffff pref window]
[    0.201899] ACPI: PCI Root Bridge [PCI9] (domain 0000 [bus b8-b9])
[    0.201903] acpi PNP0A08:0a: _OSC: OS supports [ExtendedConfig ASPM ClockPM Segments MSI]
[    0.201982] acpi PNP0A08:0a: _OSC: platform does not support [PCIeHotplug SHPCHotplug PME AER LTR]
[    0.202056] acpi PNP0A08:0a: _OSC: OS now controls [PCIeCapability]
[    0.202640] acpi PNP0A08:0a: ECAM area [mem 0xdb800000-0xdb9fffff] reserved by PNP0C02:00
[    0.202647] acpi PNP0A08:0a: ECAM at [mem 0xdb800000-0xdb9fffff] for [bus b8-b9]
[    0.202725] PCI host bridge to bus 0000:b8
[    0.202728] pci_bus 0000:b8: root bus resource [mem 0x200208000000-0x200208bfffff pref window]
[    0.202731] pci_bus 0000:b8: root bus resource [bus b8-b9]
[    0.202744] pci_bus 0000:b8: on NUMA node 1
[    0.202746] pci_bus 0000:b8: max bus depth: 0 pci_try_num: 1
[    0.202749] pci_bus 0000:b8: resource 4 [mem 0x200208000000-0x200208bfffff pref window]
[    0.202782] ACPI: PCI Root Bridge [PCIA] (domain 0000 [bus bc-bd])
[    0.202785] acpi PNP0A08:0b: _OSC: OS supports [ExtendedConfig ASPM ClockPM Segments MSI]
[    0.202863] acpi PNP0A08:0b: _OSC: platform does not support [PCIeHotplug SHPCHotplug PME AER LTR]
[    0.202935] acpi PNP0A08:0b: _OSC: OS now controls [PCIeCapability]
[    0.203516] acpi PNP0A08:0b: ECAM area [mem 0xdbc00000-0xdbdfffff] reserved by PNP0C02:00
[    0.203523] acpi PNP0A08:0b: ECAM at [mem 0xdbc00000-0xdbdfffff] for [bus bc-bd]
[    0.203585] PCI host bridge to bus 0000:bc
[    0.203588] pci_bus 0000:bc: root bus resource [mem 0x200120000000-0x20013fffffff pref window]
[    0.203591] pci_bus 0000:bc: root bus resource [bus bc-bd]
[    0.203598] pci 0000:bc:00.0: [19e5:a121] type 01 class 0x060400
[    0.203610] pci 0000:bc:00.0: enabling Extended Tags
[    0.203682] pci_bus 0000:bc: on NUMA node 1
[    0.203683] pci_bus 0000:bc: max bus depth: 1 pci_try_num: 2
[    0.203686] pci 0000:bc:00.0: PCI bridge to [bus bd]
[    0.203692] pci_bus 0000:bc: resource 4 [mem 0x200120000000-0x20013fffffff pref window]
[    0.203738] ACPI: PCI Root Bridge [PCIB] (domain 0000 [bus b4-b5])
[    0.203742] acpi PNP0A08:0d: _OSC: OS supports [ExtendedConfig ASPM ClockPM Segments MSI]
[    0.203821] acpi PNP0A08:0d: _OSC: platform does not support [PCIeHotplug SHPCHotplug PME AER LTR]
[    0.203893] acpi PNP0A08:0d: _OSC: OS now controls [PCIeCapability]
[    0.204477] acpi PNP0A08:0d: ECAM area [mem 0xdb400000-0xdb5fffff] reserved by PNP0C02:00
[    0.204484] acpi PNP0A08:0d: ECAM at [mem 0xdb400000-0xdb5fffff] for [bus b4-b5]
[    0.204576] PCI host bridge to bus 0000:b4
[    0.204579] pci_bus 0000:b4: root bus resource [mem 0x200141000000-0x200141ffffff pref window]
[    0.204582] pci_bus 0000:b4: root bus resource [mem 0x200144000000-0x200145ffffff pref window]
[    0.204585] pci_bus 0000:b4: root bus resource [mem 0xa3000000-0xa3ffffff window]
[    0.204588] pci_bus 0000:b4: root bus resource [bus b4-b5]
[    0.204596] pci 0000:b4:01.0: [19e5:a121] type 01 class 0x060400
[    0.204608] pci 0000:b4:01.0: enabling Extended Tags
[    0.204662] pci 0000:b4:02.0: [19e5:a230] type 00 class 0x010700
[    0.204674] pci 0000:b4:02.0: reg 0x24: [mem 0xa3008000-0xa300ffff]
[    0.204735] pci 0000:b4:03.0: [19e5:a235] type 00 class 0x010601
[    0.204749] pci 0000:b4:03.0: reg 0x24: [mem 0xa3010000-0xa3010fff]
[    0.204797] pci 0000:b4:04.0: [19e5:a230] type 00 class 0x010700
[    0.204808] pci 0000:b4:04.0: reg 0x24: [mem 0xa3000000-0xa3007fff]
[    0.204899] pci_bus 0000:b6: busn_res: can not insert [bus b6] under [bus b4-b5] (conflicts with (null) [bus b4-b5])
[    0.204907] pci_bus 0000:b4: on NUMA node 1
[    0.204908] pci_bus 0000:b4: max bus depth: 1 pci_try_num: 2
[    0.204912] pci 0000:b4:02.0: BAR 5: assigned [mem 0xa3000000-0xa3007fff]
[    0.204916] pci 0000:b4:04.0: BAR 5: assigned [mem 0xa3008000-0xa300ffff]
[    0.204919] pci 0000:b4:03.0: BAR 5: assigned [mem 0xa3010000-0xa3010fff]
[    0.204922] pci 0000:b4:01.0: PCI bridge to [bus b6]
[    0.204927] pci_bus 0000:b4: resource 4 [mem 0x200141000000-0x200141ffffff pref window]
[    0.204930] pci_bus 0000:b4: resource 5 [mem 0x200144000000-0x200145ffffff pref window]
[    0.204933] pci_bus 0000:b4: resource 6 [mem 0xa3000000-0xa3ffffff window]
[    0.211283] pci 0000:05:00.0: vgaarb: VGA device added: decodes=io+mem,owns=none,locks=none
[    0.211293] pci 0000:05:00.0: vgaarb: bridge control possible
[    0.211296] pci 0000:05:00.0: vgaarb: setting as boot device (VGA legacy resources not available)
[    0.211299] vgaarb: loaded
[    0.211483] SCSI subsystem initialized
[    0.211507] ACPI: bus type USB registered
[    0.211526] usbcore: registered new interface driver usbfs
[    0.211535] usbcore: registered new interface driver hub
[    0.211577] usbcore: registered new device driver usb
[    0.211597] pps_core: LinuxPPS API ver. 1 registered
[    0.211599] pps_core: Software ver. 5.3.6 - Copyright 2005-2007 Rodolfo Giometti <giometti@linux.it>
[    0.211604] PTP clock support registered
[    0.211706] EDAC MC: Ver: 3.0.0
[    0.211859] Registered efivars operations
[    0.211942] ACPI: SPE must be homogeneous
[    0.212644] NetLabel: Initializing
[    0.212646] NetLabel:  domain hash size = 128
[    0.212648] NetLabel:  protocols = UNLABELED CIPSOv4 CALIPSO
[    0.212665] NetLabel:  unlabeled traffic allowed by default
[    0.212763] sdei: SDEIv1.0 (0x0) detected in firmware.
[    0.214238] clocksource: Switched to clocksource arch_sys_counter
[    0.230015] VFS: Disk quotas dquot_6.6.0
[    0.230075] VFS: Dquot-cache hash table entries: 8192 (order 0, 65536 bytes)
[    0.230310] pnp: PnP ACPI init
[    0.230881] system 00:00: [mem 0xd0000000-0xdfffffff] could not be reserved
[    0.230888] system 00:00: Plug and Play ACPI device, IDs PNP0c02 (active)
[    0.232617] pnp 00:01: Plug and Play ACPI device, IDs PNP0501 (active)
[    0.234331] pnp: PnP ACPI: found 2 devices
[    0.235730] NET: Registered protocol family 2
[    0.236123] tcp_listen_portaddr_hash hash table entries: 65536 (order: 4, 1048576 bytes)
[    0.236848] TCP established hash table entries: 524288 (order: 6, 4194304 bytes)
[    0.240086] TCP bind hash table entries: 65536 (order: 4, 1048576 bytes)
[    0.240569] TCP: Hash tables configured (established 524288 bind 65536)
[    0.240689] UDP hash table entries: 65536 (order: 5, 2097152 bytes)
[    0.243695] UDP-Lite hash table entries: 65536 (order: 5, 2097152 bytes)
[    0.246935] NET: Registered protocol family 1
[    0.247106] pci 0000:7a:00.0: enabling device (0000 -> 0002)
[    0.247118] pci 0000:7a:02.0: enabling device (0000 -> 0002)
[    0.247272] pci 0000:ba:00.0: enabling device (0000 -> 0002)
[    0.247285] pci 0000:ba:02.0: enabling device (0000 -> 0002)
[    0.247297] PCI: CLS 32 bytes, default 64
[    0.247385] Unpacking initramfs...
[    0.671710] Freeing initrd memory: 28928K
[    0.674926] hw perfevents: enabled with armv8_pmuv3_0 PMU driver, 13 counters available
[    0.675026] kvm [1]: Hisi ncsnp: enabled
[    0.675128] kvm [1]: 16-bit VMID
[    0.675131] kvm [1]: IPA Size Limit: 48bits
[    0.675156] kvm [1]: GICv4 support disabled
[    0.675159] kvm [1]: vgic-v2@9b020000
[    0.675174] kvm [1]: GIC system register CPU interface enabled
[    0.675624] kvm [1]: vgic interrupt IRQ1
[    0.676094] kvm [1]: VHE mode initialized successfully
[    0.677665] Initialise system trusted keyrings
[    0.677729] workingset: timestamp_bits=41 max_order=22 bucket_order=0
[    0.679155] zbud: loaded
[    0.717024] NET: Registered protocol family 38
[    0.717029] Key type asymmetric registered
[    0.717032] Asymmetric key parser 'x509' registered
[    0.717043] Block layer SCSI generic (bsg) driver version 0.4 loaded (major 248)
[    0.717114] io scheduler noop registered
[    0.717117] io scheduler deadline registered (default)
[    0.717198] io scheduler cfq registered
[    0.717201] io scheduler mq-deadline registered (default)
[    0.717203] io scheduler kyber registered
[    0.717250] io scheduler bfq registered
[    0.717765] atomic64_test: passed
[    0.719584] shpchp: Standard Hot Plug PCI Controller Driver version: 0.4
[    0.720321] input: Power Button as /devices/LNXSYSTM:00/LNXSYBUS:00/PNP0C0C:00/input/input0
[    0.720333] ACPI: Power Button [PWRB]
[    0.722589] ERST: Error Record Serialization Table (ERST) support is initialized.
[    0.722594] pstore: Registered erst as persistent store backend
[    0.722872] EDAC MC0: Giving out device to module ghes_edac.c controller ghes_edac: DEV ghes (INTERRUPT)
[    0.723119] GHES: APEI firmware first mode is enabled by APEI bit and WHEA _OSC.
[    0.723160] ACPI GTDT: found 1 SBSA generic Watchdog(s).
[    0.723332] Serial: 8250/16550 driver, 4 ports, IRQ sharing enabled
[    0.743783] 00:01: ttyS0 at MMIO 0x3f00002f8 (irq = 15, base_baud = 115200) is a 16550A
[    6.907058] console [ttyS0] enabled
[    6.911297] arm-smmu-v3 arm-smmu-v3.0.auto: option mask 0x0
[    6.916858] arm-smmu-v3 arm-smmu-v3.0.auto: ias 48-bit, oas 48-bit (features 0x00039fff)
[    6.925160] arm-smmu-v3 arm-smmu-v3.1.auto: option mask 0x0
[    6.930718] arm-smmu-v3 arm-smmu-v3.1.auto: ias 48-bit, oas 48-bit (features 0x00039fff)
[    6.938924] arm-smmu-v3 arm-smmu-v3.2.auto: option mask 0x0
[    6.944481] arm-smmu-v3 arm-smmu-v3.2.auto: ias 48-bit, oas 48-bit (features 0x00039fff)
[    6.952676] arm-smmu-v3 arm-smmu-v3.3.auto: option mask 0x0
[    6.958231] arm-smmu-v3 arm-smmu-v3.3.auto: ias 48-bit, oas 48-bit (features 0x00039fff)
[    6.966435] arm-smmu-v3 arm-smmu-v3.4.auto: option mask 0x0
[    6.971992] arm-smmu-v3 arm-smmu-v3.4.auto: ias 48-bit, oas 48-bit (features 0x00039fff)
[    6.980234] arm-smmu-v3 arm-smmu-v3.5.auto: option mask 0x0
[    6.985792] arm-smmu-v3 arm-smmu-v3.5.auto: ias 48-bit, oas 48-bit (features 0x00039fff)
[    6.994016] arm-smmu-v3 arm-smmu-v3.6.auto: option mask 0x0
[    6.999573] arm-smmu-v3 arm-smmu-v3.6.auto: ias 48-bit, oas 48-bit (features 0x00039fff)
[    7.007800] arm-smmu-v3 arm-smmu-v3.7.auto: option mask 0x0
[    7.013356] arm-smmu-v3 arm-smmu-v3.7.auto: ias 48-bit, oas 48-bit (features 0x00039fff)
[    7.021706] iommu: Adding device 0000:05:00.0 to group 0
[    7.027760] [TTM] Zone  kernel: Available graphics memory: 133240928 kiB
[    7.034436] [TTM] Zone   dma32: Available graphics memory: 2097152 kiB
[    7.040934] [TTM] Initializing pool allocator
[    7.045275] [TTM] Initializing DMA pool allocator
[    7.049998] [drm] forcing VGA-1 connector on
[    7.054252] [drm] Supports vblank timestamp caching Rev 2 (21.10.2013).
[    7.060836] [drm] No driver support for vblank timestamp query.
[    7.075880] Console: switching to colour frame buffer device 80x30
[    7.089301] hibmc-drm 0000:05:00.0: fb0: hibmcdrmfb frame buffer device
[    7.098744] [drm] Initialized hibmc 1.0.0 20160828 for 0000:05:00.0 on minor 0
[    7.116947] rdac: device handler registered
[    7.123811] hp_sw: device handler registered
[    7.130729] emc: device handler registered
[    7.137461] alua: device handler registered
[    7.144351] libphy: Fixed MDIO Bus: probed
[    7.151106] ehci_hcd: USB 2.0 'Enhanced' Host Controller (EHCI) Driver
[    7.160182] ehci-pci: EHCI PCI platform driver
[    7.167175] iommu: Adding device 0000:7a:01.0 to group 1
[    7.175589] ehci-pci 0000:7a:01.0: EHCI Host Controller
[    7.183356] ehci-pci 0000:7a:01.0: new USB bus registered, assigned bus number 1
[    7.195789] ehci-pci 0000:7a:01.0: irq 75, io mem 0x20c101000
[    7.218224] ehci-pci 0000:7a:01.0: USB 0.0 started, EHCI 1.00
[    7.226471] usb usb1: New USB device found, idVendor=1d6b, idProduct=0002, bcdDevice= 4.19
[    7.239724] usb usb1: New USB device strings: Mfr=3, Product=2, SerialNumber=1
[    7.252176] usb usb1: Product: EHCI Host Controller
[    7.259741] usb usb1: Manufacturer: Linux 4.19.90-2102.2.0.0062.ctl2.aarch64 ehci_hcd
[    7.272976] usb usb1: SerialNumber: 0000:7a:01.0
[    7.280398] hub 1-0:1.0: USB hub found
[    7.286815] hub 1-0:1.0: 2 ports detected
[    7.293533] iommu: Adding device 0000:ba:01.0 to group 2
[    7.301861] ehci-pci 0000:ba:01.0: EHCI Host Controller
[    7.309836] ehci-pci 0000:ba:01.0: new USB bus registered, assigned bus number 2
[    7.322701] ehci-pci 0000:ba:01.0: irq 75, io mem 0x20020c101000
[    7.346231] ehci-pci 0000:ba:01.0: USB 0.0 started, EHCI 1.00
[    7.354727] usb usb2: New USB device found, idVendor=1d6b, idProduct=0002, bcdDevice= 4.19
[    7.368401] usb usb2: New USB device strings: Mfr=3, Product=2, SerialNumber=1
[    7.381190] usb usb2: Product: EHCI Host Controller
[    7.388890] usb usb2: Manufacturer: Linux 4.19.90-2102.2.0.0062.ctl2.aarch64 ehci_hcd
[    7.402327] usb usb2: SerialNumber: 0000:ba:01.0
[    7.409922] hub 2-0:1.0: USB hub found
[    7.416475] hub 2-0:1.0: 2 ports detected
[    7.423289] ehci-platform: EHCI generic platform driver
[    7.431277] ohci_hcd: USB 1.1 'Open' Host Controller (OHCI) Driver
[    7.440109] ohci-pci: OHCI PCI platform driver
[    7.447248] iommu: Adding device 0000:7a:00.0 to group 3
[    7.455614] ohci-pci 0000:7a:00.0: OHCI PCI host controller
[    7.463807] ohci-pci 0000:7a:00.0: new USB bus registered, assigned bus number 3
[    7.476432] ohci-pci 0000:7a:00.0: irq 75, io mem 0x20c100000
[    7.546265] usb usb3: New USB device found, idVendor=1d6b, idProduct=0001, bcdDevice= 4.19
[    7.560045] usb usb3: New USB device strings: Mfr=3, Product=2, SerialNumber=1
[    7.572924] usb usb3: Product: OHCI PCI host controller
[    7.580976] usb usb3: Manufacturer: Linux 4.19.90-2102.2.0.0062.ctl2.aarch64 ohci_hcd
[    7.594536] usb usb3: SerialNumber: 0000:7a:00.0
[    7.602269] hub 3-0:1.0: USB hub found
[    7.608784] hub 3-0:1.0: 2 ports detected
[    7.615587] iommu: Adding device 0000:ba:00.0 to group 4
[    7.624196] ohci-pci 0000:ba:00.0: OHCI PCI host controller
[    7.632507] ohci-pci 0000:ba:00.0: new USB bus registered, assigned bus number 4
[    7.645220] ohci-pci 0000:ba:00.0: irq 75, io mem 0x20020c100000
[    7.658226] usb 1-1: new high-speed USB device number 2 using ehci-pci
[    7.714275] usb usb4: New USB device found, idVendor=1d6b, idProduct=0001, bcdDevice= 4.19
[    7.728196] usb usb4: New USB device strings: Mfr=3, Product=2, SerialNumber=1
[    7.741216] usb usb4: Product: OHCI PCI host controller
[    7.749372] usb usb4: Manufacturer: Linux 4.19.90-2102.2.0.0062.ctl2.aarch64 ohci_hcd
[    7.763102] usb usb4: SerialNumber: 0000:ba:00.0
[    7.770756] hub 4-0:1.0: USB hub found
[    7.777386] hub 4-0:1.0: 2 ports detected
[    7.784292] uhci_hcd: USB Universal Host Controller Interface driver
[    7.793513] iommu: Adding device 0000:7a:02.0 to group 5
[    7.802194] xhci_hcd 0000:7a:02.0: xHCI Host Controller
[    7.810222] xhci_hcd 0000:7a:02.0: new USB bus registered, assigned bus number 5
[    7.823133] xhci_hcd 0000:7a:02.0: hcc params 0x0220f66d hci version 0x100 quirks 0x0000000000000010
[    7.837948] usb usb5: New USB device found, idVendor=1d6b, idProduct=0002, bcdDevice= 4.19
[    7.852105] usb usb5: New USB device strings: Mfr=3, Product=2, SerialNumber=1
[    7.865367] usb usb5: Product: xHCI Host Controller
[    7.873260] usb usb5: Manufacturer: Linux 4.19.90-2102.2.0.0062.ctl2.aarch64 xhci-hcd
[    7.887117] usb usb5: SerialNumber: 0000:7a:02.0
[    7.894839] hub 5-0:1.0: USB hub found
[    7.901520] hub 5-0:1.0: 1 port detected
[    7.908341] xhci_hcd 0000:7a:02.0: xHCI Host Controller
[    7.916408] xhci_hcd 0000:7a:02.0: new USB bus registered, assigned bus number 6
[    7.929377] xhci_hcd 0000:7a:02.0: Host supports USB 3.0 SuperSpeed
[    7.938457] usb 1-1: New USB device found, idVendor=12d1, idProduct=0001, bcdDevice= 1.00
[    7.952323] usb 1-1: New USB device strings: Mfr=0, Product=1, SerialNumber=2
[    7.962489] usb 1-1: Product: Keyboard/Mouse KVM 2.0
[    7.970444] usb 1-1: SerialNumber: 0123456
[    7.977475] usb usb6: We don't know the algorithms for LPM for this host, disabling LPM.
[    7.991531] usb usb6: New USB device found, idVendor=1d6b, idProduct=0003, bcdDevice= 4.19
[    8.005807] usb usb6: New USB device strings: Mfr=3, Product=2, SerialNumber=1
[    8.019015] usb usb6: Product: xHCI Host Controller
[    8.026842] usb usb6: Manufacturer: Linux 4.19.90-2102.2.0.0062.ctl2.aarch64 xhci-hcd
[    8.040511] usb usb6: SerialNumber: 0000:7a:02.0
[    8.048187] hub 6-0:1.0: USB hub found
[    8.054895] hub 6-0:1.0: 1 port detected
[    8.061707] iommu: Adding device 0000:ba:02.0 to group 6
[    8.070463] xhci_hcd 0000:ba:02.0: xHCI Host Controller
[    8.078570] xhci_hcd 0000:ba:02.0: new USB bus registered, assigned bus number 7
[    8.091827] xhci_hcd 0000:ba:02.0: hcc params 0x0220f66d hci version 0x100 quirks 0x0000000000000010
[    8.107027] usb usb7: New USB device found, idVendor=1d6b, idProduct=0002, bcdDevice= 4.19
[    8.121249] usb usb7: New USB device strings: Mfr=3, Product=2, SerialNumber=1
[    8.134416] usb usb7: Product: xHCI Host Controller
[    8.142247] usb usb7: Manufacturer: Linux 4.19.90-2102.2.0.0062.ctl2.aarch64 xhci-hcd
[    8.156102] usb usb7: SerialNumber: 0000:ba:02.0
[    8.163811] hub 7-0:1.0: USB hub found
[    8.170483] hub 7-0:1.0: 1 port detected
[    8.177312] xhci_hcd 0000:ba:02.0: xHCI Host Controller
[    8.185360] xhci_hcd 0000:ba:02.0: new USB bus registered, assigned bus number 8
[    8.198238] xhci_hcd 0000:ba:02.0: Host supports USB 3.0 SuperSpeed
[    8.207319] usb usb8: We don't know the algorithms for LPM for this host, disabling LPM.
[    8.220976] usb usb8: New USB device found, idVendor=1d6b, idProduct=0003, bcdDevice= 4.19
[    8.235078] usb usb8: New USB device strings: Mfr=3, Product=2, SerialNumber=1
[    8.248354] usb usb8: Product: xHCI Host Controller
[    8.256297] usb usb8: Manufacturer: Linux 4.19.90-2102.2.0.0062.ctl2.aarch64 xhci-hcd
[    8.270202] usb usb8: SerialNumber: 0000:ba:02.0
[    8.277909] hub 8-0:1.0: USB hub found
[    8.282219] usb 5-1: new high-speed USB device number 2 using xhci_hcd
[    8.284591] hub 8-0:1.0: 1 port detected
[    8.301036] mousedev: PS/2 mouse device common for all mice
[    8.325967] rtc-efi rtc-efi: rtc core: registered rtc-efi as rtc0
[    8.335589] hidraw: raw HID events driver (C) Jiri Kosina
[    8.344630] input: Keyboard/Mouse KVM 2.0 as /devices/pci0000:7a/0000:7a:01.0/usb1/1-1/1-1:1.0/0003:12D1:0001.0001/input/input1
[    8.418341] hid-generic 0003:12D1:0001.0001: input,hidraw0: USB HID v2.00 Keyboard [Keyboard/Mouse KVM 2.0] on usb-0000:7a:01.0-1/input0
[    8.437291] input: Keyboard/Mouse KVM 2.0 as /devices/pci0000:7a/0000:7a:01.0/usb1/1-1/1-1:1.1/0003:12D1:0001.0002/input/input2
[    8.445256] usb 5-1: New USB device found, idVendor=2109, idProduct=2817, bcdDevice= 7.a3
[    8.455176] hid-generic 0003:12D1:0001.0002: input,hidraw1: USB HID v2.00 Mouse [Keyboard/Mouse KVM 2.0] on usb-0000:7a:01.0-1/input1
[    8.469713] usb 5-1: New USB device strings: Mfr=1, Product=2, SerialNumber=3
[    8.469715] usb 5-1: Product: USB2.0 Hub             
[    8.488287] usbcore: registered new interface driver usbhid
[    8.498672] usb 5-1: Manufacturer: VIA Labs, Inc.         
[    8.506937] usbhid: USB HID core driver
[    8.507047] arm-smmu-v3-pmcg arm-smmu-v3-pmcg.8.auto: option mask 0x1
[    8.515684] usb 5-1: SerialNumber: 000000000
[    8.524343] arm-smmu-v3-pmcg arm-smmu-v3-pmcg.8.auto: Registered PMU @ 0x0000000148020000 using 8 counters with Individual filter settings
[    8.566922] arm-smmu-v3-pmcg arm-smmu-v3-pmcg.9.auto: option mask 0x1
[    8.576634] arm-smmu-v3-pmcg arm-smmu-v3-pmcg.9.auto: Registered PMU @ 0x0000000100020000 using 8 counters with Individual filter settings
[    8.578685] hub 5-1:1.0: USB hub found
[    8.595534] arm-smmu-v3-pmcg arm-smmu-v3-pmcg.10.auto: option mask 0x1
[    8.602494] usb 6-1: new SuperSpeed Gen 1 USB device number 2 using xhci_hcd
[    8.612261] arm-smmu-v3-pmcg arm-smmu-v3-pmcg.10.auto: Registered PMU @ 0x0000000140020000 using 8 counters with Individual filter settings
[    8.622550] hub 5-1:1.0: 4 ports detected
[    8.641584] arm-smmu-v3-pmcg arm-smmu-v3-pmcg.11.auto: option mask 0x1
[    8.658479] arm-smmu-v3-pmcg arm-smmu-v3-pmcg.11.auto: Registered PMU @ 0x0000200148020000 using 8 counters with Individual filter settings
[    8.677193] arm-smmu-v3-pmcg arm-smmu-v3-pmcg.12.auto: option mask 0x1
[    8.679329] usb 6-1: New USB device found, idVendor=2109, idProduct=0817, bcdDevice= 7.a3
[    8.686833] arm-smmu-v3-pmcg arm-smmu-v3-pmcg.12.auto: Registered PMU @ 0x0000200100020000 using 8 counters with Individual filter settings
[    8.701020] usb 6-1: New USB device strings: Mfr=1, Product=2, SerialNumber=3
[    8.701022] usb 6-1: Product: USB3.0 Hub             
[    8.719737] arm-smmu-v3-pmcg arm-smmu-v3-pmcg.13.auto: option mask 0x1
[    8.730012] usb 6-1: Manufacturer: VIA Labs, Inc.         
[    8.738251] arm-smmu-v3-pmcg arm-smmu-v3-pmcg.13.auto: Registered PMU @ 0x0000200140020000 using 8 counters with Individual filter settings
[    8.747972] usb 6-1: SerialNumber: 000000000
[    8.785040] hub 6-1:1.0: USB hub found
[    8.804260] Initializing XFRM netlink socket
[    8.811982] NET: Registered protocol family 10
[    8.815438] hub 6-1:1.0: 4 ports detected
[    8.819891] Segment Routing with IPv6
[    8.833161] NET: Registered protocol family 17
[    8.840660] registered taskstats version 1
[    8.847607] Loading compiled-in X.509 certificates
[    8.886224] Loaded X.509 cert 'openEuler kernel signing key: 46bcef1e3da2b7e4abcf12b6477a026af027b55e'
[    8.901221] zswap: loaded using pool lzo/zbud
[    8.908616] pstore: Using compression: deflate
[    8.917955] Key type big_key registered
[    8.924911] iommu: Adding device 0000:00:00.0 to group 7
[    8.933835] pcieport 0000:00:00.0: Signaling PME with IRQ 113
[    8.942384] pcieport 0000:00:00.0: AER: enabled with IRQ 114
[    8.950693] iommu: Adding device 0000:00:08.0 to group 8
[    8.959391] pcieport 0000:00:08.0: Signaling PME with IRQ 115
[    8.967687] pcieport 0000:00:08.0: AER: enabled with IRQ 116
[    8.975836] iommu: Adding device 0000:00:0c.0 to group 9
[    8.984449] pcieport 0000:00:0c.0: Signaling PME with IRQ 117
[    8.992667] pcieport 0000:00:0c.0: AER: enabled with IRQ 118
[    9.000730] iommu: Adding device 0000:00:10.0 to group 10
[    9.009216] pcieport 0000:00:10.0: Signaling PME with IRQ 119
[    9.017310] pcieport 0000:00:10.0: AER: enabled with IRQ 120
[    9.025302] iommu: Adding device 0000:00:11.0 to group 11
[    9.033838] pcieport 0000:00:11.0: Signaling PME with IRQ 121
[    9.041981] pcieport 0000:00:11.0: AER: enabled with IRQ 122
[    9.050017] iommu: Adding device 0000:00:12.0 to group 12
[    9.058566] pcieport 0000:00:12.0: Signaling PME with IRQ 123
[    9.066766] pcieport 0000:00:12.0: AER: enabled with IRQ 124
[    9.074864] iommu: Adding device 0000:7c:00.0 to group 13
[    9.083067] iommu: Adding device 0000:74:01.0 to group 14
[    9.091172] iommu: Adding device 0000:80:00.0 to group 15
[    9.099700] pcieport 0000:80:00.0: Signaling PME with IRQ 125
[    9.107713] pcieport 0000:80:00.0: AER: enabled with IRQ 126
[    9.115623] iommu: Adding device 0000:80:08.0 to group 16
[    9.124106] pcieport 0000:80:08.0: Signaling PME with IRQ 127
[    9.132126] pcieport 0000:80:08.0: AER: enabled with IRQ 128
[    9.140040] iommu: Adding device 0000:80:0c.0 to group 17
[    9.148547] pcieport 0000:80:0c.0: Signaling PME with IRQ 129
[    9.156563] pcieport 0000:80:0c.0: AER: enabled with IRQ 130
[    9.164463] iommu: Adding device 0000:80:10.0 to group 18
[    9.172903] pcieport 0000:80:10.0: Signaling PME with IRQ 131
[    9.180919] pcieport 0000:80:10.0: AER: enabled with IRQ 132
[    9.188830] iommu: Adding device 0000:bc:00.0 to group 19
[    9.196841] iommu: Adding device 0000:b4:01.0 to group 20
[    9.212929] rtc-efi rtc-efi: setting system clock to 2025-04-22 15:47:12 UTC (1745336832)
[    9.227073] SDEI NMI watchdog: SDEI Watchdog registered successfully
[    9.237620] Freeing unused kernel memory: 4288K
[    9.250234] Run /init as init process
[    9.270262] systemd[1]: systemd v243-31.ctl2 running in system mode. (+PAM +AUDIT +SELINUX +IMA -APPARMOR +SMACK +SYSVINIT +UTMP +LIBCRYPTSETUP +GCRYPT +GNUTLS +ACL +XZ +LZ4 +SECCOMP +BLKID +ELFUTILS +KMOD +IDN2 -IDN +PCRE2 default-hierarchy=legacy)
[    9.302724] systemd[1]: Detected architecture arm64.
[    9.310296] systemd[1]: Running in initial RAM disk.
[    9.328590] systemd[1]: Set hostname to <steel>.
[    9.335840] random: systemd: uninitialized urandom read (16 bytes read)
[    9.345152] systemd[1]: Initializing machine ID from random generator.
[    9.409885] random: systemd: uninitialized urandom read (16 bytes read)
[    9.419316] systemd[1]: Started Dispatch Password Requests to Console Directory Watch.
[    9.435861] random: systemd: uninitialized urandom read (16 bytes read)
[    9.445437] systemd[1]: Reached target Paths.
[    9.455782] systemd[1]: Reached target Slices.
[    9.466150] systemd[1]: Reached target Swap.
[    9.476202] systemd[1]: Reached target Timers.
[    9.545944] audit: type=1130 audit(1745336832.828:2): pid=1 uid=0 auid=4294967295 ses=4294967295 subj=kernel msg='unit=systemd-tmpfiles-setup-dev comm="systemd" exe="/usr/lib/systemd/systemd" hostname=? addr=? terminal=? res=success'
[    9.590564] audit: type=1130 audit(1745336832.876:3): pid=1 uid=0 auid=4294967295 ses=4294967295 subj=kernel msg='unit=systemd-journald comm="systemd" exe="/usr/lib/systemd/systemd" hostname=? addr=? terminal=? res=success'
[    9.623425] audit: type=1130 audit(1745336832.908:4): pid=1 uid=0 auid=4294967295 ses=4294967295 subj=kernel msg='unit=systemd-vconsole-setup comm="systemd" exe="/usr/lib/systemd/systemd" hostname=? addr=? terminal=? res=success'
[    9.653250] audit: type=1131 audit(1745336832.908:5): pid=1 uid=0 auid=4294967295 ses=4294967295 subj=kernel msg='unit=systemd-vconsole-setup comm="systemd" exe="/usr/lib/systemd/systemd" hostname=? addr=? terminal=? res=success'
[    9.691904] audit: type=1130 audit(1745336832.976:6): pid=1 uid=0 auid=4294967295 ses=4294967295 subj=kernel msg='unit=systemd-sysctl comm="systemd" exe="/usr/lib/systemd/systemd" hostname=? addr=? terminal=? res=success'
[    9.726517] audit: type=1130 audit(1745336833.012:7): pid=1 uid=0 auid=4294967295 ses=4294967295 subj=kernel msg='unit=dracut-cmdline comm="systemd" exe="/usr/lib/systemd/systemd" hostname=? addr=? terminal=? res=success'
[    9.759450] device-mapper: uevent: version 1.0.3
[    9.759566] device-mapper: ioctl: 4.39.0-ioctl (2018-04-03) initialised: dm-devel@redhat.com
[    9.807145] audit: type=1130 audit(1745336833.092:8): pid=1 uid=0 auid=4294967295 ses=4294967295 subj=kernel msg='unit=dracut-pre-udev comm="systemd" exe="/usr/lib/systemd/systemd" hostname=? addr=? terminal=? res=success'
[    9.862813] audit: type=1130 audit(1745336833.148:9): pid=1 uid=0 auid=4294967295 ses=4294967295 subj=kernel msg='unit=systemd-udevd comm="systemd" exe="/usr/lib/systemd/systemd" hostname=? addr=? terminal=? res=success'
[    9.934451] audit: type=1130 audit(1745336833.220:10): pid=1 uid=0 auid=4294967295 ses=4294967295 subj=kernel msg='unit=dracut-pre-trigger comm="systemd" exe="/usr/lib/systemd/systemd" hostname=? addr=? terminal=? res=success'
[   10.107833] mlx_compat: loading out-of-tree module taints kernel.
[   10.107834] mlx_compat: loading out-of-tree module taints kernel.
[   10.107983] mlx_compat: module verification failed: signature and/or required key missing - tainting kernel
[   10.109069] Compat-mlnx-ofed backport release: e78f334
[   10.109069] Backport based on mlnx_ofed/mlnx-ofa_kernel-4.0.git e78f334
[   10.109070] compat.git: mlnx_ofed/mlnx-ofa_kernel-4.0.git
[   10.132654] megasas: 07.719.03.00
[   10.132899] libata version 3.00 loaded.
[   10.176238] iommu: Adding device 0000:74:03.0 to group 21
[   10.182986] iommu: Adding device 0000:81:00.0 to group 22
[   10.192275] ahci 0000:74:03.0: version 3.0
[   10.200796] audit: type=1130 audit(1745336833.484:11): pid=1 uid=0 auid=4294967295 ses=4294967295 subj=kernel msg='unit=systemd-udev-trigger comm="systemd" exe="/usr/lib/systemd/systemd" hostname=? addr=? terminal=? res=success'
[   10.200895] ahci 0000:74:03.0: SSS flag set, parallel bus scan disabled
[   10.201454] megaraid_sas 0000:81:00.0: BAR:0x0  BAR's base_addr(phys):0x0x0000280005300000  mapped virt_addr:0x(____ptrval____)
[   10.201458] megaraid_sas 0000:81:00.0: FW now in Ready state
[   10.201461] megaraid_sas 0000:81:00.0: 63 bit DMA mask and 63 bit consistent mask
[   10.201614] megaraid_sas 0000:81:00.0: firmware supports msix	: (128)
[   10.202417] megaraid_sas 0000:81:00.0: requested/available msix: 72/72
[   10.202419] megaraid_sas 0000:81:00.0: current msix/online cpus	: (72/64)
[   10.202421] megaraid_sas 0000:81:00.0: RDPQ mode	: (enabled)
[   10.202423] megaraid_sas 0000:81:00.0: Current firmware supports maximum commands: 5101	 LDIO threshold: 0
[   10.206738] megaraid_sas 0000:81:00.0: Performance mode :Balanced (latency index = 8)
[   10.206740] megaraid_sas 0000:81:00.0: FW supports sync cache	: Yes
[   10.206744] megaraid_sas 0000:81:00.0: megasas_disable_intr_fusion is called outbound_intr_mask:0x40000009
[   10.251050] iommu: Adding device 0000:01:00.0 to group 23
[   10.265388] ahci 0000:74:03.0: AHCI 0001.0300 32 slots 2 ports 6 Gbps 0x3 impl SATA mode
[   10.290238] megaraid_sas 0000:81:00.0: FW supports atomic descriptor	: Yes
[   10.295369] ahci 0000:74:03.0: flags: 64bit ncq sntf stag pm led clo only pmp fbs slum part ccc ems sxs boh 
[   10.295373] ahci 0000:74:03.0: both AHCI_HFLAG_MULTI_MSI flag set and custom irq handler implemented
[   10.330223] megaraid_sas 0000:81:00.0: FW provided supportMaxExtLDs: 1	max_lds: 240
[   10.370678] scsi host1: ahci
[   10.383755] megaraid_sas 0000:81:00.0: controller type	: MR(4096MB)
[   10.383758] megaraid_sas 0000:81:00.0: Online Controller Reset(OCR)	: Enabled
[   10.394815] mlx5_core 0000:01:00.0: firmware version: 14.31.1014
[   10.410846] megaraid_sas 0000:81:00.0: Secure JBOD support	: Yes
[   10.427015] mlx5_core 0000:01:00.0: 63.008 Gb/s available PCIe bandwidth (8 GT/s x8 link)
[   10.441791] megaraid_sas 0000:81:00.0: NVMe passthru support	: Yes
[   10.441793] megaraid_sas 0000:81:00.0: FW provided TM TaskAbort/Reset timeout	: 6 secs/60 secs
[   10.441795] megaraid_sas 0000:81:00.0: PCI Lane Margining support	: Yes
[   10.441797] megaraid_sas 0000:81:00.0: JBOD sequence map support	: Yes
[   10.454431] scsi host2: ahci
[   10.486355] megaraid_sas 0000:81:00.0: NVME page size	: (4096)
[   10.495415] ata1: SATA max UDMA/133 abar m4096@0xa2010000 port 0xa2010100 irq 133
[   10.503916] megaraid_sas 0000:81:00.0: megasas_enable_intr_fusion is called outbound_intr_mask:0x40000000
[   10.512968] ata2: SATA max UDMA/133 abar m4096@0xa2010000 port 0xa2010180 irq 134
[   10.519934] iommu: Adding device 0000:b4:03.0 to group 24
[   10.528656] megaraid_sas 0000:81:00.0: INIT adapter done
[   10.528987] megaraid_sas 0000:81:00.0: Snap dump wait time	: 15
[   10.639616] megaraid_sas 0000:81:00.0: pci id		: (0x1000)/(0x10e2)/(0x1000)/(0x4010)
[   10.639617] megaraid_sas 0000:81:00.0: unevenspan support	: no
[   10.639618] megaraid_sas 0000:81:00.0: firmware crash dump	: no
[   10.639619] megaraid_sas 0000:81:00.0: JBOD sequence map	: enabled
[   10.639826] ahci 0000:b4:03.0: SSS flag set, parallel bus scan disabled
[   10.639837] ahci 0000:b4:03.0: AHCI 0001.0300 32 slots 2 ports 6 Gbps 0x3 impl SATA mode
[   10.639840] ahci 0000:b4:03.0: flags: 64bit ncq sntf stag pm led clo only pmp fbs slum part ccc ems sxs boh 
[   10.639842] ahci 0000:b4:03.0: both AHCI_HFLAG_MULTI_MSI flag set and custom irq handler implemented
[   10.640126] scsi host0: Broadcom SAS based MegaRAID driver
[   10.640210] scsi host3: ahci
[   10.640494] scsi host4: ahci
[   10.640563] ata3: SATA max UDMA/133 abar m4096@0xa3010000 port 0xa3010100 irq 207
[   10.640564] ata4: SATA max UDMA/133 abar m4096@0xa3010000 port 0xa3010180 irq 208
[   10.643125] iommu: Adding device 0000:84:00.0 to group 25
[   10.643854] megaraid_sas 0000:84:00.0: BAR:0x0  BAR's base_addr(phys):0x0x0000280005100000  mapped virt_addr:0x(____ptrval____)
[   10.643857] megaraid_sas 0000:84:00.0: FW now in Ready state
[   10.643859] megaraid_sas 0000:84:00.0: 63 bit DMA mask and 63 bit consistent mask
[   10.644036] megaraid_sas 0000:84:00.0: firmware supports msix	: (128)
[   10.644897] megaraid_sas 0000:84:00.0: requested/available msix: 72/72
[   10.644898] megaraid_sas 0000:84:00.0: current msix/online cpus	: (72/64)
[   10.644899] megaraid_sas 0000:84:00.0: RDPQ mode	: (enabled)
[   10.644901] megaraid_sas 0000:84:00.0: Current firmware supports maximum commands: 5101	 LDIO threshold: 0
[   10.649564] megaraid_sas 0000:84:00.0: Performance mode :Balanced (latency index = 8)
[   10.649565] megaraid_sas 0000:84:00.0: FW supports sync cache	: Yes
[   10.649569] megaraid_sas 0000:84:00.0: megasas_disable_intr_fusion is called outbound_intr_mask:0x40000009
[   10.678367] scsi 0:1:124:0: Enclosure         BROADCOM VirtualSES       03   PQ: 0 ANSI: 7
[   10.730223] megaraid_sas 0000:84:00.0: FW supports atomic descriptor	: Yes
[   10.736471] mlx5_core 0000:01:00.0: E-Switch: Total vports 10, per vport: max uc(128) max mc(2048)
[   10.760244] mlx5_core 0000:01:00.0: mlx5_fw_tracer_start:821:(pid 486): FWTracer: Ownership granted and active
[   10.782724] random: fast init done
[   10.805163] iommu: Adding device 0000:01:00.1 to group 26
[   10.813157] megaraid_sas 0000:84:00.0: FW provided supportMaxExtLDs: 1	max_lds: 240
[   10.824002] mlx5_core 0000:01:00.1: firmware version: 14.31.1014
[   10.828341] ata1: SATA link down (SStatus 0 SControl 300)
[   10.836434] megaraid_sas 0000:84:00.0: controller type	: MR(4096MB)
[   10.836436] megaraid_sas 0000:84:00.0: Online Controller Reset(OCR)	: Enabled
[   10.836437] megaraid_sas 0000:84:00.0: Secure JBOD support	: Yes
[   10.836440] megaraid_sas 0000:84:00.0: NVMe passthru support	: Yes
[   10.846278] mlx5_core 0000:01:00.1: 63.008 Gb/s available PCIe bandwidth (8 GT/s x8 link)
[   10.856065] megaraid_sas 0000:84:00.0: FW provided TM TaskAbort/Reset timeout	: 6 secs/60 secs
[   10.856068] megaraid_sas 0000:84:00.0: PCI Lane Margining support	: Yes
[   10.952342] ata3: SATA link down (SStatus 0 SControl 300)
[   10.956595] megaraid_sas 0000:84:00.0: JBOD sequence map support	: Yes
[   11.115489] mlx5_core 0000:01:00.1: E-Switch: Total vports 10, per vport: max uc(128) max mc(2048)
[   11.133283] scsi 0:3:111:0: Direct-Access     BROADCOM MR9560-8i        5.20 PQ: 0 ANSI: 5
[   11.140332] ata2: SATA link down (SStatus 0 SControl 300)
[   11.146354] megaraid_sas 0000:84:00.0: NVME page size	: (4096)
[   11.146910] megaraid_sas 0000:84:00.0: megasas_enable_intr_fusion is called outbound_intr_mask:0x40000000
[   11.146914] megaraid_sas 0000:84:00.0: INIT adapter done
[   11.147458] megaraid_sas 0000:84:00.0: Snap dump wait time	: 15
[   11.147460] megaraid_sas 0000:84:00.0: pci id		: (0x1000)/(0x10e2)/(0x1000)/(0x4010)
[   11.147461] megaraid_sas 0000:84:00.0: unevenspan support	: no
[   11.147462] megaraid_sas 0000:84:00.0: firmware crash dump	: no
[   11.147463] megaraid_sas 0000:84:00.0: JBOD sequence map	: enabled
[   11.147509] scsi host5: Broadcom SAS based MegaRAID driver
[   11.173795] iommu: Adding device 0000:82:00.0 to group 27
[   11.179286] sd 0:3:111:0: [sda] 936640512 512-byte logical blocks: (480 GB/447 GiB)
[   11.184490] scsi 5:1:123:0: Enclosure         HUAWEI   Expander 12G28F1 340  PQ: 0 ANSI: 6
[   11.189646] mlx5_core 0000:82:00.0: firmware version: 14.31.1014
[   11.204887] sd 0:3:111:0: [sda] 4096-byte physical blocks
[   11.213825] sd 0:3:111:0: [sda] Write Protect is off
[   11.223301] mlx5_core 0000:82:00.0: 63.008 Gb/s available PCIe bandwidth (8 GT/s x8 link)
[   11.237838] sd 0:3:111:0: [sda] Mode Sense: 1f 00 00 08
[   11.256552] sd 0:3:111:0: [sda] Write cache: disabled, read cache: enabled, doesn't support DPO or FUA
[   11.274955] sd 0:3:111:0: [sda] Optimal transfer size 262144 bytes
[   11.381701]  sda: sda1 sda2 sda3 sda4
[   11.383231] sd 0:3:111:0: [sda] Attached SCSI disk
[   11.413455] scsi 5:3:106:0: Direct-Access     BROADCOM MR9560-8i        5.20 PQ: 0 ANSI: 5
[   11.428750] scsi 5:3:107:0: Direct-Access     BROADCOM MR9560-8i        5.20 PQ: 0 ANSI: 5
[   11.444335] scsi 5:3:108:0: Direct-Access     BROADCOM MR9560-8i        5.20 PQ: 0 ANSI: 5
[   11.459768] scsi 5:3:109:0: Direct-Access     BROADCOM MR9560-8i        5.20 PQ: 0 ANSI: 5
[   11.475347] scsi 5:3:110:0: Direct-Access     BROADCOM MR9560-8i        5.20 PQ: 0 ANSI: 5
[   11.490973] scsi 5:3:111:0: Direct-Access     BROADCOM MR9560-8i        5.20 PQ: 0 ANSI: 5
