[    0.000000] Booting Linux on physical CPU 0x0000180000 [0x481fd010]
[    0.000000] Linux version 4.19.90-2102.2.0.0062.ctl2.aarch64 (abuild@obs7) (gcc version 7.3.0 (GCC)) #1 SMP Thu Mar 10 03:30:47 UTC 2022
[    0.000000] efi: Getting EFI parameters from FDT:
[    0.000000] efi: EFI v2.70 by EDK II
[    0.000000] efi:  ACPI 2.0=0x2f390018  SMBIOS 3.0=0x2f240000  MEMATTR=0x312e8018  ESRT=0x312f4f98  RNG=0x3eadba18  MEMRESERVE=0x2f251e18 
[    0.000000] efi: seeding entropy pool
[    0.000000] esrt: Reserving ESRT space from 0x00000000312f4f98 to 0x00000000312f4fd0.
[    0.000000] kexec_core: Reserving 256MB of low memory at 1792MB for crashkernel (System low RAM: 2031MB)
[    0.000000] crashkernel reserved: 0x0000203fc0000000 - 0x0000204000000000 (1024 MB)
[    0.000000] cma: Failed to reserve 512 MiB
[    0.000000] ACPI: Early table checksum verification disabled
[    0.000000] ACPI: RSDP 0x000000002F390018 000024 (v02 HISI  )
[    0.000000] ACPI: XSDT 0x000000002F39FE98 0000B4 (v01 HISI   HIP08    00000000      01000013)
[    0.000000] ACPI: FACP 0x000000002F39F918 000114 (v06 HISI   HIP08    00000000 HISI 20151124)
[    0.000000] ACPI: DSDT 0x000000002EE00018 00FEF7 (v02 HISI   HIP08    00000000 INTL 20210105)
[    0.000000] ACPI: PCCT 0x000000002F39FA98 00008A (v01 HISI   HIP08    00000000 HISI 20151124)
[    0.000000] ACPI: SSDT 0x000000002F380018 00E56A (v02 HISI   HIP07    00000000 INTL 20210105)
[    0.000000] ACPI: BERT 0x000000002F39FE18 000030 (v01 HISI   HIP08    00000000 HISI 20151124)
[    0.000000] ACPI: HEST 0x000000002F39E998 00058C (v01 HISI   HIP08    00000000 HISI 20151124)
[    0.000000] ACPI: ERST 0x000000002F39FB98 000230 (v01 HISI   HIP08    00000000 HISI 20151124)
[    0.000000] ACPI: EINJ 0x000000002F39F018 000170 (v01 HISI   HIP08    00000000 HISI 20151124)
[    0.000000] ACPI: GTDT 0x000000002F39F298 00007C (v02 HISI   HIP08    00000000 HISI 20151124)
[    0.000000] ACPI: SDEI 0x000000002F39FF98 000030 (v01 HISI   HIP08    00000000 HISI 20151124)
[    0.000000] ACPI: MCFG 0x000000002F39F798 00003C (v01 HISI   HIP08    00000000 HISI 20151124)
[    0.000000] ACPI: SLIT 0x000000002F39F818 00003C (v01 HISI   HIP08    00000000 HISI 20151124)
[    0.000000] ACPI: SPCR 0x000000002F39F898 000050 (v02 HISI   HIP08    00000000 HISI 20151124)
[    0.000000] ACPI: SRAT 0x000000002F397518 000540 (v03 HISI   HIP08    00000000 HISI 20151124)
[    0.000000] ACPI: APIC 0x000000002F39C398 00146C (v04 HISI   HIP08    00000000 HISI 20151124)
[    0.000000] ACPI: IORT 0x000000002F397B98 001678 (v00 HISI   HIP08    00000000 INTL 20210105)
[    0.000000] ACPI: PPTT 0x000000002F399718 002130 (v01 HISI   HIP08    00000000 HISI 20151124)
[    0.000000] ACPI: MPAM 0x000000002F39DF18 00043A (v01 HISI   HIP08    00000000 HISI 20151124)
[    0.000000] ACPI: SPMI 0x000000002F39E598 000041 (v05 HISI   HIP08    00000000 HISI 20151124)
[    0.000000] ACPI: SPCR: console: uart,mmio,0x3f00002f8,115200
[    0.000000] ACPI: SRAT: Node 0 PXM 0 [mem 0x2080000000-0x3fffffffff]
[    0.000000] ACPI: SRAT: Node 0 PXM 0 [mem 0x00000000-0x7fffffff]
[    0.000000] ACPI: SRAT: Node 1 PXM 1 [mem 0x202000000000-0x203fffffffff]
[    0.000000] NUMA: NODE_DATA [mem 0x3fffffe0c0-0x3fffffffff]
[    0.000000] NUMA: NODE_DATA [mem 0x203fbfffe0c0-0x203fbfffffff]
[    0.000000] Zone ranges:
[    0.000000]   DMA32    [mem 0x0000000000000000-0x00000000ffffffff]
[    0.000000]   Normal   [mem 0x0000000100000000-0x0000203fffffffff]
[    0.000000] Movable zone start for each node
[    0.000000] Early memory node ranges
[    0.000000]   node   0: [mem 0x0000000000000000-0x000000000000ffff]
[    0.000000]   node   0: [mem 0x0000000000010000-0x000000002ec0ffff]
[    0.000000]   node   0: [mem 0x000000002ec10000-0x000000002edfffff]
[    0.000000]   node   0: [mem 0x000000002ee00000-0x000000002ee0ffff]
[    0.000000]   node   0: [mem 0x000000002ee10000-0x000000002ee6ffff]
[    0.000000]   node   0: [mem 0x000000002ee70000-0x000000002ee7ffff]
[    0.000000]   node   0: [mem 0x000000002ee80000-0x000000002eefffff]
[    0.000000]   node   0: [mem 0x000000002ef00000-0x000000002ef5ffff]
[    0.000000]   node   0: [mem 0x000000002ef60000-0x000000002effffff]
[    0.000000]   node   0: [mem 0x000000002f000000-0x000000002f02ffff]
[    0.000000]   node   0: [mem 0x000000002f030000-0x000000002f0cffff]
[    0.000000]   node   0: [mem 0x000000002f0d0000-0x000000002f19ffff]
[    0.000000]   node   0: [mem 0x000000002f1a0000-0x000000002f1fffff]
[    0.000000]   node   0: [mem 0x000000002f200000-0x000000002f22ffff]
[    0.000000]   node   0: [mem 0x000000002f230000-0x000000002f24ffff]
[    0.000000]   node   0: [mem 0x000000002f250000-0x000000002f2cffff]
[    0.000000]   node   0: [mem 0x000000002f2d0000-0x000000002f37ffff]
[    0.000000]   node   0: [mem 0x000000002f380000-0x000000002f39ffff]
[    0.000000]   node   0: [mem 0x000000002f3a0000-0x000000002f6fffff]
[    0.000000]   node   0: [mem 0x000000002f700000-0x000000003eaaffff]
[    0.000000]   node   0: [mem 0x000000003eab0000-0x000000003eadffff]
[    0.000000]   node   0: [mem 0x000000003eae0000-0x000000003fbfffff]
[    0.000000]   node   0: [mem 0x000000003fc00000-0x0000000043ffffff]
[    0.000000]   node   0: [mem 0x0000000044030000-0x000000004effffff]
[    0.000000]   node   0: [mem 0x0000000050000000-0x00000000501fffff]
[    0.000000]   node   0: [mem 0x0000000050200000-0x000000007fffffff]
[    0.000000]   node   0: [mem 0x0000002080000000-0x0000003fffffffff]
[    0.000000]   node   1: [mem 0x0000202000000000-0x0000203fffffffff]
[    0.000000] Zeroed struct page in unavailable ranges: 205 pages
[    0.000000] Initmem setup node 0 [mem 0x0000000000000000-0x0000003fffffffff]
[    0.000000] On node 0 totalpages: 2096893
[    0.000000]   DMA32 zone: 32 pages used for memmap
[    0.000000]   DMA32 zone: 0 pages reserved
[    0.000000]   DMA32 zone: 32509 pages, LIFO batch:3
[    0.000000]   Normal zone: 2016 pages used for memmap
[    0.000000]   Normal zone: 2064384 pages, LIFO batch:3
[    0.000000] Initmem setup node 1 [mem 0x0000202000000000-0x0000203fffffffff]
[    0.000000] On node 1 totalpages: 2097152
[    0.000000]   Normal zone: 2048 pages used for memmap
[    0.000000]   Normal zone: 2097152 pages, LIFO batch:3
[    0.000000] psci: probing for conduit method from ACPI.
[    0.000000] psci: PSCIv1.1 detected in firmware.
[    0.000000] psci: Using standard PSCI v0.2 function IDs
[    0.000000] psci: MIGRATE_INFO_TYPE not supported.
[    0.000000] psci: SMC Calling Convention v1.0
[    0.000000] ACPI: NUMA: SRAT: PXM 0 -> MPIDR 0x180000 -> Node 0
[    0.000000] ACPI: NUMA: SRAT: PXM 0 -> MPIDR 0x180100 -> Node 0
[    0.000000] ACPI: NUMA: SRAT: PXM 0 -> MPIDR 0x180200 -> Node 0
[    0.000000] ACPI: NUMA: SRAT: PXM 0 -> MPIDR 0x180300 -> Node 0
[    0.000000] ACPI: NUMA: SRAT: PXM 0 -> MPIDR 0x190000 -> Node 0
[    0.000000] ACPI: NUMA: SRAT: PXM 0 -> MPIDR 0x190100 -> Node 0
[    0.000000] ACPI: NUMA: SRAT: PXM 0 -> MPIDR 0x190200 -> Node 0
[    0.000000] ACPI: NUMA: SRAT: PXM 0 -> MPIDR 0x190300 -> Node 0
[    0.000000] ACPI: NUMA: SRAT: PXM 0 -> MPIDR 0x1a0000 -> Node 0
[    0.000000] ACPI: NUMA: SRAT: PXM 0 -> MPIDR 0x1a0100 -> Node 0
[    0.000000] ACPI: NUMA: SRAT: PXM 0 -> MPIDR 0x1a0200 -> Node 0
[    0.000000] ACPI: NUMA: SRAT: PXM 0 -> MPIDR 0x1a0300 -> Node 0
[    0.000000] ACPI: NUMA: SRAT: PXM 0 -> MPIDR 0x1b0000 -> Node 0
[    0.000000] ACPI: NUMA: SRAT: PXM 0 -> MPIDR 0x1b0100 -> Node 0
[    0.000000] ACPI: NUMA: SRAT: PXM 0 -> MPIDR 0x1b0200 -> Node 0
[    0.000000] ACPI: NUMA: SRAT: PXM 0 -> MPIDR 0x1b0300 -> Node 0
[    0.000000] ACPI: NUMA: SRAT: PXM 0 -> MPIDR 0x1c0000 -> Node 0
[    0.000000] ACPI: NUMA: SRAT: PXM 0 -> MPIDR 0x1c0100 -> Node 0
[    0.000000] ACPI: NUMA: SRAT: PXM 0 -> MPIDR 0x1c0200 -> Node 0
[    0.000000] ACPI: NUMA: SRAT: PXM 0 -> MPIDR 0x1c0300 -> Node 0
[    0.000000] ACPI: NUMA: SRAT: PXM 0 -> MPIDR 0x1d0000 -> Node 0
[    0.000000] ACPI: NUMA: SRAT: PXM 0 -> MPIDR 0x1d0100 -> Node 0
[    0.000000] ACPI: NUMA: SRAT: PXM 0 -> MPIDR 0x1d0200 -> Node 0
[    0.000000] ACPI: NUMA: SRAT: PXM 0 -> MPIDR 0x1d0300 -> Node 0
[    0.000000] ACPI: NUMA: SRAT: PXM 0 -> MPIDR 0x1e0000 -> Node 0
[    0.000000] ACPI: NUMA: SRAT: PXM 0 -> MPIDR 0x1e0100 -> Node 0
[    0.000000] ACPI: NUMA: SRAT: PXM 0 -> MPIDR 0x1e0200 -> Node 0
[    0.000000] ACPI: NUMA: SRAT: PXM 0 -> MPIDR 0x1e0300 -> Node 0
[    0.000000] ACPI: NUMA: SRAT: PXM 0 -> MPIDR 0x1f0000 -> Node 0
[    0.000000] ACPI: NUMA: SRAT: PXM 0 -> MPIDR 0x1f0100 -> Node 0
[    0.000000] ACPI: NUMA: SRAT: PXM 0 -> MPIDR 0x1f0200 -> Node 0
[    0.000000] ACPI: NUMA: SRAT: PXM 0 -> MPIDR 0x1f0300 -> Node 0
[    0.000000] ACPI: NUMA: SRAT: PXM 1 -> MPIDR 0x380000 -> Node 1
[    0.000000] ACPI: NUMA: SRAT: PXM 1 -> MPIDR 0x380100 -> Node 1
[    0.000000] ACPI: NUMA: SRAT: PXM 1 -> MPIDR 0x380200 -> Node 1
[    0.000000] ACPI: NUMA: SRAT: PXM 1 -> MPIDR 0x380300 -> Node 1
[    0.000000] ACPI: NUMA: SRAT: PXM 1 -> MPIDR 0x390000 -> Node 1
[    0.000000] ACPI: NUMA: SRAT: PXM 1 -> MPIDR 0x390100 -> Node 1
[    0.000000] ACPI: NUMA: SRAT: PXM 1 -> MPIDR 0x390200 -> Node 1
[    0.000000] ACPI: NUMA: SRAT: PXM 1 -> MPIDR 0x390300 -> Node 1
[    0.000000] ACPI: NUMA: SRAT: PXM 1 -> MPIDR 0x3a0000 -> Node 1
[    0.000000] ACPI: NUMA: SRAT: PXM 1 -> MPIDR 0x3a0100 -> Node 1
[    0.000000] ACPI: NUMA: SRAT: PXM 1 -> MPIDR 0x3a0200 -> Node 1
[    0.000000] ACPI: NUMA: SRAT: PXM 1 -> MPIDR 0x3a0300 -> Node 1
[    0.000000] ACPI: NUMA: SRAT: PXM 1 -> MPIDR 0x3b0000 -> Node 1
[    0.000000] ACPI: NUMA: SRAT: PXM 1 -> MPIDR 0x3b0100 -> Node 1
[    0.000000] ACPI: NUMA: SRAT: PXM 1 -> MPIDR 0x3b0200 -> Node 1
[    0.000000] ACPI: NUMA: SRAT: PXM 1 -> MPIDR 0x3b0300 -> Node 1
[    0.000000] ACPI: NUMA: SRAT: PXM 1 -> MPIDR 0x3c0000 -> Node 1
[    0.000000] ACPI: NUMA: SRAT: PXM 1 -> MPIDR 0x3c0100 -> Node 1
[    0.000000] ACPI: NUMA: SRAT: PXM 1 -> MPIDR 0x3c0200 -> Node 1
[    0.000000] ACPI: NUMA: SRAT: PXM 1 -> MPIDR 0x3c0300 -> Node 1
[    0.000000] ACPI: NUMA: SRAT: PXM 1 -> MPIDR 0x3d0000 -> Node 1
[    0.000000] ACPI: NUMA: SRAT: PXM 1 -> MPIDR 0x3d0100 -> Node 1
[    0.000000] ACPI: NUMA: SRAT: PXM 1 -> MPIDR 0x3d0200 -> Node 1
[    0.000000] ACPI: NUMA: SRAT: PXM 1 -> MPIDR 0x3d0300 -> Node 1
[    0.000000] ACPI: NUMA: SRAT: PXM 1 -> MPIDR 0x3e0000 -> Node 1
[    0.000000] ACPI: NUMA: SRAT: PXM 1 -> MPIDR 0x3e0100 -> Node 1
[    0.000000] ACPI: NUMA: SRAT: PXM 1 -> MPIDR 0x3e0200 -> Node 1
[    0.000000] ACPI: NUMA: SRAT: PXM 1 -> MPIDR 0x3e0300 -> Node 1
[    0.000000] ACPI: NUMA: SRAT: PXM 1 -> MPIDR 0x3f0000 -> Node 1
[    0.000000] ACPI: NUMA: SRAT: PXM 1 -> MPIDR 0x3f0100 -> Node 1
[    0.000000] ACPI: NUMA: SRAT: PXM 1 -> MPIDR 0x3f0200 -> Node 1
[    0.000000] ACPI: NUMA: SRAT: PXM 1 -> MPIDR 0x3f0300 -> Node 1
[    0.000000] random: get_random_bytes called from start_kernel+0xa8/0x4f8 with crng_init=0
[    0.000000] percpu: Embedded 3 pages/cpu s125912 r8192 d62504 u196608
[    0.000000] pcpu-alloc: s125912 r8192 d62504 u196608 alloc=3*65536
[    0.000000] pcpu-alloc: [0] 00 [0] 01 [0] 02 [0] 03 [0] 04 [0] 05 [0] 06 [0] 07 
[    0.000000] pcpu-alloc: [0] 08 [0] 09 [0] 10 [0] 11 [0] 12 [0] 13 [0] 14 [0] 15 
[    0.000000] pcpu-alloc: [0] 16 [0] 17 [0] 18 [0] 19 [0] 20 [0] 21 [0] 22 [0] 23 
[    0.000000] pcpu-alloc: [0] 24 [0] 25 [0] 26 [0] 27 [0] 28 [0] 29 [0] 30 [0] 31 
[    0.000000] pcpu-alloc: [1] 32 [1] 33 [1] 34 [1] 35 [1] 36 [1] 37 [1] 38 [1] 39 
[    0.000000] pcpu-alloc: [1] 40 [1] 41 [1] 42 [1] 43 [1] 44 [1] 45 [1] 46 [1] 47 
[    0.000000] pcpu-alloc: [1] 48 [1] 49 [1] 50 [1] 51 [1] 52 [1] 53 [1] 54 [1] 55 
[    0.000000] pcpu-alloc: [1] 56 [1] 57 [1] 58 [1] 59 [1] 60 [1] 61 [1] 62 [1] 63 
[    0.000000] Detected VIPT I-cache on CPU0
[    0.000000] CPU features: enabling workaround for Mismatched cache type
[    0.000000] CPU features: detected: GIC system register CPU interface
[    0.000000] CPU features: detected: Virtualization Host Extensions
[    0.000000] CPU features: kernel page table isolation forced ON by KASLR
[    0.000000] CPU features: detected: Kernel page table isolation (KPTI)
[    0.000000] CPU features: detected: Hardware dirty bit management
[    0.000000] CPU features: detected: Speculative Store Bypassing Safe (SSBS)
[    0.000000] alternatives: patching kernel code
[    0.000000] Built 2 zonelists, mobility grouping on.  Total pages: 4189949
[    0.000000] Policy zone: Normal
[    0.000000] Kernel command line: BOOT_IMAGE=/vmlinuz-4.19.90-2102.2.0.0062.ctl2.aarch64 root=/dev/mapper/system-lv_root ro console=tty0 pci=realloc pciehp.pciehp_forece=1 biosdevname=0 net.ifnames=0 console=ttyS0,115200n8 crashkernel=1024M,high smmu.bypassdev=0x1000:0x17 smmu.bypassdev=0x1000:0x15 video=efifb:off video=VGA-1:640x480-32@60me
[    0.000000] software IO TLB: mapped [mem 0x6c000000-0x70000000] (64MB)
[    0.000000] Memory: 266452864K/268418880K available (10300K kernel code, 1602K rwdata, 3712K rodata, 4288K init, 3056K bss, 1966016K reserved, 0K cma-reserved)
[    0.000000] SLUB: HWalign=64, Order=0-3, MinObjects=0, CPUs=64, Nodes=2
[    0.000000] ftrace: allocating 34923 entries in 9 pages
[    0.000000] rcu: Hierarchical RCU implementation.
[    0.000000] rcu: 	RCU restricting CPUs from NR_CPUS=1024 to nr_cpu_ids=64.
[    0.000000] rcu: Adjusting geometry for rcu_fanout_leaf=16, nr_cpu_ids=64
[    0.000000] NR_IRQS: 64, nr_irqs: 64, preallocated irqs: 0
[    0.000000] GICv3: GIC: Using split EOI/Deactivate mode
[    0.000000] GICv3: Distributor has no Range Selector support
[    0.000000] GICv3: VLPI support, direct LPI support
[    0.000000] GICv3: CPU0: found redistributor 180000 region 0:0x00000000aa100000
[    0.000000] SRAT: PXM 0 -> ITS 0 -> Node 0
[    0.000000] SRAT: PXM 1 -> ITS 1 -> Node 1
[    0.000000] ITS [mem 0x202100000-0x20211ffff]
[    0.000000] ITS@0x0000000202100000: Using ITS number 0
[    0.000000] ITS@0x0000000202100000: allocated 65536 Devices @3fc0700000 (flat, esz 8, psz 16K, shr 1)
[    0.000000] ITS@0x0000000202100000: allocated 65536 Virtual CPUs @3fc0800000 (flat, esz 16, psz 4K, shr 1)
[    0.000000] ITS@0x0000000202100000: allocated 4096 Interrupt Collections @3fc06a0000 (flat, esz 16, psz 4K, shr 1)
[    0.000000] ITS [mem 0x200202100000-0x20020211ffff]
[    0.000000] ITS@0x0000200202100000: Using ITS number 1
[    0.000000] ITS@0x0000200202100000: allocated 65536 Devices @203f60080000 (flat, esz 8, psz 16K, shr 1)
[    0.000000] ITS@0x0000200202100000: allocated 65536 Virtual CPUs @203f60100000 (flat, esz 16, psz 4K, shr 1)
[    0.000000] ITS@0x0000200202100000: allocated 4096 Interrupt Collections @203f60020000 (flat, esz 16, psz 4K, shr 1)
[    0.000000] GICv3: using LPI property table @0x0000003fc06b0000
[    0.000000] ITS: Using DirectLPI for VPE invalidation
[    0.000000] ITS: Enabling GICv4 support
[    0.000000] GICv3: CPU0: using allocated LPI pending table @0x0000003fc06d0000
[    0.000000] rcu: 	Offload RCU callbacks from CPUs: (none).
[    0.000000] arch_timer: cp15 timer(s) running at 100.00MHz (phys).
[    0.000000] clocksource: arch_sys_counter: mask: 0xffffffffffffff max_cycles: 0x171024e7e0, max_idle_ns: 440795205315 ns
[    0.000001] sched_clock: 56 bits at 100MHz, resolution 10ns, wraps every 4398046511100ns
[    0.000086] Console: colour dummy device 80x25
[    0.000367] console [tty0] enabled
[    0.000486] mempolicy: Enabling automatic NUMA balancing. Configure with numa_balancing= or the kernel.numa_balancing sysctl
[    0.000501] ACPI: Core revision 20180810
[    0.000924] Calibrating delay loop (skipped), value calculated using timer frequency.. 200.00 BogoMIPS (lpj=400000)
[    0.000929] pid_max: default: 65536 minimum: 512
[    0.001246] Security Framework initialized
[    0.001249] Yama: becoming mindful.
[    0.001253] SELinux:  Initializing.
[    0.010433] Dentry cache hash table entries: 16777216 (order: 11, 134217728 bytes)
[    0.014909] Inode-cache hash table entries: 8388608 (order: 10, 67108864 bytes)
[    0.015110] Mount-cache hash table entries: 262144 (order: 5, 2097152 bytes)
[    0.015259] Mountpoint-cache hash table entries: 262144 (order: 5, 2097152 bytes)
[    0.016942] ASID allocator initialised with 32768 entries
[    0.016964] rcu: Hierarchical SRCU implementation.
[    0.017415] Platform MSI: ITS@0x202100000 domain created
[    0.017419] Platform MSI: ITS@0x200202100000 domain created
[    0.017424] PCI/MSI: ITS@0x202100000 domain created
[    0.017427] PCI/MSI: ITS@0x200202100000 domain created
[    0.017463] Remapping and enabling EFI services.
[    0.017553] efi: memattr: Entry attributes invalid: RO and XP bits both cleared
[    0.017558] efi: memattr: ! 0x000000000000-0x00000000ffff [Runtime Code       |RUN|  |  |  |  |  |  |   |  |  |  |  ]
[    0.018271] smp: Bringing up secondary CPUs ...
[    0.018413] Detected VIPT I-cache on CPU1
[    0.018420] GICv3: CPU1: found redistributor 180100 region 1:0x00000000aa140000
[    0.018439] GICv3: CPU1: using allocated LPI pending table @0x0000003fc06e0000
[    0.018470] CPU1: Booted secondary processor 0x0000180100 [0x481fd010]
[    0.019410] Detected VIPT I-cache on CPU2
[    0.019414] GICv3: CPU2: found redistributor 180200 region 2:0x00000000aa180000
[    0.019431] GICv3: CPU2: using allocated LPI pending table @0x0000003fc06f0000
[    0.019457] CPU2: Booted secondary processor 0x0000180200 [0x481fd010]
[    0.020419] Detected VIPT I-cache on CPU3
[    0.020424] GICv3: CPU3: found redistributor 180300 region 3:0x00000000aa1c0000
[    0.020441] GICv3: CPU3: using allocated LPI pending table @0x0000003fc0780000
[    0.020467] CPU3: Booted secondary processor 0x0000180300 [0x481fd010]
[    0.021417] Detected VIPT I-cache on CPU4
[    0.021423] GICv3: CPU4: found redistributor 190000 region 4:0x00000000aa200000
[    0.021445] GICv3: CPU4: using allocated LPI pending table @0x0000003fc0790000
[    0.021474] CPU4: Booted secondary processor 0x0000190000 [0x481fd010]
[    0.022431] Detected VIPT I-cache on CPU5
[    0.022436] GICv3: CPU5: found redistributor 190100 region 5:0x00000000aa240000
[    0.022454] GICv3: CPU5: using allocated LPI pending table @0x0000003fc07a0000
[    0.022481] CPU5: Booted secondary processor 0x0000190100 [0x481fd010]
[    0.023430] Detected VIPT I-cache on CPU6
[    0.023434] GICv3: CPU6: found redistributor 190200 region 6:0x00000000aa280000
[    0.023452] GICv3: CPU6: using allocated LPI pending table @0x0000003fc07b0000
[    0.023478] CPU6: Booted secondary processor 0x0000190200 [0x481fd010]
[    0.024447] Detected VIPT I-cache on CPU7
[    0.024452] GICv3: CPU7: found redistributor 190300 region 7:0x00000000aa2c0000
[    0.024470] GICv3: CPU7: using allocated LPI pending table @0x0000003fc07c0000
[    0.024496] CPU7: Booted secondary processor 0x0000190300 [0x481fd010]
[    0.025445] Detected VIPT I-cache on CPU8
[    0.025452] GICv3: CPU8: found redistributor 1a0000 region 8:0x00000000aa300000
[    0.025472] GICv3: CPU8: using allocated LPI pending table @0x0000003fc07d0000
[    0.025502] CPU8: Booted secondary processor 0x00001a0000 [0x481fd010]
[    0.026440] Detected VIPT I-cache on CPU9
[    0.026446] GICv3: CPU9: found redistributor 1a0100 region 9:0x00000000aa340000
[    0.026464] GICv3: CPU9: using allocated LPI pending table @0x0000003fc07e0000
[    0.026491] CPU9: Booted secondary processor 0x00001a0100 [0x481fd010]
[    0.027437] Detected VIPT I-cache on CPU10
[    0.027442] GICv3: CPU10: found redistributor 1a0200 region 10:0x00000000aa380000
[    0.027460] GICv3: CPU10: using allocated LPI pending table @0x0000003fc07f0000
[    0.027487] CPU10: Booted secondary processor 0x00001a0200 [0x481fd010]
[    0.028437] Detected VIPT I-cache on CPU11
[    0.028443] GICv3: CPU11: found redistributor 1a0300 region 11:0x00000000aa3c0000
[    0.028461] GICv3: CPU11: using allocated LPI pending table @0x0000003fc0900000
[    0.028488] CPU11: Booted secondary processor 0x00001a0300 [0x481fd010]
[    0.029449] Detected VIPT I-cache on CPU12
[    0.029456] GICv3: CPU12: found redistributor 1b0000 region 12:0x00000000aa400000
[    0.029477] GICv3: CPU12: using allocated LPI pending table @0x0000003fc0910000
[    0.029507] CPU12: Booted secondary processor 0x00001b0000 [0x481fd010]
[    0.030453] Detected VIPT I-cache on CPU13
[    0.030459] GICv3: CPU13: found redistributor 1b0100 region 13:0x00000000aa440000
[    0.030477] GICv3: CPU13: using allocated LPI pending table @0x0000003fc0920000
[    0.030503] CPU13: Booted secondary processor 0x00001b0100 [0x481fd010]
[    0.031445] Detected VIPT I-cache on CPU14
[    0.031451] GICv3: CPU14: found redistributor 1b0200 region 14:0x00000000aa480000
[    0.031469] GICv3: CPU14: using allocated LPI pending table @0x0000003fc0930000
[    0.031496] CPU14: Booted secondary processor 0x00001b0200 [0x481fd010]
[    0.032462] Detected VIPT I-cache on CPU15
[    0.032468] GICv3: CPU15: found redistributor 1b0300 region 15:0x00000000aa4c0000
[    0.032486] GICv3: CPU15: using allocated LPI pending table @0x0000003fc0940000
[    0.032512] CPU15: Booted secondary processor 0x00001b0300 [0x481fd010]
[    0.033472] Detected VIPT I-cache on CPU16
[    0.033479] GICv3: CPU16: found redistributor 1c0000 region 16:0x00000000aa500000
[    0.033500] GICv3: CPU16: using allocated LPI pending table @0x0000003fc0950000
[    0.033530] CPU16: Booted secondary processor 0x00001c0000 [0x481fd010]
[    0.034468] Detected VIPT I-cache on CPU17
[    0.034474] GICv3: CPU17: found redistributor 1c0100 region 17:0x00000000aa540000
[    0.034492] GICv3: CPU17: using allocated LPI pending table @0x0000003fc0960000
[    0.034519] CPU17: Booted secondary processor 0x00001c0100 [0x481fd010]
[    0.035463] Detected VIPT I-cache on CPU18
[    0.035469] GICv3: CPU18: found redistributor 1c0200 region 18:0x00000000aa580000
[    0.035487] GICv3: CPU18: using allocated LPI pending table @0x0000003fc0970000
[    0.035513] CPU18: Booted secondary processor 0x00001c0200 [0x481fd010]
[    0.036464] Detected VIPT I-cache on CPU19
[    0.036471] GICv3: CPU19: found redistributor 1c0300 region 19:0x00000000aa5c0000
[    0.036488] GICv3: CPU19: using allocated LPI pending table @0x0000003fc0980000
[    0.036515] CPU19: Booted secondary processor 0x00001c0300 [0x481fd010]
[    0.037470] Detected VIPT I-cache on CPU20
[    0.037478] GICv3: CPU20: found redistributor 1d0000 region 20:0x00000000aa600000
[    0.037499] GICv3: CPU20: using allocated LPI pending table @0x0000003fc0990000
[    0.037531] CPU20: Booted secondary processor 0x00001d0000 [0x481fd010]
[    0.038466] Detected VIPT I-cache on CPU21
[    0.038473] GICv3: CPU21: found redistributor 1d0100 region 21:0x00000000aa640000
[    0.038486] GICv3: CPU21: using allocated LPI pending table @0x0000003fc09a0000
[    0.038512] CPU21: Booted secondary processor 0x00001d0100 [0x481fd010]
[    0.039466] Detected VIPT I-cache on CPU22
[    0.039473] GICv3: CPU22: found redistributor 1d0200 region 22:0x00000000aa680000
[    0.039492] GICv3: CPU22: using allocated LPI pending table @0x0000003fc09b0000
[    0.039520] CPU22: Booted secondary processor 0x00001d0200 [0x481fd010]
[    0.040466] Detected VIPT I-cache on CPU23
[    0.040473] GICv3: CPU23: found redistributor 1d0300 region 23:0x00000000aa6c0000
[    0.040491] GICv3: CPU23: using allocated LPI pending table @0x0000003fc09c0000
[    0.040519] CPU23: Booted secondary processor 0x00001d0300 [0x481fd010]
[    0.041465] Detected VIPT I-cache on CPU24
[    0.041473] GICv3: CPU24: found redistributor 1e0000 region 24:0x00000000aa700000
[    0.041495] GICv3: CPU24: using allocated LPI pending table @0x0000003fc09d0000
[    0.041526] CPU24: Booted secondary processor 0x00001e0000 [0x481fd010]
[    0.042464] Detected VIPT I-cache on CPU25
[    0.042472] GICv3: CPU25: found redistributor 1e0100 region 25:0x00000000aa740000
[    0.042491] GICv3: CPU25: using allocated LPI pending table @0x0000003fc09e0000
[    0.042518] CPU25: Booted secondary processor 0x00001e0100 [0x481fd010]
[    0.043459] Detected VIPT I-cache on CPU26
[    0.043467] GICv3: CPU26: found redistributor 1e0200 region 26:0x00000000aa780000
[    0.043485] GICv3: CPU26: using allocated LPI pending table @0x0000003fc09f0000
[    0.043513] CPU26: Booted secondary processor 0x00001e0200 [0x481fd010]
[    0.044455] Detected VIPT I-cache on CPU27
[    0.044462] GICv3: CPU27: found redistributor 1e0300 region 27:0x00000000aa7c0000
[    0.044480] GICv3: CPU27: using allocated LPI pending table @0x0000003fc0a00000
[    0.044508] CPU27: Booted secondary processor 0x00001e0300 [0x481fd010]
[    0.045465] Detected VIPT I-cache on CPU28
[    0.045475] GICv3: CPU28: found redistributor 1f0000 region 28:0x00000000aa800000
[    0.045497] GICv3: CPU28: using allocated LPI pending table @0x0000003fc0a10000
[    0.045529] CPU28: Booted secondary processor 0x00001f0000 [0x481fd010]
[    0.046477] Detected VIPT I-cache on CPU29
[    0.046486] GICv3: CPU29: found redistributor 1f0100 region 29:0x00000000aa840000
[    0.046504] GICv3: CPU29: using allocated LPI pending table @0x0000003fc0a20000
[    0.046532] CPU29: Booted secondary processor 0x00001f0100 [0x481fd010]
[    0.047475] Detected VIPT I-cache on CPU30
[    0.047484] GICv3: CPU30: found redistributor 1f0200 region 30:0x00000000aa880000
[    0.047503] GICv3: CPU30: using allocated LPI pending table @0x0000003fc0a30000
[    0.047530] CPU30: Booted secondary processor 0x00001f0200 [0x481fd010]
[    0.048482] Detected VIPT I-cache on CPU31
[    0.048490] GICv3: CPU31: found redistributor 1f0300 region 31:0x00000000aa8c0000
[    0.048509] GICv3: CPU31: using allocated LPI pending table @0x0000003fc0a40000
[    0.048538] CPU31: Booted secondary processor 0x00001f0300 [0x481fd010]
[    0.049554] Detected VIPT I-cache on CPU32
[    0.049579] GICv3: CPU32: found redistributor 380000 region 32:0x00002000aa100000
[    0.049610] GICv3: CPU32: using allocated LPI pending table @0x0000003fc0a50000
[    0.049669] CPU32: Booted secondary processor 0x0000380000 [0x481fd010]
[    0.050665] Detected VIPT I-cache on CPU33
[    0.050684] GICv3: CPU33: found redistributor 380100 region 33:0x00002000aa140000
[    0.050699] GICv3: CPU33: using allocated LPI pending table @0x0000003fc0a60000
[    0.050747] CPU33: Booted secondary processor 0x0000380100 [0x481fd010]
[    0.051716] Detected VIPT I-cache on CPU34
[    0.051734] GICv3: CPU34: found redistributor 380200 region 34:0x00002000aa180000
[    0.051750] GICv3: CPU34: using allocated LPI pending table @0x0000003fc0a70000
[    0.051799] CPU34: Booted secondary processor 0x0000380200 [0x481fd010]
[    0.052773] Detected VIPT I-cache on CPU35
[    0.052792] GICv3: CPU35: found redistributor 380300 region 35:0x00002000aa1c0000
[    0.052807] GICv3: CPU35: using allocated LPI pending table @0x0000003fc0a80000
[    0.052857] CPU35: Booted secondary processor 0x0000380300 [0x481fd010]
[    0.053819] Detected VIPT I-cache on CPU36
[    0.053841] GICv3: CPU36: found redistributor 390000 region 36:0x00002000aa200000
[    0.053864] GICv3: CPU36: using allocated LPI pending table @0x0000003fc0a90000
[    0.053919] CPU36: Booted secondary processor 0x0000390000 [0x481fd010]
[    0.054891] Detected VIPT I-cache on CPU37
[    0.054910] GICv3: CPU37: found redistributor 390100 region 37:0x00002000aa240000
[    0.054925] GICv3: CPU37: using allocated LPI pending table @0x0000003fc0aa0000
[    0.054976] CPU37: Booted secondary processor 0x0000390100 [0x481fd010]
[    0.055930] Detected VIPT I-cache on CPU38
[    0.055950] GICv3: CPU38: found redistributor 390200 region 38:0x00002000aa280000
[    0.055964] GICv3: CPU38: using allocated LPI pending table @0x0000003fc0ab0000
[    0.056014] CPU38: Booted secondary processor 0x0000390200 [0x481fd010]
[    0.056975] Detected VIPT I-cache on CPU39
[    0.056995] GICv3: CPU39: found redistributor 390300 region 39:0x00002000aa2c0000
[    0.057010] GICv3: CPU39: using allocated LPI pending table @0x0000003fc0ac0000
[    0.057059] CPU39: Booted secondary processor 0x0000390300 [0x481fd010]
[    0.058031] Detected VIPT I-cache on CPU40
[    0.058052] GICv3: CPU40: found redistributor 3a0000 region 40:0x00002000aa300000
[    0.058073] GICv3: CPU40: using allocated LPI pending table @0x0000003fc0ad0000
[    0.058126] CPU40: Booted secondary processor 0x00003a0000 [0x481fd010]
[    0.059084] Detected VIPT I-cache on CPU41
[    0.059104] GICv3: CPU41: found redistributor 3a0100 region 41:0x00002000aa340000
[    0.059119] GICv3: CPU41: using allocated LPI pending table @0x0000003fc0ae0000
[    0.059167] CPU41: Booted secondary processor 0x00003a0100 [0x481fd010]
[    0.060133] Detected VIPT I-cache on CPU42
[    0.060153] GICv3: CPU42: found redistributor 3a0200 region 42:0x00002000aa380000
[    0.060168] GICv3: CPU42: using allocated LPI pending table @0x0000003fc0af0000
[    0.060217] CPU42: Booted secondary processor 0x00003a0200 [0x481fd010]
[    0.061191] Detected VIPT I-cache on CPU43
[    0.061211] GICv3: CPU43: found redistributor 3a0300 region 43:0x00002000aa3c0000
[    0.061227] GICv3: CPU43: using allocated LPI pending table @0x0000003fc0b00000
[    0.061277] CPU43: Booted secondary processor 0x00003a0300 [0x481fd010]
[    0.062236] Detected VIPT I-cache on CPU44
[    0.062259] GICv3: CPU44: found redistributor 3b0000 region 44:0x00002000aa400000
[    0.062279] GICv3: CPU44: using allocated LPI pending table @0x0000003fc0b10000
[    0.062333] CPU44: Booted secondary processor 0x00003b0000 [0x481fd010]
[    0.063289] Detected VIPT I-cache on CPU45
[    0.063309] GICv3: CPU45: found redistributor 3b0100 region 45:0x00002000aa440000
[    0.063326] GICv3: CPU45: using allocated LPI pending table @0x0000003fc0b20000
[    0.063376] CPU45: Booted secondary processor 0x00003b0100 [0x481fd010]
[    0.064341] Detected VIPT I-cache on CPU46
[    0.064362] GICv3: CPU46: found redistributor 3b0200 region 46:0x00002000aa480000
[    0.064376] GICv3: CPU46: using allocated LPI pending table @0x0000003fc0b30000
[    0.064427] CPU46: Booted secondary processor 0x00003b0200 [0x481fd010]
[    0.065389] Detected VIPT I-cache on CPU47
[    0.065409] GICv3: CPU47: found redistributor 3b0300 region 47:0x00002000aa4c0000
[    0.065425] GICv3: CPU47: using allocated LPI pending table @0x0000003fc0b40000
[    0.065475] CPU47: Booted secondary processor 0x00003b0300 [0x481fd010]
[    0.066435] Detected VIPT I-cache on CPU48
[    0.066457] GICv3: CPU48: found redistributor 3c0000 region 48:0x00002000aa500000
[    0.066477] GICv3: CPU48: using allocated LPI pending table @0x0000003fc0b50000
[    0.066531] CPU48: Booted secondary processor 0x00003c0000 [0x481fd010]
[    0.067479] Detected VIPT I-cache on CPU49
[    0.067500] GICv3: CPU49: found redistributor 3c0100 region 49:0x00002000aa540000
[    0.067516] GICv3: CPU49: using allocated LPI pending table @0x0000003fc0b60000
[    0.067565] CPU49: Booted secondary processor 0x00003c0100 [0x481fd010]
[    0.068532] Detected VIPT I-cache on CPU50
[    0.068553] GICv3: CPU50: found redistributor 3c0200 region 50:0x00002000aa580000
[    0.068569] GICv3: CPU50: using allocated LPI pending table @0x0000003fc0b70000
[    0.068618] CPU50: Booted secondary processor 0x00003c0200 [0x481fd010]
[    0.069599] Detected VIPT I-cache on CPU51
[    0.069620] GICv3: CPU51: found redistributor 3c0300 region 51:0x00002000aa5c0000
[    0.069635] GICv3: CPU51: using allocated LPI pending table @0x0000003fc0b80000
[    0.069687] CPU51: Booted secondary processor 0x00003c0300 [0x481fd010]
[    0.070659] Detected VIPT I-cache on CPU52
[    0.070682] GICv3: CPU52: found redistributor 3d0000 region 52:0x00002000aa600000
[    0.070703] GICv3: CPU52: using allocated LPI pending table @0x0000003fc0b90000
[    0.070758] CPU52: Booted secondary processor 0x00003d0000 [0x481fd010]
[    0.071707] Detected VIPT I-cache on CPU53
[    0.071728] GICv3: CPU53: found redistributor 3d0100 region 53:0x00002000aa640000
[    0.071743] GICv3: CPU53: using allocated LPI pending table @0x0000003fc0ba0000
[    0.071794] CPU53: Booted secondary processor 0x00003d0100 [0x481fd010]
[    0.072747] Detected VIPT I-cache on CPU54
[    0.072768] GICv3: CPU54: found redistributor 3d0200 region 54:0x00002000aa680000
[    0.072784] GICv3: CPU54: using allocated LPI pending table @0x0000003fc0bb0000
[    0.072834] CPU54: Booted secondary processor 0x00003d0200 [0x481fd010]
[    0.073806] Detected VIPT I-cache on CPU55
[    0.073827] GICv3: CPU55: found redistributor 3d0300 region 55:0x00002000aa6c0000
[    0.073843] GICv3: CPU55: using allocated LPI pending table @0x0000003fc0bc0000
[    0.073894] CPU55: Booted secondary processor 0x00003d0300 [0x481fd010]
[    0.074863] Detected VIPT I-cache on CPU56
[    0.074887] GICv3: CPU56: found redistributor 3e0000 region 56:0x00002000aa700000
[    0.074909] GICv3: CPU56: using allocated LPI pending table @0x0000003fc0bd0000
[    0.074964] CPU56: Booted secondary processor 0x00003e0000 [0x481fd010]
[    0.075908] Detected VIPT I-cache on CPU57
[    0.075929] GICv3: CPU57: found redistributor 3e0100 region 57:0x00002000aa740000
[    0.075944] GICv3: CPU57: using allocated LPI pending table @0x0000003fc0be0000
[    0.075995] CPU57: Booted secondary processor 0x00003e0100 [0x481fd010]
[    0.076954] Detected VIPT I-cache on CPU58
[    0.076976] GICv3: CPU58: found redistributor 3e0200 region 58:0x00002000aa780000
[    0.076992] GICv3: CPU58: using allocated LPI pending table @0x0000003fc0bf0000
[    0.077043] CPU58: Booted secondary processor 0x00003e0200 [0x481fd010]
[    0.078015] Detected VIPT I-cache on CPU59
[    0.078036] GICv3: CPU59: found redistributor 3e0300 region 59:0x00002000aa7c0000
[    0.078051] GICv3: CPU59: using allocated LPI pending table @0x0000003fc0c00000
[    0.078102] CPU59: Booted secondary processor 0x00003e0300 [0x481fd010]
[    0.079062] Detected VIPT I-cache on CPU60
[    0.079087] GICv3: CPU60: found redistributor 3f0000 region 60:0x00002000aa800000
[    0.079108] GICv3: CPU60: using allocated LPI pending table @0x0000003fc0c10000
[    0.079164] CPU60: Booted secondary processor 0x00003f0000 [0x481fd010]
[    0.080109] Detected VIPT I-cache on CPU61
[    0.080132] GICv3: CPU61: found redistributor 3f0100 region 61:0x00002000aa840000
[    0.080148] GICv3: CPU61: using allocated LPI pending table @0x0000003fc0c20000
[    0.080199] CPU61: Booted secondary processor 0x00003f0100 [0x481fd010]
[    0.081152] Detected VIPT I-cache on CPU62
[    0.081175] GICv3: CPU62: found redistributor 3f0200 region 62:0x00002000aa880000
[    0.081191] GICv3: CPU62: using allocated LPI pending table @0x0000003fc0c30000
[    0.081241] CPU62: Booted secondary processor 0x00003f0200 [0x481fd010]
[    0.082216] Detected VIPT I-cache on CPU63
[    0.082239] GICv3: CPU63: found redistributor 3f0300 region 63:0x00002000aa8c0000
[    0.082255] GICv3: CPU63: using allocated LPI pending table @0x0000003fc0c40000
[    0.082306] CPU63: Booted secondary processor 0x00003f0300 [0x481fd010]
[    0.083108] smp: Brought up 2 nodes, 64 CPUs
[    0.083485] SMP: Total of 64 processors activated.
[    0.083488] CPU features: detected: Privileged Access Never
[    0.083490] CPU features: detected: LSE atomic instructions
[    0.083492] CPU features: detected: User Access Override
[    0.083494] CPU features: detected: Data cache clean to Point of Persistence
[    0.083496] CPU features: detected: RAS Extension Support
[    0.083499] CPU features: detected: ARM64 MPAM Extension Support
[    0.083501] CPU features: detected: CRC32 instructions
[    0.128374] CPU: All CPU(s) started at EL2
[    0.133320] devtmpfs: initialized
[    0.139326] clocksource: jiffies: mask: 0xffffffff max_cycles: 0xffffffff, max_idle_ns: 7645041785100000 ns
[    0.139354] futex hash table entries: 16384 (order: 4, 1048576 bytes)
[    0.139678] pinctrl core: initialized pinctrl subsystem
[    0.139802] SMBIOS 3.3.0 present.
[    0.139808] DMI: RCSIT TG225 B1/BC82AMDQ, BIOS 5.25 09/14/2022
[    0.140162] NET: Registered protocol family 16
[    0.140701] audit: initializing netlink subsys (disabled)
[    0.140757] audit: type=2000 audit(0.096:1): state=initialized audit_enabled=0 res=1
[    0.141064] cpuidle: using governor menu
[    0.141089] Detected 1 PCC Subspaces
[    0.141137] Registering PCC driver as Mailbox controller
[    0.141313] hw-breakpoint: found 6 breakpoint and 4 watchpoint registers.
[    0.141850] DMA: preallocated 256 KiB pool for atomic allocations
[    0.141865] ACPI: bus type PCI registered
[    0.141868] acpiphp: ACPI Hot Plug PCI Controller Driver version: 0.5
[    0.141908] Serial: AMBA PL011 UART driver
[    0.145181] HugeTLB registered 2.00 MiB page size, pre-allocated 0 pages
[    0.145185] HugeTLB registered 512 MiB page size, pre-allocated 0 pages
[    0.146061] ACPI: Added _OSI(Module Device)
[    0.146065] ACPI: Added _OSI(Processor Device)
[    0.146068] ACPI: Added _OSI(3.0 _SCP Extensions)
[    0.146070] ACPI: Added _OSI(Processor Aggregator Device)
[    0.146073] ACPI: Added _OSI(Linux-Dell-Video)
[    0.146075] ACPI: Added _OSI(Linux-Lenovo-NV-HDMI-Audio)
[    0.154385] ACPI: 2 ACPI AML tables successfully acquired and loaded
[    0.158772] ACPI: Interpreter enabled
[    0.158776] ACPI: Using GIC for interrupt routing
[    0.158788] ACPI: MCFG table detected, 1 entries
[    0.158794] ACPI: IORT: SMMU-v3[148000000] Mapped to Proximity domain 0
[    0.158824] ACPI: IORT: SMMU-v3[201000000] Mapped to Proximity domain 0
[    0.158839] ACPI: IORT: SMMU-v3[100000000] Mapped to Proximity domain 0
[    0.158852] ACPI: IORT: SMMU-v3[140000000] Mapped to Proximity domain 0
[    0.158865] ACPI: IORT: SMMU-v3[200148000000] Mapped to Proximity domain 1
[    0.158878] ACPI: IORT: SMMU-v3[200201000000] Mapped to Proximity domain 1
[    0.158890] ACPI: IORT: SMMU-v3[200100000000] Mapped to Proximity domain 1
[    0.158903] ACPI: IORT: SMMU-v3[200140000000] Mapped to Proximity domain 1
[    0.159136] HEST: Table parsing has been initialized.
[    0.187833] ACPI: PCI Root Bridge [PCI0] (domain 0000 [bus 00-3f])
[    0.187841] acpi PNP0A08:00: _OSC: OS supports [ExtendedConfig ASPM ClockPM Segments MSI]
[    0.187932] acpi PNP0A08:00: _OSC: platform does not support [SHPCHotplug LTR]
[    0.188007] acpi PNP0A08:00: _OSC: OS now controls [PCIeHotplug PME AER PCIeCapability]
[    0.188622] acpi PNP0A08:00: ECAM area [mem 0xd0000000-0xd3ffffff] reserved by PNP0C02:00
[    0.188658] acpi PNP0A08:00: ECAM at [mem 0xd0000000-0xd3ffffff] for [bus 00-3f]
[    0.188687] Remapped I/O 0x00000000f7ff0000 to [io  0x0000-0xffff window]
[    0.188742] PCI host bridge to bus 0000:00
[    0.188746] pci_bus 0000:00: root bus resource [mem 0x80000000000-0x82fffffffff pref window]
[    0.188749] pci_bus 0000:00: root bus resource [mem 0xe0000000-0xf7feffff window]
[    0.188752] pci_bus 0000:00: root bus resource [io  0x0000-0xffff window]
[    0.188756] pci_bus 0000:00: root bus resource [bus 00-3f]
[    0.188786] pci 0000:00:00.0: [19e5:a120] type 01 class 0x060400
[    0.188851] pci 0000:00:00.0: PME# supported from D0 D1 D2 D3hot D3cold
[    0.188926] pci 0000:00:08.0: [19e5:a120] type 01 class 0x060400
[    0.188978] pci 0000:00:08.0: PME# supported from D0 D1 D2 D3hot D3cold
[    0.189029] pci 0000:00:0c.0: [19e5:a120] type 01 class 0x060400
[    0.189078] pci 0000:00:0c.0: PME# supported from D0 D1 D2 D3hot D3cold
[    0.189128] pci 0000:00:10.0: [19e5:a120] type 01 class 0x060400
[    0.189177] pci 0000:00:10.0: PME# supported from D0 D1 D2 D3hot D3cold
[    0.189224] pci 0000:00:11.0: [19e5:a120] type 01 class 0x060400
[    0.189273] pci 0000:00:11.0: PME# supported from D0 D1 D2 D3hot D3cold
[    0.189320] pci 0000:00:12.0: [19e5:a120] type 01 class 0x060400
[    0.189368] pci 0000:00:12.0: PME# supported from D0 D1 D2 D3hot D3cold
[    0.189501] pci 0000:01:00.0: [15b3:1015] type 00 class 0x020000
[    0.189715] pci 0000:01:00.0: reg 0x10: [mem 0x80002000000-0x80003ffffff 64bit pref]
[    0.190000] pci 0000:01:00.0: reg 0x30: [mem 0xfff00000-0xffffffff pref]
[    0.190799] pci 0000:01:00.0: PME# supported from D3cold
[    0.191077] pci 0000:01:00.0: reg 0x1a4: [mem 0x80004800000-0x800048fffff 64bit pref]
[    0.191080] pci 0000:01:00.0: VF(n) BAR0 space: [mem 0x80004800000-0x80004ffffff 64bit pref] (contains BAR0 for 8 VFs)
[    0.192039] pci 0000:01:00.1: [15b3:1015] type 00 class 0x020000
[    0.192238] pci 0000:01:00.1: reg 0x10: [mem 0x80000000000-0x80001ffffff 64bit pref]
[    0.192525] pci 0000:01:00.1: reg 0x30: [mem 0xfff00000-0xffffffff pref]
[    0.193277] pci 0000:01:00.1: PME# supported from D3cold
[    0.193535] pci 0000:01:00.1: reg 0x1a4: [mem 0x80004000000-0x800040fffff 64bit pref]
[    0.193539] pci 0000:01:00.1: VF(n) BAR0 space: [mem 0x80004000000-0x800047fffff 64bit pref] (contains BAR0 for 8 VFs)
[    0.194560] pci 0000:04:00.0: [19e5:1710] type 00 class 0x118000
[    0.194576] pci 0000:04:00.0: reg 0x10: [mem 0xe0000000-0xe3ffffff pref]
[    0.194583] pci 0000:04:00.0: reg 0x14: [mem 0xe7000000-0xe70fffff]
[    0.194590] pci 0000:04:00.0: reg 0x18: [mem 0xe6000000-0xe6ffffff]
[    0.194680] pci 0000:04:00.0: supports D1
[    0.194683] pci 0000:04:00.0: PME# supported from D0 D1 D3hot
[    0.194776] pci 0000:05:00.0: [19e5:1711] type 00 class 0x030000
[    0.194794] pci 0000:05:00.0: reg 0x10: [mem 0xe4000000-0xe5ffffff pref]
[    0.194803] pci 0000:05:00.0: reg 0x14: [mem 0xe7200000-0xe73fffff]
[    0.194880] pci 0000:05:00.0: BAR 0: assigned to efifb
[    0.194912] pci 0000:05:00.0: supports D1
[    0.194915] pci 0000:05:00.0: PME# supported from D0 D1 D3hot
[    0.195010] pci_bus 0000:00: on NUMA node 0
[    0.195011] pci 0000:00:00.0: PCI bridge to [bus 01]
[    0.195016] pci 0000:00:00.0:   bridge window [mem 0xe7400000-0xe75fffff]
[    0.195019] pci 0000:00:00.0:   bridge window [mem 0x80000000000-0x80004ffffff 64bit pref]
[    0.195023] pci 0000:00:08.0: PCI bridge to [bus 02]
[    0.195027] pci 0000:00:0c.0: PCI bridge to [bus 03]
[    0.195031] pci 0000:00:10.0: PCI bridge to [bus 04]
[    0.195035] pci 0000:00:10.0:   bridge window [mem 0xe6000000-0xe70fffff]
[    0.195038] pci 0000:00:10.0:   bridge window [mem 0xe0000000-0xe3ffffff 64bit pref]
[    0.195041] pci 0000:00:11.0: PCI bridge to [bus 05]
[    0.195045] pci 0000:00:11.0:   bridge window [mem 0xe7200000-0xe73fffff]
[    0.195049] pci 0000:00:11.0:   bridge window [mem 0xe4000000-0xe5ffffff 64bit pref]
[    0.195052] pci 0000:00:12.0: PCI bridge to [bus 06]
[    0.195057] pci 0000:01:00.0: can't claim BAR 6 [mem 0xfff00000-0xffffffff pref]: no compatible bridge window
[    0.195060] pci 0000:01:00.1: can't claim BAR 6 [mem 0xfff00000-0xffffffff pref]: no compatible bridge window
[    0.195066] pci_bus 0000:00: max bus depth: 1 pci_try_num: 2
[    0.195078] pci 0000:01:00.0: BAR 6: assigned [mem 0xe7400000-0xe74fffff pref]
[    0.195082] pci 0000:01:00.1: BAR 6: assigned [mem 0xe7500000-0xe75fffff pref]
[    0.195086] pci 0000:00:00.0: PCI bridge to [bus 01]
[    0.195089] pci 0000:00:00.0:   bridge window [mem 0xe7400000-0xe75fffff]
[    0.195093] pci 0000:00:00.0:   bridge window [mem 0x80000000000-0x80004ffffff 64bit pref]
[    0.195096] pci 0000:00:08.0: PCI bridge to [bus 02]
[    0.195101] pci 0000:00:0c.0: PCI bridge to [bus 03]
[    0.195105] pci 0000:00:10.0: PCI bridge to [bus 04]
[    0.195108] pci 0000:00:10.0:   bridge window [mem 0xe6000000-0xe70fffff]
[    0.195111] pci 0000:00:10.0:   bridge window [mem 0xe0000000-0xe3ffffff 64bit pref]
[    0.195115] pci 0000:00:11.0: PCI bridge to [bus 05]
[    0.195118] pci 0000:00:11.0:   bridge window [mem 0xe7200000-0xe73fffff]
[    0.195121] pci 0000:00:11.0:   bridge window [mem 0xe4000000-0xe5ffffff 64bit pref]
[    0.195125] pci 0000:00:12.0: PCI bridge to [bus 06]
[    0.195130] pci_bus 0000:00: resource 4 [mem 0x80000000000-0x82fffffffff pref window]
[    0.195133] pci_bus 0000:00: resource 5 [mem 0xe0000000-0xf7feffff window]
[    0.195136] pci_bus 0000:00: resource 6 [io  0x0000-0xffff window]
[    0.195139] pci_bus 0000:01: resource 1 [mem 0xe7400000-0xe75fffff]
[    0.195142] pci_bus 0000:01: resource 2 [mem 0x80000000000-0x80004ffffff 64bit pref]
[    0.195145] pci_bus 0000:04: resource 1 [mem 0xe6000000-0xe70fffff]
[    0.195148] pci_bus 0000:04: resource 2 [mem 0xe0000000-0xe3ffffff 64bit pref]
[    0.195151] pci_bus 0000:05: resource 1 [mem 0xe7200000-0xe73fffff]
[    0.195153] pci_bus 0000:05: resource 2 [mem 0xe4000000-0xe5ffffff 64bit pref]
[    0.195191] ACPI: PCI Root Bridge [PCI1] (domain 0000 [bus 7b])
[    0.195195] acpi PNP0A08:01: _OSC: OS supports [ExtendedConfig ASPM ClockPM Segments MSI]
[    0.195281] acpi PNP0A08:01: _OSC: platform does not support [PCIeHotplug SHPCHotplug PME AER LTR]
[    0.195355] acpi PNP0A08:01: _OSC: OS now controls [PCIeCapability]
[    0.195954] acpi PNP0A08:01: ECAM area [mem 0xd7b00000-0xd7bfffff] reserved by PNP0C02:00
[    0.195976] acpi PNP0A08:01: ECAM at [mem 0xd7b00000-0xd7bfffff] for [bus 7b]
[    0.196025] PCI host bridge to bus 0000:7b
[    0.196028] pci_bus 0000:7b: root bus resource [mem 0x148800000-0x148ffffff pref window]
[    0.196032] pci_bus 0000:7b: root bus resource [bus 7b]
[    0.196039] pci 0000:7b:00.0: [19e5:a122] type 00 class 0x088000
[    0.196047] pci 0000:7b:00.0: reg 0x18: [mem 0x00000000-0x00003fff 64bit pref]
[    0.196101] pci_bus 0000:7b: on NUMA node 0
[    0.196102] pci_bus 0000:7b: max bus depth: 0 pci_try_num: 1
[    0.196107] pci 0000:7b:00.0: BAR 2: assigned [mem 0x148800000-0x148803fff 64bit pref]
[    0.196113] pci_bus 0000:7b: resource 4 [mem 0x148800000-0x148ffffff pref window]
[    0.196147] ACPI: PCI Root Bridge [PCI2] (domain 0000 [bus 7a])
[    0.196151] acpi PNP0A08:02: _OSC: OS supports [ExtendedConfig ASPM ClockPM Segments MSI]
[    0.196233] acpi PNP0A08:02: _OSC: platform does not support [PCIeHotplug SHPCHotplug PME AER LTR]
[    0.196306] acpi PNP0A08:02: _OSC: OS now controls [PCIeCapability]
[    0.196886] acpi PNP0A08:02: ECAM area [mem 0xd7a00000-0xd7afffff] reserved by PNP0C02:00
[    0.196892] acpi PNP0A08:02: ECAM at [mem 0xd7a00000-0xd7afffff] for [bus 7a]
[    0.196937] PCI host bridge to bus 0000:7a
[    0.196940] pci_bus 0000:7a: root bus resource [mem 0x20c000000-0x20c1fffff pref window]
[    0.196943] pci_bus 0000:7a: root bus resource [bus 7a]
[    0.196950] pci 0000:7a:00.0: [19e5:a23b] type 00 class 0x0c0310
[    0.196956] pci 0000:7a:00.0: reg 0x10: [mem 0x20c100000-0x20c100fff 64bit pref]
[    0.197004] pci 0000:7a:01.0: [19e5:a239] type 00 class 0x0c0320
[    0.197011] pci 0000:7a:01.0: reg 0x10: [mem 0x20c101000-0x20c101fff 64bit pref]
[    0.197058] pci 0000:7a:02.0: [19e5:a238] type 00 class 0x0c0330
[    0.197064] pci 0000:7a:02.0: reg 0x10: [mem 0x20c000000-0x20c0fffff 64bit pref]
[    0.197114] pci_bus 0000:7a: on NUMA node 0
[    0.197115] pci_bus 0000:7a: max bus depth: 0 pci_try_num: 1
[    0.197119] pci 0000:7a:02.0: BAR 0: assigned [mem 0x20c000000-0x20c0fffff 64bit pref]
[    0.197124] pci 0000:7a:00.0: BAR 0: assigned [mem 0x20c100000-0x20c100fff 64bit pref]
[    0.197129] pci 0000:7a:01.0: BAR 0: assigned [mem 0x20c101000-0x20c101fff 64bit pref]
[    0.197134] pci_bus 0000:7a: resource 4 [mem 0x20c000000-0x20c1fffff pref window]
[    0.197160] ACPI: PCI Root Bridge [PCI3] (domain 0000 [bus 78-79])
[    0.197164] acpi PNP0A08:03: _OSC: OS supports [ExtendedConfig ASPM ClockPM Segments MSI]
[    0.197244] acpi PNP0A08:03: _OSC: platform does not support [PCIeHotplug SHPCHotplug PME AER LTR]
[    0.197317] acpi PNP0A08:03: _OSC: OS now controls [PCIeCapability]
[    0.197893] acpi PNP0A08:03: ECAM area [mem 0xd7800000-0xd79fffff] reserved by PNP0C02:00
[    0.197899] acpi PNP0A08:03: ECAM at [mem 0xd7800000-0xd79fffff] for [bus 78-79]
[    0.197962] PCI host bridge to bus 0000:78
[    0.197965] pci_bus 0000:78: root bus resource [mem 0x208000000-0x208bfffff pref window]
[    0.197969] pci_bus 0000:78: root bus resource [bus 78-79]
[    0.197981] pci_bus 0000:78: on NUMA node 0
[    0.197982] pci_bus 0000:78: max bus depth: 0 pci_try_num: 1
[    0.197985] pci_bus 0000:78: resource 4 [mem 0x208000000-0x208bfffff pref window]
[    0.198012] ACPI: PCI Root Bridge [PCI4] (domain 0000 [bus 7c-7d])
[    0.198016] acpi PNP0A08:04: _OSC: OS supports [ExtendedConfig ASPM ClockPM Segments MSI]
[    0.198096] acpi PNP0A08:04: _OSC: platform does not support [PCIeHotplug SHPCHotplug PME AER LTR]
[    0.198168] acpi PNP0A08:04: _OSC: OS now controls [PCIeCapability]
[    0.198741] acpi PNP0A08:04: ECAM area [mem 0xd7c00000-0xd7dfffff] reserved by PNP0C02:00
[    0.198748] acpi PNP0A08:04: ECAM at [mem 0xd7c00000-0xd7dfffff] for [bus 7c-7d]
[    0.198793] PCI host bridge to bus 0000:7c
[    0.198796] pci_bus 0000:7c: root bus resource [mem 0x120000000-0x13fffffff pref window]
[    0.198799] pci_bus 0000:7c: root bus resource [bus 7c-7d]
[    0.198806] pci 0000:7c:00.0: [19e5:a121] type 01 class 0x060400
[    0.198816] pci 0000:7c:00.0: enabling Extended Tags
[    0.198887] pci 0000:7d:00.0: [19e5:a222] type 00 class 0x020000
[    0.198894] pci 0000:7d:00.0: reg 0x10: [mem 0x120430000-0x12043ffff 64bit pref]
[    0.198899] pci 0000:7d:00.0: reg 0x18: [mem 0x120300000-0x1203fffff 64bit pref]
[    0.198950] pci 0000:7d:00.1: [19e5:a221] type 00 class 0x020000
[    0.198957] pci 0000:7d:00.1: reg 0x10: [mem 0x120420000-0x12042ffff 64bit pref]
[    0.198961] pci 0000:7d:00.1: reg 0x18: [mem 0x120200000-0x1202fffff 64bit pref]
[    0.199021] pci 0000:7d:00.2: [19e5:a222] type 00 class 0x020000
[    0.199028] pci 0000:7d:00.2: reg 0x10: [mem 0x120410000-0x12041ffff 64bit pref]
[    0.199033] pci 0000:7d:00.2: reg 0x18: [mem 0x120100000-0x1201fffff 64bit pref]
[    0.199080] pci 0000:7d:00.3: [19e5:a221] type 00 class 0x020000
[    0.199086] pci 0000:7d:00.3: reg 0x10: [mem 0x120400000-0x12040ffff 64bit pref]
[    0.199091] pci 0000:7d:00.3: reg 0x18: [mem 0x120000000-0x1200fffff 64bit pref]
[    0.199142] pci_bus 0000:7c: on NUMA node 0
[    0.199143] pci_bus 0000:7c: max bus depth: 1 pci_try_num: 2
[    0.199150] pci 0000:7c:00.0: BAR 15: assigned [mem 0x120000000-0x1204fffff 64bit pref]
[    0.199154] pci 0000:7d:00.0: BAR 2: assigned [mem 0x120000000-0x1200fffff 64bit pref]
[    0.199159] pci 0000:7d:00.1: BAR 2: assigned [mem 0x120100000-0x1201fffff 64bit pref]
[    0.199163] pci 0000:7d:00.2: BAR 2: assigned [mem 0x120200000-0x1202fffff 64bit pref]
[    0.199167] pci 0000:7d:00.3: BAR 2: assigned [mem 0x120300000-0x1203fffff 64bit pref]
[    0.199172] pci 0000:7d:00.0: BAR 0: assigned [mem 0x120400000-0x12040ffff 64bit pref]
[    0.199176] pci 0000:7d:00.1: BAR 0: assigned [mem 0x120410000-0x12041ffff 64bit pref]
[    0.199180] pci 0000:7d:00.2: BAR 0: assigned [mem 0x120420000-0x12042ffff 64bit pref]
[    0.199184] pci 0000:7d:00.3: BAR 0: assigned [mem 0x120430000-0x12043ffff 64bit pref]
[    0.199189] pci 0000:7c:00.0: PCI bridge to [bus 7d]
[    0.199192] pci 0000:7c:00.0:   bridge window [mem 0x120000000-0x1204fffff 64bit pref]
[    0.199196] pci_bus 0000:7c: resource 4 [mem 0x120000000-0x13fffffff pref window]
[    0.199200] pci_bus 0000:7d: resource 2 [mem 0x120000000-0x1204fffff 64bit pref]
[    0.199252] ACPI: PCI Root Bridge [PCI5] (domain 0000 [bus 74-75])
[    0.199257] acpi PNP0A08:06: _OSC: OS supports [ExtendedConfig ASPM ClockPM Segments MSI]
[    0.199338] acpi PNP0A08:06: _OSC: platform does not support [PCIeHotplug SHPCHotplug PME AER LTR]
[    0.199410] acpi PNP0A08:06: _OSC: OS now controls [PCIeCapability]
[    0.199992] acpi PNP0A08:06: ECAM area [mem 0xd7400000-0xd75fffff] reserved by PNP0C02:00
[    0.199998] acpi PNP0A08:06: ECAM at [mem 0xd7400000-0xd75fffff] for [bus 74-75]
[    0.200074] PCI host bridge to bus 0000:74
[    0.200077] pci_bus 0000:74: root bus resource [mem 0x141000000-0x141ffffff pref window]
[    0.200081] pci_bus 0000:74: root bus resource [mem 0x144000000-0x145ffffff pref window]
[    0.200084] pci_bus 0000:74: root bus resource [mem 0xa2000000-0xa2ffffff window]
[    0.200087] pci_bus 0000:74: root bus resource [bus 74-75]
[    0.200094] pci 0000:74:01.0: [19e5:a121] type 01 class 0x060400
[    0.200104] pci 0000:74:01.0: enabling Extended Tags
[    0.200157] pci 0000:74:02.0: [19e5:a230] type 00 class 0x010700
[    0.200166] pci 0000:74:02.0: reg 0x24: [mem 0xa2008000-0xa200ffff]
[    0.200228] pci 0000:74:03.0: [19e5:a235] type 00 class 0x010601
[    0.200239] pci 0000:74:03.0: reg 0x24: [mem 0xa2010000-0xa2010fff]
[    0.200286] pci 0000:74:04.0: [19e5:a230] type 00 class 0x010700
[    0.200295] pci 0000:74:04.0: reg 0x24: [mem 0xa2000000-0xa2007fff]
[    0.200383] pci_bus 0000:76: busn_res: can not insert [bus 76] under [bus 74-75] (conflicts with (null) [bus 74-75])
[    0.200390] pci_bus 0000:74: on NUMA node 0
[    0.200392] pci_bus 0000:74: max bus depth: 1 pci_try_num: 2
[    0.200397] pci 0000:74:02.0: BAR 5: assigned [mem 0xa2000000-0xa2007fff]
[    0.200400] pci 0000:74:04.0: BAR 5: assigned [mem 0xa2008000-0xa200ffff]
[    0.200403] pci 0000:74:03.0: BAR 5: assigned [mem 0xa2010000-0xa2010fff]
[    0.200407] pci 0000:74:01.0: PCI bridge to [bus 76]
[    0.200412] pci_bus 0000:74: resource 4 [mem 0x141000000-0x141ffffff pref window]
[    0.200415] pci_bus 0000:74: resource 5 [mem 0x144000000-0x145ffffff pref window]
[    0.200418] pci_bus 0000:74: resource 6 [mem 0xa2000000-0xa2ffffff window]
[    0.200470] ACPI: PCI Root Bridge [PCI6] (domain 0000 [bus 80-9f])
[    0.200474] acpi PNP0A08:07: _OSC: OS supports [ExtendedConfig ASPM ClockPM Segments MSI]
[    0.200555] acpi PNP0A08:07: _OSC: platform does not support [SHPCHotplug LTR]
[    0.200627] acpi PNP0A08:07: _OSC: OS now controls [PCIeHotplug PME AER PCIeCapability]
[    0.201224] acpi PNP0A08:07: ECAM area [mem 0xd8000000-0xd9ffffff] reserved by PNP0C02:00
[    0.201246] acpi PNP0A08:07: ECAM at [mem 0xd8000000-0xd9ffffff] for [bus 80-9f]
[    0.201273] Remapped I/O 0x00000000cfff0000 to [io  0x10000-0x1ffff window]
[    0.201330] PCI host bridge to bus 0000:80
[    0.201333] pci_bus 0000:80: root bus resource [mem 0x280000000000-0x282fffffffff pref window]
[    0.201337] pci_bus 0000:80: root bus resource [mem 0xb0000000-0xcffeffff window]
[    0.201341] pci_bus 0000:80: root bus resource [io  0x10000-0x1ffff window] (bus address [0x0000-0xffff])
[    0.201344] pci_bus 0000:80: root bus resource [bus 80-9f]
[    0.201370] pci 0000:80:00.0: [19e5:a120] type 01 class 0x060400
[    0.201432] pci 0000:80:00.0: PME# supported from D0 D1 D2 D3hot D3cold
[    0.201491] pci 0000:80:08.0: [19e5:a120] type 01 class 0x060400
[    0.201548] pci 0000:80:08.0: PME# supported from D0 D1 D2 D3hot D3cold
[    0.201600] pci 0000:80:0c.0: [19e5:a120] type 01 class 0x060400
[    0.201657] pci 0000:80:0c.0: PME# supported from D0 D1 D2 D3hot D3cold
[    0.201715] pci 0000:80:10.0: [19e5:a120] type 01 class 0x060400
[    0.201771] pci 0000:80:10.0: PME# supported from D0 D1 D2 D3hot D3cold
[    0.201850] pci 0000:81:00.0: [1000:10e2] type 00 class 0x010400
[    0.201869] pci 0000:81:00.0: reg 0x10: [mem 0x280005300000-0x2800053fffff 64bit pref]
[    0.201878] pci 0000:81:00.0: reg 0x18: [mem 0x280005200000-0x2800052fffff 64bit pref]
[    0.201885] pci 0000:81:00.0: reg 0x20: [mem 0xb0500000-0xb05fffff]
[    0.201891] pci 0000:81:00.0: reg 0x24: [io  0x11000-0x110ff]
[    0.201897] pci 0000:81:00.0: reg 0x30: [mem 0xfff00000-0xffffffff pref]
[    0.201965] pci 0000:81:00.0: supports D1 D2
[    0.202117] pci 0000:82:00.0: [15b3:1015] type 00 class 0x020000
[    0.202331] pci 0000:82:00.0: reg 0x10: [mem 0x280002000000-0x280003ffffff 64bit pref]
[    0.202617] pci 0000:82:00.0: reg 0x30: [mem 0xfff00000-0xffffffff pref]
[    0.203421] pci 0000:82:00.0: PME# supported from D3cold
[    0.203696] pci 0000:82:00.0: reg 0x1a4: [mem 0x280004800000-0x2800048fffff 64bit pref]
[    0.203700] pci 0000:82:00.0: VF(n) BAR0 space: [mem 0x280004800000-0x280004ffffff 64bit pref] (contains BAR0 for 8 VFs)
[    0.204662] pci 0000:82:00.1: [15b3:1015] type 00 class 0x020000
[    0.204861] pci 0000:82:00.1: reg 0x10: [mem 0x280000000000-0x280001ffffff 64bit pref]
[    0.205148] pci 0000:82:00.1: reg 0x30: [mem 0xfff00000-0xffffffff pref]
[    0.205900] pci 0000:82:00.1: PME# supported from D3cold
[    0.206157] pci 0000:82:00.1: reg 0x1a4: [mem 0x280004000000-0x2800040fffff 64bit pref]
[    0.206161] pci 0000:82:00.1: VF(n) BAR0 space: [mem 0x280004000000-0x2800047fffff 64bit pref] (contains BAR0 for 8 VFs)
[    0.207150] pci 0000:84:00.0: [1000:10e2] type 00 class 0x010400
[    0.207169] pci 0000:84:00.0: reg 0x10: [mem 0x280005100000-0x2800051fffff 64bit pref]
[    0.207178] pci 0000:84:00.0: reg 0x18: [mem 0x280005000000-0x2800050fffff 64bit pref]
[    0.207184] pci 0000:84:00.0: reg 0x20: [mem 0xb0100000-0xb01fffff]
[    0.207190] pci 0000:84:00.0: reg 0x24: [io  0x10000-0x100ff]
[    0.207196] pci 0000:84:00.0: reg 0x30: [mem 0xfff00000-0xffffffff pref]
[    0.207265] pci 0000:84:00.0: supports D1 D2
[    0.207338] pci_bus 0000:80: on NUMA node 1
[    0.207339] pci 0000:80:00.0: PCI bridge to [bus 81]
[    0.207343] pci 0000:80:00.0:   bridge window [io  0x11000-0x11fff]
[    0.207346] pci 0000:80:00.0:   bridge window [mem 0xb0400000-0xb05fffff]
[    0.207350] pci 0000:80:00.0:   bridge window [mem 0x280005200000-0x2800053fffff 64bit pref]
[    0.207354] pci 0000:80:08.0: PCI bridge to [bus 82]
[    0.207358] pci 0000:80:08.0:   bridge window [mem 0xb0200000-0xb03fffff]
[    0.207361] pci 0000:80:08.0:   bridge window [mem 0x280000000000-0x280004ffffff 64bit pref]
[    0.207365] pci 0000:80:0c.0: PCI bridge to [bus 83]
[    0.207369] pci 0000:80:10.0: PCI bridge to [bus 84]
[    0.207373] pci 0000:80:10.0:   bridge window [io  0x10000-0x10fff]
[    0.207376] pci 0000:80:10.0:   bridge window [mem 0xb0000000-0xb01fffff]
[    0.207379] pci 0000:80:10.0:   bridge window [mem 0x280005000000-0x2800051fffff 64bit pref]
[    0.207384] pci 0000:81:00.0: can't claim BAR 6 [mem 0xfff00000-0xffffffff pref]: no compatible bridge window
[    0.207388] pci 0000:82:00.0: can't claim BAR 6 [mem 0xfff00000-0xffffffff pref]: no compatible bridge window
[    0.207391] pci 0000:82:00.1: can't claim BAR 6 [mem 0xfff00000-0xffffffff pref]: no compatible bridge window
[    0.207395] pci 0000:84:00.0: can't claim BAR 6 [mem 0xfff00000-0xffffffff pref]: no compatible bridge window
[    0.207399] pci_bus 0000:80: max bus depth: 1 pci_try_num: 2
[    0.207405] pci 0000:81:00.0: BAR 6: assigned [mem 0xb0400000-0xb04fffff pref]
[    0.207409] pci 0000:80:00.0: PCI bridge to [bus 81]
[    0.207411] pci 0000:80:00.0:   bridge window [io  0x11000-0x11fff]
[    0.207415] pci 0000:80:00.0:   bridge window [mem 0xb0400000-0xb05fffff]
[    0.207418] pci 0000:80:00.0:   bridge window [mem 0x280005200000-0x2800053fffff 64bit pref]
[    0.207423] pci 0000:82:00.0: BAR 6: assigned [mem 0xb0200000-0xb02fffff pref]
[    0.207427] pci 0000:82:00.1: BAR 6: assigned [mem 0xb0300000-0xb03fffff pref]
[    0.207430] pci 0000:80:08.0: PCI bridge to [bus 82]
[    0.207433] pci 0000:80:08.0:   bridge window [mem 0xb0200000-0xb03fffff]
[    0.207436] pci 0000:80:08.0:   bridge window [mem 0x280000000000-0x280004ffffff 64bit pref]
[    0.207440] pci 0000:80:0c.0: PCI bridge to [bus 83]
[    0.207446] pci 0000:84:00.0: BAR 6: assigned [mem 0xb0000000-0xb00fffff pref]
[    0.207449] pci 0000:80:10.0: PCI bridge to [bus 84]
[    0.207451] pci 0000:80:10.0:   bridge window [io  0x10000-0x10fff]
[    0.207455] pci 0000:80:10.0:   bridge window [mem 0xb0000000-0xb01fffff]
[    0.207458] pci 0000:80:10.0:   bridge window [mem 0x280005000000-0x2800051fffff 64bit pref]
[    0.207462] pci_bus 0000:80: resource 4 [mem 0x280000000000-0x282fffffffff pref window]
[    0.207466] pci_bus 0000:80: resource 5 [mem 0xb0000000-0xcffeffff window]
[    0.207469] pci_bus 0000:80: resource 6 [io  0x10000-0x1ffff window]
[    0.207472] pci_bus 0000:81: resource 0 [io  0x11000-0x11fff]
[    0.207474] pci_bus 0000:81: resource 1 [mem 0xb0400000-0xb05fffff]
[    0.207477] pci_bus 0000:81: resource 2 [mem 0x280005200000-0x2800053fffff 64bit pref]
[    0.207480] pci_bus 0000:82: resource 1 [mem 0xb0200000-0xb03fffff]
[    0.207483] pci_bus 0000:82: resource 2 [mem 0x280000000000-0x280004ffffff 64bit pref]
[    0.207486] pci_bus 0000:84: resource 0 [io  0x10000-0x10fff]
[    0.207488] pci_bus 0000:84: resource 1 [mem 0xb0000000-0xb01fffff]
[    0.207491] pci_bus 0000:84: resource 2 [mem 0x280005000000-0x2800051fffff 64bit pref]
[    0.207534] ACPI: PCI Root Bridge [PCI7] (domain 0000 [bus bb])
[    0.207538] acpi PNP0A08:08: _OSC: OS supports [ExtendedConfig ASPM ClockPM Segments MSI]
[    0.207622] acpi PNP0A08:08: _OSC: platform does not support [PCIeHotplug SHPCHotplug PME AER LTR]
[    0.207695] acpi PNP0A08:08: _OSC: OS now controls [PCIeCapability]
[    0.208292] acpi PNP0A08:08: ECAM area [mem 0xdbb00000-0xdbbfffff] reserved by PNP0C02:00
[    0.208315] acpi PNP0A08:08: ECAM at [mem 0xdbb00000-0xdbbfffff] for [bus bb]
[    0.208385] PCI host bridge to bus 0000:bb
[    0.208388] pci_bus 0000:bb: root bus resource [mem 0x200148800000-0x200148ffffff pref window]
[    0.208392] pci_bus 0000:bb: root bus resource [bus bb]
[    0.208399] pci 0000:bb:00.0: [19e5:a122] type 00 class 0x088000
[    0.208409] pci 0000:bb:00.0: reg 0x18: [mem 0x00000000-0x00003fff 64bit pref]
[    0.208469] pci_bus 0000:bb: on NUMA node 1
[    0.208471] pci_bus 0000:bb: max bus depth: 0 pci_try_num: 1
[    0.208475] pci 0000:bb:00.0: BAR 2: assigned [mem 0x200148800000-0x200148803fff 64bit pref]
[    0.208481] pci_bus 0000:bb: resource 4 [mem 0x200148800000-0x200148ffffff pref window]
[    0.208515] ACPI: PCI Root Bridge [PCI8] (domain 0000 [bus ba])
[    0.208519] acpi PNP0A08:09: _OSC: OS supports [ExtendedConfig ASPM ClockPM Segments MSI]
[    0.208600] acpi PNP0A08:09: _OSC: platform does not support [PCIeHotplug SHPCHotplug PME AER LTR]
[    0.208674] acpi PNP0A08:09: _OSC: OS now controls [PCIeCapability]
[    0.209262] acpi PNP0A08:09: ECAM area [mem 0xdba00000-0xdbafffff] reserved by PNP0C02:00
[    0.209268] acpi PNP0A08:09: ECAM at [mem 0xdba00000-0xdbafffff] for [bus ba]
[    0.209334] PCI host bridge to bus 0000:ba
[    0.209337] pci_bus 0000:ba: root bus resource [mem 0x20020c000000-0x20020c1fffff pref window]
[    0.209341] pci_bus 0000:ba: root bus resource [bus ba]
[    0.209348] pci 0000:ba:00.0: [19e5:a23b] type 00 class 0x0c0310
[    0.209355] pci 0000:ba:00.0: reg 0x10: [mem 0x20020c100000-0x20020c100fff 64bit pref]
[    0.209409] pci 0000:ba:01.0: [19e5:a239] type 00 class 0x0c0320
[    0.209417] pci 0000:ba:01.0: reg 0x10: [mem 0x20020c101000-0x20020c101fff 64bit pref]
[    0.209469] pci 0000:ba:02.0: [19e5:a238] type 00 class 0x0c0330
[    0.209476] pci 0000:ba:02.0: reg 0x10: [mem 0x20020c000000-0x20020c0fffff 64bit pref]
[    0.209536] pci_bus 0000:ba: on NUMA node 1
[    0.209538] pci_bus 0000:ba: max bus depth: 0 pci_try_num: 1
[    0.209542] pci 0000:ba:02.0: BAR 0: assigned [mem 0x20020c000000-0x20020c0fffff 64bit pref]
[    0.209548] pci 0000:ba:00.0: BAR 0: assigned [mem 0x20020c100000-0x20020c100fff 64bit pref]
[    0.209553] pci 0000:ba:01.0: BAR 0: assigned [mem 0x20020c101000-0x20020c101fff 64bit pref]
[    0.209558] pci_bus 0000:ba: resource 4 [mem 0x20020c000000-0x20020c1fffff pref window]
[    0.209592] ACPI: PCI Root Bridge [PCI9] (domain 0000 [bus b8-b9])
[    0.209597] acpi PNP0A08:0a: _OSC: OS supports [ExtendedConfig ASPM ClockPM Segments MSI]
[    0.209676] acpi PNP0A08:0a: _OSC: platform does not support [PCIeHotplug SHPCHotplug PME AER LTR]
[    0.209749] acpi PNP0A08:0a: _OSC: OS now controls [PCIeCapability]
[    0.210333] acpi PNP0A08:0a: ECAM area [mem 0xdb800000-0xdb9fffff] reserved by PNP0C02:00
[    0.210339] acpi PNP0A08:0a: ECAM at [mem 0xdb800000-0xdb9fffff] for [bus b8-b9]
[    0.210419] PCI host bridge to bus 0000:b8
[    0.210423] pci_bus 0000:b8: root bus resource [mem 0x200208000000-0x200208bfffff pref window]
[    0.210426] pci_bus 0000:b8: root bus resource [bus b8-b9]
[    0.210440] pci_bus 0000:b8: on NUMA node 1
[    0.210441] pci_bus 0000:b8: max bus depth: 0 pci_try_num: 1
[    0.210445] pci_bus 0000:b8: resource 4 [mem 0x200208000000-0x200208bfffff pref window]
[    0.210478] ACPI: PCI Root Bridge [PCIA] (domain 0000 [bus bc-bd])
[    0.210482] acpi PNP0A08:0b: _OSC: OS supports [ExtendedConfig ASPM ClockPM Segments MSI]
[    0.210561] acpi PNP0A08:0b: _OSC: platform does not support [PCIeHotplug SHPCHotplug PME AER LTR]
[    0.210634] acpi PNP0A08:0b: _OSC: OS now controls [PCIeCapability]
[    0.211223] acpi PNP0A08:0b: ECAM area [mem 0xdbc00000-0xdbdfffff] reserved by PNP0C02:00
[    0.211229] acpi PNP0A08:0b: ECAM at [mem 0xdbc00000-0xdbdfffff] for [bus bc-bd]
[    0.211294] PCI host bridge to bus 0000:bc
[    0.211298] pci_bus 0000:bc: root bus resource [mem 0x200120000000-0x20013fffffff pref window]
[    0.211301] pci_bus 0000:bc: root bus resource [bus bc-bd]
[    0.211309] pci 0000:bc:00.0: [19e5:a121] type 01 class 0x060400
[    0.211321] pci 0000:bc:00.0: enabling Extended Tags
[    0.211396] pci_bus 0000:bc: on NUMA node 1
[    0.211397] pci_bus 0000:bc: max bus depth: 1 pci_try_num: 2
[    0.211402] pci 0000:bc:00.0: PCI bridge to [bus bd]
[    0.211407] pci_bus 0000:bc: resource 4 [mem 0x200120000000-0x20013fffffff pref window]
[    0.211455] ACPI: PCI Root Bridge [PCIB] (domain 0000 [bus b4-b5])
[    0.211459] acpi PNP0A08:0d: _OSC: OS supports [ExtendedConfig ASPM ClockPM Segments MSI]
[    0.211539] acpi PNP0A08:0d: _OSC: platform does not support [PCIeHotplug SHPCHotplug PME AER LTR]
[    0.211611] acpi PNP0A08:0d: _OSC: OS now controls [PCIeCapability]
[    0.212194] acpi PNP0A08:0d: ECAM area [mem 0xdb400000-0xdb5fffff] reserved by PNP0C02:00
[    0.212200] acpi PNP0A08:0d: ECAM at [mem 0xdb400000-0xdb5fffff] for [bus b4-b5]
[    0.212296] PCI host bridge to bus 0000:b4
[    0.212299] pci_bus 0000:b4: root bus resource [mem 0x200141000000-0x200141ffffff pref window]
[    0.212303] pci_bus 0000:b4: root bus resource [mem 0x200144000000-0x200145ffffff pref window]
[    0.212306] pci_bus 0000:b4: root bus resource [mem 0xa3000000-0xa3ffffff window]
[    0.212309] pci_bus 0000:b4: root bus resource [bus b4-b5]
[    0.212317] pci 0000:b4:01.0: [19e5:a121] type 01 class 0x060400
[    0.212329] pci 0000:b4:01.0: enabling Extended Tags
[    0.212387] pci 0000:b4:02.0: [19e5:a230] type 00 class 0x010700
[    0.212399] pci 0000:b4:02.0: reg 0x24: [mem 0xa3008000-0xa300ffff]
[    0.212462] pci 0000:b4:03.0: [19e5:a235] type 00 class 0x010601
[    0.212477] pci 0000:b4:03.0: reg 0x24: [mem 0xa3010000-0xa3010fff]
[    0.212527] pci 0000:b4:04.0: [19e5:a230] type 00 class 0x010700
[    0.212539] pci 0000:b4:04.0: reg 0x24: [mem 0xa3000000-0xa3007fff]
[    0.212632] pci_bus 0000:b6: busn_res: can not insert [bus b6] under [bus b4-b5] (conflicts with (null) [bus b4-b5])
[    0.212639] pci_bus 0000:b4: on NUMA node 1
[    0.212641] pci_bus 0000:b4: max bus depth: 1 pci_try_num: 2
[    0.212646] pci 0000:b4:02.0: BAR 5: assigned [mem 0xa3000000-0xa3007fff]
[    0.212650] pci 0000:b4:04.0: BAR 5: assigned [mem 0xa3008000-0xa300ffff]
[    0.212653] pci 0000:b4:03.0: BAR 5: assigned [mem 0xa3010000-0xa3010fff]
[    0.212657] pci 0000:b4:01.0: PCI bridge to [bus b6]
[    0.212662] pci_bus 0000:b4: resource 4 [mem 0x200141000000-0x200141ffffff pref window]
[    0.212665] pci_bus 0000:b4: resource 5 [mem 0x200144000000-0x200145ffffff pref window]
[    0.212668] pci_bus 0000:b4: resource 6 [mem 0xa3000000-0xa3ffffff window]
[    0.218966] pci 0000:05:00.0: vgaarb: VGA device added: decodes=io+mem,owns=none,locks=none
[    0.218976] pci 0000:05:00.0: vgaarb: bridge control possible
[    0.218979] pci 0000:05:00.0: vgaarb: setting as boot device (VGA legacy resources not available)
[    0.218982] vgaarb: loaded
[    0.219191] SCSI subsystem initialized
[    0.219219] ACPI: bus type USB registered
[    0.219238] usbcore: registered new interface driver usbfs
[    0.219248] usbcore: registered new interface driver hub
[    0.219297] usbcore: registered new device driver usb
[    0.219322] pps_core: LinuxPPS API ver. 1 registered
[    0.219324] pps_core: Software ver. 5.3.6 - Copyright 2005-2007 Rodolfo Giometti <giometti@linux.it>
[    0.219329] PTP clock support registered
[    0.219437] EDAC MC: Ver: 3.0.0
[    0.219590] Registered efivars operations
[    0.219674] ACPI: SPE must be homogeneous
[    0.220400] NetLabel: Initializing
[    0.220402] NetLabel:  domain hash size = 128
[    0.220404] NetLabel:  protocols = UNLABELED CIPSOv4 CALIPSO
[    0.220422] NetLabel:  unlabeled traffic allowed by default
[    0.220523] sdei: SDEIv1.0 (0x0) detected in firmware.
[    0.221965] clocksource: Switched to clocksource arch_sys_counter
[    0.236775] VFS: Disk quotas dquot_6.6.0
[    0.236836] VFS: Dquot-cache hash table entries: 8192 (order 0, 65536 bytes)
[    0.237092] pnp: PnP ACPI init
[    0.237696] system 00:00: [mem 0xd0000000-0xdfffffff] could not be reserved
[    0.237705] system 00:00: Plug and Play ACPI device, IDs PNP0c02 (active)
[    0.239436] pnp 00:01: Plug and Play ACPI device, IDs PNP0501 (active)
[    0.241134] pnp: PnP ACPI: found 2 devices
[    0.242568] NET: Registered protocol family 2
[    0.242986] tcp_listen_portaddr_hash hash table entries: 65536 (order: 4, 1048576 bytes)
[    0.243717] TCP established hash table entries: 524288 (order: 6, 4194304 bytes)
[    0.246988] TCP bind hash table entries: 65536 (order: 4, 1048576 bytes)
[    0.247473] TCP: Hash tables configured (established 524288 bind 65536)
[    0.247576] UDP hash table entries: 65536 (order: 5, 2097152 bytes)
[    0.250613] UDP-Lite hash table entries: 65536 (order: 5, 2097152 bytes)
[    0.253864] NET: Registered protocol family 1
[    0.254044] pci 0000:7a:00.0: enabling device (0000 -> 0002)
[    0.254057] pci 0000:7a:02.0: enabling device (0000 -> 0002)
[    0.254209] pci 0000:ba:00.0: enabling device (0000 -> 0002)
[    0.254221] pci 0000:ba:02.0: enabling device (0000 -> 0002)
[    0.254233] PCI: CLS 32 bytes, default 64
[    0.254307] Unpacking initramfs...
[    0.678793] Freeing initrd memory: 28928K
[    0.681950] hw perfevents: enabled with armv8_pmuv3_0 PMU driver, 13 counters available
[    0.682054] kvm [1]: Hisi ncsnp: enabled
[    0.682159] kvm [1]: 16-bit VMID
[    0.682162] kvm [1]: IPA Size Limit: 48bits
[    0.682189] kvm [1]: GICv4 support disabled
[    0.682191] kvm [1]: vgic-v2@9b020000
[    0.682211] kvm [1]: GIC system register CPU interface enabled
[    0.682711] kvm [1]: vgic interrupt IRQ1
[    0.683180] kvm [1]: VHE mode initialized successfully
[    0.684845] Initialise system trusted keyrings
[    0.684912] workingset: timestamp_bits=41 max_order=22 bucket_order=0
[    0.686494] zbud: loaded
[    0.724398] NET: Registered protocol family 38
[    0.724406] Key type asymmetric registered
[    0.724409] Asymmetric key parser 'x509' registered
[    0.724422] Block layer SCSI generic (bsg) driver version 0.4 loaded (major 248)
[    0.724497] io scheduler noop registered
[    0.724499] io scheduler deadline registered (default)
[    0.724565] io scheduler cfq registered
[    0.724567] io scheduler mq-deadline registered (default)
[    0.724569] io scheduler kyber registered
[    0.724617] io scheduler bfq registered
[    0.725163] atomic64_test: passed
[    0.727049] shpchp: Standard Hot Plug PCI Controller Driver version: 0.4
[    0.727817] input: Power Button as /devices/LNXSYSTM:00/LNXSYBUS:00/PNP0C0C:00/input/input0
[    0.727831] ACPI: Power Button [PWRB]
[    0.730398] ERST: Error Record Serialization Table (ERST) support is initialized.
[    0.730405] pstore: Registered erst as persistent store backend
[    0.730692] EDAC MC0: Giving out device to module ghes_edac.c controller ghes_edac: DEV ghes (INTERRUPT)
[    0.730958] GHES: APEI firmware first mode is enabled by APEI bit and WHEA _OSC.
[    0.731003] ACPI GTDT: found 1 SBSA generic Watchdog(s).
[    0.731170] Serial: 8250/16550 driver, 4 ports, IRQ sharing enabled
[    0.751627] 00:01: ttyS0 at MMIO 0x3f00002f8 (irq = 15, base_baud = 115200) is a 16550A
[    6.914961] console [ttyS0] enabled
[    6.919200] arm-smmu-v3 arm-smmu-v3.0.auto: option mask 0x0
[    6.924764] arm-smmu-v3 arm-smmu-v3.0.auto: ias 48-bit, oas 48-bit (features 0x00039fff)
[    6.933086] arm-smmu-v3 arm-smmu-v3.1.auto: option mask 0x0
[    6.938646] arm-smmu-v3 arm-smmu-v3.1.auto: ias 48-bit, oas 48-bit (features 0x00039fff)
[    6.946856] arm-smmu-v3 arm-smmu-v3.2.auto: option mask 0x0
[    6.952414] arm-smmu-v3 arm-smmu-v3.2.auto: ias 48-bit, oas 48-bit (features 0x00039fff)
[    6.960620] arm-smmu-v3 arm-smmu-v3.3.auto: option mask 0x0
[    6.966176] arm-smmu-v3 arm-smmu-v3.3.auto: ias 48-bit, oas 48-bit (features 0x00039fff)
[    6.974391] arm-smmu-v3 arm-smmu-v3.4.auto: option mask 0x0
[    6.979950] arm-smmu-v3 arm-smmu-v3.4.auto: ias 48-bit, oas 48-bit (features 0x00039fff)
[    6.988199] arm-smmu-v3 arm-smmu-v3.5.auto: option mask 0x0
[    6.993756] arm-smmu-v3 arm-smmu-v3.5.auto: ias 48-bit, oas 48-bit (features 0x00039fff)
[    7.001994] arm-smmu-v3 arm-smmu-v3.6.auto: option mask 0x0
[    7.007552] arm-smmu-v3 arm-smmu-v3.6.auto: ias 48-bit, oas 48-bit (features 0x00039fff)
[    7.015778] arm-smmu-v3 arm-smmu-v3.7.auto: option mask 0x0
[    7.021336] arm-smmu-v3 arm-smmu-v3.7.auto: ias 48-bit, oas 48-bit (features 0x00039fff)
[    7.029699] iommu: Adding device 0000:05:00.0 to group 0
[    7.035801] [TTM] Zone  kernel: Available graphics memory: 133240896 kiB
[    7.042479] [TTM] Zone   dma32: Available graphics memory: 2097152 kiB
[    7.048977] [TTM] Initializing pool allocator
[    7.053321] [TTM] Initializing DMA pool allocator
[    7.058055] [drm] forcing VGA-1 connector on
[    7.062311] [drm] Supports vblank timestamp caching Rev 2 (21.10.2013).
[    7.068898] [drm] No driver support for vblank timestamp query.
[    7.084023] Console: switching to colour frame buffer device 80x30
[    7.097450] hibmc-drm 0000:05:00.0: fb0: hibmcdrmfb frame buffer device
[    7.106917] [drm] Initialized hibmc 1.0.0 20160828 for 0000:05:00.0 on minor 0
[    7.125092] rdac: device handler registered
[    7.131958] hp_sw: device handler registered
[    7.138885] emc: device handler registered
[    7.145625] alua: device handler registered
[    7.152520] libphy: Fixed MDIO Bus: probed
[    7.159288] ehci_hcd: USB 2.0 'Enhanced' Host Controller (EHCI) Driver
[    7.168369] ehci-pci: EHCI PCI platform driver
[    7.175370] iommu: Adding device 0000:7a:01.0 to group 1
[    7.183775] ehci-pci 0000:7a:01.0: EHCI Host Controller
[    7.191542] ehci-pci 0000:7a:01.0: new USB bus registered, assigned bus number 1
[    7.203987] ehci-pci 0000:7a:01.0: irq 75, io mem 0x20c101000
[    7.225939] ehci-pci 0000:7a:01.0: USB 0.0 started, EHCI 1.00
[    7.234197] usb usb1: New USB device found, idVendor=1d6b, idProduct=0002, bcdDevice= 4.19
[    7.247447] usb usb1: New USB device strings: Mfr=3, Product=2, SerialNumber=1
[    7.259891] usb usb1: Product: EHCI Host Controller
[    7.267455] usb usb1: Manufacturer: Linux 4.19.90-2102.2.0.0062.ctl2.aarch64 ehci_hcd
[    7.280687] usb usb1: SerialNumber: 0000:7a:01.0
[    7.288112] hub 1-0:1.0: USB hub found
[    7.294522] hub 1-0:1.0: 2 ports detected
[    7.301249] iommu: Adding device 0000:ba:01.0 to group 2
[    7.309759] ehci-pci 0000:ba:01.0: EHCI Host Controller
[    7.317667] ehci-pci 0000:ba:01.0: new USB bus registered, assigned bus number 2
[    7.330517] ehci-pci 0000:ba:01.0: irq 75, io mem 0x20020c101000
[    7.353946] ehci-pci 0000:ba:01.0: USB 0.0 started, EHCI 1.00
[    7.362433] usb usb2: New USB device found, idVendor=1d6b, idProduct=0002, bcdDevice= 4.19
[    7.376111] usb usb2: New USB device strings: Mfr=3, Product=2, SerialNumber=1
[    7.388892] usb usb2: Product: EHCI Host Controller
[    7.396589] usb usb2: Manufacturer: Linux 4.19.90-2102.2.0.0062.ctl2.aarch64 ehci_hcd
[    7.410033] usb usb2: SerialNumber: 0000:ba:01.0
[    7.417625] hub 2-0:1.0: USB hub found
[    7.424179] hub 2-0:1.0: 2 ports detected
[    7.431001] ehci-platform: EHCI generic platform driver
[    7.438986] ohci_hcd: USB 1.1 'Open' Host Controller (OHCI) Driver
[    7.447830] ohci-pci: OHCI PCI platform driver
[    7.454978] iommu: Adding device 0000:7a:00.0 to group 3
[    7.463408] ohci-pci 0000:7a:00.0: OHCI PCI host controller
[    7.471609] ohci-pci 0000:7a:00.0: new USB bus registered, assigned bus number 3
[    7.484254] ohci-pci 0000:7a:00.0: irq 75, io mem 0x20c100000
[    7.553984] usb usb3: New USB device found, idVendor=1d6b, idProduct=0001, bcdDevice= 4.19
[    7.567775] usb usb3: New USB device strings: Mfr=3, Product=2, SerialNumber=1
[    7.580669] usb usb3: Product: OHCI PCI host controller
[    7.588726] usb usb3: Manufacturer: Linux 4.19.90-2102.2.0.0062.ctl2.aarch64 ohci_hcd
[    7.602306] usb usb3: SerialNumber: 0000:7a:00.0
[    7.609967] hub 3-0:1.0: USB hub found
[    7.616475] hub 3-0:1.0: 2 ports detected
[    7.623283] iommu: Adding device 0000:ba:00.0 to group 4
[    7.631871] ohci-pci 0000:ba:00.0: OHCI PCI host controller
[    7.640179] ohci-pci 0000:ba:00.0: new USB bus registered, assigned bus number 4
[    7.652888] ohci-pci 0000:ba:00.0: irq 75, io mem 0x20020c100000
[    7.665941] usb 1-1: new high-speed USB device number 2 using ehci-pci
[    7.721989] usb usb4: New USB device found, idVendor=1d6b, idProduct=0001, bcdDevice= 4.19
[    7.735911] usb usb4: New USB device strings: Mfr=3, Product=2, SerialNumber=1
[    7.748921] usb usb4: Product: OHCI PCI host controller
[    7.757082] usb usb4: Manufacturer: Linux 4.19.90-2102.2.0.0062.ctl2.aarch64 ohci_hcd
[    7.770809] usb usb4: SerialNumber: 0000:ba:00.0
[    7.778464] hub 4-0:1.0: USB hub found
[    7.785094] hub 4-0:1.0: 2 ports detected
[    7.792002] uhci_hcd: USB Universal Host Controller Interface driver
[    7.801231] iommu: Adding device 0000:7a:02.0 to group 5
[    7.809882] xhci_hcd 0000:7a:02.0: xHCI Host Controller
[    7.817910] xhci_hcd 0000:7a:02.0: new USB bus registered, assigned bus number 5
[    7.830823] xhci_hcd 0000:7a:02.0: hcc params 0x0220f66d hci version 0x100 quirks 0x0000000000000010
[    7.845652] usb usb5: New USB device found, idVendor=1d6b, idProduct=0002, bcdDevice= 4.19
[    7.859797] usb usb5: New USB device strings: Mfr=3, Product=2, SerialNumber=1
[    7.873055] usb usb5: Product: xHCI Host Controller
[    7.880943] usb usb5: Manufacturer: Linux 4.19.90-2102.2.0.0062.ctl2.aarch64 xhci-hcd
[    7.894808] usb usb5: SerialNumber: 0000:7a:02.0
[    7.902526] hub 5-0:1.0: USB hub found
[    7.909210] hub 5-0:1.0: 1 port detected
[    7.916035] xhci_hcd 0000:7a:02.0: xHCI Host Controller
[    7.924097] xhci_hcd 0000:7a:02.0: new USB bus registered, assigned bus number 6
[    7.937062] xhci_hcd 0000:7a:02.0: Host supports USB 3.0 SuperSpeed
[    7.946138] usb 1-1: New USB device found, idVendor=12d1, idProduct=0001, bcdDevice= 1.00
[    7.960015] usb 1-1: New USB device strings: Mfr=0, Product=1, SerialNumber=2
[    7.970175] usb 1-1: Product: Keyboard/Mouse KVM 2.0
[    7.978126] usb 1-1: SerialNumber: 0123456
[    7.985144] usb usb6: We don't know the algorithms for LPM for this host, disabling LPM.
[    7.999196] usb usb6: New USB device found, idVendor=1d6b, idProduct=0003, bcdDevice= 4.19
[    8.013470] usb usb6: New USB device strings: Mfr=3, Product=2, SerialNumber=1
[    8.026672] usb usb6: Product: xHCI Host Controller
[    8.034502] usb usb6: Manufacturer: Linux 4.19.90-2102.2.0.0062.ctl2.aarch64 xhci-hcd
[    8.048169] usb usb6: SerialNumber: 0000:7a:02.0
[    8.055856] hub 6-0:1.0: USB hub found
[    8.062564] hub 6-0:1.0: 1 port detected
[    8.069371] iommu: Adding device 0000:ba:02.0 to group 6
[    8.078073] xhci_hcd 0000:ba:02.0: xHCI Host Controller
[    8.086163] xhci_hcd 0000:ba:02.0: new USB bus registered, assigned bus number 7
[    8.099395] xhci_hcd 0000:ba:02.0: hcc params 0x0220f66d hci version 0x100 quirks 0x0000000000000010
[    8.114560] usb usb7: New USB device found, idVendor=1d6b, idProduct=0002, bcdDevice= 4.19
[    8.128769] usb usb7: New USB device strings: Mfr=3, Product=2, SerialNumber=1
[    8.141915] usb usb7: Product: xHCI Host Controller
[    8.149743] usb usb7: Manufacturer: Linux 4.19.90-2102.2.0.0062.ctl2.aarch64 xhci-hcd
[    8.163584] usb usb7: SerialNumber: 0000:ba:02.0
[    8.171284] hub 7-0:1.0: USB hub found
[    8.177939] hub 7-0:1.0: 1 port detected
[    8.184752] xhci_hcd 0000:ba:02.0: xHCI Host Controller
[    8.192789] xhci_hcd 0000:ba:02.0: new USB bus registered, assigned bus number 8
[    8.205655] xhci_hcd 0000:ba:02.0: Host supports USB 3.0 SuperSpeed
[    8.214724] usb usb8: We don't know the algorithms for LPM for this host, disabling LPM.
[    8.228367] usb usb8: New USB device found, idVendor=1d6b, idProduct=0003, bcdDevice= 4.19
[    8.242445] usb usb8: New USB device strings: Mfr=3, Product=2, SerialNumber=1
[    8.255704] usb usb8: Product: xHCI Host Controller
[    8.263642] usb usb8: Manufacturer: Linux 4.19.90-2102.2.0.0062.ctl2.aarch64 xhci-hcd
[    8.277539] usb usb8: SerialNumber: 0000:ba:02.0
[    8.285238] hub 8-0:1.0: USB hub found
[    8.289936] usb 5-1: new high-speed USB device number 2 using xhci_hcd
[    8.291910] hub 8-0:1.0: 1 port detected
[    8.308346] mousedev: PS/2 mouse device common for all mice
[    8.333283] rtc-efi rtc-efi: rtc core: registered rtc-efi as rtc0
[    8.342924] hidraw: raw HID events driver (C) Jiri Kosina
[    8.352099] input: Keyboard/Mouse KVM 2.0 as /devices/pci0000:7a/0000:7a:01.0/usb1/1-1/1-1:1.0/0003:12D1:0001.0001/input/input1
[    8.426067] hid-generic 0003:12D1:0001.0001: input,hidraw0: USB HID v2.00 Keyboard [Keyboard/Mouse KVM 2.0] on usb-0000:7a:01.0-1/input0
[    8.444993] input: Keyboard/Mouse KVM 2.0 as /devices/pci0000:7a/0000:7a:01.0/usb1/1-1/1-1:1.1/0003:12D1:0001.0002/input/input2
[    8.448960] usb 5-1: New USB device found, idVendor=2109, idProduct=2817, bcdDevice= 7.a3
[    8.462921] hid-generic 0003:12D1:0001.0002: input,hidraw1: USB HID v2.00 Mouse [Keyboard/Mouse KVM 2.0] on usb-0000:7a:01.0-1/input1
[    8.477428] usb 5-1: New USB device strings: Mfr=1, Product=2, SerialNumber=3
[    8.495990] usbcore: registered new interface driver usbhid
[    8.506398] usb 5-1: Product: USB2.0 Hub             
[    8.515216] usbhid: USB HID core driver
[    8.515327] arm-smmu-v3-pmcg arm-smmu-v3-pmcg.8.auto: option mask 0x1
[    8.523456] usb 5-1: Manufacturer: VIA Labs, Inc.         
[    8.530429] arm-smmu-v3-pmcg arm-smmu-v3-pmcg.8.auto: Registered PMU @ 0x0000000148020000 using 8 counters with Individual filter settings
[    8.539978] usb 5-1: SerialNumber: 000000000
[    8.574871] arm-smmu-v3-pmcg arm-smmu-v3-pmcg.9.auto: option mask 0x1
[    8.584587] arm-smmu-v3-pmcg arm-smmu-v3-pmcg.9.auto: Registered PMU @ 0x0000000100020000 using 8 counters with Individual filter settings
[    8.586270] hub 5-1:1.0: USB hub found
[    8.603500] arm-smmu-v3-pmcg arm-smmu-v3-pmcg.10.auto: option mask 0x1
[    8.610541] usb 6-1: new SuperSpeed Gen 1 USB device number 2 using xhci_hcd
[    8.620238] arm-smmu-v3-pmcg arm-smmu-v3-pmcg.10.auto: Registered PMU @ 0x0000000140020000 using 8 counters with Individual filter settings
[    8.630528] hub 5-1:1.0: 4 ports detected
[    8.649558] arm-smmu-v3-pmcg arm-smmu-v3-pmcg.11.auto: option mask 0x1
[    8.666439] arm-smmu-v3-pmcg arm-smmu-v3-pmcg.11.auto: Registered PMU @ 0x0000200148020000 using 8 counters with Individual filter settings
[    8.685142] arm-smmu-v3-pmcg arm-smmu-v3-pmcg.12.auto: option mask 0x1
[    8.686937] usb 6-1: New USB device found, idVendor=2109, idProduct=0817, bcdDevice= 7.a3
[    8.694774] arm-smmu-v3-pmcg arm-smmu-v3-pmcg.12.auto: Registered PMU @ 0x0000200100020000 using 8 counters with Individual filter settings
[    8.708954] usb 6-1: New USB device strings: Mfr=1, Product=2, SerialNumber=3
[    8.708955] usb 6-1: Product: USB3.0 Hub             
[    8.727644] arm-smmu-v3-pmcg arm-smmu-v3-pmcg.13.auto: option mask 0x1
[    8.737901] usb 6-1: Manufacturer: VIA Labs, Inc.         
[    8.746152] arm-smmu-v3-pmcg arm-smmu-v3-pmcg.13.auto: Registered PMU @ 0x0000200140020000 using 8 counters with Individual filter settings
[    8.755843] usb 6-1: SerialNumber: 000000000
[    8.792646] hub 6-1:1.0: USB hub found
[    8.812258] Initializing XFRM netlink socket
[    8.819991] NET: Registered protocol family 10
[    8.823053] hub 6-1:1.0: 4 ports detected
[    8.827900] Segment Routing with IPv6
[    8.841162] NET: Registered protocol family 17
[    8.848673] registered taskstats version 1
[    8.855620] Loading compiled-in X.509 certificates
[    8.894167] Loaded X.509 cert 'openEuler kernel signing key: 46bcef1e3da2b7e4abcf12b6477a026af027b55e'
[    8.909184] zswap: loaded using pool lzo/zbud
[    8.916538] pstore: Using compression: deflate
[    8.926097] Key type big_key registered
[    8.933073] iommu: Adding device 0000:00:00.0 to group 7
[    8.941992] pcieport 0000:00:00.0: Signaling PME with IRQ 113
[    8.950522] pcieport 0000:00:00.0: AER: enabled with IRQ 114
[    8.958835] iommu: Adding device 0000:00:08.0 to group 8
[    8.967549] pcieport 0000:00:08.0: Signaling PME with IRQ 115
[    8.975850] pcieport 0000:00:08.0: AER: enabled with IRQ 116
[    8.984006] iommu: Adding device 0000:00:0c.0 to group 9
[    8.992647] pcieport 0000:00:0c.0: Signaling PME with IRQ 117
[    9.000862] pcieport 0000:00:0c.0: AER: enabled with IRQ 118
[    9.008939] iommu: Adding device 0000:00:10.0 to group 10
[    9.017487] pcieport 0000:00:10.0: Signaling PME with IRQ 119
[    9.025580] pcieport 0000:00:10.0: AER: enabled with IRQ 120
[    9.033585] iommu: Adding device 0000:00:11.0 to group 11
[    9.042165] pcieport 0000:00:11.0: Signaling PME with IRQ 121
[    9.050309] pcieport 0000:00:11.0: AER: enabled with IRQ 122
[    9.058348] iommu: Adding device 0000:00:12.0 to group 12
[    9.066963] pcieport 0000:00:12.0: Signaling PME with IRQ 123
[    9.075160] pcieport 0000:00:12.0: AER: enabled with IRQ 124
[    9.083267] iommu: Adding device 0000:7c:00.0 to group 13
[    9.091459] iommu: Adding device 0000:74:01.0 to group 14
[    9.099559] iommu: Adding device 0000:80:00.0 to group 15
[    9.108126] pcieport 0000:80:00.0: Signaling PME with IRQ 125
[    9.116119] pcieport 0000:80:00.0: AER: enabled with IRQ 126
[    9.124019] iommu: Adding device 0000:80:08.0 to group 16
[    9.132449] pcieport 0000:80:08.0: Signaling PME with IRQ 127
[    9.140450] pcieport 0000:80:08.0: AER: enabled with IRQ 128
[    9.148355] iommu: Adding device 0000:80:0c.0 to group 17
[    9.156882] pcieport 0000:80:0c.0: Signaling PME with IRQ 129
[    9.164882] pcieport 0000:80:0c.0: AER: enabled with IRQ 130
[    9.172777] iommu: Adding device 0000:80:10.0 to group 18
[    9.181224] pcieport 0000:80:10.0: Signaling PME with IRQ 131
[    9.189230] pcieport 0000:80:10.0: AER: enabled with IRQ 132
[    9.197127] iommu: Adding device 0000:bc:00.0 to group 19
[    9.205130] iommu: Adding device 0000:b4:01.0 to group 20
[    9.221216] rtc-efi rtc-efi: setting system clock to 2025-05-18 19:29:53 UTC (1747596593)
[    9.235351] SDEI NMI watchdog: SDEI Watchdog registered successfully
[    9.246146] Freeing unused kernel memory: 4288K
[    9.265947] Run /init as init process
[    9.286962] systemd[1]: systemd v243-31.ctl2 running in system mode. (+PAM +AUDIT +SELINUX +IMA -APPARMOR +SMACK +SYSVINIT +UTMP +LIBCRYPTSETUP +GCRYPT +GNUTLS +ACL +XZ +LZ4 +SECCOMP +BLKID +ELFUTILS +KMOD +IDN2 -IDN +PCRE2 default-hierarchy=legacy)
[    9.319420] systemd[1]: Detected architecture arm64.
[    9.326934] systemd[1]: Running in initial RAM disk.
[    9.345266] systemd[1]: Set hostname to <steel>.
[    9.352527] random: systemd: uninitialized urandom read (16 bytes read)
[    9.361846] systemd[1]: Initializing machine ID from random generator.
[    9.425745] random: systemd: uninitialized urandom read (16 bytes read)
[    9.435168] systemd[1]: Started Dispatch Password Requests to Console Directory Watch.
[    9.451740] random: systemd: uninitialized urandom read (16 bytes read)
[    9.461322] systemd[1]: Reached target Paths.
[    9.471677] systemd[1]: Reached target Slices.
[    9.482071] systemd[1]: Reached target Swap.
[    9.492104] systemd[1]: Reached target Timers.
[    9.559265] audit: type=1130 audit(1747596593.836:2): pid=1 uid=0 auid=4294967295 ses=4294967295 subj=kernel msg='unit=systemd-tmpfiles-setup-dev comm="systemd" exe="/usr/lib/systemd/systemd" hostname=? addr=? terminal=? res=success'
[    9.605678] audit: type=1130 audit(1747596593.880:3): pid=1 uid=0 auid=4294967295 ses=4294967295 subj=kernel msg='unit=systemd-vconsole-setup comm="systemd" exe="/usr/lib/systemd/systemd" hostname=? addr=? terminal=? res=success'
[    9.635064] audit: type=1131 audit(1747596593.880:4): pid=1 uid=0 auid=4294967295 ses=4294967295 subj=kernel msg='unit=systemd-vconsole-setup comm="systemd" exe="/usr/lib/systemd/systemd" hostname=? addr=? terminal=? res=success'
[    9.668115] audit: type=1130 audit(1747596593.944:5): pid=1 uid=0 auid=4294967295 ses=4294967295 subj=kernel msg='unit=systemd-journald comm="systemd" exe="/usr/lib/systemd/systemd" hostname=? addr=? terminal=? res=success'
[    9.701531] audit: type=1130 audit(1747596593.976:6): pid=1 uid=0 auid=4294967295 ses=4294967295 subj=kernel msg='unit=systemd-sysctl comm="systemd" exe="/usr/lib/systemd/systemd" hostname=? addr=? terminal=? res=success'
[    9.770883] audit: type=1130 audit(1747596594.048:7): pid=1 uid=0 auid=4294967295 ses=4294967295 subj=kernel msg='unit=dracut-cmdline comm="systemd" exe="/usr/lib/systemd/systemd" hostname=? addr=? terminal=? res=success'
[    9.803915] device-mapper: uevent: version 1.0.3
[    9.804030] device-mapper: ioctl: 4.39.0-ioctl (2018-04-03) initialised: dm-devel@redhat.com
[    9.851843] audit: type=1130 audit(1747596594.128:8): pid=1 uid=0 auid=4294967295 ses=4294967295 subj=kernel msg='unit=dracut-pre-udev comm="systemd" exe="/usr/lib/systemd/systemd" hostname=? addr=? terminal=? res=success'
[    9.907711] audit: type=1130 audit(1747596594.184:9): pid=1 uid=0 auid=4294967295 ses=4294967295 subj=kernel msg='unit=systemd-udevd comm="systemd" exe="/usr/lib/systemd/systemd" hostname=? addr=? terminal=? res=success'
[    9.978746] audit: type=1130 audit(1747596594.256:10): pid=1 uid=0 auid=4294967295 ses=4294967295 subj=kernel msg='unit=dracut-pre-trigger comm="systemd" exe="/usr/lib/systemd/systemd" hostname=? addr=? terminal=? res=success'
[   10.143676] mlx_compat: loading out-of-tree module taints kernel.
[   10.143677] mlx_compat: loading out-of-tree module taints kernel.
[   10.143825] mlx_compat: module verification failed: signature and/or required key missing - tainting kernel
[   10.144853] Compat-mlnx-ofed backport release: e78f334
[   10.144854] Backport based on mlnx_ofed/mlnx-ofa_kernel-4.0.git e78f334
[   10.144854] compat.git: mlnx_ofed/mlnx-ofa_kernel-4.0.git
[   10.157559] megasas: 07.719.03.00
[   10.168036] libata version 3.00 loaded.
[   10.183644] iommu: Adding device 0000:81:00.0 to group 21
[   10.227390] audit: type=1130 audit(1747596594.504:11): pid=1 uid=0 auid=4294967295 ses=4294967295 subj=kernel msg='unit=systemd-udev-trigger comm="systemd" exe="/usr/lib/systemd/systemd" hostname=? addr=? terminal=? res=success'
[   10.227474] iommu: Adding device 0000:74:03.0 to group 22
[   10.258811] megaraid_sas 0000:81:00.0: BAR:0x0  BAR's base_addr(phys):0x0x0000280005300000  mapped virt_addr:0x(____ptrval____)
[   10.267692] megaraid_sas 0000:81:00.0: FW now in Ready state
[   10.267695] megaraid_sas 0000:81:00.0: 63 bit DMA mask and 63 bit consistent mask
[   10.267829] megaraid_sas 0000:81:00.0: firmware supports msix	: (128)
[   10.268252] ahci 0000:74:03.0: version 3.0
[   10.268370] ahci 0000:74:03.0: SSS flag set, parallel bus scan disabled
[   10.268379] ahci 0000:74:03.0: AHCI 0001.0300 32 slots 2 ports 6 Gbps 0x3 impl SATA mode
[   10.268381] ahci 0000:74:03.0: flags: 64bit ncq sntf stag pm led clo only pmp fbs slum part ccc ems sxs boh 
[   10.268383] ahci 0000:74:03.0: both AHCI_HFLAG_MULTI_MSI flag set and custom irq handler implemented
[   10.268774] scsi host1: ahci
[   10.269111] scsi host2: ahci
[   10.269164] ata1: SATA max UDMA/133 abar m4096@0xa2010000 port 0xa2010100 irq 133
[   10.269166] ata2: SATA max UDMA/133 abar m4096@0xa2010000 port 0xa2010180 irq 134
[   10.269321] iommu: Adding device 0000:b4:03.0 to group 23
[   10.311425] iommu: Adding device 0000:01:00.0 to group 24
[   10.312494] megaraid_sas 0000:81:00.0: requested/available msix: 72/72
[   10.328003] mlx5_core 0000:01:00.0: firmware version: 14.31.1014
[   10.343522] megaraid_sas 0000:81:00.0: current msix/online cpus	: (72/64)
[   10.343524] megaraid_sas 0000:81:00.0: RDPQ mode	: (enabled)
[   10.343528] megaraid_sas 0000:81:00.0: Current firmware supports maximum commands: 5101	 LDIO threshold: 0
[   10.359743] mlx5_core 0000:01:00.0: 63.008 Gb/s available PCIe bandwidth (8 GT/s x8 link)
[   10.370168] megaraid_sas 0000:81:00.0: Performance mode :Balanced (latency index = 8)
[   10.503759] megaraid_sas 0000:81:00.0: FW supports sync cache	: Yes
[   10.503763] megaraid_sas 0000:81:00.0: megasas_disable_intr_fusion is called outbound_intr_mask:0x40000009
[   10.503866] ahci 0000:b4:03.0: SSS flag set, parallel bus scan disabled
[   10.503877] ahci 0000:b4:03.0: AHCI 0001.0300 32 slots 2 ports 6 Gbps 0x3 impl SATA mode
[   10.503879] ahci 0000:b4:03.0: flags: 64bit ncq sntf stag pm led clo only pmp fbs slum part ccc ems sxs boh 
[   10.503881] ahci 0000:b4:03.0: both AHCI_HFLAG_MULTI_MSI flag set and custom irq handler implemented
[   10.504301] scsi host3: ahci
[   10.504492] scsi host4: ahci
[   10.504561] ata3: SATA max UDMA/133 abar m4096@0xa3010000 port 0xa3010100 irq 207
[   10.504562] ata4: SATA max UDMA/133 abar m4096@0xa3010000 port 0xa3010180 irq 208
[   10.585941] megaraid_sas 0000:81:00.0: FW supports atomic descriptor	: Yes
[   10.588057] ata1: SATA link down (SStatus 0 SControl 300)
[   10.608946] mlx5_core 0000:01:00.0: E-Switch: Total vports 10, per vport: max uc(128) max mc(2048)
[   10.637941] megaraid_sas 0000:81:00.0: FW provided supportMaxExtLDs: 1	max_lds: 240
[   10.672992] mlx5_core 0000:01:00.0: mlx5_fw_tracer_start:821:(pid 334): FWTracer: Ownership granted and active
[   10.678202] megaraid_sas 0000:81:00.0: controller type	: MR(4096MB)
[   10.678203] megaraid_sas 0000:81:00.0: Online Controller Reset(OCR)	: Enabled
[   10.678204] megaraid_sas 0000:81:00.0: Secure JBOD support	: Yes
[   10.678207] megaraid_sas 0000:81:00.0: NVMe passthru support	: Yes
[   10.704763] iommu: Adding device 0000:01:00.1 to group 25
[   10.711031] megaraid_sas 0000:81:00.0: FW provided TM TaskAbort/Reset timeout	: 6 secs/60 secs
[   10.711032] megaraid_sas 0000:81:00.0: PCI Lane Margining support	: Yes
[   10.711035] megaraid_sas 0000:81:00.0: JBOD sequence map support	: Yes
[   10.722892] mlx5_core 0000:01:00.1: firmware version: 14.31.1014
[   10.758086] megaraid_sas 0000:81:00.0: NVME page size	: (4096)
[   10.760897] mlx5_core 0000:01:00.1: 63.008 Gb/s available PCIe bandwidth (8 GT/s x8 link)
[   10.777323] megaraid_sas 0000:81:00.0: megasas_enable_intr_fusion is called outbound_intr_mask:0x40000000
[   10.815018] random: fast init done
[   10.816051] ata3: SATA link down (SStatus 0 SControl 300)
[   10.816392] megaraid_sas 0000:81:00.0: INIT adapter done
[   10.873958] megaraid_sas 0000:81:00.0: Snap dump wait time	: 15
[   10.873960] megaraid_sas 0000:81:00.0: pci id		: (0x1000)/(0x10e2)/(0x1000)/(0x4010)
[   10.873961] megaraid_sas 0000:81:00.0: unevenspan support	: no
[   10.873962] megaraid_sas 0000:81:00.0: firmware crash dump	: no
[   10.873963] megaraid_sas 0000:81:00.0: JBOD sequence map	: enabled
[   10.874013] scsi host0: Broadcom SAS based MegaRAID driver
[   10.876594] iommu: Adding device 0000:84:00.0 to group 26
[   10.877353] megaraid_sas 0000:84:00.0: BAR:0x0  BAR's base_addr(phys):0x0x0000280005100000  mapped virt_addr:0x(____ptrval____)
[   10.877356] megaraid_sas 0000:84:00.0: FW now in Ready state
[   10.877358] megaraid_sas 0000:84:00.0: 63 bit DMA mask and 63 bit consistent mask
[   10.877536] megaraid_sas 0000:84:00.0: firmware supports msix	: (128)
[   10.900047] ata2: SATA link down (SStatus 0 SControl 300)
[   10.902686] megaraid_sas 0000:84:00.0: requested/available msix: 72/72
[   10.911209] scsi 0:1:124:0: Enclosure         BROADCOM VirtualSES       03   PQ: 0 ANSI: 7
[   10.920562] megaraid_sas 0000:84:00.0: current msix/online cpus	: (72/64)
[   10.920564] megaraid_sas 0000:84:00.0: RDPQ mode	: (enabled)
[   11.032731] megaraid_sas 0000:84:00.0: Current firmware supports maximum commands: 5101	 LDIO threshold: 0
[   11.037220] megaraid_sas 0000:84:00.0: Performance mode :Balanced (latency index = 8)
[   11.037221] megaraid_sas 0000:84:00.0: FW supports sync cache	: Yes
[   11.037225] megaraid_sas 0000:84:00.0: megasas_disable_intr_fusion is called outbound_intr_mask:0x40000009
[   11.047101] mlx5_core 0000:01:00.1: E-Switch: Total vports 10, per vport: max uc(128) max mc(2048)
[   11.071876] scsi 0:3:111:0: Direct-Access     BROADCOM MR9560-8i        5.20 PQ: 0 ANSI: 5
[   11.108954] iommu: Adding device 0000:82:00.0 to group 27
[   11.117939] megaraid_sas 0000:84:00.0: FW supports atomic descriptor	: Yes
[   11.149487] mlx5_core 0000:82:00.0: firmware version: 14.31.1014
[   11.159010] mlx5_core 0000:82:00.0: 63.008 Gb/s available PCIe bandwidth (8 GT/s x8 link)
[   11.224050] ata4: SATA link down (SStatus 0 SControl 300)
[   11.341939] megaraid_sas 0000:84:00.0: FW provided supportMaxExtLDs: 1	max_lds: 240
[   11.356989] megaraid_sas 0000:84:00.0: controller type	: MR(4096MB)
[   11.367075] megaraid_sas 0000:84:00.0: Online Controller Reset(OCR)	: Enabled
[   11.377994] megaraid_sas 0000:84:00.0: Secure JBOD support	: Yes
[   11.387707] megaraid_sas 0000:84:00.0: NVMe passthru support	: Yes
[   11.397535] megaraid_sas 0000:84:00.0: FW provided TM TaskAbort/Reset timeout	: 6 secs/60 secs
[   11.413330] megaraid_sas 0000:84:00.0: PCI Lane Margining support	: Yes
[   11.423605] megaraid_sas 0000:84:00.0: JBOD sequence map support	: Yes
[   11.446407] mlx5_core 0000:82:00.0: E-Switch: Total vports 10, per vport: max uc(128) max mc(2048)
[   11.462815] megaraid_sas 0000:84:00.0: NVME page size	: (4096)
[   11.473024] megaraid_sas 0000:84:00.0: megasas_enable_intr_fusion is called outbound_intr_mask:0x40000000
[   11.489776] megaraid_sas 0000:84:00.0: INIT adapter done
[   11.499254] megaraid_sas 0000:84:00.0: Snap dump wait time	: 15
[   11.508754] megaraid_sas 0000:84:00.0: pci id		: (0x1000)/(0x10e2)/(0x1000)/(0x4010)
[   11.523444] megaraid_sas 0000:84:00.0: unevenspan support	: no
[   11.532728] random: crng init done
[   11.532760] megaraid_sas 0000:84:00.0: firmware crash dump	: no
[   11.539594] random: 7 urandom warning(s) missed due to ratelimiting
[   11.548930] megaraid_sas 0000:84:00.0: JBOD sequence map	: enabled
[   11.550160] scsi host5: Broadcom SAS based MegaRAID driver
[   11.585290] sd 0:3:111:0: [sda] 936640512 512-byte logical blocks: (480 GB/447 GiB)
[   11.598063] mlx5_core 0000:82:00.0: mlx5_fw_tracer_start:821:(pid 336): FWTracer: Ownership granted and active
[   11.599708] sd 0:3:111:0: [sda] 4096-byte physical blocks
[   11.615736] scsi 5:1:123:0: Enclosure         HUAWEI   Expander 12G28F1 340  PQ: 0 ANSI: 6
[   11.623431] iommu: Adding device 0000:82:00.1 to group 28
[   11.625499] sd 0:3:111:0: [sda] Write Protect is off
[   11.642313] mlx5_core 0000:82:00.1: firmware version: 14.31.1014
[   11.649349] sd 0:3:111:0: [sda] Mode Sense: 1f 00 00 08
[   11.667282] sd 0:3:111:0: [sda] Write cache: disabled, read cache: enabled, doesn't support DPO or FUA
[   11.683710] mlx5_core 0000:82:00.1: 63.008 Gb/s available PCIe bandwidth (8 GT/s x8 link)
[   11.683715] sd 0:3:111:0: [sda] Optimal transfer size 262144 bytes
[   11.710113]  sda: sda1 sda2 sda3 sda4
