2023-12-18 17:56:54 username kernel: [    0.000000] Booting Linux on physical CPU 0x0000000000 [0x701f6633]
2023-12-18 17:56:54 username kernel: [    0.000000] Linux version 4.19.0-arm64-desktop (uosserver@uosserver-PC) (gcc version 8.3.0 (Uos 8.3.0.3-3+rebuild)) (74123f25fea1) #6035 SMP Wed Jul 26 14:34:54 CST 2023
2023-12-18 17:56:54 username kernel: [    0.000000] efi: Getting EFI parameters from FDT:
2023-12-18 17:56:54 username kernel: [    0.000000] efi: EFI v2.70 by Phytium D2000
2023-12-18 17:56:54 username kernel: [    0.000000] efi:  ACPI 2.0=0xf6b60000  SMBIOS=0xfbfb0000  SMBIOS 3.0=0xf69b0000  MEMATTR=0xfb363018  MEMRESERVE=0xf6850e98 
2023-12-18 17:56:54 username kernel: [    0.000000] ACPI: Early table checksum verification disabled
2023-12-18 17:56:54 username kernel: [    0.000000] ACPI: RSDP 0x00000000F6B60000 000024 (v02 PHYLTD)
2023-12-18 17:56:54 username kernel: [    0.000000] ACPI: XSDT 0x00000000F6B50000 000074 (v01 PHYLTD PHYTIUM. 00000001      01000013)
2023-12-18 17:56:54 username kernel: [    0.000000] ACPI: FACP 0x00000000F6A50000 000114 (v06 PHYLTD PHYTIUM. 00000001 PHYT 00000001)
2023-12-18 17:56:54 username kernel: [    0.000000] ACPI: DSDT 0x00000000F69D0000 0013B6 (v02 PHYLTD PHYTIUM. 00000001 INTL 20190509)
2023-12-18 17:56:54 username kernel: [    0.000000] ACPI: GTDT 0x00000000F6A40000 000098 (v02 PHYLTD PHYTIUM. 00000001 PHYT 00000001)
2023-12-18 17:56:54 username kernel: [    0.000000] ACPI: IORT 0x00000000F6A30000 000080 (v00 PHYLTD PHYTIUM. 00000001 PHYT 00000001)
2023-12-18 17:56:54 username kernel: [    0.000000] ACPI: APIC 0x00000000F6A20000 0002D8 (v04 PHYLTD PHYTIUM. 00000001 PHYT 00000001)
2023-12-18 17:56:54 username kernel: [    0.000000] ACPI: MCFG 0x00000000F6A10000 00003C (v01 PHYLTD PHYTIUM. 00000001 PHYT 00000001)
2023-12-18 17:56:54 username kernel: [    0.000000] ACPI: PPTT 0x00000000F6A00000 000396 (v01 PHYLTD PHYTIUM. 00000001 PHYT 00000001)
2023-12-18 17:56:54 username kernel: [    0.000000] ACPI: SPCR 0x00000000F69F0000 000050 (v02 PHYLTD PHYTIUM. 00000001 PHYT 00000001)
2023-12-18 17:56:54 username kernel: [    0.000000] ACPI: SSDT 0x00000000F69E0000 000515 (v02 PHYLTD PHYTIUM. 00000001 INTL 20190509)
2023-12-18 17:56:54 username kernel: [    0.000000] ACPI: PPTT 0x00000000F69C0000 000396 (v01 PHYLTD PHYTIUM. 00000001 PHYT 00000001)
2023-12-18 17:56:54 username kernel: [    0.000000] ACPI: VFCT 0x00000000F63F0000 010084 (v01 PHYLTD PHYTIUM. 00000001 AMD  31504F47)
2023-12-18 17:56:54 username kernel: [    0.000000] ACPI: SPCR: console: pl011,mmio32,0x28001000,115200
2023-12-18 17:56:54 username kernel: [    0.000000] On node 0 totalpages: 2080768
2023-12-18 17:56:54 username kernel: [    0.000000]   DMA32 zone: 8192 pages used for memmap
2023-12-18 17:56:54 username kernel: [    0.000000]   DMA32 zone: 0 pages reserved
2023-12-18 17:56:54 username kernel: [    0.000000]   DMA32 zone: 507904 pages, LIFO batch:63
2023-12-18 17:56:54 username kernel: [    0.000000]   Normal zone: 24576 pages used for memmap
2023-12-18 17:56:54 username kernel: [    0.000000]   Normal zone: 1572864 pages, LIFO batch:63
2023-12-18 17:56:54 username kernel: [    0.000000] psci: probing for conduit method from ACPI.
2023-12-18 17:56:54 username kernel: [    0.000000] psci: PSCIv1.1 detected in firmware.
2023-12-18 17:56:54 username kernel: [    0.000000] psci: Using standard PSCI v0.2 function IDs
2023-12-18 17:56:54 username kernel: [    0.000000] psci: MIGRATE_INFO_TYPE not supported.
2023-12-18 17:56:54 username kernel: [    0.000000] psci: SMC Calling Convention v1.0
2023-12-18 17:56:54 username kernel: [    0.000000] percpu: Embedded 28 pages/cpu s74648 r8192 d31848 u114688
2023-12-18 17:56:54 username kernel: [    0.000000] pcpu-alloc: s74648 r8192 d31848 u114688 alloc=28*4096
2023-12-18 17:56:54 username kernel: [    0.000000] pcpu-alloc: [0] 0 [0] 1 [0] 2 [0] 3 [0] 4 [0] 5 [0] 6 [0] 7 
2023-12-18 17:56:54 username kernel: [    0.000000] Detected PIPT I-cache on CPU0
2023-12-18 17:56:54 username kernel: [    0.000000] ARM_SMCCC_ARCH_WORKAROUND_1 missing from firmware
2023-12-18 17:56:54 username kernel: [    0.000000] Built 1 zonelists, mobility grouping on.  Total pages: 2048000
2023-12-18 17:56:54 username kernel: [    0.000000] Kernel command line: BOOT_IMAGE=/vmlinuz-4.19.0-arm64-desktop root=UUID=1f623dad-5be0-468e-9a02-d8d1cad6e6f2 ro video=efifb:nobgrt splash quiet console=tty plymouth.ignore-serial-consoles DEEPIN_GFXMODE= ima_appraise=off libahci.ignore_sss=1
2023-12-18 17:56:54 username kernel: [    0.000000] log_buf_len individual max cpu contribution: 32768 bytes
2023-12-18 17:56:54 username kernel: [    0.000000] log_buf_len total cpu_extra contributions: 229376 bytes
2023-12-18 17:56:54 username kernel: [    0.000000] log_buf_len min size: 131072 bytes
2023-12-18 17:56:54 username kernel: [    0.000000] log_buf_len: 524288 bytes
2023-12-18 17:56:54 username kernel: [    0.000000] early log buf free: 127704(97%)
2023-12-18 17:56:54 username kernel: [    0.000000] Dentry cache hash table entries: 1048576 (order: 11, 8388608 bytes)
2023-12-18 17:56:54 username kernel: [    0.000000] Inode-cache hash table entries: 524288 (order: 10, 4194304 bytes)
2023-12-18 17:56:54 username kernel: [    0.000000] software IO TLB: mapped [mem 0xf7363000-0xfb363000] (64MB)
2023-12-18 17:56:54 username kernel: [    0.000000] Memory: 8007296K/8323072K available (11772K kernel code, 1304K rwdata, 6520K rodata, 4096K init, 1207K bss, 315776K reserved, 0K cma-reserved)
2023-12-18 17:56:54 username kernel: [    0.000000] SLUB: HWalign=64, Order=0-3, MinObjects=0, CPUs=8, Nodes=1
2023-12-18 17:56:54 username kernel: [    0.000000] rcu: Hierarchical RCU implementation.
2023-12-18 17:56:54 username kernel: [    0.000000] rcu: 	RCU restricting CPUs from NR_CPUS=256 to nr_cpu_ids=8.
2023-12-18 17:56:54 username kernel: [    0.000000] rcu: Adjusting geometry for rcu_fanout_leaf=16, nr_cpu_ids=8
2023-12-18 17:56:54 username kernel: [    0.000000] NR_IRQS: 64, nr_irqs: 64, preallocated irqs: 0
2023-12-18 17:56:54 username kernel: [    0.000000] GICv3: GIC: Using split EOI/Deactivate mode
2023-12-18 17:56:54 username kernel: [    0.000000] GICv3: Distributor has no Range Selector support
2023-12-18 17:56:54 username kernel: [    0.000000] GICv3: no VLPI support, no direct LPI support
2023-12-18 17:56:54 username kernel: [    0.000000] GICv3: CPU0: found redistributor 0 region 0:0x0000000029b00000
2023-12-18 17:56:54 username kernel: [    0.000000] ITS [mem 0x29a20000-0x29a3ffff]
2023-12-18 17:56:54 username kernel: [    0.000000] ITS@0x0000000029a20000: allocated 65536 Devices @2176d00000 (flat, esz 8, psz 64K, shr 0)
2023-12-18 17:56:54 username kernel: [    0.000000] ITS: using cache flushing for cmd queue
2023-12-18 17:56:54 username kernel: [    0.000000] GICv3: using LPI property table @0x0000002176c90000
2023-12-18 17:56:54 username kernel: [    0.000000] GIC: using cache flushing for LPI property table
2023-12-18 17:56:54 username kernel: [    0.000000] GICv3: CPU0: using allocated LPI pending table @0x0000002176ca0000
2023-12-18 17:56:54 username kernel: [    0.000000] rcu: 	Offload RCU callbacks from CPUs: (none).
2023-12-18 17:56:54 username kernel: [    0.000000] arch_timer: cp15 timer(s) running at 48.00MHz (phys).
2023-12-18 17:56:54 username kernel: [    0.000000] clocksource: arch_sys_counter: mask: 0xffffffffffffff max_cycles: 0xb11fd3bfb, max_idle_ns: 440795203732 ns
2023-12-18 17:56:54 username kernel: [    0.000001] sched_clock: 56 bits at 48MHz, resolution 20ns, wraps every 4398046511096ns
2023-12-18 17:56:54 username kernel: [    0.000050] Console: colour dummy device 80x25
2023-12-18 17:56:54 username kernel: [    0.000056] console [tty0] enabled
2023-12-18 17:56:54 username kernel: [    0.000073] ACPI: Core revision 20180810
2023-12-18 17:56:54 username kernel: [    0.000259] Calibrating delay loop (skipped), value calculated using timer frequency.. 96.00 BogoMIPS (lpj=192000)
2023-12-18 17:56:54 username kernel: [    0.000262] pid_max: default: 32768 minimum: 301
2023-12-18 17:56:54 username kernel: [    0.000287] Security Framework initialized
2023-12-18 17:56:54 username kernel: [    0.000291] [uos elfverify guard] LSM initialized: elfverify, elf enabled: 1
2023-12-18 17:56:54 username kernel: [    0.000293] [manager_init] start manager_init 
2023-12-18 17:56:54 username kernel: [    0.000741] UOS Manager initialized: uosmanager
2023-12-18 17:56:54 username kernel: [    0.000768] AppArmor: AppArmor initialized
2023-12-18 17:56:54 username kernel: [    0.000812] Mount-cache hash table entries: 16384 (order: 5, 131072 bytes)
2023-12-18 17:56:54 username kernel: [    0.000843] Mountpoint-cache hash table entries: 16384 (order: 5, 131072 bytes)
2023-12-18 17:56:54 username kernel: [    0.001291] ASID allocator initialised with 32768 entries
2023-12-18 17:56:54 username kernel: [    0.001315] rcu: Hierarchical SRCU implementation.
2023-12-18 17:56:54 username kernel: [    0.001915] Platform MSI: ITS@0x29a20000 domain created
2023-12-18 17:56:54 username kernel: [    0.001924] PCI/MSI: ITS@0x29a20000 domain created
2023-12-18 17:56:54 username kernel: [    0.001930] Remapping and enabling EFI services.
2023-12-18 17:56:54 username kernel: [    0.002334] smp: Bringing up secondary CPUs ...
2023-12-18 17:56:54 username kernel: [    0.040998] Detected PIPT I-cache on CPU1
2023-12-18 17:56:54 username kernel: [    0.041012] GICv3: CPU1: found redistributor 1 region 1:0x0000000029b20000
2023-12-18 17:56:54 username kernel: [    0.041026] GICv3: CPU1: using allocated LPI pending table @0x0000002176cb0000
2023-12-18 17:56:54 username kernel: [    0.041039] CPU1: Booted secondary processor 0x0000000001 [0x701f6633]
2023-12-18 17:56:54 username kernel: [    0.082315] Detected PIPT I-cache on CPU2
2023-12-18 17:56:54 username kernel: [    0.082326] GICv3: CPU2: found redistributor 100 region 2:0x0000000029b40000
2023-12-18 17:56:54 username kernel: [    0.082341] GICv3: CPU2: using allocated LPI pending table @0x0000002176cc0000
2023-12-18 17:56:54 username kernel: [    0.082353] CPU2: Booted secondary processor 0x0000000100 [0x701f6633]
2023-12-18 17:56:54 username kernel: [    0.123632] Detected PIPT I-cache on CPU3
2023-12-18 17:56:54 username kernel: [    0.123639] GICv3: CPU3: found redistributor 101 region 3:0x0000000029b60000
2023-12-18 17:56:54 username kernel: [    0.123650] GICv3: CPU3: using allocated LPI pending table @0x0000002176cd0000
2023-12-18 17:56:54 username kernel: [    0.123659] CPU3: Booted secondary processor 0x0000000101 [0x701f6633]
2023-12-18 17:56:54 username kernel: [    0.164952] Detected PIPT I-cache on CPU4
2023-12-18 17:56:54 username kernel: [    0.164961] GICv3: CPU4: found redistributor 200 region 4:0x0000000029b80000
2023-12-18 17:56:54 username kernel: [    0.164975] GICv3: CPU4: using allocated LPI pending table @0x0000002176ce0000
2023-12-18 17:56:54 username kernel: [    0.164986] CPU4: Booted secondary processor 0x0000000200 [0x701f6633]
2023-12-18 17:56:54 username kernel: [    0.206267] Detected PIPT I-cache on CPU5
2023-12-18 17:56:54 username kernel: [    0.206275] GICv3: CPU5: found redistributor 201 region 5:0x0000000029ba0000
2023-12-18 17:56:54 username kernel: [    0.206287] GICv3: CPU5: using allocated LPI pending table @0x0000002176cf0000
2023-12-18 17:56:54 username kernel: [    0.206296] CPU5: Booted secondary processor 0x0000000201 [0x701f6633]
2023-12-18 17:56:54 username kernel: [    0.247588] Detected PIPT I-cache on CPU6
2023-12-18 17:56:54 username kernel: [    0.247598] GICv3: CPU6: found redistributor 300 region 6:0x0000000029bc0000
2023-12-18 17:56:54 username kernel: [    0.247613] GICv3: CPU6: using allocated LPI pending table @0x0000002176d80000
2023-12-18 17:56:54 username kernel: [    0.247624] CPU6: Booted secondary processor 0x0000000300 [0x701f6633]
2023-12-18 17:56:54 username kernel: [    0.288817] Detected PIPT I-cache on CPU7
2023-12-18 17:56:54 username kernel: [    0.288825] GICv3: CPU7: found redistributor 301 region 7:0x0000000029be0000
2023-12-18 17:56:54 username kernel: [    0.288837] GICv3: CPU7: using allocated LPI pending table @0x0000002176d90000
2023-12-18 17:56:54 username kernel: [    0.288846] CPU7: Booted secondary processor 0x0000000301 [0x701f6633]
2023-12-18 17:56:54 username kernel: [    0.288875] smp: Brought up 1 node, 8 CPUs
2023-12-18 17:56:54 username kernel: [    0.288877] SMP: Total of 8 processors activated.
2023-12-18 17:56:54 username kernel: [    0.288880] CPU features: detected: GIC system register CPU interface
2023-12-18 17:56:54 username kernel: [    0.288881] CPU features: detected: 32-bit EL0 Support
2023-12-18 17:56:54 username kernel: [    0.288883] CPU features: detected: CRC32 instructions
2023-12-18 17:56:54 username kernel: [    0.289286] CPU: All CPU(s) started at EL2
2023-12-18 17:56:54 username kernel: [    0.289301] alternatives: patching kernel code
2023-12-18 17:56:54 username kernel: [    0.289317] random: get_random_u64 called from compute_layout+0x94/0xe8 with crng_init=0
2023-12-18 17:56:54 username kernel: [    0.289833] devtmpfs: initialized
2023-12-18 17:56:54 username kernel: [    0.290099] Registered swp emulation handler
2023-12-18 17:56:54 username kernel: [    0.290105] Registered cp15_barrier emulation handler
2023-12-18 17:56:54 username kernel: [    0.290110] Registered setend emulation handler
2023-12-18 17:56:54 username kernel: [    0.290181] clocksource: jiffies: mask: 0xffffffff max_cycles: 0xffffffff, max_idle_ns: 7645041785100000 ns
2023-12-18 17:56:54 username kernel: [    0.290185] futex hash table entries: 2048 (order: 5, 131072 bytes)
2023-12-18 17:56:54 username kernel: [    0.290282] pinctrl core: initialized pinctrl subsystem
2023-12-18 17:56:54 username kernel: [    0.290342] SMBIOS 3.1.1 present.
2023-12-18 17:56:54 username kernel: [    0.290347] DMI: UNIS UNIS D3812 G2 0001/MF266B, BIOS DF266AB010ZG 08/23/2023 09:09:48
2023-12-18 17:56:54 username kernel: [    0.290612] NET: Registered protocol family 16
2023-12-18 17:56:54 username kernel: [    0.290762] audit: initializing netlink subsys (disabled)
2023-12-18 17:56:54 username kernel: [    0.290799] audit: type=2000 audit(0.032:1): state=initialized audit_enabled=0 res=1
2023-12-18 17:56:54 username kernel: [    0.290942] cpuidle: using governor ladder
2023-12-18 17:56:54 username kernel: [    0.290974] cpuidle: using governor menu
2023-12-18 17:56:54 username kernel: [    0.291055] vdso: 2 pages (1 code @ (____ptrval____), 1 data @ (____ptrval____))
2023-12-18 17:56:54 username kernel: [    0.291058] hw-breakpoint: found 6 breakpoint and 4 watchpoint registers.
2023-12-18 17:56:54 username kernel: [    0.291166] DMA: preallocated 256 KiB pool for atomic allocations
2023-12-18 17:56:54 username kernel: [    0.291173] ACPI: bus type PCI registered
2023-12-18 17:56:54 username kernel: [    0.291175] acpiphp: ACPI Hot Plug PCI Controller Driver version: 0.5
2023-12-18 17:56:54 username kernel: [    0.291232] Serial: AMBA PL011 UART driver
2023-12-18 17:56:54 username kernel: [    0.293777] HugeTLB registered 2.00 MiB page size, pre-allocated 0 pages
2023-12-18 17:56:54 username kernel: [    0.294032] ACPI: Added _OSI(Module Device)
2023-12-18 17:56:54 username kernel: [    0.294034] ACPI: Added _OSI(Processor Device)
2023-12-18 17:56:54 username kernel: [    0.294035] ACPI: Added _OSI(3.0 _SCP Extensions)
2023-12-18 17:56:54 username kernel: [    0.294037] ACPI: Added _OSI(Processor Aggregator Device)
2023-12-18 17:56:54 username kernel: [    0.294038] ACPI: Added _OSI(Linux-Dell-Video)
2023-12-18 17:56:54 username kernel: [    0.294040] ACPI: Added _OSI(Linux-Lenovo-NV-HDMI-Audio)
2023-12-18 17:56:54 username kernel: [    0.294923] ACPI: 2 ACPI AML tables successfully acquired and loaded
2023-12-18 17:56:54 username kernel: [    0.295535] ACPI: Interpreter enabled
2023-12-18 17:56:54 username kernel: [    0.295537] ACPI: Using GIC for interrupt routing
2023-12-18 17:56:54 username kernel: [    0.295550] ACPI: MCFG table detected, 1 entries
2023-12-18 17:56:54 username kernel: [    0.298885] ARMH0011:00: ttyAMA0 at MMIO 0x28001000 (irq = 5, base_baud = 0) is a SBSA
2023-12-18 17:56:54 username kernel: [    0.298898] console [ttyAMA0] enabled
2023-12-18 17:56:54 username kernel: [    0.299018] ARMH0011:01: ttyAMA1 at MMIO 0x28000000 (irq = 6, base_baud = 0) is a SBSA
2023-12-18 17:56:54 username kernel: [    0.299110] ARMH0011:02: ttyAMA2 at MMIO 0x28002000 (irq = 7, base_baud = 0) is a SBSA
2023-12-18 17:56:54 username kernel: [    0.299198] ARMH0011:03: ttyAMA3 at MMIO 0x28003000 (irq = 8, base_baud = 0) is a SBSA
2023-12-18 17:56:54 username kernel: [    0.299996] ACPI: PCI Interrupt Link [LNKA] (IRQs *60)
2023-12-18 17:56:54 username kernel: [    0.300016] ACPI: PCI Interrupt Link [LNKB] (IRQs *61)
2023-12-18 17:56:54 username kernel: [    0.300034] ACPI: PCI Interrupt Link [LNKC] (IRQs *62)
2023-12-18 17:56:54 username kernel: [    0.300052] ACPI: PCI Interrupt Link [LNKD] (IRQs *63)
2023-12-18 17:56:54 username kernel: [    0.300085] ACPI: PCI Root Bridge [PCI0] (domain 0000 [bus 00-ff])
2023-12-18 17:56:54 username kernel: [    0.300090] acpi PNP0A08:00: _OSC: OS supports [ExtendedConfig Segments MSI]
2023-12-18 17:56:54 username kernel: [    0.300229] acpi PNP0A08:00: _OSC: platform does not support [PCIeHotplug SHPCHotplug]
2023-12-18 17:56:54 username kernel: [    0.300348] acpi PNP0A08:00: _OSC: OS requested [PCIeHotplug SHPCHotplug PCIeCapability]
2023-12-18 17:56:54 username kernel: [    0.300350] acpi PNP0A08:00: _OSC: platform granted [PCIeCapability]
2023-12-18 17:56:54 username kernel: [    0.300637] acpi PNP0A08:00: ECAM area [mem 0x40000000-0x4fffffff] reserved by PNP0C02:00
2023-12-18 17:56:54 username kernel: [    0.300652] acpi PNP0A08:00: ECAM at [mem 0x40000000-0x4fffffff] for [bus 00-ff]
2023-12-18 17:56:54 username kernel: [    0.300688] Remapped I/O 0x0000000050000000 to [io  0x0000-0xefffff window]
2023-12-18 17:56:54 username kernel: [    0.300734] PCI host bridge to bus 0000:00
2023-12-18 17:56:54 username kernel: [    0.300736] pci_bus 0000:00: root bus resource [mem 0x58000000-0x7fffffff window]
2023-12-18 17:56:54 username kernel: [    0.300739] pci_bus 0000:00: root bus resource [mem 0x1000000000-0x1fffffffff window]
2023-12-18 17:56:54 username kernel: [    0.300740] pci_bus 0000:00: root bus resource [io  0x0000-0xefffff window]
2023-12-18 17:56:54 username kernel: [    0.300742] pci_bus 0000:00: root bus resource [bus 00-ff]
2023-12-18 17:56:54 username kernel: [    0.300752] pci 0000:00:00.0: [17cd:dc16] type 01 class 0x060400
2023-12-18 17:56:54 username kernel: [    0.300762] pci 0000:00:00.0: reg 0x10: [mem 0x1010000000-0x10100fffff 64bit pref]
2023-12-18 17:56:54 username kernel: [    0.300788] pci 0000:00:00.0: supports D1 D2
2023-12-18 17:56:54 username kernel: [    0.300790] pci 0000:00:00.0: PME# supported from D0 D1 D2 D3hot D3cold
2023-12-18 17:56:54 username kernel: [    0.300855] pci 0000:00:01.0: [17cd:dc08] type 01 class 0x060400
2023-12-18 17:56:54 username kernel: [    0.300864] pci 0000:00:01.0: reg 0x10: [mem 0x1010100000-0x10101fffff 64bit pref]
2023-12-18 17:56:54 username kernel: [    0.300885] pci 0000:00:01.0: supports D1 D2
2023-12-18 17:56:54 username kernel: [    0.300887] pci 0000:00:01.0: PME# supported from D0 D1 D2 D3hot D3cold
2023-12-18 17:56:54 username kernel: [    0.300936] pci 0000:00:02.0: [17cd:dc01] type 01 class 0x060400
2023-12-18 17:56:54 username kernel: [    0.300944] pci 0000:00:02.0: reg 0x10: [mem 0x1010200000-0x10102fffff 64bit pref]
2023-12-18 17:56:54 username kernel: [    0.300966] pci 0000:00:02.0: supports D1 D2
2023-12-18 17:56:54 username kernel: [    0.300967] pci 0000:00:02.0: PME# supported from D0 D1 D2 D3hot D3cold
2023-12-18 17:56:54 username kernel: [    0.301016] pci 0000:00:03.0: [17cd:dc16] type 01 class 0x060400
2023-12-18 17:56:54 username kernel: [    0.301026] pci 0000:00:03.0: reg 0x10: [mem 0x1010300000-0x10103fffff 64bit pref]
2023-12-18 17:56:54 username kernel: [    0.301051] pci 0000:00:03.0: supports D1 D2
2023-12-18 17:56:54 username kernel: [    0.301052] pci 0000:00:03.0: PME# supported from D0 D1 D2 D3hot D3cold
2023-12-18 17:56:54 username kernel: [    0.301102] pci 0000:00:04.0: [17cd:dc08] type 01 class 0x060400
2023-12-18 17:56:54 username kernel: [    0.301112] pci 0000:00:04.0: reg 0x10: [mem 0x1010400000-0x10104fffff 64bit pref]
2023-12-18 17:56:54 username kernel: [    0.301137] pci 0000:00:04.0: supports D1 D2
2023-12-18 17:56:54 username kernel: [    0.301138] pci 0000:00:04.0: PME# supported from D0 D1 D2 D3hot D3cold
2023-12-18 17:56:54 username kernel: [    0.301187] pci 0000:00:05.0: [17cd:dc01] type 01 class 0x060400
2023-12-18 17:56:54 username kernel: [    0.301196] pci 0000:00:05.0: reg 0x10: [mem 0x1010500000-0x10105fffff 64bit pref]
2023-12-18 17:56:54 username kernel: [    0.301221] pci 0000:00:05.0: supports D1 D2
2023-12-18 17:56:54 username kernel: [    0.301223] pci 0000:00:05.0: PME# supported from D0 D1 D2 D3hot D3cold
2023-12-18 17:56:54 username kernel: [    0.301305] pci 0000:01:00.0: [1002:6611] type 00 class 0x030000
2023-12-18 17:56:54 username kernel: [    0.301320] pci 0000:01:00.0: reg 0x10: [mem 0x1000000000-0x100fffffff 64bit pref]
2023-12-18 17:56:54 username kernel: [    0.301327] pci 0000:01:00.0: reg 0x18: [mem 0x58400000-0x5843ffff 64bit]
2023-12-18 17:56:54 username kernel: [    0.301332] pci 0000:01:00.0: reg 0x20: [io  0x2000-0x20ff]
2023-12-18 17:56:54 username kernel: [    0.301341] pci 0000:01:00.0: reg 0x30: [mem 0x58500000-0x5851ffff pref]
2023-12-18 17:56:54 username kernel: [    0.301346] pci 0000:01:00.0: enabling Extended Tags
2023-12-18 17:56:54 username kernel: [    0.301356] pci 0000:01:00.0: BAR 0: assigned to efifb
2023-12-18 17:56:54 username kernel: [    0.301381] pci 0000:01:00.0: supports D1 D2
2023-12-18 17:56:54 username kernel: [    0.301383] pci 0000:01:00.0: PME# supported from D1 D2 D3hot
2023-12-18 17:56:54 username kernel: [    0.301439] pci 0000:01:00.1: [1002:aab0] type 00 class 0x040300
2023-12-18 17:56:54 username kernel: [    0.301453] pci 0000:01:00.1: reg 0x10: [mem 0x58440000-0x58443fff 64bit]
2023-12-18 17:56:54 username kernel: [    0.301473] pci 0000:01:00.1: enabling Extended Tags
2023-12-18 17:56:54 username kernel: [    0.301503] pci 0000:01:00.1: supports D1 D2
2023-12-18 17:56:54 username kernel: [    0.301625] pci 0000:04:00.0: [1e49:1011] type 00 class 0x010802
2023-12-18 17:56:54 username kernel: [    0.301649] pci 0000:04:00.0: reg 0x10: [mem 0x58300000-0x58303fff 64bit]
2023-12-18 17:56:54 username kernel: [    0.301833] pci 0000:05:00.0: [1912:0014] type 00 class 0x0c0330
2023-12-18 17:56:54 username kernel: [    0.301856] pci 0000:05:00.0: reg 0x10: [mem 0x58200000-0x58201fff 64bit]
2023-12-18 17:56:54 username kernel: [    0.301938] pci 0000:05:00.0: PME# supported from D0 D3hot D3cold
2023-12-18 17:56:54 username kernel: [    0.302034] pci 0000:06:00.0: [1b21:1184] type 01 class 0x060400
2023-12-18 17:56:54 username kernel: [    0.302079] pci 0000:06:00.0: enabling Extended Tags
2023-12-18 17:56:54 username kernel: [    0.302125] pci 0000:06:00.0: PME# supported from D0 D3hot D3cold
2023-12-18 17:56:54 username kernel: [    0.302232] pci 0000:07:01.0: [1b21:1184] type 01 class 0x060400
2023-12-18 17:56:54 username kernel: [    0.302276] pci 0000:07:01.0: enabling Extended Tags
2023-12-18 17:56:54 username kernel: [    0.302320] pci 0000:07:01.0: PME# supported from D0 D3hot D3cold
2023-12-18 17:56:54 username kernel: [    0.302385] pci 0000:07:03.0: [1b21:1184] type 01 class 0x060400
2023-12-18 17:56:54 username kernel: [    0.302429] pci 0000:07:03.0: enabling Extended Tags
2023-12-18 17:56:54 username kernel: [    0.302473] pci 0000:07:03.0: PME# supported from D0 D3hot D3cold
2023-12-18 17:56:54 username kernel: [    0.302542] pci 0000:07:05.0: [1b21:1184] type 01 class 0x060400
2023-12-18 17:56:54 username kernel: [    0.302586] pci 0000:07:05.0: enabling Extended Tags
2023-12-18 17:56:54 username kernel: [    0.302630] pci 0000:07:05.0: PME# supported from D0 D3hot D3cold
2023-12-18 17:56:54 username kernel: [    0.302694] pci 0000:07:07.0: [1b21:1184] type 01 class 0x060400
2023-12-18 17:56:54 username kernel: [    0.302738] pci 0000:07:07.0: enabling Extended Tags
2023-12-18 17:56:54 username kernel: [    0.302782] pci 0000:07:07.0: PME# supported from D0 D3hot D3cold
2023-12-18 17:56:54 username kernel: [    0.302907] pci 0000:08:00.0: [1b21:0612] type 00 class 0x010601
2023-12-18 17:56:54 username kernel: [    0.302934] pci 0000:08:00.0: reg 0x10: [io  0x1028-0x102f]
2023-12-18 17:56:54 username kernel: [    0.302946] pci 0000:08:00.0: reg 0x14: [io  0x1034-0x1037]
2023-12-18 17:56:54 username kernel: [    0.302958] pci 0000:08:00.0: reg 0x18: [io  0x1020-0x1027]
2023-12-18 17:56:54 username kernel: [    0.302970] pci 0000:08:00.0: reg 0x1c: [io  0x1030-0x1033]
2023-12-18 17:56:54 username kernel: [    0.302981] pci 0000:08:00.0: reg 0x20: [io  0x1000-0x101f]
2023-12-18 17:56:54 username kernel: [    0.302993] pci 0000:08:00.0: reg 0x24: [mem 0x58100000-0x581001ff]
2023-12-18 17:56:54 username kernel: [    0.303004] pci 0000:08:00.0: reg 0x30: [mem 0x58500000-0x5850ffff pref]
2023-12-18 17:56:54 username kernel: [    0.303188] pci 0000:09:00.0: [1912:0014] type 00 class 0x0c0330
2023-12-18 17:56:54 username kernel: [    0.303221] pci 0000:09:00.0: reg 0x10: [mem 0x58000000-0x58001fff 64bit]
2023-12-18 17:56:54 username kernel: [    0.303341] pci 0000:09:00.0: PME# supported from D0 D3hot D3cold
2023-12-18 17:56:54 username kernel: [    0.303515] pci 0000:0b:00.0: [1fd4:1999] type 00 class 0x070103
2023-12-18 17:56:54 username kernel: [    0.303568] pci 0000:0b:00.0: reg 0x14: [io  0x0028-0x002f]
2023-12-18 17:56:54 username kernel: [    0.303584] pci 0000:0b:00.0: reg 0x18: [io  0x0020-0x0027]
2023-12-18 17:56:54 username kernel: [    0.303601] pci 0000:0b:00.0: reg 0x1c: [io  0x0000-0x001f]
2023-12-18 17:56:54 username kernel: [    0.303735] pci 0000:0b:00.0: PME# supported from D0 D3hot D3cold
2023-12-18 17:56:54 username kernel: [    0.303848] pci_bus 0000:00: on NUMA node 0
2023-12-18 17:56:54 username kernel: [    0.303866] pci 0000:00:00.0: BAR 15: assigned [mem 0x1000000000-0x100fffffff 64bit pref]
2023-12-18 17:56:54 username kernel: [    0.303868] pci 0000:00:00.0: BAR 0: assigned [mem 0x1010000000-0x10100fffff 64bit pref]
2023-12-18 17:56:54 username kernel: [    0.303872] pci 0000:00:00.0: BAR 14: assigned [mem 0x58000000-0x580fffff]
2023-12-18 17:56:54 username kernel: [    0.303874] pci 0000:00:01.0: BAR 0: assigned [mem 0x1010100000-0x10101fffff 64bit pref]
2023-12-18 17:56:54 username kernel: [    0.303878] pci 0000:00:02.0: BAR 0: assigned [mem 0x1010200000-0x10102fffff 64bit pref]
2023-12-18 17:56:54 username kernel: [    0.303882] pci 0000:00:03.0: BAR 0: assigned [mem 0x1010300000-0x10103fffff 64bit pref]
2023-12-18 17:56:54 username kernel: [    0.303886] pci 0000:00:03.0: BAR 14: assigned [mem 0x58100000-0x581fffff]
2023-12-18 17:56:54 username kernel: [    0.303888] pci 0000:00:04.0: BAR 0: assigned [mem 0x1010400000-0x10104fffff 64bit pref]
2023-12-18 17:56:54 username kernel: [    0.303891] pci 0000:00:04.0: BAR 14: assigned [mem 0x58200000-0x582fffff]
2023-12-18 17:56:54 username kernel: [    0.303894] pci 0000:00:05.0: BAR 0: assigned [mem 0x1010500000-0x10105fffff 64bit pref]
2023-12-18 17:56:54 username kernel: [    0.303897] pci 0000:00:05.0: BAR 14: assigned [mem 0x58300000-0x584fffff]
2023-12-18 17:56:54 username kernel: [    0.303899] pci 0000:00:00.0: BAR 13: assigned [io  0x1000-0x1fff]
2023-12-18 17:56:54 username kernel: [    0.303901] pci 0000:00:05.0: BAR 13: assigned [io  0x2000-0x3fff]
2023-12-18 17:56:54 username kernel: [    0.303905] pci 0000:01:00.0: BAR 0: assigned [mem 0x1000000000-0x100fffffff 64bit pref]
2023-12-18 17:56:54 username kernel: [    0.303910] pci 0000:01:00.0: BAR 2: assigned [mem 0x58000000-0x5803ffff 64bit]
2023-12-18 17:56:54 username kernel: [    0.303915] pci 0000:01:00.0: BAR 6: assigned [mem 0x58040000-0x5805ffff pref]
2023-12-18 17:56:54 username kernel: [    0.303918] pci 0000:01:00.1: BAR 0: assigned [mem 0x58060000-0x58063fff 64bit]
2023-12-18 17:56:54 username kernel: [    0.303923] pci 0000:01:00.0: BAR 4: assigned [io  0x1000-0x10ff]
2023-12-18 17:56:54 username kernel: [    0.303927] pci 0000:00:00.0: PCI bridge to [bus 01]
2023-12-18 17:56:54 username kernel: [    0.303929] pci 0000:00:00.0:   bridge window [io  0x1000-0x1fff]
2023-12-18 17:56:54 username kernel: [    0.303931] pci 0000:00:00.0:   bridge window [mem 0x58000000-0x580fffff]
2023-12-18 17:56:54 username kernel: [    0.303933] pci 0000:00:00.0:   bridge window [mem 0x1000000000-0x100fffffff 64bit pref]
2023-12-18 17:56:54 username kernel: [    0.303936] pci 0000:00:01.0: PCI bridge to [bus 02]
2023-12-18 17:56:54 username kernel: [    0.303940] pci 0000:00:02.0: PCI bridge to [bus 03]
2023-12-18 17:56:54 username kernel: [    0.303944] pci 0000:04:00.0: BAR 0: assigned [mem 0x58100000-0x58103fff 64bit]
2023-12-18 17:56:54 username kernel: [    0.303952] pci 0000:00:03.0: PCI bridge to [bus 04]
2023-12-18 17:56:54 username kernel: [    0.303955] pci 0000:00:03.0:   bridge window [mem 0x58100000-0x581fffff]
2023-12-18 17:56:54 username kernel: [    0.303959] pci 0000:05:00.0: BAR 0: assigned [mem 0x58200000-0x58201fff 64bit]
2023-12-18 17:56:54 username kernel: [    0.303968] pci 0000:00:04.0: PCI bridge to [bus 05]
2023-12-18 17:56:54 username kernel: [    0.303970] pci 0000:00:04.0:   bridge window [mem 0x58200000-0x582fffff]
2023-12-18 17:56:54 username kernel: [    0.303974] pci 0000:06:00.0: BAR 14: assigned [mem 0x58300000-0x584fffff]
2023-12-18 17:56:54 username kernel: [    0.303976] pci 0000:06:00.0: BAR 13: assigned [io  0x2000-0x3fff]
2023-12-18 17:56:54 username kernel: [    0.303979] pci 0000:07:01.0: BAR 14: assigned [mem 0x58300000-0x583fffff]
2023-12-18 17:56:54 username kernel: [    0.303981] pci 0000:07:03.0: BAR 14: assigned [mem 0x58400000-0x584fffff]
2023-12-18 17:56:54 username kernel: [    0.303982] pci 0000:07:01.0: BAR 13: assigned [io  0x2000-0x2fff]
2023-12-18 17:56:54 username kernel: [    0.303984] pci 0000:07:07.0: BAR 13: assigned [io  0x3000-0x3fff]
2023-12-18 17:56:54 username kernel: [    0.303987] pci 0000:08:00.0: BAR 6: assigned [mem 0x58300000-0x5830ffff pref]
2023-12-18 17:56:54 username kernel: [    0.303991] pci 0000:08:00.0: BAR 5: assigned [mem 0x58310000-0x583101ff]
2023-12-18 17:56:54 username kernel: [    0.303996] pci 0000:08:00.0: BAR 4: assigned [io  0x2000-0x201f]
2023-12-18 17:56:54 username kernel: [    0.304000] pci 0000:08:00.0: BAR 0: assigned [io  0x2020-0x2027]
2023-12-18 17:56:54 username kernel: [    0.304005] pci 0000:08:00.0: BAR 2: assigned [io  0x2028-0x202f]
2023-12-18 17:56:54 username kernel: [    0.304009] pci 0000:08:00.0: BAR 1: assigned [io  0x2030-0x2033]
2023-12-18 17:56:54 username kernel: [    0.304014] pci 0000:08:00.0: BAR 3: assigned [io  0x2034-0x2037]
2023-12-18 17:56:54 username kernel: [    0.304018] pci 0000:07:01.0: PCI bridge to [bus 08]
2023-12-18 17:56:54 username kernel: [    0.304021] pci 0000:07:01.0:   bridge window [io  0x2000-0x2fff]
2023-12-18 17:56:54 username kernel: [    0.304025] pci 0000:07:01.0:   bridge window [mem 0x58300000-0x583fffff]
2023-12-18 17:56:54 username kernel: [    0.304032] pci 0000:09:00.0: BAR 0: assigned [mem 0x58400000-0x58401fff 64bit]
2023-12-18 17:56:54 username kernel: [    0.304044] pci 0000:07:03.0: PCI bridge to [bus 09]
2023-12-18 17:56:54 username kernel: [    0.304048] pci 0000:07:03.0:   bridge window [mem 0x58400000-0x584fffff]
2023-12-18 17:56:54 username kernel: [    0.304055] pci 0000:07:05.0: PCI bridge to [bus 0a]
2023-12-18 17:56:54 username kernel: [    0.304065] pci 0000:0b:00.0: BAR 3: assigned [io  0x3000-0x301f]
2023-12-18 17:56:54 username kernel: [    0.304071] pci 0000:0b:00.0: BAR 1: assigned [io  0x3020-0x3027]
2023-12-18 17:56:54 username kernel: [    0.304077] pci 0000:0b:00.0: BAR 2: assigned [io  0x3028-0x302f]
2023-12-18 17:56:54 username kernel: [    0.304082] pci 0000:07:07.0: PCI bridge to [bus 0b]
2023-12-18 17:56:54 username kernel: [    0.304085] pci 0000:07:07.0:   bridge window [io  0x3000-0x3fff]
2023-12-18 17:56:54 username kernel: [    0.304094] pci 0000:06:00.0: PCI bridge to [bus 07-0b]
2023-12-18 17:56:54 username kernel: [    0.304096] pci 0000:06:00.0:   bridge window [io  0x2000-0x3fff]
2023-12-18 17:56:54 username kernel: [    0.304100] pci 0000:06:00.0:   bridge window [mem 0x58300000-0x584fffff]
2023-12-18 17:56:54 username kernel: [    0.304106] pci 0000:00:05.0: PCI bridge to [bus 06-0b]
2023-12-18 17:56:54 username kernel: [    0.304108] pci 0000:00:05.0:   bridge window [io  0x2000-0x3fff]
2023-12-18 17:56:54 username kernel: [    0.304110] pci 0000:00:05.0:   bridge window [mem 0x58300000-0x584fffff]
2023-12-18 17:56:54 username kernel: [    0.304114] pci_bus 0000:00: resource 4 [mem 0x58000000-0x7fffffff window]
2023-12-18 17:56:54 username kernel: [    0.304116] pci_bus 0000:00: resource 5 [mem 0x1000000000-0x1fffffffff window]
2023-12-18 17:56:54 username kernel: [    0.304117] pci_bus 0000:00: resource 6 [io  0x0000-0xefffff window]
2023-12-18 17:56:54 username kernel: [    0.304119] pci_bus 0000:01: resource 0 [io  0x1000-0x1fff]
2023-12-18 17:56:54 username kernel: [    0.304120] pci_bus 0000:01: resource 1 [mem 0x58000000-0x580fffff]
2023-12-18 17:56:54 username kernel: [    0.304122] pci_bus 0000:01: resource 2 [mem 0x1000000000-0x100fffffff 64bit pref]
2023-12-18 17:56:54 username kernel: [    0.304124] pci_bus 0000:04: resource 1 [mem 0x58100000-0x581fffff]
2023-12-18 17:56:54 username kernel: [    0.304125] pci_bus 0000:05: resource 1 [mem 0x58200000-0x582fffff]
2023-12-18 17:56:54 username kernel: [    0.304127] pci_bus 0000:06: resource 0 [io  0x2000-0x3fff]
2023-12-18 17:56:54 username kernel: [    0.304129] pci_bus 0000:06: resource 1 [mem 0x58300000-0x584fffff]
2023-12-18 17:56:54 username kernel: [    0.304130] pci_bus 0000:07: resource 0 [io  0x2000-0x3fff]
2023-12-18 17:56:54 username kernel: [    0.304132] pci_bus 0000:07: resource 1 [mem 0x58300000-0x584fffff]
2023-12-18 17:56:54 username kernel: [    0.304133] pci_bus 0000:08: resource 0 [io  0x2000-0x2fff]
2023-12-18 17:56:54 username kernel: [    0.304134] pci_bus 0000:08: resource 1 [mem 0x58300000-0x583fffff]
2023-12-18 17:56:54 username kernel: [    0.304136] pci_bus 0000:09: resource 1 [mem 0x58400000-0x584fffff]
2023-12-18 17:56:54 username kernel: [    0.304138] pci_bus 0000:0b: resource 0 [io  0x3000-0x3fff]
2023-12-18 17:56:54 username kernel: [    0.304239] Registered efivars operations
2023-12-18 17:56:54 username kernel: [    0.304342] pci 0000:01:00.0: vgaarb: VGA device added: decodes=io+mem,owns=none,locks=none
2023-12-18 17:56:54 username kernel: [    0.304347] pci 0000:01:00.0: vgaarb: bridge control possible
2023-12-18 17:56:54 username kernel: [    0.304349] pci 0000:01:00.0: vgaarb: setting as boot device (VGA legacy resources not available)
2023-12-18 17:56:54 username kernel: [    0.304350] vgaarb: loaded
2023-12-18 17:56:54 username kernel: [    0.304543] SCSI subsystem initialized
2023-12-18 17:56:54 username kernel: [    0.304595] libata version 3.00 loaded.
2023-12-18 17:56:54 username kernel: [    0.304631] ACPI: bus type USB registered
2023-12-18 17:56:54 username kernel: [    0.304653] usbcore: registered new interface driver usbfs
2023-12-18 17:56:54 username kernel: [    0.304664] usbcore: registered new interface driver hub
2023-12-18 17:56:54 username kernel: [    0.304688] usbcore: registered new device driver usb
2023-12-18 17:56:54 username kernel: [    0.306111] pps_core: LinuxPPS API ver. 1 registered
2023-12-18 17:56:54 username kernel: [    0.306112] pps_core: Software ver. 5.3.6 - Copyright 2005-2007 Rodolfo Giometti <giometti@linux.it>
2023-12-18 17:56:54 username kernel: [    0.306116] PTP clock support registered
2023-12-18 17:56:54 username kernel: [    0.306123] EDAC MC: Ver: 3.0.0
2023-12-18 17:56:54 username kernel: [    0.306368] [I/DSM] dsm_init called, ret 0
2023-12-18 17:56:54 username kernel: [    0.306382] Advanced Linux Sound Architecture Driver Initialized.
2023-12-18 17:56:54 username kernel: [    0.306638] clocksource: Switched to clocksource arch_sys_counter
2023-12-18 17:56:54 username kernel: [    0.317623] VFS: Disk quotas dquot_6.6.0
2023-12-18 17:56:54 username kernel: [    0.317644] VFS: Dquot-cache hash table entries: 512 (order 0, 4096 bytes)
2023-12-18 17:56:54 username kernel: [    0.317702] FS-Cache: Loaded
2023-12-18 17:56:54 username kernel: [    0.317856] AppArmor: AppArmor Filesystem Enabled
2023-12-18 17:56:54 username kernel: [    0.317881] pnp: PnP ACPI init
2023-12-18 17:56:54 username kernel: [    0.318186] system 00:00: [mem 0x40000000-0x4fffffff] could not be reserved
2023-12-18 17:56:54 username kernel: [    0.318192] system 00:00: Plug and Play ACPI device, IDs PNP0c02 (active)
2023-12-18 17:56:54 username kernel: [    0.318201] pnp: PnP ACPI: found 1 devices
2023-12-18 17:56:54 username kernel: [    0.319851] NET: Registered protocol family 2
2023-12-18 17:56:54 username kernel: [    0.320094] IP idents hash table entries: 131072 (order: 8, 1048576 bytes)
2023-12-18 17:56:54 username kernel: [    0.321142] tcp_listen_portaddr_hash hash table entries: 4096 (order: 4, 65536 bytes)
2023-12-18 17:56:54 username kernel: [    0.321157] TCP established hash table entries: 65536 (order: 7, 524288 bytes)
2023-12-18 17:56:54 username kernel: [    0.321250] TCP bind hash table entries: 65536 (order: 8, 1048576 bytes)
2023-12-18 17:56:54 username kernel: [    0.321541] TCP: Hash tables configured (established 65536 bind 65536)
2023-12-18 17:56:54 username kernel: [    0.321606] UDP hash table entries: 4096 (order: 5, 131072 bytes)
2023-12-18 17:56:54 username kernel: [    0.321628] UDP-Lite hash table entries: 4096 (order: 5, 131072 bytes)
2023-12-18 17:56:54 username kernel: [    0.321739] NET: Registered protocol family 1
2023-12-18 17:56:54 username kernel: [    0.321746] NET: Registered protocol family 44
2023-12-18 17:56:54 username kernel: [    0.321773] pci 0000:01:00.1: Linked as a consumer to 0000:01:00.0
2023-12-18 17:56:54 username kernel: [    0.321790] pci 0000:05:00.0: enabling device (0000 -> 0002)
2023-12-18 17:56:54 username kernel: [    0.321869] pci 0000:09:00.0: enabling device (0000 -> 0002)
2023-12-18 17:56:54 username kernel: [    0.321898] PCI: CLS 0 bytes, default 64
2023-12-18 17:56:54 username kernel: [    0.321968] Trying to unpack rootfs image as initramfs...
2023-12-18 17:56:54 username kernel: [    0.618590] Freeing initrd memory: 71112K
2023-12-18 17:56:54 username kernel: [    0.618965] hw perfevents: enabled with armv8_pmuv3_0 PMU driver, 7 counters available
2023-12-18 17:56:54 username kernel: [    0.618979] kvm [1]: 8-bit VMID
2023-12-18 17:56:54 username kernel: [    0.619303] kvm [1]: vgic-v2@29c20000
2023-12-18 17:56:54 username kernel: [    0.619317] kvm [1]: GIC system register CPU interface enabled
2023-12-18 17:56:54 username kernel: [    0.619382] kvm [1]: vgic interrupt IRQ1
2023-12-18 17:56:54 username kernel: [    0.619449] kvm [1]: Hyp mode initialized successfully
2023-12-18 17:56:54 username kernel: [    0.620008] Initialise system trusted keyrings
2023-12-18 17:56:54 username kernel: [    0.620077] workingset: timestamp_bits=46 max_order=21 bucket_order=0
2023-12-18 17:56:54 username kernel: [    0.621299] zbud: loaded
2023-12-18 17:56:54 username kernel: [    0.621814] squashfs: version 4.0 (2009/01/31) Phillip Lougher
2023-12-18 17:56:54 username kernel: [    0.621966] [uos elfverify guard] init elfverify dev!
2023-12-18 17:56:54 username kernel: [    0.621991] [uos_module_protect] start to init uos module protect
2023-12-18 17:56:54 username kernel: [    0.951736] alg: No test for 842 (842-generic)
2023-12-18 17:56:54 username kernel: [    0.951761] alg: No test for 842 (842-scomp)
2023-12-18 17:56:54 username kernel: [    0.964741] Key type asymmetric registered
2023-12-18 17:56:54 username kernel: [    0.964744] Asymmetric key parser 'x509' registered
2023-12-18 17:56:54 username kernel: [    0.964768] Block layer SCSI generic (bsg) driver version 0.4 loaded (major 245)
2023-12-18 17:56:54 username kernel: [    0.964816] io scheduler noop registered
2023-12-18 17:56:54 username kernel: [    0.964818] io scheduler deadline registered
2023-12-18 17:56:54 username kernel: [    0.964863] io scheduler cfq registered (default)
2023-12-18 17:56:54 username kernel: [    0.964865] io scheduler mq-deadline registered
2023-12-18 17:56:54 username kernel: [    0.964866] io scheduler kyber registered
2023-12-18 17:56:54 username kernel: [    0.964899] io scheduler bfq registered
2023-12-18 17:56:54 username kernel: [    0.965156] phytium-ixic PHYT0013:00: 4 interrupts forwarded
2023-12-18 17:56:54 username kernel: [    0.965233] gpio-phytium-platform PHYT0001:00: no irq is found.
2023-12-18 17:56:54 username kernel: [    0.965329] gpio-phytium-platform PHYT0001:00: Phytium GPIO controller @0x0000000028004000 registered
2023-12-18 17:56:54 username kernel: [    0.965345] gpio-phytium-platform PHYT0001:01: no irq is found.
2023-12-18 17:56:54 username kernel: [    0.965395] gpio-phytium-platform PHYT0001:01: Phytium GPIO controller @0x0000000028005000 registered
2023-12-18 17:56:54 username kernel: [    0.965466] lpc_int_disable... 
2023-12-18 17:56:54 username kernel: [    0.965491]  phytium ec: in probe!
2023-12-18 17:56:54 username kernel: [    0.965537] input: phytium Laptop Hotkeys as /devices/virtual/input/input0
2023-12-18 17:56:54 username kernel: [    0.965567] input: EC_Gsensor as /devices/virtual/input/input1
2023-12-18 17:56:54 username kernel: [    0.965572] phytium Laptop ft_power_battery_info_init start ... 
2023-12-18 17:56:54 username kernel: [    0.973737] phytium Laptop ft_power_battery_info_init end ... 
2023-12-18 17:56:54 username kernel: [    0.974077] phytium Platform Driver: The battery does not exist!!
2023-12-18 17:56:54 username kernel: [    0.974599] phytium: ec event driver init done...
2023-12-18 17:56:54 username kernel: [    0.974816] PCI Interrupt Link [LNKA] enabled at IRQ 60
2023-12-18 17:56:54 username kernel: [    0.975378] PCI Interrupt Link [LNKB] enabled at IRQ 61
2023-12-18 17:56:54 username kernel: [    0.975503] PCI Interrupt Link [LNKD] enabled at IRQ 63
2023-12-18 17:56:54 username kernel: [    0.975784] shpchp: Standard Hot Plug PCI Controller Driver version: 0.4
2023-12-18 17:56:54 username kernel: [    0.975961] efifb: probing for efifb
2023-12-18 17:56:54 username kernel: [    0.975991] efifb: framebuffer at 0x1000000000, using 3072k, total 3072k
2023-12-18 17:56:54 username kernel: [    0.975992] efifb: mode is 1024x768x32, linelength=4096, pages=1
2023-12-18 17:56:54 username kernel: [    0.975993] efifb: scrolling: redraw
2023-12-18 17:56:54 username kernel: [    0.975995] efifb: Truecolor: size=8:8:8:8, shift=24:16:8:0
2023-12-18 17:56:54 username kernel: [    0.980072] Console: switching to colour frame buffer device 128x48
2023-12-18 17:56:54 username kernel: [    0.984019] fb0: EFI VGA frame buffer device
2023-12-18 17:56:54 username kernel: [    0.984280] ACPI GTDT: found 2 SBSA generic Watchdog(s).
2023-12-18 17:56:54 username kernel: [    0.984307] phytium-mbox PHYT0009:00: Phytium SoC Mailbox registered
2023-12-18 17:56:54 username kernel: [    0.985364] scpi_protocol PHYT0008:00: SCP Protocol 18.18 Firmware 0.0.1289 version
2023-12-18 17:56:54 username kernel: [    0.985390] EFI Variables Facility v0.08 2004-May-17
2023-12-18 17:56:54 username kernel: [    0.993948] Serial: 8250/16550 driver, 32 ports, IRQ sharing enabled
2023-12-18 17:56:54 username kernel: [    0.995132] Serial: AMBA driver
2023-12-18 17:56:54 username kernel: [    0.996995] brd: module loaded
2023-12-18 17:56:54 username kernel: [    0.998289] loop: module loaded
2023-12-18 17:56:54 username kernel: [    0.998449] SCSI Media Changer driver v0.25 
2023-12-18 17:56:54 username kernel: [    0.998794] nvme nvme0: pci function 0000:04:00.0
2023-12-18 17:56:54 username kernel: [    0.998893] ahci 0000:08:00.0: version 3.0
2023-12-18 17:56:54 username kernel: [    0.999048] ahci 0000:08:00.0: AHCI 0001.0200 32 slots 2 ports 6 Gbps 0x3 impl SATA mode
2023-12-18 17:56:54 username kernel: [    0.999051] ahci 0000:08:00.0: flags: 64bit ncq sntf stag led clo pmp pio slum part ccc sxs 
2023-12-18 17:56:54 username kernel: [    0.999305] scsi host0: ahci
2023-12-18 17:56:54 username kernel: [    0.999415] scsi host1: ahci
2023-12-18 17:56:54 username kernel: [    0.999455] ata1: SATA max UDMA/133 abar m512@0x58310000 port 0x58310100 irq 33
2023-12-18 17:56:54 username kernel: [    0.999458] ata2: SATA max UDMA/133 abar m512@0x58310000 port 0x58310180 irq 33
2023-12-18 17:56:54 username kernel: [    0.999639] libphy: Fixed MDIO Bus: probed
2023-12-18 17:56:54 username kernel: [    0.999739] Unicast table entries set to unexpected value 65
2023-12-18 17:56:54 username kernel: [    0.999754] stmmaceth PHYT0004:00: no reset control found
2023-12-18 17:56:54 username kernel: [    0.999789] stmmaceth PHYT0004:00: User ID: 0x10, Synopsys ID: 0x36
2023-12-18 17:56:54 username kernel: [    0.999792] stmmaceth PHYT0004:00: 	DWMAC1000
2023-12-18 17:56:54 username kernel: [    0.999794] stmmaceth PHYT0004:00: DMA HW capability register supported
2023-12-18 17:56:54 username kernel: [    0.999796] stmmaceth PHYT0004:00: RX Checksum Offload Engine supported
2023-12-18 17:56:54 username kernel: [    0.999797] stmmaceth PHYT0004:00: COE Type 2
2023-12-18 17:56:54 username kernel: [    0.999799] stmmaceth PHYT0004:00: TX Checksum insertion supported
2023-12-18 17:56:54 username kernel: [    0.999800] stmmaceth PHYT0004:00: Normal descriptors
2023-12-18 17:56:54 username kernel: [    0.999802] stmmaceth PHYT0004:00: Ring mode enabled
2023-12-18 17:56:54 username kernel: [    0.999804] stmmaceth PHYT0004:00: Enable RX Mitigation via HW Watchdog Timer
2023-12-18 17:56:54 username kernel: [    1.011871] libphy: stmmac: probed
2023-12-18 17:56:54 username kernel: [    1.011874] YT8521 Ethernet stmmac-0:00: attached PHY driver [YT8521 Ethernet] (mii_bus:phy_addr=stmmac-0:00, irq=POLL)
2023-12-18 17:56:54 username kernel: [    1.011875] YT8521 Ethernet stmmac-0:01: attached PHY driver [YT8521 Ethernet] (mii_bus:phy_addr=stmmac-0:01, irq=POLL)
2023-12-18 17:56:54 username kernel: [    1.012045] ehci_hcd: USB 2.0 'Enhanced' Host Controller (EHCI) Driver
2023-12-18 17:56:54 username kernel: [    1.012050] ehci-pci: EHCI PCI platform driver
2023-12-18 17:56:54 username kernel: [    1.012157] xhci_hcd 0000:05:00.0: xHCI Host Controller
2023-12-18 17:56:54 username kernel: [    1.012165] xhci_hcd 0000:05:00.0: new USB bus registered, assigned bus number 1
2023-12-18 17:56:54 username kernel: [    1.017505] xhci_hcd 0000:05:00.0: hcc params 0x014051cf hci version 0x100 quirks 0x0000000100000410
2023-12-18 17:56:54 username kernel: [    1.017649] xhci_setup_msix irq 34
2023-12-18 17:56:54 username kernel: [    1.017659] xhci_setup_msix irq 35
2023-12-18 17:56:54 username kernel: [    1.017668] xhci_setup_msix irq 36
2023-12-18 17:56:54 username kernel: [    1.017677] xhci_setup_msix irq 37
2023-12-18 17:56:54 username kernel: [    1.017686] xhci_setup_msix irq 38
2023-12-18 17:56:54 username kernel: [    1.017695] xhci_setup_msix irq 39
2023-12-18 17:56:54 username kernel: [    1.017703] xhci_setup_msix irq 40
2023-12-18 17:56:54 username kernel: [    1.017713] xhci_setup_msix irq 41
2023-12-18 17:56:54 username kernel: [    1.017870] usb usb1: New USB device found, idVendor=1d6b, idProduct=0002, bcdDevice= 4.19
2023-12-18 17:56:54 username kernel: [    1.017873] usb usb1: New USB device strings: Mfr=3, Product=2, SerialNumber=1
2023-12-18 17:56:54 username kernel: [    1.017874] usb usb1: Product: xHCI Host Controller
2023-12-18 17:56:54 username kernel: [    1.017876] usb usb1: Manufacturer: Linux 4.19.0-arm64-desktop xhci-hcd
2023-12-18 17:56:54 username kernel: [    1.017878] usb usb1: SerialNumber: 0000:05:00.0
2023-12-18 17:56:54 username kernel: [    1.018005] hub 1-0:1.0: USB hub found
2023-12-18 17:56:54 username kernel: [    1.018017] hub 1-0:1.0: 4 ports detected
2023-12-18 17:56:54 username kernel: [    1.018174] xhci_hcd 0000:05:00.0: xHCI Host Controller
2023-12-18 17:56:54 username kernel: [    1.018177] xhci_hcd 0000:05:00.0: new USB bus registered, assigned bus number 2
2023-12-18 17:56:54 username kernel: [    1.018181] xhci_hcd 0000:05:00.0: Host supports USB 3.0 SuperSpeed
2023-12-18 17:56:54 username kernel: [    1.021131] usb usb2: We don't know the algorithms for LPM for this host, disabling LPM.
2023-12-18 17:56:54 username kernel: [    1.021155] usb usb2: New USB device found, idVendor=1d6b, idProduct=0003, bcdDevice= 4.19
2023-12-18 17:56:54 username kernel: [    1.021157] usb usb2: New USB device strings: Mfr=3, Product=2, SerialNumber=1
2023-12-18 17:56:54 username kernel: [    1.021159] usb usb2: Product: xHCI Host Controller
2023-12-18 17:56:54 username kernel: [    1.021161] usb usb2: Manufacturer: Linux 4.19.0-arm64-desktop xhci-hcd
2023-12-18 17:56:54 username kernel: [    1.021162] usb usb2: SerialNumber: 0000:05:00.0
2023-12-18 17:56:54 username kernel: [    1.021261] hub 2-0:1.0: USB hub found
2023-12-18 17:56:54 username kernel: [    1.021273] hub 2-0:1.0: 4 ports detected
2023-12-18 17:56:54 username kernel: [    1.021495] xhci_hcd 0000:09:00.0: xHCI Host Controller
2023-12-18 17:56:54 username kernel: [    1.021501] xhci_hcd 0000:09:00.0: new USB bus registered, assigned bus number 3
2023-12-18 17:56:54 username kernel: [    1.026874] xhci_hcd 0000:09:00.0: hcc params 0x014051cf hci version 0x100 quirks 0x0000000100000410
2023-12-18 17:56:54 username kernel: [    1.027023] xhci_setup_msix irq 42
2023-12-18 17:56:54 username kernel: [    1.027033] xhci_setup_msix irq 43
2023-12-18 17:56:54 username kernel: [    1.027043] xhci_setup_msix irq 44
2023-12-18 17:56:54 username kernel: [    1.027053] xhci_setup_msix irq 45
2023-12-18 17:56:54 username kernel: [    1.027063] xhci_setup_msix irq 46
2023-12-18 17:56:54 username kernel: [    1.027072] xhci_setup_msix irq 47
2023-12-18 17:56:54 username kernel: [    1.027081] xhci_setup_msix irq 48
2023-12-18 17:56:54 username kernel: [    1.027091] xhci_setup_msix irq 49
2023-12-18 17:56:54 username kernel: [    1.027254] usb usb3: New USB device found, idVendor=1d6b, idProduct=0002, bcdDevice= 4.19
2023-12-18 17:56:54 username kernel: [    1.027257] usb usb3: New USB device strings: Mfr=3, Product=2, SerialNumber=1
2023-12-18 17:56:54 username kernel: [    1.027258] usb usb3: Product: xHCI Host Controller
2023-12-18 17:56:54 username kernel: [    1.027260] usb usb3: Manufacturer: Linux 4.19.0-arm64-desktop xhci-hcd
2023-12-18 17:56:54 username kernel: [    1.027262] usb usb3: SerialNumber: 0000:09:00.0
2023-12-18 17:56:54 username kernel: [    1.027360] hub 3-0:1.0: USB hub found
2023-12-18 17:56:54 username kernel: [    1.027373] hub 3-0:1.0: 4 ports detected
2023-12-18 17:56:54 username kernel: [    1.027534] xhci_hcd 0000:09:00.0: xHCI Host Controller
2023-12-18 17:56:54 username kernel: [    1.027538] xhci_hcd 0000:09:00.0: new USB bus registered, assigned bus number 4
2023-12-18 17:56:54 username kernel: [    1.027541] xhci_hcd 0000:09:00.0: Host supports USB 3.0 SuperSpeed
2023-12-18 17:56:54 username kernel: [    1.030488] usb usb4: We don't know the algorithms for LPM for this host, disabling LPM.
2023-12-18 17:56:54 username kernel: [    1.030511] usb usb4: New USB device found, idVendor=1d6b, idProduct=0003, bcdDevice= 4.19
2023-12-18 17:56:54 username kernel: [    1.030513] usb usb4: New USB device strings: Mfr=3, Product=2, SerialNumber=1
2023-12-18 17:56:54 username kernel: [    1.030515] usb usb4: Product: xHCI Host Controller
2023-12-18 17:56:54 username kernel: [    1.030517] usb usb4: Manufacturer: Linux 4.19.0-arm64-desktop xhci-hcd
2023-12-18 17:56:54 username kernel: [    1.030518] usb usb4: SerialNumber: 0000:09:00.0
2023-12-18 17:56:54 username kernel: [    1.030610] hub 4-0:1.0: USB hub found
2023-12-18 17:56:54 username kernel: [    1.030625] hub 4-0:1.0: 4 ports detected
2023-12-18 17:56:54 username kernel: [    1.030818] usbcore: registered new interface driver usbserial_generic
2023-12-18 17:56:54 username kernel: [    1.030826] usbserial: USB Serial support registered for generic
2023-12-18 17:56:54 username kernel: [    1.037962] lpc_int_disable... 
2023-12-18 17:56:54 username kernel: [    1.037974] lpc_int_enable ... 
2023-12-18 17:56:54 username kernel: [    1.037976] lpc_int_enable ... 
2023-12-18 17:56:54 username kernel: [    1.038494] serio: i8042 KBD port at 0x60,0x64 irq 65
2023-12-18 17:56:54 username kernel: [    1.038499] serio: i8042 AUX port at 0x60,0x64 irq 76
2023-12-18 17:56:54 username kernel: [    1.038639] mousedev: PS/2 mouse device common for all mice
2023-12-18 17:56:54 username kernel: [    1.067225] rtc-efi rtc-efi: rtc core: registered rtc-efi as rtc0
2023-12-18 17:56:54 username kernel: [    1.081385] i2c /dev entries driver
2023-12-18 17:56:54 username kernel: [    1.081619] device-mapper: uevent: version 1.0.3
2023-12-18 17:56:54 username kernel: [    1.081684] device-mapper: ioctl: 4.39.0-ioctl (2018-04-03) initialised: dm-devel@redhat.com
2023-12-18 17:56:54 username kernel: [    1.082134] ledtrig-cpu: registered to indicate activity on CPUs
2023-12-18 17:56:54 username kernel: [    1.082148] hidraw: raw HID events driver (C) Jiri Kosina
2023-12-18 17:56:54 username kernel: [    1.082310] logger: created 128K log 'hwlog_exception'
2023-12-18 17:56:54 username kernel: [    1.082339] logger: log_tag_misc_dev:hwlog_tag  register success.
2023-12-18 17:56:54 username kernel: [    1.082413] Mailbox module init here!
2023-12-18 17:56:54 username kernel: [    1.082428] [pci-vendor] ko insmod success.
2023-12-18 17:56:54 username kernel: [    1.082429] init e2prom module
2023-12-18 17:56:54 username kernel: [    1.082430] usb_rule_init start ... 
2023-12-18 17:56:54 username kernel: [    1.082440] usb_rule_init cannot find rules by dmi 
2023-12-18 17:56:54 username kernel: [    1.082745] snd_hda_intel 0000:01:00.1: Force to snoop mode by module option
2023-12-18 17:56:54 username kernel: [    1.083159] NET: Registered protocol family 10
2023-12-18 17:56:54 username kernel: [    1.088071] Segment Routing with IPv6
2023-12-18 17:56:54 username kernel: [    1.088237] NET: Registered protocol family 17
2023-12-18 17:56:54 username kernel: [    1.088363] 8021q: 802.1Q VLAN Support v1.8
2023-12-18 17:56:54 username kernel: [    1.088371] mpls_gso: MPLS GSO support
2023-12-18 17:56:54 username kernel: [    1.088590] registered taskstats version 1
2023-12-18 17:56:54 username kernel: [    1.088591] Loading compiled-in X.509 certificates
2023-12-18 17:56:54 username kernel: [    1.088631] zswap: loaded using pool lzo/zbud
2023-12-18 17:56:54 username kernel: [    1.093059] Key type big_key registered
2023-12-18 17:56:54 username kernel: [    1.097337] Key type encrypted registered
2023-12-18 17:56:54 username kernel: [    1.097341] AppArmor: AppArmor sha1 policy hashing enabled
2023-12-18 17:56:54 username kernel: [    1.097350] ima: No TPM chip found, activating TPM-bypass!
2023-12-18 17:56:54 username kernel: [    1.097355] ima: Allocated hash algorithm: sha256
2023-12-18 17:56:54 username kernel: [    1.097430] snd_hda_codec_conexant hdaudioC1D0: CX20632: BIOS auto-probing.
2023-12-18 17:56:54 username kernel: [    1.098521] snd_hda_codec_conexant hdaudioC1D0: autoconfig for CX20632: line_outs=1 (0x1c/0x0/0x0/0x0/0x0) type:line
2023-12-18 17:56:54 username kernel: [    1.098523] snd_hda_codec_conexant hdaudioC1D0:    speaker_outs=1 (0x18/0x0/0x0/0x0/0x0)
2023-12-18 17:56:54 username kernel: [    1.098525] snd_hda_codec_conexant hdaudioC1D0:    hp_outs=1 (0x19/0x0/0x0/0x0/0x0)
2023-12-18 17:56:54 username kernel: [    1.098527] snd_hda_codec_conexant hdaudioC1D0:    mono: mono_out=0x0
2023-12-18 17:56:54 username kernel: [    1.098528] snd_hda_codec_conexant hdaudioC1D0:    inputs:
2023-12-18 17:56:54 username kernel: [    1.098530] snd_hda_codec_conexant hdaudioC1D0:      Rear Mic=0x1b
2023-12-18 17:56:54 username kernel: [    1.098532] snd_hda_codec_conexant hdaudioC1D0:      Front Mic=0x1a
2023-12-18 17:56:54 username kernel: [    1.098534] snd_hda_codec_conexant hdaudioC1D0:      Line=0x1d
2023-12-18 17:56:54 username kernel: [    1.111810] rtc-efi rtc-efi: setting system clock to 2023-12-18 17:56:51 UTC (1702922211)
2023-12-18 17:56:54 username kernel: [    1.111836] ALSA device list:
2023-12-18 17:56:54 username kernel: [    1.111837]   No soundcards found.
2023-12-18 17:56:54 username kernel: [    1.148682] random: fast init done
2023-12-18 17:56:54 username kernel: [    1.149356] input: AT Raw Set 2 keyboard as /devices/platform/PHYT0007:00/KBCI8042:00/serio0/input/input2
2023-12-18 17:56:54 username kernel: [    1.214877] nvme nvme0: missing or invalid SUBNQN field.
2023-12-18 17:56:54 username kernel: [    1.218348]  nvme0n1: p1 p2 p3 p4 p5 p6 p7
2023-12-18 17:56:54 username kernel: [    1.294819] input: HDA ATI HDMI HDMI/DP,pcm=3 as /devices/pci0000:00/0000:00:00.0/0000:01:00.1/sound/card0/input3
2023-12-18 17:56:54 username kernel: [    1.312834] ata2: SATA link down (SStatus 0 SControl 300)
2023-12-18 17:56:54 username kernel: [    1.312871] ata1: SATA link down (SStatus 0 SControl 300)
2023-12-18 17:56:54 username kernel: [    1.314217] Freeing unused kernel memory: 4096K
2023-12-18 17:56:54 username kernel: [    1.314246] Run /init as init process
2023-12-18 17:56:54 username kernel: [    1.319027] input: ft-hda Rear Mic as /devices/platform/PHYT0006:00/sound/card1/input4
2023-12-18 17:56:54 username kernel: [    1.319081] input: ft-hda Front Mic as /devices/platform/PHYT0006:00/sound/card1/input5
2023-12-18 17:56:54 username kernel: [    1.319135] input: ft-hda Line as /devices/platform/PHYT0006:00/sound/card1/input6
2023-12-18 17:56:54 username kernel: [    1.319183] input: ft-hda Line Out as /devices/platform/PHYT0006:00/sound/card1/input7
2023-12-18 17:56:54 username kernel: [    1.319242] input: ft-hda Front Headphone as /devices/platform/PHYT0006:00/sound/card1/input8
2023-12-18 17:56:54 username kernel: [    1.362649] usb 3-3: new low-speed USB device number 2 using xhci_hcd
2023-12-18 17:56:54 username kernel: [    1.484376] stmmaceth PHYT0004:00 enaphyt4i0: renamed from eth0
2023-12-18 17:56:54 username kernel: [    1.501664] [drm] radeon kernel modesetting enabled.
2023-12-18 17:56:54 username kernel: [    1.501802] radeon 0000:01:00.0: SI support disabled by module param
2023-12-18 17:56:54 username kernel: [    1.540558] usb 3-3: New USB device found, idVendor=0101, idProduct=0007, bcdDevice= 1.00
2023-12-18 17:56:54 username kernel: [    1.540561] usb 3-3: New USB device strings: Mfr=0, Product=1, SerialNumber=0
2023-12-18 17:56:54 username kernel: [    1.540563] usb 3-3: Product: USB OPTICAL MOUSE 
2023-12-18 17:56:54 username kernel: [    1.588941] EXT4-fs (nvme0n1p5): mounted filesystem with ordered data mode. Opts: (null)
2023-12-18 17:56:54 username kernel: [    1.616021] EXT4-fs (nvme0n1p2): mounted filesystem with ordered data mode. Opts: (null)
2023-12-18 17:56:54 username kernel: [    1.678646] usb 3-4: new low-speed USB device number 3 using xhci_hcd
2023-12-18 17:56:54 username kernel: [    1.863550] usb 3-4: New USB device found, idVendor=046d, idProduct=c31c, bcdDevice=49.00
2023-12-18 17:56:54 username kernel: [    1.863552] usb 3-4: New USB device strings: Mfr=1, Product=2, SerialNumber=0
2023-12-18 17:56:54 username kernel: [    1.863554] usb 3-4: Product: USB Keyboard
2023-12-18 17:56:54 username kernel: [    1.863556] usb 3-4: Manufacturer: Logitech
2023-12-18 17:56:54 username kernel: [    1.927655] usbcore: registered new interface driver usbhid
2023-12-18 17:56:54 username kernel: [    1.927657] usbhid: USB HID core driver
2023-12-18 17:56:54 username kernel: [    1.928091] usbcore: registered new interface driver usbkbd
2023-12-18 17:56:54 username kernel: [    1.929036] input: USB OPTICAL MOUSE  as /devices/pci0000:00/0000:00:05.0/0000:06:00.0/0000:07:03.0/0000:09:00.0/usb3/3-3/3-3:1.0/0003:0101:0007.0001/input/input10
2023-12-18 17:56:54 username kernel: [    1.929158] hid-generic 0003:0101:0007.0001: input,hidraw0: USB HID v1.11 Mouse [USB OPTICAL MOUSE ] on usb-0000:09:00.0-3/input0
2023-12-18 17:56:54 username kernel: [    1.929350] input: Logitech USB Keyboard as /devices/pci0000:00/0000:00:05.0/0000:06:00.0/0000:07:03.0/0000:09:00.0/usb3/3-4/3-4:1.0/0003:046D:C31C.0002/input/input11
2023-12-18 17:56:54 username kernel: [    1.962164] chash: self test took 459393 us, 2229028 iterations/s
2023-12-18 17:56:54 username kernel: [    1.986736] hid-generic 0003:046D:C31C.0002: input,hidraw1: USB HID v1.10 Keyboard [Logitech USB Keyboard] on usb-0000:09:00.0-4/input0
2023-12-18 17:56:54 username kernel: [    1.987003] input: Logitech USB Keyboard as /devices/pci0000:00/0000:00:05.0/0000:06:00.0/0000:07:03.0/0000:09:00.0/usb3/3-4/3-4:1.1/0003:046D:C31C.0003/input/input12
2023-12-18 17:56:54 username kernel: [    2.042668] [drm] amdgpu kernel modesetting enabled.
2023-12-18 17:56:54 username kernel: [    2.042782] checking generic (1000000000 300000) vs hw (1000000000 10000000)
2023-12-18 17:56:54 username kernel: [    2.042783] fb: switching to amdgpudrmfb from EFI VGA
2023-12-18 17:56:54 username kernel: [    2.042816] Console: switching to colour dummy device 80x25
2023-12-18 17:56:54 username kernel: [    2.043100] [drm] initializing kernel modesetting (OLAND 0x1002:0x6611 0x1787:0x3000 0x87).
2023-12-18 17:56:54 username kernel: [    2.043109] [drm] register mmio base: 0x58000000
2023-12-18 17:56:54 username kernel: [    2.043110] [drm] register mmio size: 262144
2023-12-18 17:56:54 username kernel: [    2.043114] [drm] add ip block number 0 <si_common>
2023-12-18 17:56:54 username kernel: [    2.043115] [drm] add ip block number 1 <gmc_v6_0>
2023-12-18 17:56:54 username kernel: [    2.043116] [drm] add ip block number 2 <si_ih>
2023-12-18 17:56:54 username kernel: [    2.043118] [drm] add ip block number 3 <si_dpm>
2023-12-18 17:56:54 username kernel: [    2.043119] [drm] add ip block number 4 <dce_v6_0>
2023-12-18 17:56:54 username kernel: [    2.043120] [drm] add ip block number 5 <gfx_v6_0>
2023-12-18 17:56:54 username kernel: [    2.043121] [drm] add ip block number 6 <si_dma>
2023-12-18 17:56:54 username kernel: [    2.043131] [drm] add ip block number 7 <uvd_v3_1>
2023-12-18 17:56:54 username kernel: [    2.043165] ATOM BIOS: 113-GA73-D3
2023-12-18 17:56:54 username kernel: [    2.043648] [drm] vm size is 64 GB, 2 levels, block size is 10-bit, fragment size is 9-bit
2023-12-18 17:56:54 username kernel: [    2.043723] amdgpu 0000:01:00.0: BAR 0: releasing [mem 0x1000000000-0x100fffffff 64bit pref]
2023-12-18 17:56:54 username kernel: [    2.043736] pcieport 0000:00:00.0: BAR 15: releasing [mem 0x1000000000-0x100fffffff 64bit pref]
2023-12-18 17:56:54 username kernel: [    2.043746] pcieport 0000:00:00.0: BAR 15: assigned [mem 0x1040000000-0x107fffffff 64bit pref]
2023-12-18 17:56:54 username kernel: [    2.043749] amdgpu 0000:01:00.0: BAR 0: assigned [mem 0x1040000000-0x107fffffff 64bit pref]
2023-12-18 17:56:54 username kernel: [    2.043755] pcieport 0000:00:00.0: PCI bridge to [bus 01]
2023-12-18 17:56:54 username kernel: [    2.043758] pcieport 0000:00:00.0:   bridge window [io  0x1000-0x1fff]
2023-12-18 17:56:54 username kernel: [    2.043760] pcieport 0000:00:00.0:   bridge window [mem 0x58000000-0x580fffff]
2023-12-18 17:56:54 username kernel: [    2.043763] pcieport 0000:00:00.0:   bridge window [mem 0x1040000000-0x107fffffff 64bit pref]
2023-12-18 17:56:54 username kernel: [    2.043768] amdgpu 0000:01:00.0: VRAM: 1024M 0x000000F400000000 - 0x000000F43FFFFFFF (1024M used)
2023-12-18 17:56:54 username kernel: [    2.043770] amdgpu 0000:01:00.0: GART: 1024M 0x0000000000000000 - 0x000000003FFFFFFF
2023-12-18 17:56:54 username kernel: [    2.043773] [drm] Detected VRAM RAM=1024M, BAR=1024M
2023-12-18 17:56:54 username kernel: [    2.043774] [drm] RAM width 64bits DDR3
2023-12-18 17:56:54 username kernel: [    2.043833] [TTM] Zone  kernel: Available graphics memory: 4041252 kiB
2023-12-18 17:56:54 username kernel: [    2.043834] [TTM] Zone   dma32: Available graphics memory: 2097152 kiB
2023-12-18 17:56:54 username kernel: [    2.043835] [TTM] Initializing pool allocator
2023-12-18 17:56:54 username kernel: [    2.043840] [TTM] Initializing DMA pool allocator
2023-12-18 17:56:54 username kernel: [    2.043869] [drm] amdgpu: 1024M of VRAM memory ready
2023-12-18 17:56:54 username kernel: [    2.043871] [drm] amdgpu: 3072M of GTT memory ready.
2023-12-18 17:56:54 username kernel: [    2.043884] [drm] GART: num cpu pages 262144, num gpu pages 262144
2023-12-18 17:56:54 username kernel: [    2.044939] amdgpu 0000:01:00.0: PCIE GART of 1024M enabled (table at 0x000000F400300000).
2023-12-18 17:56:54 username kernel: [    2.045016] [drm] Supports vblank timestamp caching Rev 2 (21.10.2013).
2023-12-18 17:56:54 username kernel: [    2.045017] [drm] Driver supports precise vblank timestamp query.
2023-12-18 17:56:54 username kernel: [    2.045110] [drm] Internal thermal controller with fan control
2023-12-18 17:56:54 username kernel: [    2.045119] [drm] amdgpu: dpm initialized
2023-12-18 17:56:54 username kernel: [    2.045207] [drm] AMDGPU Display Connectors
2023-12-18 17:56:54 username kernel: [    2.045208] [drm] Connector 0:
2023-12-18 17:56:54 username kernel: [    2.045209] [drm]   HDMI-A-1
2023-12-18 17:56:54 username kernel: [    2.045210] [drm]   HPD1
2023-12-18 17:56:54 username kernel: [    2.045212] [drm]   DDC: 0x1950 0x1950 0x1951 0x1951 0x1952 0x1952 0x1953 0x1953
2023-12-18 17:56:54 username kernel: [    2.045213] [drm]   Encoders:
2023-12-18 17:56:54 username kernel: [    2.045214] [drm]     DFP1: INTERNAL_UNIPHY
2023-12-18 17:56:54 username kernel: [    2.045215] [drm] Connector 1:
2023-12-18 17:56:54 username kernel: [    2.045216] [drm]   VGA-1
2023-12-18 17:56:54 username kernel: [    2.045218] [drm]   DDC: 0x1970 0x1970 0x1971 0x1971 0x1972 0x1972 0x1973 0x1973
2023-12-18 17:56:54 username kernel: [    2.045218] [drm]   Encoders:
2023-12-18 17:56:54 username kernel: [    2.045219] [drm]     CRT1: INTERNAL_KLDSCP_DAC1
2023-12-18 17:56:54 username kernel: [    2.045609] [drm] Found UVD firmware Version: 64.0 Family ID: 13
2023-12-18 17:56:54 username kernel: [    2.046750] hid-generic 0003:046D:C31C.0003: input,hidraw2: USB HID v1.10 Device [Logitech USB Keyboard] on usb-0000:09:00.0-4/input1
2023-12-18 17:56:54 username kernel: [    2.049116] [drm] PCIE gen 3 link speeds already enabled
2023-12-18 17:56:54 username kernel: [    2.174644] atkbd serio1: keyboard reset failed on isa0060/serio1
2023-12-18 17:56:54 username kernel: [    2.577682] [drm] UVD initialized successfully.
2023-12-18 17:56:54 username kernel: [    2.991638] [drm] fb mappable at 0x104079F000
2023-12-18 17:56:54 username kernel: [    2.991639] [drm] vram apper at 0x1040000000
2023-12-18 17:56:54 username kernel: [    2.991641] [drm] size 8294400
2023-12-18 17:56:54 username kernel: [    2.991642] [drm] fb depth is 24
2023-12-18 17:56:54 username kernel: [    2.991643] [drm]    pitch is 7680
2023-12-18 17:56:54 username kernel: [    3.032814] Console: switching to colour frame buffer device 240x67
2023-12-18 17:56:54 username kernel: [    3.043203] amdgpu 0000:01:00.0: fb0: amdgpudrmfb frame buffer device
2023-12-18 17:56:54 username kernel: [    3.365910] [drm] Initialized amdgpu 3.27.0 20150101 for 0000:01:00.0 on minor 0
2023-12-18 17:56:54 username kernel: [    3.535407] random: lvmconfig: uninitialized urandom read (4 bytes read)
2023-12-18 17:56:54 username kernel: [    3.611798] random: systemd: uninitialized urandom read (16 bytes read)
2023-12-18 17:56:54 username kernel: [    3.613887] random: systemd: uninitialized urandom read (16 bytes read)
2023-12-18 17:56:54 username kernel: [    3.637480] ashmem_linux: loading out-of-tree module taints kernel.
2023-12-18 17:56:54 username kernel: [    3.637854] ashmem: ashmem initialized
2023-12-18 17:56:54 username kernel: [    3.641599] smc driver init... 
2023-12-18 17:56:54 username kernel: [    3.641643] done!!!
2023-12-18 17:56:54 username kernel: [    3.643105] EXT4-fs (nvme0n1p5): re-mounted. Opts: (null)
2023-12-18 17:56:54 username kernel: [    3.648909] FileArmor: FileArmor Filesystem enter
2023-12-18 17:56:54 username kernel: [    3.648953] FileArmor: FileArmor Filesystem Enabled
2023-12-18 17:56:54 username kernel: [    3.648974] FileArmor: FileArmor initialized
2023-12-18 17:56:54 username kernel: [    3.650378] lightcherry init successed 
2023-12-18 17:56:54 username kernel: [    3.651043] lightfig init. db=0 
2023-12-18 17:56:54 username kernel: [    3.651486] lightnut init successed 
2023-12-18 17:56:54 username kernel: [    3.652093] set sync alg 0 
2023-12-18 17:56:54 username kernel: [    3.652095] g_wb_sync_alg=0
2023-12-18 17:56:54 username kernel: [    3.652097] node0[node_start_pfn=524288 node_end_pfn=35127296  present=2080768  span=34603008]
2023-12-18 17:56:54 username kernel: [    3.652099] start_pfn=33554432 end_pfn=35127296 total_pfn=1572864 start_percent=0 end_percent=50 noreclaimed_cache_start_pfn=33554432 noreclaimed_cache_end_pfn=34340864 
2023-12-18 17:56:54 username kernel: [    3.652133] lightorange init successed  node's cache will not be reclaimed
2023-12-18 17:56:54 username kernel: [    3.652906] init bluetooth_ctrl module
2023-12-18 17:56:54 username kernel: [    3.652914] init bluetooth_ctrl module,Done
2023-12-18 17:56:54 username kernel: [    3.653563] uos_resources:network is defined
2023-12-18 17:56:54 username kernel: [    3.653618] uos_resources:register hooks
2023-12-18 17:56:54 username kernel: [    3.653622] uos_resources:register hooks done
2023-12-18 17:56:54 username kernel: [    3.850507] at24 i2c-INT0002:00: 1024 byte INT0002:00 EEPROM, writable, 16 bytes/write
2023-12-18 17:56:54 username kernel: [    3.889889] parport0: PC-style at 0x3020 (0x3028), irq 29, using FIFO [PCSPP,TRISTATE,COMPAT,EPP,ECP]
2023-12-18 17:56:54 username kernel: [    3.926518] cryptd: max_cpu_qlen set to 1000
2023-12-18 17:56:54 username kernel: [    3.986358] ppdev: user-space parallel port driver
2023-12-18 17:56:54 username kernel: [    4.181975] Adding 8368124k swap on /dev/nvme0n1p3.  Priority:-2 extents:1 across:8368124k SSFS
2023-12-18 17:56:54 username kernel: [    4.217359] EXT4-fs (nvme0n1p2): mounted filesystem with ordered data mode. Opts: (null)
2023-12-18 17:56:54 username kernel: [    4.219828] EXT4-fs (nvme0n1p4): mounted filesystem with ordered data mode. Opts: (null)
2023-12-18 17:56:54 username kernel: [    4.249408] EXT4-fs (nvme0n1p7): mounted filesystem with ordered data mode. Opts: (null)
2023-12-18 17:56:55 username kernel: [    4.879861] random: crng init done
2023-12-18 17:56:55 username kernel: [    4.879865] random: 7 urandom warning(s) missed due to ratelimiting
2023-12-18 17:56:55 username kernel: [    4.999536] IPv6: ADDRCONF(NETDEV_UP): enaphyt4i0: link is not ready
2023-12-18 17:56:55 username kernel: [    5.008137] stmmaceth PHYT0004:00 enaphyt4i0: yt8521_config_init done, phy addr: 0, strap mode = 0, polling mode = 2
2023-12-18 17:56:55 username kernel: [    5.008645] YT8521 Ethernet stmmac-0:00: attached PHY driver [YT8521 Ethernet] (mii_bus:phy_addr=stmmac-0:00, irq=POLL)
2023-12-18 17:56:55 username kernel: [    5.008648] ---configure device dma-----
2023-12-18 17:56:55 username kernel: [    5.088248] Bluetooth: Core ver 2.22
2023-12-18 17:56:55 username kernel: [    5.088276] NET: Registered protocol family 31
2023-12-18 17:56:55 username kernel: [    5.088277] Bluetooth: HCI device and connection manager initialized
2023-12-18 17:56:55 username kernel: [    5.088283] Bluetooth: HCI socket layer initialized
2023-12-18 17:56:55 username kernel: [    5.088285] Bluetooth: L2CAP socket layer initialized
2023-12-18 17:56:55 username kernel: [    5.088294] Bluetooth: SCO socket layer initialized
2023-12-18 17:56:55 username kernel: [    5.236648] st: Version 20160209, fixed bufsize 32768, s/g segs 256
2023-12-18 17:56:55 username kernel: [    5.506657] dwmac1000: Master AXI performs any burst length
2023-12-18 17:56:55 username kernel: [    5.506668] stmmaceth PHYT0004:00 enaphyt4i0: No Safety Features support found
2023-12-18 17:56:55 username kernel: [    5.506673] stmmaceth PHYT0004:00 enaphyt4i0: PTP not supported by HW
2023-12-18 17:56:55 username kernel: [    5.506678] stmmaceth PHYT0004:00: dev_name:PHYT0004:00, port:0
2023-12-18 17:56:55 username kernel: [    5.506680] stmmaceth PHYT0004:00: Override gmac addr by eeprom succeeded!
2023-12-18 17:56:55 username kernel: [    5.506811] IPv6: ADDRCONF(NETDEV_UP): enaphyt4i0: link is not ready
2023-12-18 17:57:03 username kernel: [   13.116028] SGI XFS with ACLs, security attributes, realtime, scrub, no debug enabled
2023-12-18 17:57:03 username kernel: [   13.125408] JFS: nTxBlock = 8192, nTxLock = 65536
2023-12-18 17:57:03 username kernel: [   13.142934] ntfs: driver 2.1.32 [Flags: R/W MODULE].
2023-12-18 17:57:03 username kernel: [   13.167916] raid6: using algorithm neonx8 gen() 0 MB/s
2023-12-18 17:57:03 username kernel: [   13.167918] raid6: .... xor() 0 MB/s, rmw enabled
2023-12-18 17:57:03 username kernel: [   13.167919] raid6: using neon recovery algorithm
2023-12-18 17:57:03 username kernel: [   13.168293] xor: measuring software checksum speed
2023-12-18 17:57:03 username kernel: [   13.206637]    8regs     :  7816.000 MB/sec
2023-12-18 17:57:03 username kernel: [   13.246636]    8regs_prefetch:  6981.000 MB/sec
2023-12-18 17:57:03 username kernel: [   13.286637]    32regs    :  9304.000 MB/sec
2023-12-18 17:57:03 username kernel: [   13.326636]    32regs_prefetch:  8158.000 MB/sec
2023-12-18 17:57:03 username kernel: [   13.326639] xor: using function: 32regs (9304.000 MB/sec)
2023-12-18 17:57:03 username kernel: [   13.352840] Btrfs loaded, crc32c=crc32c-generic
2023-12-18 17:57:03 username kernel: [   13.359829] fuse init (API version 7.27)
2023-12-18 17:57:04 username kernel: [   14.412508] mp: /, major: 259, minor: 5
2023-12-18 17:57:04 username kernel: [   14.412511] mp: /boot, major: 259, minor: 2
2023-12-18 17:57:04 username kernel: [   14.412513] mp: /recovery, major: 259, minor: 4
2023-12-18 17:57:04 username kernel: [   14.412514] mp: /boot/efi, major: 259, minor: 1
2023-12-18 17:57:04 username kernel: [   14.412515] mp: /data, major: 259, minor: 7
2023-12-18 17:57:04 username kernel: [   14.412516] mp: /var, major: 259, minor: 7
2023-12-18 17:57:04 username kernel: [   14.412517] mp: /root, major: 259, minor: 7
2023-12-18 17:57:04 username kernel: [   14.412518] mp: /home, major: 259, minor: 7
2023-12-18 17:57:04 username kernel: [   14.412519] mp: /opt, major: 259, minor: 7
2023-12-18 17:57:05 username kernel: [   15.577695] Bluetooth: BNEP (Ethernet Emulation) ver 1.3
2023-12-18 17:57:05 username kernel: [   15.577698] Bluetooth: BNEP filters: protocol multicast
2023-12-18 17:57:05 username kernel: [   15.577703] Bluetooth: BNEP socket layer initialized
2023-12-18 17:57:07 username kernel: [   16.880325] usbcore: registered new interface driver udl
2023-12-18 17:57:10 username kernel: [   20.421107] vfs_monitor: init ok, fsnotify_broadcast, genl
2023-12-18 17:57:49 username kernel: [    0.000000] Booting Linux on physical CPU 0x0000000000 [0x701f6633]
2023-12-18 17:57:49 username kernel: [    0.000000] Linux version 4.19.0-arm64-desktop (uosserver@uosserver-PC) (gcc version 8.3.0 (Uos 8.3.0.3-3+rebuild)) (74123f25fea1) #6035 SMP Wed Jul 26 14:34:54 CST 2023
2023-12-18 17:57:49 username kernel: [    0.000000] efi: Getting EFI parameters from FDT:
2023-12-18 17:57:49 username kernel: [    0.000000] efi: EFI v2.70 by Phytium D2000
2023-12-18 17:57:49 username kernel: [    0.000000] efi:  ACPI 2.0=0xf6b60000  SMBIOS=0xfbfb0000  SMBIOS 3.0=0xf69b0000  MEMATTR=0xfb363018  MEMRESERVE=0xf6850e98 
2023-12-18 17:57:49 username kernel: [    0.000000] ACPI: Early table checksum verification disabled
2023-12-18 17:57:49 username kernel: [    0.000000] ACPI: RSDP 0x00000000F6B60000 000024 (v02 PHYLTD)
2023-12-18 17:57:49 username kernel: [    0.000000] ACPI: XSDT 0x00000000F6B50000 000074 (v01 PHYLTD PHYTIUM. 00000001      01000013)
2023-12-18 17:57:49 username kernel: [    0.000000] ACPI: FACP 0x00000000F6A50000 000114 (v06 PHYLTD PHYTIUM. 00000001 PHYT 00000001)
2023-12-18 17:57:49 username kernel: [    0.000000] ACPI: DSDT 0x00000000F69D0000 0013B6 (v02 PHYLTD PHYTIUM. 00000001 INTL 20190509)
2023-12-18 17:57:49 username kernel: [    0.000000] ACPI: GTDT 0x00000000F6A40000 000098 (v02 PHYLTD PHYTIUM. 00000001 PHYT 00000001)
2023-12-18 17:57:49 username kernel: [    0.000000] ACPI: IORT 0x00000000F6A30000 000080 (v00 PHYLTD PHYTIUM. 00000001 PHYT 00000001)
2023-12-18 17:57:49 username kernel: [    0.000000] ACPI: APIC 0x00000000F6A20000 0002D8 (v04 PHYLTD PHYTIUM. 00000001 PHYT 00000001)
2023-12-18 17:57:49 username kernel: [    0.000000] ACPI: MCFG 0x00000000F6A10000 00003C (v01 PHYLTD PHYTIUM. 00000001 PHYT 00000001)
2023-12-18 17:57:49 username kernel: [    0.000000] ACPI: PPTT 0x00000000F6A00000 000396 (v01 PHYLTD PHYTIUM. 00000001 PHYT 00000001)
2023-12-18 17:57:49 username kernel: [    0.000000] ACPI: SPCR 0x00000000F69F0000 000050 (v02 PHYLTD PHYTIUM. 00000001 PHYT 00000001)
2023-12-18 17:57:49 username kernel: [    0.000000] ACPI: SSDT 0x00000000F69E0000 000515 (v02 PHYLTD PHYTIUM. 00000001 INTL 20190509)
2023-12-18 17:57:49 username kernel: [    0.000000] ACPI: PPTT 0x00000000F69C0000 000396 (v01 PHYLTD PHYTIUM. 00000001 PHYT 00000001)
2023-12-18 17:57:49 username kernel: [    0.000000] ACPI: VFCT 0x00000000F63F0000 010084 (v01 PHYLTD PHYTIUM. 00000001 AMD  31504F47)
2023-12-18 17:57:49 username kernel: [    0.000000] ACPI: SPCR: console: pl011,mmio32,0x28001000,115200
2023-12-18 17:57:49 username kernel: [    0.000000] On node 0 totalpages: 2080768
2023-12-18 17:57:49 username kernel: [    0.000000]   DMA32 zone: 8192 pages used for memmap
2023-12-18 17:57:49 username kernel: [    0.000000]   DMA32 zone: 0 pages reserved
2023-12-18 17:57:49 username kernel: [    0.000000]   DMA32 zone: 507904 pages, LIFO batch:63
2023-12-18 17:57:49 username kernel: [    0.000000]   Normal zone: 24576 pages used for memmap
2023-12-18 17:57:49 username kernel: [    0.000000]   Normal zone: 1572864 pages, LIFO batch:63
2023-12-18 17:57:49 username kernel: [    0.000000] psci: probing for conduit method from ACPI.
2023-12-18 17:57:49 username kernel: [    0.000000] psci: PSCIv1.1 detected in firmware.
2023-12-18 17:57:49 username kernel: [    0.000000] psci: Using standard PSCI v0.2 function IDs
2023-12-18 17:57:49 username kernel: [    0.000000] psci: MIGRATE_INFO_TYPE not supported.
2023-12-18 17:57:49 username kernel: [    0.000000] psci: SMC Calling Convention v1.0
2023-12-18 17:57:49 username kernel: [    0.000000] percpu: Embedded 28 pages/cpu s74648 r8192 d31848 u114688
2023-12-18 17:57:49 username kernel: [    0.000000] pcpu-alloc: s74648 r8192 d31848 u114688 alloc=28*4096
2023-12-18 17:57:49 username kernel: [    0.000000] pcpu-alloc: [0] 0 [0] 1 [0] 2 [0] 3 [0] 4 [0] 5 [0] 6 [0] 7 
2023-12-18 17:57:49 username kernel: [    0.000000] Detected PIPT I-cache on CPU0
2023-12-18 17:57:49 username kernel: [    0.000000] ARM_SMCCC_ARCH_WORKAROUND_1 missing from firmware
2023-12-18 17:57:49 username kernel: [    0.000000] Built 1 zonelists, mobility grouping on.  Total pages: 2048000
2023-12-18 17:57:49 username kernel: [    0.000000] Kernel command line: BOOT_IMAGE=/vmlinuz-4.19.0-arm64-desktop root=UUID=1f623dad-5be0-468e-9a02-d8d1cad6e6f2 ro video=efifb:nobgrt splash quiet console=tty plymouth.ignore-serial-consoles DEEPIN_GFXMODE= ima_appraise=off libahci.ignore_sss=1
2023-12-18 17:57:49 username kernel: [    0.000000] log_buf_len individual max cpu contribution: 32768 bytes
2023-12-18 17:57:49 username kernel: [    0.000000] log_buf_len total cpu_extra contributions: 229376 bytes
2023-12-18 17:57:49 username kernel: [    0.000000] log_buf_len min size: 131072 bytes
2023-12-18 17:57:49 username kernel: [    0.000000] log_buf_len: 524288 bytes
2023-12-18 17:57:49 username kernel: [    0.000000] early log buf free: 127704(97%)
2023-12-18 17:57:49 username kernel: [    0.000000] Dentry cache hash table entries: 1048576 (order: 11, 8388608 bytes)
2023-12-18 17:57:49 username kernel: [    0.000000] Inode-cache hash table entries: 524288 (order: 10, 4194304 bytes)
2023-12-18 17:57:49 username kernel: [    0.000000] software IO TLB: mapped [mem 0xf7363000-0xfb363000] (64MB)
2023-12-18 17:57:49 username kernel: [    0.000000] Memory: 8007296K/8323072K available (11772K kernel code, 1304K rwdata, 6520K rodata, 4096K init, 1207K bss, 315776K reserved, 0K cma-reserved)
2023-12-18 17:57:49 username kernel: [    0.000000] SLUB: HWalign=64, Order=0-3, MinObjects=0, CPUs=8, Nodes=1
2023-12-18 17:57:49 username kernel: [    0.000000] rcu: Hierarchical RCU implementation.
2023-12-18 17:57:49 username kernel: [    0.000000] rcu: 	RCU restricting CPUs from NR_CPUS=256 to nr_cpu_ids=8.
2023-12-18 17:57:49 username kernel: [    0.000000] rcu: Adjusting geometry for rcu_fanout_leaf=16, nr_cpu_ids=8
2023-12-18 17:57:49 username kernel: [    0.000000] NR_IRQS: 64, nr_irqs: 64, preallocated irqs: 0
2023-12-18 17:57:49 username kernel: [    0.000000] GICv3: GIC: Using split EOI/Deactivate mode
2023-12-18 17:57:49 username kernel: [    0.000000] GICv3: Distributor has no Range Selector support
2023-12-18 17:57:49 username kernel: [    0.000000] GICv3: no VLPI support, no direct LPI support
2023-12-18 17:57:49 username kernel: [    0.000000] GICv3: CPU0: found redistributor 0 region 0:0x0000000029b00000
2023-12-18 17:57:49 username kernel: [    0.000000] ITS [mem 0x29a20000-0x29a3ffff]
2023-12-18 17:57:49 username kernel: [    0.000000] ITS@0x0000000029a20000: allocated 65536 Devices @2176d00000 (flat, esz 8, psz 64K, shr 0)
2023-12-18 17:57:49 username kernel: [    0.000000] ITS: using cache flushing for cmd queue
2023-12-18 17:57:49 username kernel: [    0.000000] GICv3: using LPI property table @0x0000002176c90000
2023-12-18 17:57:49 username kernel: [    0.000000] GIC: using cache flushing for LPI property table
2023-12-18 17:57:49 username kernel: [    0.000000] GICv3: CPU0: using allocated LPI pending table @0x0000002176ca0000
2023-12-18 17:57:49 username kernel: [    0.000000] rcu: 	Offload RCU callbacks from CPUs: (none).
2023-12-18 17:57:49 username kernel: [    0.000000] arch_timer: cp15 timer(s) running at 48.00MHz (phys).
2023-12-18 17:57:49 username kernel: [    0.000000] clocksource: arch_sys_counter: mask: 0xffffffffffffff max_cycles: 0xb11fd3bfb, max_idle_ns: 440795203732 ns
2023-12-18 17:57:49 username kernel: [    0.000002] sched_clock: 56 bits at 48MHz, resolution 20ns, wraps every 4398046511096ns
2023-12-18 17:57:49 username kernel: [    0.000050] Console: colour dummy device 80x25
2023-12-18 17:57:49 username kernel: [    0.000056] console [tty0] enabled
2023-12-18 17:57:49 username kernel: [    0.000072] ACPI: Core revision 20180810
2023-12-18 17:57:49 username kernel: [    0.000257] Calibrating delay loop (skipped), value calculated using timer frequency.. 96.00 BogoMIPS (lpj=192000)
2023-12-18 17:57:49 username kernel: [    0.000261] pid_max: default: 32768 minimum: 301
2023-12-18 17:57:49 username kernel: [    0.000286] Security Framework initialized
2023-12-18 17:57:49 username kernel: [    0.000291] [uos elfverify guard] LSM initialized: elfverify, elf enabled: 1
2023-12-18 17:57:49 username kernel: [    0.000293] [manager_init] start manager_init 
2023-12-18 17:57:49 username kernel: [    0.000746] UOS Manager initialized: uosmanager
2023-12-18 17:57:49 username kernel: [    0.000774] AppArmor: AppArmor initialized
2023-12-18 17:57:49 username kernel: [    0.000817] Mount-cache hash table entries: 16384 (order: 5, 131072 bytes)
2023-12-18 17:57:49 username kernel: [    0.000849] Mountpoint-cache hash table entries: 16384 (order: 5, 131072 bytes)
2023-12-18 17:57:49 username kernel: [    0.001297] ASID allocator initialised with 32768 entries
2023-12-18 17:57:49 username kernel: [    0.001322] rcu: Hierarchical SRCU implementation.
2023-12-18 17:57:49 username kernel: [    0.001918] Platform MSI: ITS@0x29a20000 domain created
2023-12-18 17:57:49 username kernel: [    0.001926] PCI/MSI: ITS@0x29a20000 domain created
2023-12-18 17:57:49 username kernel: [    0.001932] Remapping and enabling EFI services.
2023-12-18 17:57:49 username kernel: [    0.002336] smp: Bringing up secondary CPUs ...
2023-12-18 17:57:49 username kernel: [    0.040996] Detected PIPT I-cache on CPU1
2023-12-18 17:57:49 username kernel: [    0.041009] GICv3: CPU1: found redistributor 1 region 1:0x0000000029b20000
2023-12-18 17:57:49 username kernel: [    0.041024] GICv3: CPU1: using allocated LPI pending table @0x0000002176cb0000
2023-12-18 17:57:49 username kernel: [    0.041037] CPU1: Booted secondary processor 0x0000000001 [0x701f6633]
2023-12-18 17:57:49 username kernel: [    0.082312] Detected PIPT I-cache on CPU2
2023-12-18 17:57:49 username kernel: [    0.082322] GICv3: CPU2: found redistributor 100 region 2:0x0000000029b40000
2023-12-18 17:57:49 username kernel: [    0.082338] GICv3: CPU2: using allocated LPI pending table @0x0000002176cc0000
2023-12-18 17:57:49 username kernel: [    0.082350] CPU2: Booted secondary processor 0x0000000100 [0x701f6633]
2023-12-18 17:57:49 username kernel: [    0.123629] Detected PIPT I-cache on CPU3
2023-12-18 17:57:49 username kernel: [    0.123636] GICv3: CPU3: found redistributor 101 region 3:0x0000000029b60000
2023-12-18 17:57:49 username kernel: [    0.123649] GICv3: CPU3: using allocated LPI pending table @0x0000002176cd0000
2023-12-18 17:57:49 username kernel: [    0.123658] CPU3: Booted secondary processor 0x0000000101 [0x701f6633]
2023-12-18 17:57:49 username kernel: [    0.164950] Detected PIPT I-cache on CPU4
2023-12-18 17:57:49 username kernel: [    0.164959] GICv3: CPU4: found redistributor 200 region 4:0x0000000029b80000
2023-12-18 17:57:49 username kernel: [    0.164973] GICv3: CPU4: using allocated LPI pending table @0x0000002176ce0000
2023-12-18 17:57:49 username kernel: [    0.164984] CPU4: Booted secondary processor 0x0000000200 [0x701f6633]
2023-12-18 17:57:49 username kernel: [    0.206265] Detected PIPT I-cache on CPU5
2023-12-18 17:57:49 username kernel: [    0.206272] GICv3: CPU5: found redistributor 201 region 5:0x0000000029ba0000
2023-12-18 17:57:49 username kernel: [    0.206284] GICv3: CPU5: using allocated LPI pending table @0x0000002176cf0000
2023-12-18 17:57:49 username kernel: [    0.206293] CPU5: Booted secondary processor 0x0000000201 [0x701f6633]
2023-12-18 17:57:49 username kernel: [    0.247586] Detected PIPT I-cache on CPU6
2023-12-18 17:57:49 username kernel: [    0.247596] GICv3: CPU6: found redistributor 300 region 6:0x0000000029bc0000
2023-12-18 17:57:49 username kernel: [    0.247611] GICv3: CPU6: using allocated LPI pending table @0x0000002176d80000
2023-12-18 17:57:49 username kernel: [    0.247622] CPU6: Booted secondary processor 0x0000000300 [0x701f6633]
2023-12-18 17:57:49 username kernel: [    0.288816] Detected PIPT I-cache on CPU7
2023-12-18 17:57:49 username kernel: [    0.288823] GICv3: CPU7: found redistributor 301 region 7:0x0000000029be0000
2023-12-18 17:57:49 username kernel: [    0.288835] GICv3: CPU7: using allocated LPI pending table @0x0000002176d90000
2023-12-18 17:57:49 username kernel: [    0.288844] CPU7: Booted secondary processor 0x0000000301 [0x701f6633]
2023-12-18 17:57:49 username kernel: [    0.288875] smp: Brought up 1 node, 8 CPUs
2023-12-18 17:57:49 username kernel: [    0.288877] SMP: Total of 8 processors activated.
2023-12-18 17:57:49 username kernel: [    0.288879] CPU features: detected: GIC system register CPU interface
2023-12-18 17:57:49 username kernel: [    0.288881] CPU features: detected: 32-bit EL0 Support
2023-12-18 17:57:49 username kernel: [    0.288882] CPU features: detected: CRC32 instructions
2023-12-18 17:57:49 username kernel: [    0.289289] CPU: All CPU(s) started at EL2
2023-12-18 17:57:49 username kernel: [    0.289305] alternatives: patching kernel code
2023-12-18 17:57:49 username kernel: [    0.289319] random: get_random_u64 called from compute_layout+0x94/0xe8 with crng_init=0
2023-12-18 17:57:49 username kernel: [    0.289830] devtmpfs: initialized
2023-12-18 17:57:49 username kernel: [    0.290097] Registered swp emulation handler
2023-12-18 17:57:49 username kernel: [    0.290103] Registered cp15_barrier emulation handler
2023-12-18 17:57:49 username kernel: [    0.290108] Registered setend emulation handler
2023-12-18 17:57:49 username kernel: [    0.290179] clocksource: jiffies: mask: 0xffffffff max_cycles: 0xffffffff, max_idle_ns: 7645041785100000 ns
2023-12-18 17:57:49 username kernel: [    0.290183] futex hash table entries: 2048 (order: 5, 131072 bytes)
2023-12-18 17:57:49 username kernel: [    0.290282] pinctrl core: initialized pinctrl subsystem
2023-12-18 17:57:49 username kernel: [    0.290342] SMBIOS 3.1.1 present.
2023-12-18 17:57:49 username kernel: [    0.290347] DMI: UNIS UNIS D3812 G2 0001/MF266B, BIOS DF266AB010ZG 08/23/2023 09:09:48
2023-12-18 17:57:49 username kernel: [    0.290617] NET: Registered protocol family 16
2023-12-18 17:57:49 username kernel: [    0.290766] audit: initializing netlink subsys (disabled)
2023-12-18 17:57:49 username kernel: [    0.290803] audit: type=2000 audit(0.032:1): state=initialized audit_enabled=0 res=1
2023-12-18 17:57:49 username kernel: [    0.290944] cpuidle: using governor ladder
2023-12-18 17:57:49 username kernel: [    0.290976] cpuidle: using governor menu
2023-12-18 17:57:49 username kernel: [    0.291058] vdso: 2 pages (1 code @ (____ptrval____), 1 data @ (____ptrval____))
2023-12-18 17:57:49 username kernel: [    0.291060] hw-breakpoint: found 6 breakpoint and 4 watchpoint registers.
2023-12-18 17:57:49 username kernel: [    0.291169] DMA: preallocated 256 KiB pool for atomic allocations
2023-12-18 17:57:49 username kernel: [    0.291176] ACPI: bus type PCI registered
2023-12-18 17:57:49 username kernel: [    0.291178] acpiphp: ACPI Hot Plug PCI Controller Driver version: 0.5
2023-12-18 17:57:49 username kernel: [    0.291237] Serial: AMBA PL011 UART driver
2023-12-18 17:57:49 username kernel: [    0.293763] HugeTLB registered 2.00 MiB page size, pre-allocated 0 pages
2023-12-18 17:57:49 username kernel: [    0.294021] ACPI: Added _OSI(Module Device)
2023-12-18 17:57:49 username kernel: [    0.294022] ACPI: Added _OSI(Processor Device)
2023-12-18 17:57:49 username kernel: [    0.294024] ACPI: Added _OSI(3.0 _SCP Extensions)
2023-12-18 17:57:49 username kernel: [    0.294025] ACPI: Added _OSI(Processor Aggregator Device)
2023-12-18 17:57:49 username kernel: [    0.294027] ACPI: Added _OSI(Linux-Dell-Video)
2023-12-18 17:57:49 username kernel: [    0.294028] ACPI: Added _OSI(Linux-Lenovo-NV-HDMI-Audio)
2023-12-18 17:57:49 username kernel: [    0.294912] ACPI: 2 ACPI AML tables successfully acquired and loaded
2023-12-18 17:57:49 username kernel: [    0.295526] ACPI: Interpreter enabled
2023-12-18 17:57:49 username kernel: [    0.295528] ACPI: Using GIC for interrupt routing
2023-12-18 17:57:49 username kernel: [    0.295540] ACPI: MCFG table detected, 1 entries
2023-12-18 17:57:49 username kernel: [    0.298880] ARMH0011:00: ttyAMA0 at MMIO 0x28001000 (irq = 5, base_baud = 0) is a SBSA
2023-12-18 17:57:49 username kernel: [    0.298892] console [ttyAMA0] enabled
2023-12-18 17:57:49 username kernel: [    0.299011] ARMH0011:01: ttyAMA1 at MMIO 0x28000000 (irq = 6, base_baud = 0) is a SBSA
2023-12-18 17:57:49 username kernel: [    0.299105] ARMH0011:02: ttyAMA2 at MMIO 0x28002000 (irq = 7, base_baud = 0) is a SBSA
2023-12-18 17:57:49 username kernel: [    0.299193] ARMH0011:03: ttyAMA3 at MMIO 0x28003000 (irq = 8, base_baud = 0) is a SBSA
2023-12-18 17:57:49 username kernel: [    0.299991] ACPI: PCI Interrupt Link [LNKA] (IRQs *60)
2023-12-18 17:57:49 username kernel: [    0.300010] ACPI: PCI Interrupt Link [LNKB] (IRQs *61)
2023-12-18 17:57:49 username kernel: [    0.300028] ACPI: PCI Interrupt Link [LNKC] (IRQs *62)
2023-12-18 17:57:49 username kernel: [    0.300047] ACPI: PCI Interrupt Link [LNKD] (IRQs *63)
2023-12-18 17:57:49 username kernel: [    0.300079] ACPI: PCI Root Bridge [PCI0] (domain 0000 [bus 00-ff])
2023-12-18 17:57:49 username kernel: [    0.300085] acpi PNP0A08:00: _OSC: OS supports [ExtendedConfig Segments MSI]
2023-12-18 17:57:49 username kernel: [    0.300222] acpi PNP0A08:00: _OSC: platform does not support [PCIeHotplug SHPCHotplug]
2023-12-18 17:57:49 username kernel: [    0.300343] acpi PNP0A08:00: _OSC: OS requested [PCIeHotplug SHPCHotplug PCIeCapability]
2023-12-18 17:57:49 username kernel: [    0.300345] acpi PNP0A08:00: _OSC: platform granted [PCIeCapability]
2023-12-18 17:57:49 username kernel: [    0.300637] acpi PNP0A08:00: ECAM area [mem 0x40000000-0x4fffffff] reserved by PNP0C02:00
2023-12-18 17:57:49 username kernel: [    0.300651] acpi PNP0A08:00: ECAM at [mem 0x40000000-0x4fffffff] for [bus 00-ff]
2023-12-18 17:57:49 username kernel: [    0.300688] Remapped I/O 0x0000000050000000 to [io  0x0000-0xefffff window]
2023-12-18 17:57:49 username kernel: [    0.300735] PCI host bridge to bus 0000:00
2023-12-18 17:57:49 username kernel: [    0.300738] pci_bus 0000:00: root bus resource [mem 0x58000000-0x7fffffff window]
2023-12-18 17:57:49 username kernel: [    0.300740] pci_bus 0000:00: root bus resource [mem 0x1000000000-0x1fffffffff window]
2023-12-18 17:57:49 username kernel: [    0.300742] pci_bus 0000:00: root bus resource [io  0x0000-0xefffff window]
2023-12-18 17:57:49 username kernel: [    0.300743] pci_bus 0000:00: root bus resource [bus 00-ff]
2023-12-18 17:57:49 username kernel: [    0.300754] pci 0000:00:00.0: [17cd:dc16] type 01 class 0x060400
2023-12-18 17:57:49 username kernel: [    0.300764] pci 0000:00:00.0: reg 0x10: [mem 0x1010000000-0x10100fffff 64bit pref]
2023-12-18 17:57:49 username kernel: [    0.300789] pci 0000:00:00.0: supports D1 D2
2023-12-18 17:57:49 username kernel: [    0.300791] pci 0000:00:00.0: PME# supported from D0 D1 D2 D3hot D3cold
2023-12-18 17:57:49 username kernel: [    0.300856] pci 0000:00:01.0: [17cd:dc08] type 01 class 0x060400
2023-12-18 17:57:49 username kernel: [    0.300864] pci 0000:00:01.0: reg 0x10: [mem 0x1010100000-0x10101fffff 64bit pref]
2023-12-18 17:57:49 username kernel: [    0.300886] pci 0000:00:01.0: supports D1 D2
2023-12-18 17:57:49 username kernel: [    0.300888] pci 0000:00:01.0: PME# supported from D0 D1 D2 D3hot D3cold
2023-12-18 17:57:49 username kernel: [    0.300936] pci 0000:00:02.0: [17cd:dc01] type 01 class 0x060400
2023-12-18 17:57:49 username kernel: [    0.300945] pci 0000:00:02.0: reg 0x10: [mem 0x1010200000-0x10102fffff 64bit pref]
2023-12-18 17:57:49 username kernel: [    0.300966] pci 0000:00:02.0: supports D1 D2
2023-12-18 17:57:49 username kernel: [    0.300968] pci 0000:00:02.0: PME# supported from D0 D1 D2 D3hot D3cold
2023-12-18 17:57:49 username kernel: [    0.301017] pci 0000:00:03.0: [17cd:dc16] type 01 class 0x060400
2023-12-18 17:57:49 username kernel: [    0.301027] pci 0000:00:03.0: reg 0x10: [mem 0x1010300000-0x10103fffff 64bit pref]
2023-12-18 17:57:49 username kernel: [    0.301052] pci 0000:00:03.0: supports D1 D2
2023-12-18 17:57:49 username kernel: [    0.301053] pci 0000:00:03.0: PME# supported from D0 D1 D2 D3hot D3cold
2023-12-18 17:57:49 username kernel: [    0.301103] pci 0000:00:04.0: [17cd:dc08] type 01 class 0x060400
2023-12-18 17:57:49 username kernel: [    0.301112] pci 0000:00:04.0: reg 0x10: [mem 0x1010400000-0x10104fffff 64bit pref]
2023-12-18 17:57:49 username kernel: [    0.301137] pci 0000:00:04.0: supports D1 D2
2023-12-18 17:57:49 username kernel: [    0.301138] pci 0000:00:04.0: PME# supported from D0 D1 D2 D3hot D3cold
2023-12-18 17:57:49 username kernel: [    0.301187] pci 0000:00:05.0: [17cd:dc01] type 01 class 0x060400
2023-12-18 17:57:49 username kernel: [    0.301196] pci 0000:00:05.0: reg 0x10: [mem 0x1010500000-0x10105fffff 64bit pref]
2023-12-18 17:57:49 username kernel: [    0.301221] pci 0000:00:05.0: supports D1 D2
2023-12-18 17:57:49 username kernel: [    0.301223] pci 0000:00:05.0: PME# supported from D0 D1 D2 D3hot D3cold
2023-12-18 17:57:49 username kernel: [    0.301306] pci 0000:01:00.0: [1002:6611] type 00 class 0x030000
2023-12-18 17:57:49 username kernel: [    0.301321] pci 0000:01:00.0: reg 0x10: [mem 0x1000000000-0x100fffffff 64bit pref]
2023-12-18 17:57:49 username kernel: [    0.301328] pci 0000:01:00.0: reg 0x18: [mem 0x58400000-0x5843ffff 64bit]
2023-12-18 17:57:49 username kernel: [    0.301333] pci 0000:01:00.0: reg 0x20: [io  0x2000-0x20ff]
2023-12-18 17:57:49 username kernel: [    0.301341] pci 0000:01:00.0: reg 0x30: [mem 0x58500000-0x5851ffff pref]
2023-12-18 17:57:49 username kernel: [    0.301346] pci 0000:01:00.0: enabling Extended Tags
2023-12-18 17:57:49 username kernel: [    0.301356] pci 0000:01:00.0: BAR 0: assigned to efifb
2023-12-18 17:57:49 username kernel: [    0.301381] pci 0000:01:00.0: supports D1 D2
2023-12-18 17:57:49 username kernel: [    0.301383] pci 0000:01:00.0: PME# supported from D1 D2 D3hot
2023-12-18 17:57:49 username kernel: [    0.301440] pci 0000:01:00.1: [1002:aab0] type 00 class 0x040300
2023-12-18 17:57:49 username kernel: [    0.301454] pci 0000:01:00.1: reg 0x10: [mem 0x58440000-0x58443fff 64bit]
2023-12-18 17:57:49 username kernel: [    0.301475] pci 0000:01:00.1: enabling Extended Tags
2023-12-18 17:57:49 username kernel: [    0.301505] pci 0000:01:00.1: supports D1 D2
2023-12-18 17:57:49 username kernel: [    0.301626] pci 0000:04:00.0: [1e49:1011] type 00 class 0x010802
2023-12-18 17:57:49 username kernel: [    0.301651] pci 0000:04:00.0: reg 0x10: [mem 0x58300000-0x58303fff 64bit]
2023-12-18 17:57:49 username kernel: [    0.301837] pci 0000:05:00.0: [1912:0014] type 00 class 0x0c0330
2023-12-18 17:57:49 username kernel: [    0.301860] pci 0000:05:00.0: reg 0x10: [mem 0x58200000-0x58201fff 64bit]
2023-12-18 17:57:49 username kernel: [    0.301942] pci 0000:05:00.0: PME# supported from D0 D3hot D3cold
2023-12-18 17:57:49 username kernel: [    0.302038] pci 0000:06:00.0: [1b21:1184] type 01 class 0x060400
2023-12-18 17:57:49 username kernel: [    0.302083] pci 0000:06:00.0: enabling Extended Tags
2023-12-18 17:57:49 username kernel: [    0.302128] pci 0000:06:00.0: PME# supported from D0 D3hot D3cold
2023-12-18 17:57:49 username kernel: [    0.302237] pci 0000:07:01.0: [1b21:1184] type 01 class 0x060400
2023-12-18 17:57:49 username kernel: [    0.302282] pci 0000:07:01.0: enabling Extended Tags
2023-12-18 17:57:49 username kernel: [    0.302327] pci 0000:07:01.0: PME# supported from D0 D3hot D3cold
2023-12-18 17:57:49 username kernel: [    0.302392] pci 0000:07:03.0: [1b21:1184] type 01 class 0x060400
2023-12-18 17:57:49 username kernel: [    0.302436] pci 0000:07:03.0: enabling Extended Tags
2023-12-18 17:57:49 username kernel: [    0.302480] pci 0000:07:03.0: PME# supported from D0 D3hot D3cold
2023-12-18 17:57:49 username kernel: [    0.302548] pci 0000:07:05.0: [1b21:1184] type 01 class 0x060400
2023-12-18 17:57:49 username kernel: [    0.302593] pci 0000:07:05.0: enabling Extended Tags
2023-12-18 17:57:49 username kernel: [    0.302637] pci 0000:07:05.0: PME# supported from D0 D3hot D3cold
