                                                   
PlatformFceEntry, GetVariable Status = Success
SpiTpmRead Status: 0x0, detect = 0x0, did_vid = 0x0
Memory Init PEIM Loaded!
Get Default Setup Configration
[InitNvramData][163L]NvramSize:0x8C45
[GetDeviceId][277]:temp:581
[GetDeviceId][287]ID[0x1860EF]!
[SpansionWriteProtectOperation][590]:SFC write disable !
InitMemNvramStructures Start
InitMemNvramStructures End
$$$ Initialize Totem I2C
Read SPD [Skt:0 Port:0 SlaveAddr:0x50]
[ReadSpd]:[176L] SPD EEPROM Switch Page SpdCurrentPage = 3 
>>>S0-C0-D0 SPD_KEY_BYTE: DDR4
>>>S0-C0-D0 SPD_KEY_BYTE2: UDIMM
>>>S0-C0-D0 SPD_SDRAM_BANKS: 0x85
>>>S0-C0-D0 SPD_SDRAM_TYPE_DDR4: 0x0
>>>S0-C0-D0 SPD_MODULE_ORG_DDR4: 0x1
SPD_MEM_BUS_WID_DDR4: 0x3
PrimaryBusWidth: 64 bits
ExtensionBusWidth: 0 bits
>>>S0-C0-D0 SPD_MIN_TCK_DDR4: 0x6
>>>S0-C0-D0 SPD_MAX_TCK_DDR4: 0xD
>>>S0-C0-D0 SPD_FTB_MIN_TCK_DDR4: 0x0
>>>S0-C0-D0 SPD_MODULE_SN_DDR4: 0x36223200
>>>S0-C0-D0 speed 2666, tCK : 7500 
Read SPD [Skt:0 Port:0 SlaveAddr:0x51]
>>>S0-C0-D1 SPD_KEY_BYTE: 
>>>S0-C0-D1 is empty or dram device not support.
Read SPD [Skt:0 Port:0 SlaveAddr:0x52]
>>>S0-C1-D0 SPD_KEY_BYTE: DDR4
>>>S0-C1-D0 SPD_KEY_BYTE2: UDIMM
>>>S0-C1-D0 SPD_SDRAM_BANKS: 0x85
>>>S0-C1-D0 SPD_SDRAM_TYPE_DDR4: 0x0
>>>S0-C1-D0 SPD_MODULE_ORG_DDR4: 0x1
SPD_MEM_BUS_WID_DDR4: 0x3
PrimaryBusWidth: 64 bits
ExtensionBusWidth: 0 bits
>>>S0-C1-D0 SPD_MIN_TCK_DDR4: 0x6
>>>S0-C1-D0 SPD_MAX_TCK_DDR4: 0xD
>>>S0-C1-D0 SPD_FTB_MIN_TCK_DDR4: 0x0
>>>S0-C1-D0 SPD_MODULE_SN_DDR4: 0x32223200
>>>S0-C1-D0 speed 2666, tCK : 7500 
Read SPD [Skt:0 Port:0 SlaveAddr:0x54]
>>>S0-C1-D1 SPD_KEY_BYTE: 
>>>S0-C1-D1 is empty or dram device not support.
GetMinTckFromAllDimms Start
GetMinTckFromAllDimms Done
GetSupportMaxFreq Start
[DdrFreqIdx: 15  Tck:7500]
GetSupportMaxFreq Done
GetSysSupportMaxFreq Start
Skt[0] Ch[0] maxPORFreqIdx = 17
Skt[0] Ch[1] maxPORFreqIdx = 17
---------------------------------------------------------------------
---------------------------------------------------------------------
g_PORFreqTable result(max system ddr frequency):
pGblData->PllFreqIdx       = 15
pGblData->DdrFreqIdx       = 15
pGblData->Tck              = 7500
pGblData->Freq             = 2666
---------------------------------------------------------------------
---------------------------------------------------------------------
GetSysSupportMaxFreq Done
The SC DDR Clk Value = 12
The SC DDR  DdrExmbist Value = 12
The SC DDR  5338 Value = 3
-------------- CPU info for Socket 0 TB--------------
CPU Frequency:  2600MHz
PLL1 Frequency: 2650MHz
PLL2 Frequency: 2650MHz
PLL3 Frequency: 2000MHz
------------------------------------------------------
Wafer ID:        25
Position         X:  5  Y:  19
CP Test Date:    2020-06-27
-------------- CPU info for Socket 0 NA--------------
PLL0 Frequency:   250MHz
PLL1 Frequency: 1000MHz
PLL2 Frequency: 1000MHz
PLL3 Frequency: 1200MHz
PLL4 Frequency:  800MHz
------------------------------------------------------
[DetermineBootMode]WarmBootFast..........Checking
[DetermineBootMode]DDR_INIT_FINISH_REG isn't set! WarmBootFast cann't be supported!
[IsDimmStatusChanged]DIMM Status..........Checking
[DetermineBootMode]ColdBootFast..........Checking
[DetermineBootMode]MemInitCodeRevision: 100
[DetermineBootMode]Checks Done! Execute [ColdBootFast] procedures!
[S0][GetDimmSpdData]
[S0][ch0][GetSpdDataDDR4]:[937L]
[S0][ch1][GetSpdDataDDR4]:[937L]
[Skt:0 Ch:0] PreConfig..........................................Start
[Skt:0 Ch:0] TestRegister..........................................Start
[Skt:0 Ch:0] TestRegister..........................................End
[Skt:0 Ch:0] InitPhyPll............................................Start
[Skt:0 Ch:0] InitPhyPll............................................End
[Skt:0 Ch:0] InitDmc...............................................Start
[Skt:0 Ch:0] InitDmc...............................................End
[Skt:0 Ch:0] InitHpc...............................................Start
[Skt:0 Ch:0] InitHpc...............................................End
[Skt:0 Ch:0] InitPhy...............................................Start
[Skt:0 Ch:0] InitPhy...............................................End
[Skt:0 Ch:0] InitDimm..............................................Start
[Skt:0 Ch:0] InitDimm..............................................END
[Skt:0 Ch:0] PreConfig..........................................End
[Skt:0 Ch:0] PrintfPreConfigResult..............................Start
[Skt:0 Ch:0] PrintfPreConfigResult..............................End
[Skt:0 Ch:0] Dcc Adjust Recover.....................Start
[Skt:0 Ch:0] Dcc Adjust Recover.....................End
[Skt:0 Ch:0] GateLevelingRecover....................Start
[Skt:0 Ch:0] GateLevelingRecover....................End
[Skt:0 Ch:0] WriteLevelingCycleRecover..............Start
[Skt:0 Ch:0] WriteLevelingCycleRecover..............End
[Skt:0 Ch:0] ReadDataEyeTrainingRecover.............Start
[Skt:0 Ch:0] ReadDataEyeTrainingRecover.............End
[Skt:0 Ch:0] WriteDataEyeTrainingRecover............Start
[Skt:0 Ch:0] WriteDataEyeTrainingRecover............End
[Skt:0 Ch:0] TxVrefTrainingRecover..................Start
[Skt:0 Ch:0] TxVrefTrainingRecover..................End
[Skt:0 Ch:0] CaTrainingRecover......................Start
[Skt:0 Ch:0] CaTrainingRecover......................End
[Skt:0 Ch:0] DfeTrainingSolution2Recover...........Start
[Skt:0 Ch:0] DfeTrainingSolution2Recover...........End
[Skt:0 Ch:0] ReadDataEyeTrainingRecover............Start
[Skt:0 Ch:0] ReadDataEyeTrainingRecover............End
***************************************************
[Skt:0 Ch:0] DDR Init Finished!
***************************************************
ResetAllSlaveCore..........................................Start
[12884][TarS0][Cl1-0xFF]
ResetAllSlaveCore..........................................End
=======================================================================================================================================================================
| socekt 0                                                                                   |
=======================================================================================================================================================================
| Slot |         0         |         1         |         2         |         3         |         4         |         5         |         6         |         7         |
=======================================================================================================================================================================
|   0  |        1A08       |        1A08       |      NO DIMM      |      NO DIMM      |      NO DIMM      |      NO DIMM      |      NO DIMM      |      NO DIMM      |
|      |        0000       |        0000       |                   |                   |                   |                   |                   |                   |
|      |    DDR4 UDIMM     |    DDR4 UDIMM     |                   |                   |                   |                   |                   |                   |
|      |    8GB(1RX8 1H)   |    8GB(1RX8 1H)   |                   |                   |                   |                   |                   |                   |
|      |       2666       |       2666       |                   |                   |                   |                   |                   |                   |
|      |    ww49 2020      |    ww49 2020      |                   |                   |                   |                   |                   |                   |
|      | SCQ08GU03H1F1C-26V  | SCQ08GU03H1F1C-26V  |                   |                   |                   |                   |                   |                   |
|      |                   |                   |                   |                   |                   |                   |                   |                   |
|      |     DIMM 030      |     DIMM 010      |     DIMM 020      |     DIMM 000      |     DIMM 030      |     DIMM 070      |     DIMM 010      |     DIMM 050      |
-----------------------------------------------
|   1  |      NO DIMM      |      NO DIMM      |      NO DIMM      |      NO DIMM      |      NO DIMM      |      NO DIMM      |      NO DIMM      |      NO DIMM      |
|      |                   |                   |                   |                   |                   |                   |                   |                   |
|      |                   |                   |                   |                   |                   |                   |                   |                   |
|      |                   |                   |                   |                   |                   |                   |                   |                   |
|      |                   |                   |                   |                   |                   |                   |                   |                   |
|      |                   |                   |                   |                   |                   |                   |                   |                   |
|      |                   |                   |                   |                   |                   |                   |                   |                   |
|      |                   |                   |                   |                   |                   |                   |                   |                   |
|      |     DIMM 031      |     DIMM 011      |     DIMM 021      |     DIMM 001      |     DIMM 031      |     DIMM 071      |     DIMM 011      |     DIMM 051      |
-----------------------------------------------
Build Hob base=2080000000 size=380000000
&NOTICE:  PL011_UART_BASE: 
NOTICE:  Booting Trusted Firmware
NOTICE:  BL1: v2.0(release):LOG-uniBIOS_Hi1620_V200R002C20SPC001B023-98-g599589b-dirty
NOTICE:  BL1: Built : 
...............................................................................................NOTICE:  BL1: Booting BL2
ERROR:   Hello Bl2
NOTICE:  BL2: v2.0(release):LOG-uniBIOS_Hi1620_V200R002C20SPC001B023-98-g599589b-dirty
NOTICE:  BL2: Built : 
NOTICE:  BL1: Booting BL31
12345NOTICE:  BL31: v2.0(release):LOG-uniBIOS_Hi1620_V200R002C20SPC001B023-98-g599589b-dirty
NOTICE:  BL31: Built : 
[InitializeMemory]:[259L]GBL_INTERFACE Size:0xA3E0


Execute L3D and L3T MMMMMMMMMMMMBIST or not?
(Press 'Ctrl+t' or 'Ctrl+T' to choose MBIST, or it will boot in default.)
Now wait for 3 seconds...
Start to enable MMU...
[MemoryPeim][220] enable MMU
[UpdateSmbiosType13Info]:[112L] Get SMBIOS Type13 Failed. Status : Not Found
UpdateSmbiosType13Entry(228):Update Type13 fail !
Error: Image at 0003EFF1000 start failed: Not Found
remove-symbol-file /home/qa/build/cruisecontrol-bin-2.8.4/projects/HuaweiDesktopCRBBC32MBSA/src/trunk/output/Hi1620sPcSource/RELEASE_GCC48/AARCH64/HwPkg/UEFI/Common/Drivers/Smbios/UpdateSmbiosType13/UpdateSmbiosType13/DEBUG/UpdateSmbiosType13.dll 0x3EFF12Set Tpm Present Status START!Set Tpm Present Status START!Set Tpm Present Status START!Set Tpm Present Status START!Set Tpm Present Status START!Set Tpm Present Status START!Set Tpm Present Status START!Set Tpm Present Status START!Set Tpm Present Status START!Macro 3 Download Firmware Success!!
service slice calibration success!
clock slice calibration success!
h30 serdes cs init ok!
h30_serdes_ds_init ok!
Macro 3 Download Firmware Success!!
[pcie_core_global_reset]:[1360L]: Unsupported
[pcie_core_global_reset]:[1360L]: Unsupported
Macro 4 Download Firmware Success!!
h16 serdes cs init ok!
[h16_serdes_ds_init] h16_serdes_ds_init ok!
Macro 9 Download Firmware Success!!
h16 serdes cs init ok!
[h16_serdes_ds_init] h16_serdes_ds_init ok!
Macro 5 Download Firmware Success!!
h16 serdes cs init ok!
[h16_serdes_ds_init] h16_serdes_ds_init ok!
Macro 6 Download Firmware Success!!
h16 serdes cs init ok!
[h16_serdes_ds_init] h16_serdes_ds_init ok!
Macro 7 Download Firmware Success!!
h16 serdes cs init ok!
[h16_serdes_ds_init] h16_serdes_ds_init ok!
Macro 10 Download Firmware Success!!
h16 serdes cs init ok!
[h16_serdes_ds_init] h16_serdes_ds_init ok!
Macro 8 Download Firmware Success!!
h16 serdes cs init ok!
[h16_serdes_ds_init] h16_serdes_ds_init ok!
NOTICE:  M7 config in secure world start.
NOTICE:  Socket=0 Firmware Address=398e0000 NCL Address=398c0000
NOTICE:  Config S0 NCL M7 start.
NOTICE:  Done
.NOTICE:  Config S0 NCL M7 done.
Enter setTotemFreq
Error: Image at 000397CD000 start failed: Not Found
remove-symbol-file /home/qa/build/cruisecontrol-bin-2.8.4/projects/HuaweiDesktopCRBBC32MBSA/src/trunk/output/Hi1620sPcSource/RELEASE_GCC48/AARCH64/MdeModulePkg/Universal/Console/GraphicsOutputDxe/GraphicsOutputDxe/DEBUG/GraphicsOutputDxe.dll 0x397CD240
[UpdateType11StringInfoTables]:[458L] AddSmbios11 Failed.Status: Already started
[UpdateSmbiosType11Entry]:[481L] UpdateType11StringInfoTables. Status : Already started
Error: Image at 00031731000 start failed: Already started
remove-symbol-file /home/qa/build/cruisecontrol-bin-2.8.4/projects/HuaweiDesktopCRBBC32MBSA/src/trunk/output/Hi1620sPcSource/RELEASE_GCC48/AARCH64/HwPkg/UEFI/Common/Drivers/Smbios/UpdateSmbiosType11/UpdateSmbiosType11/DEBUG/UpdateSmbiosType11.dll 0x317312[VariableOpAfterUpdateFwEntryPoint]:[37L] No OEMBackupConfig!
Error: Image at 000314F7000 start failed: Not Found
remove-symbol-file /home/qa/build/cruisecontrol-bin-2.8.4/projects/HuaweiDesktopCRBBC32MBSA/src/trunk/output/Hi1620sPcSource/RELEASE_GCC48/AARCH64/HwPkg/UEFI/Products/Common/Drivers/VariableOpAfterUpdateFw/VariableOpAfterUpdateFw/DEBUG/VariableOpAfterUpda[Bds] Entry...
InitializeLang, PlatformLang LanguageValue :zh-Hans.
SpkAlarm:Pci->Hdr.VendorId= 1841, ClassCode[0x1]= 0, ClassCode[0x2]= 3
SpkAlarm:Pci->Hdr.VendorId= 1841, ClassCode[0x1]= 0, ClassCode[0x2]= 3
START: address_0xd7418004 [0x00100002]
AddOutput: <device path unavailable>: handle 3E179A18: device path not found
XHCI: Don't support multi-TT feature for Hub now. (force to disable MTT)
[IsInitEth] [482L] Port:0 disable
[SnpPV600InitializeGlobalData] [1087L] Port:0 disable
[IsInitEth] [482L] Port:1 disable
[SnpPV600InitializeGlobalData] [1087L] Port:1 disable
SataControllerStart error. return status = Already started
SataControllerStart error. return status = Already started
SataControllerStart error. return status = Already started
SataControllerStart error. return status = Already started
SataControllerStart error. return status = Already started
SataControllerStart error. return status = Already started
SataControllerStart error. return status = Already started
EliminateExtraSpaces(55):MemCpyS() run failed, Status = Invalid Parameter
EliminateExtraSpaces(55):MemCpyS() run failed, Status = Invalid Parameter
EliminateExtraSpaces(55):MemCpyS() run failed, Status = Invalid Parameter
LocateProtocol IPMI_INTERFACE_PROTOCOL failed!
Get iBMC BootOpts Not Found!

BIOS POST END flag -> CPLD 0x4D (0x8)...
[1123L]Status:Not Found, BmcBootNext:39152 16150 0 BmcBootNextSize:40
NOTICE:  [D06_nopmu_pwr_domain_on]:[39L] 
NOTICE:  [scpi_set_css_power_state]:[216L] Modify TB Boot Address to 3fc00000
NOTICE:  [scpi_set_css_power_state]:[296L] ulpos_mpidr = 0x0   domain_bit = 0x1  
NOTICE:  [144l]Dieid = 0x3 ClusterID = 0x0 domain_bit = 0x1 Value to [dd3f973dL]..
NOTICE:  [123l]Dieid = 0x3 ClusterID = 0x0 ClustIdx = 0x0 domain_bit = 0x1 Value to [3L]..
NOTICE:  [D06_nopmu_pwr_domain_on]:[39L] 
NOTICE:  [scpi_set_css_power_state]:[216L] Modify TB Boot Address to 3fc00000
NOTICE:  [scpi_set_css_power_state]:[296L] ulpos_mpidr = 0x0   domain_bit = 0x2  
NOTICE:  [144l]Dieid = 0x3 ClusterID = 0x0 domain_bit = 0x2 Value to [dd7f973dL]..
NOTICE:  [123l]Dieid = 0x3 ClusterID = 0x0 ClustIdx = 0x0 domain_bit = 0x2 Value to [7L]..
NOTICE:  [D06_nopmu_pwr_domain_on]:[39L] 
NOTICE:  [scpi_set_css_power_state]:[216L] Modify TB Boot Address to 3fc00000
NOTICE:  [scpi_set_css_power_state]:[296L] ulpos_mpidr = 0x0   domain_bit = 0x3  
NOTICE:  [144l]Dieid = 0x3 ClusterID = 0x0 domain_bit = 0x3 Value to [ddff973dL]..
NOTICE:  [123l]Dieid = 0x3 ClusterID = 0x0 ClustIdx = 0x0 domain_bit = 0x3 Value to [fL]..
NOTICE:  [D06_nopmu_pwr_domain_on]:[39L] 
NOTICE:  [scpi_set_css_power_state]:[216L] Modify TB Boot Address to 3fc00000
NOTICE:  [scpi_set_css_power_state]:[296L] ulpos_mpidr = 0x1   domain_bit = 0x0  
NOTICE:  [144l]Dieid = 0x3 ClusterID = 0x1 domain_bit = 0x0 Value to [dd1f973dL]..
NOTICE:  [123l]Dieid = 0x3 ClusterID = 0x1 ClustIdx = 0x0 domain_bit = 0x0 Value to [10fL]..
NOTICE:  [D06_nopmu_pwr_domain_on]:[39L] 
NOTICE:  [scpi_set_css_power_state]:[216L] Modify TB Boot Address to 3fc00000
NOTICE:  [scpi_set_css_power_state]:[296L] ulpos_mpidr = 0x1   domain_bit = 0x1  
NOTICE:  [144l]Dieid = 0x3 ClusterID = 0x1 domain_bit = 0x1 Value to [dd3f973dL]..
NOTICE:  [123l]Dieid = 0x3 ClusterID = 0x1 ClustIdx = 0x0 domain_bit = 0x1 Value to [30fL]..
NOTICE:  [D06_nopmu_pwr_domain_on]:[39L] 
NOTICE:  [scpi_set_css_power_state]:[216L] Modify TB Boot Address to 3fc00000
NOTICE:  [scpi_set_css_power_state]:[296L] ulpos_mpidr = 0x1   domain_bit = 0x2  
NOTICE:  [144l]Dieid = 0x3 ClusterID = 0x1 domain_bit = 0x2 Value to [dd7f973dL]..
NOTICE:  [123l]Dieid = 0x3 ClusterID = 0x1 ClustIdx = 0x0 domain_bit = 0x2 Value to [70fL]..
NOTICE:  [D06_nopmu_pwr_domain_on]:[39L] 
NOTICE:  [scpi_set_css_power_state]:[216L] Modify TB Boot Address to 3fc00000
NOTICE:  [scpi_set_css_power_state]:[296L] ulpos_mpidr = 0x1   domain_bit = 0x3  
NOTICE:  [144l]Dieid = 0x3 ClusterID = 0x1 domain_bit = 0x3 Value to [ddff973dL]..
NOTICE:  [123l]Dieid = 0x3 ClusterID = 0x1 ClustIdx = 0x0 domain_bit = 0x3 Value to [f0fL]..
[    0.000000] Booting Linux on physical CPU 0x0000180000 [0x481fd010]
[    0.000000] Linux version 4.19.0-arm64-desktop-kdump-lockdep (yuanqiliang@uosserver-PC) (gcc version 8.3.0 (Uos 8.3.0.3-3+rebuild)) #3103 SMP Fri Dec 8 11:25:05 CST 2023
[    0.000000] debug: ignoring loglevel setting.
[    0.000000] efi: Getting EFI parameters from FDT:
[    0.000000] efi: EFI v2.70 by EDK II
[    0.000000] efi:  ACPI 2.0=0x39e30000  SMBIOS 3.0=0x3f0d0000  MEMATTR=0x3cf55018 
[    0.000000] crashkernel reserved: 0x0000000060000000 - 0x0000000080000000 (512 MB)
[    0.000000] ACPI: Early table checksum verification disabled
[    0.000000] ACPI: RSDP 0x0000000039E30000 000024 (v02 HISI  )
[    0.000000] ACPI: XSDT 0x0000000039E20000 000064 (v01 HISI   HIP08    00000000      01000013)
[    0.000000] ACPI: FACP 0x0000000039A10000 000114 (v06 HISI   HIP08    00000000 HISI 20151124)
[    0.000000] ACPI: DSDT 0x00000000399C0000 00766E (v02 HISI   HIP08    00000000 INTL 20190108)
[    0.000000] ACPI: PCCT 0x0000000039E10000 00008A (v01 HISI   HIP08    00000000 HISI 20151124)
[    0.000000] ACPI: SSDT 0x0000000039E00000 00E64A (v02 HISI   HIP07    00000000 INTL 20190108)
[    0.000000] ACPI: GTDT 0x0000000039A00000 00007C (v02 HISI   HIP08    00000000 HISI 20151124)
[    0.000000] ACPI: MCFG 0x00000000399F0000 00003C (v01 HISI   HIP08    00000000 HISI 20151124)
[    0.000000] ACPI: APIC 0x00000000399D0000 0002D8 (v04 HISI   HIP08    00000000 HISI 20151124)
[    0.000000] ACPI: IORT 0x00000000399B0000 000590 (v00 HISI   HIP08    00000000 INTL 20190108)
[    0.000000] ACPI: PPTT 0x00000000314B0000 000492 (v01 HISI   HIP08    00000000 HISI 20151124)
[    0.000000] On node 0 totalpages: 4193264
[    0.000000]   DMA32 zone: 8176 pages used for memmap
[    0.000000]   DMA32 zone: 0 pages reserved
[    0.000000]   DMA32 zone: 523248 pages, LIFO batch:63
[    0.000000]   Normal zone: 57344 pages used for memmap
[    0.000000]   Normal zone: 3670016 pages, LIFO batch:63
[    0.000000] psci: probing for conduit method from ACPI.
[    0.000000] psci: PSCIv1.1 detected in firmware.
[    0.000000] psci: Using standard PSCI v0.2 function IDs
[    0.000000] psci: MIGRATE_INFO_TYPE not supported.
[    0.000000] psci: SMC Calling Convention v1.1
[    0.000000] percpu: Embedded 477 pages/cpu s1916632 r8192 d28968 u1953792
[    0.000000] pcpu-alloc: s1916632 r8192 d28968 u1953792 alloc=477*4096
[    0.000000] pcpu-alloc: [0] 0 [0] 1 [0] 2 [0] 3 [0] 4 [0] 5 [0] 6 [0] 7 
[    0.000000] Detected VIPT I-cache on CPU0
[    0.000000] Speculative Store Bypass Disable mitigation not required
[    0.000000] CPU features: detected: Virtualization Host Extensions
[    0.000000] CPU features: detected: Hardware dirty bit management
[    0.000000] Built 1 zonelists, mobility grouping on.  Total pages: 4127744
[    0.000000] Kernel command line: BOOT_IMAGE=/vmlinuz-4.19.0-arm64-desktop-kdump-lockdep root=UUID=bd4b592f-4763-45a0-91cb-a055c8addaa8 ro splash initcall_debug ignore_loglevel console=ttyAMA0,115200 no_console_suspend "dyndbg=file *usb* +p" plymouth.ignore-serial-consoles DEEPIN_GFXMODE= crashkernel=1024M-:512M
[    0.000000] log_buf_len individual max cpu contribution: 32768 bytes
[    0.000000] log_buf_len total cpu_extra contributions: 229376 bytes
[    0.000000] log_buf_len min size: 131072 bytes
[    0.000000] log_buf_len: 524288 bytes
[    0.000000] early log buf free: 127668(97%)
[    0.000000] Dentry cache hash table entries: 2097152 (order: 12, 16777216 bytes)
[    0.000000] Inode-cache hash table entries: 1048576 (order: 11, 8388608 bytes)
[    0.000000] software IO TLB: mapped [mem 0x5bfff000-0x5ffff000] (64MB)
[    0.000000] Memory: 15696464K/16773056K available (11772K kernel code, 3504K rwdata, 6068K rodata, 6144K init, 13616K bss, 1076592K reserved, 0K cma-reserved)
[    0.000000] SLUB: HWalign=64, Order=0-3, MinObjects=0, CPUs=8, Nodes=1
[    0.000000] Running RCU self tests
[    0.000000] rcu: Hierarchical RCU implementation.
[    0.000000] rcu:     RCU lockdep checking is enabled.
[    0.000000] rcu:     RCU restricting CPUs from NR_CPUS=256 to nr_cpu_ids=8.
[    0.000000] rcu: Adjusting geometry for rcu_fanout_leaf=16, nr_cpu_ids=8
[    0.000000] NR_IRQS: 64, nr_irqs: 64, preallocated irqs: 0
[    0.000000] GICv3: GIC: Using split EOI/Deactivate mode
[    0.000000] GICv3: Distributor has no Range Selector support
[    0.000000] GICv3: VLPI support, direct LPI support
[    0.000000] ITS [mem 0xa8100000-0xa811ffff]
[    0.000000] ITS@0x00000000a8100000: Using ITS number 0
[    0.000000] ITS@0x00000000a8100000: allocated 65536 Devices @23ed100000 (flat, esz 8, psz 16K, shr 1)
[    0.000000] ITS@0x00000000a8100000: allocated 65536 Virtual CPUs @23ed200000 (flat, esz 16, psz 4K, shr 1)
[    0.000000] ITS@0x00000000a8100000: allocated 256 Interrupt Collections @23ed037000 (flat, esz 16, psz 4K, shr 1)
[    0.000000] GIC: using LPI property table @0x00000023ed090000
[    0.000000] ITS: Using DirectLPI for VPE invalidation
[    0.000000] ITS: Enabling GICv4 support
[    0.000000] GICv3: CPU0: found redistributor 180000 region 0:0x00000000aa100000
[    0.000000] CPU0: using LPI pending table @0x00000023ed0a0000
[    0.000000] rcu:     Offload RCU callbacks from CPUs: (none).
[    0.000000] arch_timer: cp15 timer(s) running at 100.00MHz (phys).
[    0.000000] clocksource: arch_sys_counter: mask: 0xffffffffffffff max_cycles: 0x171024e7e0, max_idle_ns: 440795205315 ns
[    0.000001] sched_clock: 56 bits at 100MHz, resolution 10ns, wraps every 4398046511100ns
[    0.000054] calling  con_init+0x0/0x238 @ 0
[    0.000080] Console: colour dummy device 80x25
[    0.000088] initcall con_init+0x0/0x238 returned 0 after 0 usecs
[    0.000094] calling  hvc_console_init+0x0/0x24 @ 0
[    0.000100] initcall hvc_console_init+0x0/0x24 returned 0 after 0 usecs
[    0.000106] calling  xen_cons_init+0x0/0x78 @ 0
[    0.000112] initcall xen_cons_init+0x0/0x78 returned 0 after 0 usecs
[    0.000117] calling  univ8250_console_init+0x0/0x40 @ 0
[    0.000127] initcall univ8250_console_init+0x0/0x40 returned 0 after 0 usecs
[    0.000132] Lock dependency validator: Copyright (c) 2006 Red Hat, Inc., Ingo Molnar
[    0.000136] ... MAX_LOCKDEP_SUBCLASSES:  8
[    0.000140] ... MAX_LOCK_DEPTH:          48
[    0.000144] ... MAX_LOCKDEP_KEYS:        8191
[    0.000148] ... CLASSHASH_SIZE:          4096
[    0.000153] ... MAX_LOCKDEP_ENTRIES:     32768
[    0.000157] ... MAX_LOCKDEP_CHAINS:      65536
[    0.000161] ... CHAINHASH_SIZE:          32768
[    0.000165]  memory used by lock dependency info: 7903 kB
[    0.000169]  per task-struct memory footprint: 2688 bytes
[    0.000180] ACPI: Core revision 20180810
[    0.000356] Calibrating delay loop (skipped), value calculated using timer frequency.. 200.00 BogoMIPS (lpj=400000)
[    0.000362] pid_max: default: 32768 minimum: 301
[    0.000414] Security Framework initialized
[    0.000423] calling  selinux_init+0x0/0x1e4 @ 0
[    0.000429] initcall selinux_init+0x0/0x1e4 returned 0 after 0 usecs
[    0.000435] calling  elfverify_init+0x0/0x54 @ 0
[    0.000440] LSM initialized: elfverify, elf enabled: 1, network enabled: 1
[    0.000446] initcall elfverify_init+0x0/0x54 returned 0 after 0 usecs
[    0.000451] calling  manager_init+0x0/0x174 @ 0
[    0.000485] UOS Manager initialized: uosmanager
[    0.000490] initcall manager_init+0x0/0x174 returned 0 after 0 usecs
[    0.000495] calling  tomoyo_init+0x0/0x6c @ 0
[    0.000501] initcall tomoyo_init+0x0/0x6c returned 0 after 0 usecs
[    0.000507] calling  apparmor_init+0x0/0x2d4 @ 0
[    0.000535] AppArmor: AppArmor initialized
[    0.000541] initcall apparmor_init+0x0/0x2d4 returned 0 after 0 usecs
[    0.000546] calling  integrity_iintcache_init+0x0/0x3c @ 0
[    0.000555] initcall integrity_iintcache_init+0x0/0x3c returned 0 after 0 usecs
[    0.000585] Mount-cache hash table entries: 32768 (order: 6, 262144 bytes)
[    0.000598] Mountpoint-cache hash table entries: 32768 (order: 6, 262144 bytes)
[    0.001731] calling  trace_init_flags_sys_enter+0x0/0x1c @ 1
[    0.001738] initcall trace_init_flags_sys_enter+0x0/0x1c returned 0 after 0 usecs
[    0.001743] calling  trace_init_flags_sys_exit+0x0/0x1c @ 1
[    0.001748] initcall trace_init_flags_sys_exit+0x0/0x1c returned 0 after 0 usecs
[    0.001754] calling  cpu_suspend_init+0x0/0x58 @ 1
[    0.001760] initcall cpu_suspend_init+0x0/0x58 returned 0 after 0 usecs
[    0.001766] calling  asids_init+0x0/0xd0 @ 1
[    0.001771] ASID allocator initialised with 32768 entries
[    0.001777] initcall asids_init+0x0/0xd0 returned 0 after 0 usecs
[    0.001782] calling  xen_guest_init+0x0/0x2e0 @ 1
[    0.001788] initcall xen_guest_init+0x0/0x2e0 returned 0 after 0 usecs
[    0.001793] calling  spawn_ksoftirqd+0x0/0x48 @ 1
[    0.001878] initcall spawn_ksoftirqd+0x0/0x48 returned 0 after 0 usecs
[    0.001884] calling  migration_init+0x0/0x4c @ 1
[    0.001890] initcall migration_init+0x0/0x4c returned 0 after 0 usecs
[    0.001896] calling  check_cpu_stall_init+0x0/0x2c @ 1
[    0.001902] initcall check_cpu_stall_init+0x0/0x2c returned 0 after 0 usecs
[    0.001907] calling  srcu_bootup_announce+0x0/0x40 @ 1
[    0.001912] rcu: Hierarchical SRCU implementation.
[    0.001917] initcall srcu_bootup_announce+0x0/0x40 returned 0 after 0 usecs
[    0.001921] calling  rcu_spawn_gp_kthread+0x0/0x174 @ 1
[    0.002021] initcall rcu_spawn_gp_kthread+0x0/0x174 returned 0 after 0 usecs
[    0.002027] calling  cpu_stop_init+0x0/0xf4 @ 1
[    0.002100] initcall cpu_stop_init+0x0/0xf4 returned 0 after 0 usecs
[    0.002105] calling  init_events+0x0/0x60 @ 1
[    0.002127] initcall init_events+0x0/0x60 returned 0 after 0 usecs
[    0.002132] calling  init_trace_printk+0x0/0x20 @ 1
[    0.002140] initcall init_trace_printk+0x0/0x20 returned 0 after 0 usecs
[    0.002146] calling  event_trace_enable_again+0x0/0x6c @ 1
[    0.002152] initcall event_trace_enable_again+0x0/0x6c returned 0 after 0 usecs
[    0.002157] calling  jump_label_init_module+0x0/0x1c @ 1
[    0.002164] initcall jump_label_init_module+0x0/0x1c returned 0 after 0 usecs
[    0.002170] calling  dynamic_debug_init+0x0/0x2b0 @ 1
[    0.004047] initcall dynamic_debug_init+0x0/0x2b0 returned 0 after 3906 usecs
[    0.004053] calling  its_pmsi_init+0x0/0xa8 @ 1
[    0.004069] Platform MSI: ITS@0xa8100000 domain created
[    0.004078] initcall its_pmsi_init+0x0/0xa8 returned 0 after 0 usecs
[    0.004083] calling  its_pci_msi_init+0x0/0xc4 @ 1
[    0.004095] PCI/MSI: ITS@0xa8100000 domain created
[    0.004103] initcall its_pci_msi_init+0x0/0xc4 returned 0 after 0 usecs
[    0.004109] calling  arm_enable_runtime_services+0x0/0x1e8 @ 1
[    0.004116] Remapping and enabling EFI services.
[    0.004307] initcall arm_enable_runtime_services+0x0/0x1e8 returned 0 after 0 usecs
[    0.004313] calling  brcmstb_soc_device_early_init+0x0/0xa0 @ 1
[    0.004319] initcall brcmstb_soc_device_early_init+0x0/0xa0 returned 0 after 0 usecs
[    0.004324] calling  brcmstb_biuctrl_init+0x0/0x314 @ 1
[    0.004331] initcall brcmstb_biuctrl_init+0x0/0x314 returned 0 after 0 usecs
[    0.004337] calling  rand_initialize+0x0/0xc8 @ 1
[    0.004411] initcall rand_initialize+0x0/0xc8 returned 0 after 0 usecs
[    0.004416] calling  dummy_timer_register+0x0/0x34 @ 1
[    0.004426] initcall dummy_timer_register+0x0/0x34 returned 0 after 0 usecs
[    0.004431] calling  initialize_ptr_random+0x0/0x68 @ 1
[    0.004440] initcall initialize_ptr_random+0x0/0x68 returned 0 after 0 usecs
[    0.004764] smp: Bringing up secondary CPUs ...
[    0.035770] Detected VIPT I-cache on CPU1
[    0.035777] GICv3: CPU1: found redistributor 180100 region 1:0x00000000aa140000
[    0.035786] BUG: sleeping function called from invalid context at mm/slab.h:422
[    0.035789] in_atomic(): 1, irqs_disabled(): 128, pid: 0, name: swapper/1
[    0.035791] 1 lock held by swapper/1/0:
[    0.035793]  #0: (____ptrval____) (its_lock){....}, at: its_cpu_init+0x34/0x24c
[    0.035800] irq event stamp: 0
[    0.035803] hardirqs last  enabled at (0): [<0000000000000000>]           (null)
[    0.035806] hardirqs last disabled at (0): [<ffff0000080d7608>] copy_process.isra.4.part.5+0x260/0x18c8
[    0.035808] softirqs last  enabled at (0): [<ffff0000080d7608>] copy_process.isra.4.part.5+0x260/0x18c8
[    0.035810] softirqs last disabled at (0): [<0000000000000000>]           (null)
[    0.035814] CPU: 1 PID: 0 Comm: swapper/1 Not tainted 4.19.0-arm64-desktop-kdump-lockdep #3103
[    0.035816] Call trace:
[    0.035818]  dump_backtrace+0x0/0x190
[    0.035820]  show_stack+0x14/0x20
[    0.035823]  dump_stack+0xc8/0x104
[    0.035826]  ___might_sleep+0x154/0x220
[    0.035828]  __might_sleep+0x50/0x88
[    0.035831]  kmem_cache_alloc_trace+0x248/0x320
[    0.035834]  __get_vm_area_node.isra.9+0x70/0x198
[    0.035836]  get_vm_area_caller+0x34/0x40
[    0.035838]  __ioremap_caller+0x64/0xf0
[    0.035841]  __ioremap+0x10/0x18
[    0.035843]  its_cpu_init+0x7c/0x24c
[    0.035846]  gic_cpu_init.part.6+0x58/0x68
[    0.035848]  gic_starting_cpu+0x14/0x20
[    0.035850]  cpuhp_invoke_callback+0xe8/0xbf0
[    0.035852]  notify_cpu_starting+0x70/0xa8
[    0.035855]  secondary_start_kernel+0xf0/0x180
[    0.035879] CPU1: using LPI pending table @0x00000023e8830000
[    0.035894] CPU1: Booted secondary processor 0x0000180100 [0x481fd010]
[    0.069271] Detected VIPT I-cache on CPU2
[    0.069277] GICv3: CPU2: found redistributor 180200 region 2:0x00000000aa180000
[    0.069302] CPU2: using LPI pending table @0x00000023e88a0000
[    0.069314] CPU2: Booted secondary processor 0x0000180200 [0x481fd010]
[    0.102776] Detected VIPT I-cache on CPU3
[    0.102782] GICv3: CPU3: found redistributor 180300 region 3:0x00000000aa1c0000
[    0.102807] CPU3: using LPI pending table @0x00000023e8910000
[    0.102819] CPU3: Booted secondary processor 0x0000180300 [0x481fd010]
[    0.136463] Detected VIPT I-cache on CPU4
[    0.136474] GICv3: CPU4: found redistributor 190000 region 4:0x00000000aa200000
[    0.136506] CPU4: using LPI pending table @0x00000023e8980000
[    0.136523] CPU4: Booted secondary processor 0x0000190000 [0x481fd010]
[    0.170134] Detected VIPT I-cache on CPU5
[    0.170142] GICv3: CPU5: found redistributor 190100 region 5:0x00000000aa240000
[    0.170166] CPU5: using LPI pending table @0x00000023e89f0000
[    0.170178] CPU5: Booted secondary processor 0x0000190100 [0x481fd010]
[    0.203812] Detected VIPT I-cache on CPU6
[    0.203819] GICv3: CPU6: found redistributor 190200 region 6:0x00000000aa280000
[    0.203844] CPU6: using LPI pending table @0x00000023e8aa0000
[    0.203855] CPU6: Booted secondary processor 0x0000190200 [0x481fd010]
[    0.237490] Detected VIPT I-cache on CPU7
[    0.237498] GICv3: CPU7: found redistributor 190300 region 7:0x00000000aa2c0000
[    0.237524] CPU7: using LPI pending table @0x00000023e8b10000
[    0.237536] CPU7: Booted secondary processor 0x0000190300 [0x481fd010]
[    0.238504] smp: Brought up 1 node, 8 CPUs
[    0.238598] SMP: Total of 8 processors activated.
[    0.238603] CPU features: detected: GIC system register CPU interface
[    0.238607] CPU features: detected: Privileged Access Never
[    0.238611] CPU features: detected: User Access Override
[    0.238616] CPU features: detected: Data cache clean to Point of Persistence
[    0.238620] CPU features: detected: RAS Extension Support
[    0.239116] CPU: All CPU(s) started at EL2
[    0.239145] alternatives: patching kernel code
[    0.240319] devtmpfs: initialized
[    0.240653] calling  bpf_jit_charge_init+0x0/0x3c @ 1
[    0.240660] initcall bpf_jit_charge_init+0x0/0x3c returned 0 after 0 usecs
[    0.240666] calling  ipc_ns_init+0x0/0x3c @ 1
[    0.240680] random: get_random_u32 called from bucket_table_alloc.isra.8+0x88/0x198 with crng_init=0
[    0.240690] initcall ipc_ns_init+0x0/0x3c returned 0 after 0 usecs
[    0.240695] calling  init_mmap_min_addr+0x0/0x18 @ 1
[    0.240701] initcall init_mmap_min_addr+0x0/0x18 returned 0 after 0 usecs
[    0.240707] calling  pci_realloc_setup_params+0x0/0x38 @ 1
[    0.240713] initcall pci_realloc_setup_params+0x0/0x38 returned 0 after 0 usecs
[    0.240718] calling  net_ns_init+0x0/0x144 @ 1
[    0.240836] initcall net_ns_init+0x0/0x144 returned 0 after 0 usecs
[    0.240875] calling  fpsimd_init+0x0/0xc4 @ 1
[    0.240883] initcall fpsimd_init+0x0/0xc4 returned 0 after 0 usecs
[    0.240888] calling  enable_mrs_emulation+0x0/0x24 @ 1
[    0.240897] initcall enable_mrs_emulation+0x0/0x24 returned 0 after 0 usecs
[    0.240902] calling  map_entry_trampoline+0x0/0x180 @ 1
[    0.240914] initcall map_entry_trampoline+0x0/0x180 returned 0 after 0 usecs
[    0.240919] calling  alloc_frozen_cpus+0x0/0x8 @ 1
[    0.240925] initcall alloc_frozen_cpus+0x0/0x8 returned 0 after 0 usecs
[    0.240930] calling  cpu_hotplug_pm_sync_init+0x0/0x24 @ 1
[    0.240940] initcall cpu_hotplug_pm_sync_init+0x0/0x24 returned 0 after 0 usecs
[    0.240945] calling  wq_sysfs_init+0x0/0x40 @ 1
[    0.240998] initcall wq_sysfs_init+0x0/0x40 returned 0 after 0 usecs
[    0.241003] calling  ksysfs_init+0x0/0xb8 @ 1
[    0.241034] initcall ksysfs_init+0x0/0xb8 returned 0 after 0 usecs
[    0.241039] calling  pm_init+0x0/0x94 @ 1
[    0.241132] initcall pm_init+0x0/0x94 returned 0 after 0 usecs
[    0.241137] calling  pm_disk_init+0x0/0x24 @ 1
[    0.241152] initcall pm_disk_init+0x0/0x24 returned 0 after 0 usecs
[    0.241159] calling  swsusp_header_init+0x0/0x40 @ 1
[    0.241166] initcall swsusp_header_init+0x0/0x40 returned 0 after 0 usecs
[    0.241170] calling  rcu_set_runtime_mode+0x0/0x28 @ 1
[    0.241320] initcall rcu_set_runtime_mode+0x0/0x28 returned 0 after 0 usecs
[    0.241325] calling  dma_init_reserved_memory+0x0/0x64 @ 1
[    0.241331] initcall dma_init_reserved_memory+0x0/0x64 returned -12 after 0 usecs
[    0.241336] calling  init_jiffies_clocksource+0x0/0x24 @ 1
[    0.241342] clocksource: jiffies: mask: 0xffffffff max_cycles: 0xffffffff, max_idle_ns: 7645041785100000 ns
[    0.241349] initcall init_jiffies_clocksource+0x0/0x24 returned 0 after 0 usecs
[    0.241354] calling  futex_init+0x0/0x120 @ 1
[    0.241361] futex hash table entries: 2048 (order: 6, 262144 bytes)
[    0.241454] initcall futex_init+0x0/0x120 returned 0 after 0 usecs
[    0.241459] calling  cgroup_wq_init+0x0/0x50 @ 1
[    0.241502] initcall cgroup_wq_init+0x0/0x50 returned 0 after 0 usecs
[    0.241507] calling  cgroup1_wq_init+0x0/0x50 @ 1
[    0.241547] initcall cgroup1_wq_init+0x0/0x50 returned 0 after 0 usecs
[    0.241554] calling  cpu_pm_init+0x0/0x28 @ 1
[    0.241561] initcall cpu_pm_init+0x0/0x28 returned 0 after 0 usecs
[    0.241566] calling  init_per_zone_wmark_min+0x0/0x7c @ 1
[    0.241579] initcall init_per_zone_wmark_min+0x0/0x7c returned 0 after 0 usecs
[    0.241585] calling  init_zero_pfn+0x0/0x28 @ 1
[    0.241591] initcall init_zero_pfn+0x0/0x28 returned 0 after 0 usecs
[    0.241596] calling  memory_failure_init+0x0/0xe8 @ 1
[    0.241602] initcall memory_failure_init+0x0/0xe8 returned 0 after 0 usecs
[    0.241608] calling  fsnotify_init+0x0/0x64 @ 1
[    0.241624] initcall fsnotify_init+0x0/0x64 returned 0 after 0 usecs
[    0.241629] calling  filelock_init+0x0/0xe4 @ 1
[    0.241644] initcall filelock_init+0x0/0xe4 returned 0 after 0 usecs
[    0.241649] calling  init_misc_binfmt+0x0/0x40 @ 1
[    0.241659] initcall init_misc_binfmt+0x0/0x40 returned 0 after 0 usecs
[    0.241663] calling  init_script_binfmt+0x0/0x24 @ 1
[    0.241669] initcall init_script_binfmt+0x0/0x24 returned 0 after 0 usecs
[    0.241674] calling  init_elf_binfmt+0x0/0x24 @ 1
[    0.241679] initcall init_elf_binfmt+0x0/0x24 returned 0 after 0 usecs
[    0.241684] calling  init_compat_elf_binfmt+0x0/0x24 @ 1
[    0.241690] initcall init_compat_elf_binfmt+0x0/0x24 returned 0 after 0 usecs
[    0.241694] calling  configfs_init+0x0/0xb4 @ 1
[    0.241708] initcall configfs_init+0x0/0xb4 returned 0 after 0 usecs
[    0.241713] calling  debugfs_init+0x0/0x74 @ 1
[    0.241722] initcall debugfs_init+0x0/0x74 returned 0 after 0 usecs
[    0.241727] calling  tracefs_init+0x0/0x4c @ 1
[    0.241735] initcall tracefs_init+0x0/0x4c returned 0 after 0 usecs
[    0.241740] calling  securityfs_init+0x0/0x90 @ 1
[    0.241814] initcall securityfs_init+0x0/0x90 returned 0 after 0 usecs
[    0.241819] calling  prandom_init+0x0/0xfc @ 1
[    0.241826] initcall prandom_init+0x0/0xfc returned 0 after 0 usecs
[    0.241831] calling  pinctrl_init+0x0/0xc0 @ 1
[    0.241835] pinctrl core: initialized pinctrl subsystem
[    0.241915] initcall pinctrl_init+0x0/0xc0 returned 0 after 0 usecs
[    0.241921] calling  gpiolib_dev_init+0x0/0xe4 @ 1
[    0.241950] initcall gpiolib_dev_init+0x0/0xe4 returned 0 after 0 usecs
[    0.241956] calling  hi3660_mbox_init+0x0/0x20 @ 1
[    0.241981] initcall hi3660_mbox_init+0x0/0x20 returned 0 after 0 usecs
[    0.241987] calling  capsule_reboot_register+0x0/0x20 @ 1
[    0.241996] initcall capsule_reboot_register+0x0/0x20 returned 0 after 0 usecs
[    0.242001] calling  arm_dmi_init+0x0/0x28 @ 1
[    0.242061] SMBIOS 3.2.0 present.
[    0.242068] DMI: N/A N/A/Kunpeng Desktop Board D920S10, BIOS 2.0 01/08/2021
[    0.242074] initcall arm_dmi_init+0x0/0x28 returned 0 after 0 usecs
[    0.242079] calling  hi3516cv300_crg_init+0x0/0x20 @ 1
[    0.242098] initcall hi3516cv300_crg_init+0x0/0x20 returned 0 after 0 usecs
[    0.242103] calling  hi3519_clk_init+0x0/0x20 @ 1
[    0.242122] initcall hi3519_clk_init+0x0/0x20 returned 0 after 0 usecs
[    0.242127] calling  hi3660_clk_init+0x0/0x20 @ 1
[    0.242145] initcall hi3660_clk_init+0x0/0x20 returned 0 after 0 usecs
[    0.242151] calling  hi3798cv200_crg_init+0x0/0x20 @ 1
[    0.242169] initcall hi3798cv200_crg_init+0x0/0x20 returned 0 after 0 usecs
[    0.242174] calling  vexpress_osc_init+0x0/0x20 @ 1
[    0.242193] initcall vexpress_osc_init+0x0/0x20 returned 0 after 0 usecs
[    0.242200] calling  virtio_init+0x0/0x30 @ 1
[    0.242223] initcall virtio_init+0x0/0x30 returned 0 after 0 usecs
[    0.242228] calling  regulator_init+0x0/0xac @ 1
[    0.242497] probe of reg-dummy returned 1 after 4000 usecs
[    0.242518] initcall regulator_init+0x0/0xac returned 0 after 3906 usecs
[    0.242523] calling  iommu_init+0x0/0x3c @ 1
[    0.242531] initcall iommu_init+0x0/0x3c returned 0 after 0 usecs
[    0.242537] calling  component_debug_init+0x0/0x2c @ 1
[    0.242550] initcall component_debug_init+0x0/0x2c returned 0 after 0 usecs
[    0.242555] calling  genpd_bus_init+0x0/0x20 @ 1
[    0.242578] initcall genpd_bus_init+0x0/0x20 returned 0 after 0 usecs
[    0.242583] calling  soc_bus_register+0x0/0x54 @ 1
[    0.242606] initcall soc_bus_register+0x0/0x54 returned 0 after 0 usecs
[    0.242612] calling  register_cpufreq_notifier+0x0/0x60 @ 1
[    0.242617] initcall register_cpufreq_notifier+0x0/0x60 returned -22 after 0 usecs
[    0.242622] calling  vexpress_syscfg_init+0x0/0x20 @ 1
[    0.242641] initcall vexpress_syscfg_init+0x0/0x20 returned 0 after 0 usecs
[    0.242647] calling  vexpress_sysreg_init+0x0/0x70 @ 1
[    0.242666] initcall vexpress_sysreg_init+0x0/0x70 returned 0 after 0 usecs
[    0.242671] calling  opp_debug_init+0x0/0x4c @ 1
[    0.242684] initcall opp_debug_init+0x0/0x4c returned 0 after 0 usecs
[    0.242689] calling  cpufreq_core_init+0x0/0x54 @ 1
[    0.242698] initcall cpufreq_core_init+0x0/0x54 returned 0 after 0 usecs
[    0.242703] calling  cpuidle_init+0x0/0x58 @ 1
[    0.242719] initcall cpuidle_init+0x0/0x58 returned 0 after 0 usecs
[    0.242724] calling  sock_init+0x0/0xb8 @ 1
[    0.242890] initcall sock_init+0x0/0xb8 returned 0 after 0 usecs
[    0.242895] calling  net_inuse_init+0x0/0x30 @ 1
[    0.242908] initcall net_inuse_init+0x0/0x30 returned 0 after 0 usecs
[    0.242913] calling  net_defaults_init+0x0/0x30 @ 1
[    0.242920] initcall net_defaults_init+0x0/0x30 returned 0 after 0 usecs
[    0.242925] calling  init_default_flow_dissectors+0x0/0x54 @ 1
[    0.242931] initcall init_default_flow_dissectors+0x0/0x54 returned 0 after 0 usecs
[    0.242936] calling  netpoll_init+0x0/0x44 @ 1
[    0.242942] initcall netpoll_init+0x0/0x44 returned 0 after 0 usecs
[    0.242947] calling  netlink_proto_init+0x0/0x164 @ 1
[    0.243080] NET: Registered protocol family 16
[    0.243141] initcall netlink_proto_init+0x0/0x164 returned 0 after 0 usecs
[    0.243146] calling  __gnttab_init+0x0/0x38 @ 1
[    0.243152] initcall __gnttab_init+0x0/0x38 returned -19 after 0 usecs
[    0.243193] calling  debug_monitors_init+0x0/0x38 @ 1
[    0.243309] initcall debug_monitors_init+0x0/0x38 returned 0 after 0 usecs
[    0.243314] calling  irq_sysfs_init+0x0/0xb4 @ 1
[    0.243400] initcall irq_sysfs_init+0x0/0xb4 returned 0 after 0 usecs
[    0.243405] calling  audit_init+0x0/0x1ac @ 1
[    0.243417] audit: initializing netlink subsys (disabled)
[    0.243503] initcall audit_init+0x0/0x1ac returned 0 after 0 usecs
[    0.243507] audit: type=2000 audit(0.036:1): state=initialized audit_enabled=0 res=1
[    0.243511] calling  release_early_probes+0x0/0x54 @ 1
[    0.243515] initcall release_early_probes+0x0/0x54 returned 0 after 0 usecs
[    0.243520] calling  bdi_class_init+0x0/0x70 @ 1
[    0.243543] initcall bdi_class_init+0x0/0x70 returned 0 after 0 usecs
[    0.243548] calling  mm_sysfs_init+0x0/0x3c @ 1
[    0.243557] initcall mm_sysfs_init+0x0/0x3c returned 0 after 0 usecs
[    0.243562] calling  ramoops_init+0x0/0x164 @ 1
[    0.243583] initcall ramoops_init+0x0/0x164 returned 0 after 0 usecs
[    0.243589] calling  vexpress_config_init+0x0/0x110 @ 1
[    0.243595] initcall vexpress_config_init+0x0/0x110 returned 0 after 0 usecs
[    0.243600] calling  gpiolib_sysfs_init+0x0/0xb4 @ 1
[    0.243621] initcall gpiolib_sysfs_init+0x0/0xb4 returned 0 after 0 usecs
[    0.243628] calling  acpi_gpio_setup_params+0x0/0x58 @ 1
[    0.243635] initcall acpi_gpio_setup_params+0x0/0x58 returned 0 after 0 usecs
[    0.243640] calling  pcibus_class_init+0x0/0x24 @ 1
[    0.243652] initcall pcibus_class_init+0x0/0x24 returned 0 after 0 usecs
[    0.243657] calling  pci_driver_init+0x0/0x34 @ 1
[    0.243701] initcall pci_driver_init+0x0/0x34 returned 0 after 0 usecs
[    0.243706] calling  backlight_class_init+0x0/0xb0 @ 1
[    0.243719] initcall backlight_class_init+0x0/0xb0 returned 0 after 0 usecs
[    0.243724] calling  amba_init+0x0/0x1c @ 1
[    0.243747] initcall amba_init+0x0/0x1c returned 0 after 0 usecs
[    0.243752] calling  pcc_init+0x0/0xbc @ 1
[    0.243768] Detected 1 PCC Subspaces
[    0.243837] Registering PCC driver as Mailbox controller
[    0.243853] probe of PCCT returned 1 after 0 usecs
[    0.243866] initcall pcc_init+0x0/0xbc returned 0 after 0 usecs
[    0.243871] calling  xenbus_init+0x0/0x2a4 @ 1
[    0.243877] initcall xenbus_init+0x0/0x2a4 returned -19 after 0 usecs
[    0.243882] calling  hi6220_reset_init+0x0/0x20 @ 1
[    0.243902] initcall hi6220_reset_init+0x0/0x20 returned 0 after 0 usecs
[    0.243908] calling  tty_class_init+0x0/0x5c @ 1
[    0.243920] initcall tty_class_init+0x0/0x5c returned 0 after 0 usecs
[    0.243925] calling  vtconsole_class_init+0x0/0xf4 @ 1
[    0.243982] initcall vtconsole_class_init+0x0/0xf4 returned 0 after 0 usecs
[    0.243987] calling  iommu_dev_init+0x0/0x24 @ 1
[    0.243998] initcall iommu_dev_init+0x0/0x24 returned 0 after 0 usecs
[    0.244003] calling  mipi_dsi_bus_init+0x0/0x1c @ 1
[    0.244026] initcall mipi_dsi_bus_init+0x0/0x1c returned 0 after 0 usecs
[    0.244031] calling  wakeup_sources_debugfs_init+0x0/0x34 @ 1
[    0.244048] initcall wakeup_sources_debugfs_init+0x0/0x34 returned 0 after 0 usecs
[    0.244053] calling  regmap_initcall+0x0/0x18 @ 1
[    0.244069] initcall regmap_initcall+0x0/0x18 returned 0 after 0 usecs
[    0.244074] calling  sram_init+0x0/0x20 @ 1
[    0.244095] initcall sram_init+0x0/0x20 returned 0 after 0 usecs
[    0.244100] calling  syscon_init+0x0/0x24 @ 1
[    0.244119] initcall syscon_init+0x0/0x24 returned 0 after 0 usecs
[    0.244124] calling  spi_init+0x0/0xdc @ 1
[    0.244158] initcall spi_init+0x0/0xdc returned 0 after 0 usecs
[    0.244164] calling  i2c_init+0x0/0x114 @ 1
[    0.244214] initcall i2c_init+0x0/0x114 returned 0 after 0 usecs
[    0.244218] calling  init_ladder+0x0/0x30 @ 1
[    0.244253] cpuidle: using governor ladder
[    0.244262] initcall init_ladder+0x0/0x30 returned 0 after 0 usecs
[    0.244267] calling  init_menu+0x0/0x1c @ 1
[    0.244287] cpuidle: using governor menu
[    0.244293] initcall init_menu+0x0/0x1c returned 0 after 0 usecs
[    0.244298] calling  kobject_uevent_init+0x0/0x20 @ 1
[    0.244321] initcall kobject_uevent_init+0x0/0x20 returned 0 after 0 usecs
[    0.244360] calling  debug_traps_init+0x0/0x54 @ 1
[    0.244366] initcall debug_traps_init+0x0/0x54 returned 0 after 0 usecs
[    0.244371] calling  reserve_memblock_reserved_regions+0x0/0xf4 @ 1
[    0.244406] initcall reserve_memblock_reserved_regions+0x0/0xf4 returned 0 after 0 usecs
[    0.244411] calling  alloc_vectors_page+0x0/0xb8 @ 1
[    0.244420] initcall alloc_vectors_page+0x0/0xb8 returned 0 after 0 usecs
[    0.244425] calling  vdso_init+0x0/0x140 @ 1
[    0.244430] vdso: 2 pages (1 code @ (____ptrval____), 1 data @ (____ptrval____))
[    0.244436] initcall vdso_init+0x0/0x140 returned 0 after 0 usecs
[    0.244441] calling  arch_hw_breakpoint_init+0x0/0xf0 @ 1
[    0.244446] hw-breakpoint: found 6 breakpoint and 4 watchpoint registers.
[    0.244551] initcall arch_hw_breakpoint_init+0x0/0xf0 returned 0 after 0 usecs
[    0.244556] calling  arm64_dma_init+0x0/0x90 @ 1
[    0.244617] DMA: preallocated 256 KiB pool for atomic allocations
[    0.244622] initcall arm64_dma_init+0x0/0x90 returned 0 after 0 usecs
[    0.244627] calling  __iommu_dma_init+0x0/0x14 @ 1
[    0.244653] initcall __iommu_dma_init+0x0/0x14 returned 0 after 0 usecs
[    0.244659] calling  p2m_init+0x0/0x30 @ 1
[    0.244666] initcall p2m_init+0x0/0x30 returned 0 after 0 usecs
[    0.244671] calling  xen_mm_init+0x0/0x80 @ 1
[    0.244677] initcall xen_mm_init+0x0/0x80 returned 0 after 0 usecs
[    0.244682] calling  kcmp_cookies_init+0x0/0x50 @ 1
[    0.244690] initcall kcmp_cookies_init+0x0/0x50 returned 0 after 0 usecs
[    0.244695] calling  acpi_pci_init+0x0/0x78 @ 1
[    0.244704] ACPI: bus type PCI registered
[    0.244709] acpiphp: ACPI Hot Plug PCI Controller Driver version: 0.5
[    0.244714] initcall acpi_pci_init+0x0/0x78 returned 0 after 0 usecs
[    0.244719] calling  dmi_id_init+0x0/0x2b0 @ 1
[    0.244823] initcall dmi_id_init+0x0/0x2b0 returned 0 after 0 usecs
[    0.244828] calling  dma_channel_table_init+0x0/0x118 @ 1
[    0.244848] initcall dma_channel_table_init+0x0/0x118 returned 0 after 0 usecs
[    0.244853] calling  dma_bus_init+0x0/0xe8 @ 1
[    0.244897] initcall dma_bus_init+0x0/0xe8 returned 0 after 0 usecs
[    0.244902] calling  brcmstb_soc_device_init+0x0/0x13c @ 1
[    0.244909] initcall brcmstb_soc_device_init+0x0/0x13c returned 0 after 0 usecs
[    0.244914] calling  setup_vcpu_hotplug_event+0x0/0x34 @ 1
[    0.244920] initcall setup_vcpu_hotplug_event+0x0/0x34 returned -19 after 0 usecs
[    0.244925] calling  register_xen_platform_notifier+0x0/0x50 @ 1
[    0.244931] initcall register_xen_platform_notifier+0x0/0x50 returned 0 after 0 usecs
[    0.244936] calling  register_xen_amba_notifier+0x0/0x54 @ 1
[    0.244942] initcall register_xen_amba_notifier+0x0/0x54 returned 0 after 0 usecs
[    0.244947] calling  register_xen_pci_notifier+0x0/0x44 @ 1
[    0.244953] initcall register_xen_pci_notifier+0x0/0x44 returned 0 after 0 usecs
[    0.244958] calling  hi3660_reset_init+0x0/0x20 @ 1
[    0.244980] initcall hi3660_reset_init+0x0/0x20 returned 0 after 0 usecs
[    0.244984] calling  pl011_init+0x0/0x50 @ 1
[    0.244989] Serial: AMBA PL011 UART driver
[    0.245015] initcall pl011_init+0x0/0x50 returned 0 after 0 usecs
[    0.245019] calling  cdns_uart_init+0x0/0x5c @ 1
[    0.245048] initcall cdns_uart_init+0x0/0x5c returned 0 after 0 usecs
[    0.245054] calling  dsa_loop_bdinfo_init+0x0/0x20 @ 1
[    0.245064] initcall dsa_loop_bdinfo_init+0x0/0x20 returned 0 after 0 usecs
[    0.245069] calling  of_platform_default_populate_init+0x0/0xc8 @ 1
[    0.245075] initcall of_platform_default_populate_init+0x0/0xc8 returned -19 after 0 usecs
[    0.245113] calling  topology_init+0x0/0x90 @ 1
[    0.245514] initcall topology_init+0x0/0x90 returned 0 after 0 usecs
[    0.245519] calling  uid_cache_init+0x0/0xa4 @ 1
[    0.245535] initcall uid_cache_init+0x0/0xa4 returned 0 after 0 usecs
[    0.245540] calling  param_sysfs_init+0x0/0x1b4 @ 1
[    0.252412] initcall param_sysfs_init+0x0/0x1b4 returned 0 after 7812 usecs
[    0.252418] calling  user_namespace_sysctl_init+0x0/0x48 @ 1
[    0.252437] initcall user_namespace_sysctl_init+0x0/0x48 returned 0 after 0 usecs
[    0.252442] calling  pm_sysrq_init+0x0/0x24 @ 1
[    0.252473] initcall pm_sysrq_init+0x0/0x24 returned 0 after 0 usecs
[    0.252480] calling  create_proc_profile+0x0/0x100 @ 1
[    0.252486] initcall create_proc_profile+0x0/0x100 returned 0 after 0 usecs
[    0.252491] calling  crash_save_vmcoreinfo_init+0x0/0x584 @ 1
[    0.252515] initcall crash_save_vmcoreinfo_init+0x0/0x584 returned 0 after 0 usecs
[    0.252520] calling  crash_notes_memory_init+0x0/0x40 @ 1
[    0.252529] initcall crash_notes_memory_init+0x0/0x40 returned 0 after 0 usecs
[    0.252534] calling  cgroup_sysfs_init+0x0/0x28 @ 1
[    0.252546] initcall cgroup_sysfs_init+0x0/0x28 returned 0 after 0 usecs
[    0.252552] calling  cgroup_namespaces_init+0x0/0x8 @ 1
[    0.252557] initcall cgroup_namespaces_init+0x0/0x8 returned 0 after 0 usecs
[    0.252562] calling  user_namespaces_init+0x0/0x38 @ 1
[    0.252577] initcall user_namespaces_init+0x0/0x38 returned 0 after 0 usecs
[    0.252582] calling  hung_task_init+0x0/0x70 @ 1
[    0.252635] initcall hung_task_init+0x0/0x70 returned 0 after 0 usecs
[    0.252641] calling  dev_map_init+0x0/0x24 @ 1
[    0.252648] initcall dev_map_init+0x0/0x24 returned 0 after 0 usecs
[    0.252653] calling  stack_map_init+0x0/0x7c @ 1
[    0.252660] initcall stack_map_init+0x0/0x7c returned 0 after 0 usecs
[    0.252664] calling  oom_init+0x0/0x3c @ 1
[    0.252716] initcall oom_init+0x0/0x3c returned 0 after 0 usecs
[    0.252723] calling  default_bdi_init+0x0/0xa8 @ 1
[    0.252872] initcall default_bdi_init+0x0/0xa8 returned 0 after 0 usecs
[    0.252878] calling  cgwb_init+0x0/0x50 @ 1
[    0.252920] initcall cgwb_init+0x0/0x50 returned 0 after 0 usecs
[    0.252926] calling  percpu_enable_async+0x0/0x14 @ 1
[    0.252931] initcall percpu_enable_async+0x0/0x14 returned 0 after 0 usecs
[    0.252937] calling  kcompactd_init+0x0/0x64 @ 1
[    0.252988] initcall kcompactd_init+0x0/0x64 returned 0 after 0 usecs
[    0.252995] calling  init_user_reserve+0x0/0x30 @ 1
[    0.253001] initcall init_user_reserve+0x0/0x30 returned 0 after 0 usecs
[    0.253006] calling  init_admin_reserve+0x0/0x30 @ 1
[    0.253011] initcall init_admin_reserve+0x0/0x30 returned 0 after 0 usecs
[    0.253016] calling  init_reserve_notifier+0x0/0x8 @ 1
[    0.253022] initcall init_reserve_notifier+0x0/0x8 returned 0 after 0 usecs
[    0.253027] calling  swap_init_sysfs+0x0/0x74 @ 1
[    0.253039] initcall swap_init_sysfs+0x0/0x74 returned 0 after 0 usecs
[    0.253044] calling  swapfile_init+0x0/0x58 @ 1
[    0.253050] initcall swapfile_init+0x0/0x58 returned 0 after 0 usecs
[    0.253055] calling  hugetlb_init+0x0/0x4b0 @ 1
[    0.253062] HugeTLB registered 2.00 MiB page size, pre-allocated 0 pages
[    0.253095] initcall hugetlb_init+0x0/0x4b0 returned 0 after 0 usecs
[    0.253101] calling  hugepage_init+0x0/0x158 @ 1
[    0.253205] initcall hugepage_init+0x0/0x158 returned 0 after 0 usecs
[    0.253211] calling  mem_cgroup_init+0x0/0x174 @ 1
[    0.253257] initcall mem_cgroup_init+0x0/0x174 returned 0 after 0 usecs
[    0.253263] calling  sel_ib_pkey_init+0x0/0x38 @ 1
[    0.253269] initcall sel_ib_pkey_init+0x0/0x38 returned 0 after 0 usecs
[    0.253274] calling  crypto_wq_init+0x0/0x50 @ 1
[    0.253356] initcall crypto_wq_init+0x0/0x50 returned 0 after 0 usecs
[    0.253362] calling  cryptomgr_init+0x0/0x1c @ 1
[    0.253373] initcall cryptomgr_init+0x0/0x1c returned 0 after 0 usecs
[    0.253377] calling  init_bio+0x0/0xf0 @ 1
[    0.253516] initcall init_bio+0x0/0xf0 returned 0 after 0 usecs
[    0.253521] calling  blk_settings_init+0x0/0x30 @ 1
[    0.253526] initcall blk_settings_init+0x0/0x30 returned 0 after 0 usecs
[    0.253531] calling  blk_ioc_init+0x0/0x38 @ 1
[    0.253541] initcall blk_ioc_init+0x0/0x38 returned 0 after 0 usecs
[    0.253546] calling  blk_softirq_init+0x0/0xa8 @ 1
[    0.253553] initcall blk_softirq_init+0x0/0xa8 returned 0 after 0 usecs
[    0.253558] calling  blk_mq_init+0x0/0x38 @ 1
[    0.253565] initcall blk_mq_init+0x0/0x38 returned 0 after 0 usecs
[    0.253569] calling  genhd_device_init+0x0/0x94 @ 1
[    0.253714] initcall genhd_device_init+0x0/0x94 returned 0 after 0 usecs
[    0.253719] calling  irq_poll_setup+0x0/0xa8 @ 1
[    0.253727] initcall irq_poll_setup+0x0/0xa8 returned 0 after 0 usecs
[    0.253732] calling  gpiolib_debugfs_init+0x0/0x38 @ 1
[    0.253745] initcall gpiolib_debugfs_init+0x0/0x38 returned 0 after 0 usecs
[    0.253750] calling  ft_clock_init+0x0/0x34 @ 1
[    0.253774] initcall ft_clock_init+0x0/0x34 returned 0 after 0 usecs
[    0.253779] calling  pwm_debugfs_init+0x0/0x38 @ 1
[    0.253792] initcall pwm_debugfs_init+0x0/0x38 returned 0 after 0 usecs
[    0.253797] calling  pwm_sysfs_init+0x0/0x2c @ 1
[    0.253810] initcall pwm_sysfs_init+0x0/0x2c returned 0 after 0 usecs
[    0.253816] calling  pci_slot_init+0x0/0x58 @ 1
[    0.253825] initcall pci_slot_init+0x0/0x58 returned 0 after 0 usecs
[    0.253830] calling  xgene_pcie_msi_init+0x0/0x20 @ 1
[    0.253851] initcall xgene_pcie_msi_init+0x0/0x20 returned 0 after 0 usecs
[    0.253856] calling  fbmem_init+0x0/0xfc @ 1
[    0.253941] initcall fbmem_init+0x0/0xfc returned 0 after 0 usecs
[    0.253947] calling  acpi_init+0x0/0x308 @ 1
[    0.254042] ACPI: Added _OSI(Module Device)
[    0.254047] ACPI: Added _OSI(Processor Device)
[    0.254053] ACPI: Added _OSI(3.0 _SCP Extensions)
[    0.254058] ACPI: Added _OSI(Processor Aggregator Device)
[    0.254065] ACPI: Added _OSI(Linux-Dell-Video)
[    0.254071] ACPI: Added _OSI(Linux-Lenovo-NV-HDMI-Audio)
[    0.286857] ACPI: 2 ACPI AML tables successfully acquired and loaded
[    0.321912] ACPI: Interpreter enabled
[    0.321918] ACPI: Using GIC for interrupt routing
[    0.321959] ACPI: MCFG table detected, 1 entries
[    0.390518] ARMH0011:00: ttyAMA0 at MMIO 0x94080000 (irq = 5, base_baud = 0) is a SBSA
[    3.807302] console [ttyAMA0] enabled
[    3.811175] probe of ARMH0011:00 returned 1 after 3420000 usecs
[    3.845239] ACPI: PCI Root Bridge [PCI0] (domain 0000 [bus 00-3f])
[    3.851429] acpi PNP0A08:00: _OSC: OS supports [ExtendedConfig Segments MSI]
[    3.858990] acpi PNP0A08:00: _OSC: platform does not support [PCIeHotplug SHPCHotplug]
[    3.867384] acpi PNP0A08:00: _OSC: OS requested [PCIeHotplug SHPCHotplug PCIeCapability]
[    3.875470] acpi PNP0A08:00: _OSC: platform granted [PCIeCapability]
[    3.886300] acpi PNP0A08:00: ECAM AREA!
[    3.890142] acpi PNP0A08:00: ECAM at [mem 0xd0000000-0xd3ffffff] for [bus 00-3f]
[    3.897599] Remapped I/O 0x00000000efff0000 to [io  0x0000-0xffff window]
[    3.904526] PCI host bridge to bus 0000:00
[    3.908620] pci_bus 0000:00: root bus resource [mem 0x80000000000-0x82fffffffff pref window]
[    3.917054] pci_bus 0000:00: root bus resource [mem 0xe0000000-0xeffeffff window]
[    3.924533] pci_bus 0000:00: root bus resource [io  0x0000-0xffff window]
[    3.931317] pci_bus 0000:00: root bus resource [bus 00-3f]
[    3.936840] pci 0000:00:04.0: [19e5:a120] type 01 class 0x060400
[    3.943063] pci 0000:00:04.0: PME# supported from D0 D1 D2 D3hot D3cold
[    3.949853] pci 0000:00:06.0: [19e5:a120] type 01 class 0x060400
[    3.956057] pci 0000:00:06.0: PME# supported from D0 D1 D2 D3hot D3cold
[    3.962821] pci 0000:00:08.0: [19e5:a120] type 01 class 0x060400
[    3.969022] pci 0000:00:08.0: PME# supported from D0 D1 D2 D3hot D3cold
[    3.975797] pci 0000:00:12.0: [19e5:a120] type 01 class 0x060400
[    3.981999] pci 0000:00:12.0: PME# supported from D0 D1 D2 D3hot D3cold
[    3.989022] pci 0000:03:00.0: [0731:7200] type 00 class 0x030000
[    3.995050] pci 0000:03:00.0: reg 0x10: [mem 0xe0000000-0xe7ffffff]
[    4.001321] pci 0000:03:00.0: reg 0x14: [mem 0xe8000000-0xe9ffffff]
[    4.007598] pci 0000:03:00.0: reg 0x18: [mem 0x80000000000-0x8000fffffff 64bit pref]
[    4.015345] pci 0000:03:00.0: reg 0x20: [mem 0xea000000-0xea00ffff]
[    4.021615] pci 0000:03:00.0: reg 0x24: [io  0x0000-0x00ff]
[    4.027193] pci 0000:03:00.0: reg 0x30: [mem 0xffff0000-0xffffffff pref]
[    4.034027] pci 0000:03:00.0: calling  efifb_fixup_resources+0x0/0x130 @ 1
[    4.040901] pci 0000:03:00.0: BAR 0: assigned to efifb
[    4.046035] pci 0000:03:00.0: efifb_fixup_resources+0x0/0x130 took 3906 usecs
[    4.053214] pci 0000:03:00.0: supports D1
[    4.057219] pci 0000:03:00.0: PME# supported from D0 D1 D3hot
[    4.063228] pci_bus 0000:00: on NUMA node 0
[    4.067410] pci 0000:00:04.0: bridge window [io  0x1000-0x0fff] to [bus 01] add_size 1000
[    4.075584] pci 0000:00:04.0: bridge window [mem 0x00100000-0x000fffff 64bit pref] to [bus 01] add_size 200000 add_align 100000
[    4.087056] pci 0000:00:04.0: bridge window [mem 0x00100000-0x000fffff] to [bus 01] add_size 200000 add_align 100000
[    4.097573] pci 0000:00:06.0: bridge window [io  0x1000-0x0fff] to [bus 02] add_size 1000
[    4.105745] pci 0000:00:06.0: bridge window [mem 0x00100000-0x000fffff 64bit pref] to [bus 02] add_size 200000 add_align 100000
[    4.117217] pci 0000:00:06.0: bridge window [mem 0x00100000-0x000fffff] to [bus 02] add_size 200000 add_align 100000
[    4.127735] pci 0000:00:12.0: bridge window [io  0x1000-0x0fff] to [bus 04] add_size 1000
[    4.135908] pci 0000:00:12.0: bridge window [mem 0x00100000-0x000fffff 64bit pref] to [bus 04] add_size 200000 add_align 100000
[    4.147379] pci 0000:00:12.0: bridge window [mem 0x00100000-0x000fffff] to [bus 04] add_size 200000 add_align 100000
[    4.157912] pci 0000:00:08.0: BAR 15: assigned [mem 0x80000000000-0x8000fffffff 64bit pref]
[    4.166258] pci 0000:00:08.0: BAR 14: assigned [mem 0xe0000000-0xebffffff]
[    4.173129] pci 0000:00:04.0: BAR 14: assigned [mem 0xec000000-0xec1fffff]
[    4.180000] pci 0000:00:04.0: BAR 15: assigned [mem 0x80010000000-0x800101fffff 64bit pref]
[    4.188346] pci 0000:00:06.0: BAR 14: assigned [mem 0xec200000-0xec3fffff]
[    4.195217] pci 0000:00:06.0: BAR 15: assigned [mem 0x80010200000-0x800103fffff 64bit pref]
[    4.203563] pci 0000:00:12.0: BAR 14: assigned [mem 0xec400000-0xec5fffff]
[    4.210432] pci 0000:00:12.0: BAR 15: assigned [mem 0x80010400000-0x800105fffff 64bit pref]
[    4.218779] pci 0000:00:04.0: BAR 13: assigned [io  0x1000-0x1fff]
[    4.224960] pci 0000:00:06.0: BAR 13: assigned [io  0x2000-0x2fff]
[    4.231136] pci 0000:00:08.0: BAR 13: assigned [io  0x3000-0x3fff]
[    4.237312] pci 0000:00:12.0: BAR 13: assigned [io  0x4000-0x4fff]
[    4.243498] pci 0000:00:04.0: PCI bridge to [bus 01]
[    4.248459] pci 0000:00:04.0:   bridge window [io  0x1000-0x1fff]
[    4.254549] pci 0000:00:04.0:   bridge window [mem 0xec000000-0xec1fffff]
[    4.261334] pci 0000:00:04.0:   bridge window [mem 0x80010000000-0x800101fffff 64bit pref]
[    4.269596] pci 0000:00:06.0: PCI bridge to [bus 02]
[    4.274556] pci 0000:00:06.0:   bridge window [io  0x2000-0x2fff]
[    4.280646] pci 0000:00:06.0:   bridge window [mem 0xec200000-0xec3fffff]
[    4.287431] pci 0000:00:06.0:   bridge window [mem 0x80010200000-0x800103fffff 64bit pref]
[    4.295708] pci 0000:03:00.0: BAR 2: assigned [mem 0x80000000000-0x8000fffffff 64bit pref]
[    4.303977] pci 0000:03:00.0: BAR 0: assigned [mem 0xe0000000-0xe7ffffff]
[    4.310763] pci 0000:03:00.0: BAR 1: assigned [mem 0xe8000000-0xe9ffffff]
[    4.317549] pci 0000:03:00.0: BAR 4: assigned [mem 0xea000000-0xea00ffff]
[    4.324335] pci 0000:03:00.0: BAR 6: assigned [mem 0xea010000-0xea01ffff pref]
[    4.331553] pci 0000:03:00.0: BAR 5: assigned [io  0x3000-0x30ff]
[    4.337645] pci 0000:00:08.0: PCI bridge to [bus 03]
[    4.342605] pci 0000:00:08.0:   bridge window [io  0x3000-0x3fff]
[    4.348696] pci 0000:00:08.0:   bridge window [mem 0xe0000000-0xebffffff]
[    4.355480] pci 0000:00:08.0:   bridge window [mem 0x80000000000-0x8000fffffff 64bit pref]
[    4.363742] pci 0000:00:12.0: PCI bridge to [bus 04]
[    4.368702] pci 0000:00:12.0:   bridge window [io  0x4000-0x4fff]
[    4.374792] pci 0000:00:12.0:   bridge window [mem 0xec400000-0xec5fffff]
[    4.381577] pci 0000:00:12.0:   bridge window [mem 0x80010400000-0x800105fffff 64bit pref]
[    4.389838] pci_bus 0000:00: resource 4 [mem 0x80000000000-0x82fffffffff pref window]
[    4.397663] pci_bus 0000:00: resource 5 [mem 0xe0000000-0xeffeffff window]
[    4.404533] pci_bus 0000:00: resource 6 [io  0x0000-0xffff window]
[    4.410712] pci_bus 0000:01: resource 0 [io  0x1000-0x1fff]
[    4.416280] pci_bus 0000:01: resource 1 [mem 0xec000000-0xec1fffff]
[    4.422541] pci_bus 0000:01: resource 2 [mem 0x80010000000-0x800101fffff 64bit pref]
[    4.430279] pci_bus 0000:02: resource 0 [io  0x2000-0x2fff]
[    4.435846] pci_bus 0000:02: resource 1 [mem 0xec200000-0xec3fffff]
[    4.442108] pci_bus 0000:02: resource 2 [mem 0x80010200000-0x800103fffff 64bit pref]
[    4.449846] pci_bus 0000:03: resource 0 [io  0x3000-0x3fff]
[    4.455413] pci_bus 0000:03: resource 1 [mem 0xe0000000-0xebffffff]
[    4.461675] pci_bus 0000:03: resource 2 [mem 0x80000000000-0x8000fffffff 64bit pref]
[    4.469413] pci_bus 0000:04: resource 0 [io  0x4000-0x4fff]
[    4.474981] pci_bus 0000:04: resource 1 [mem 0xec400000-0xec5fffff]
[    4.481242] pci_bus 0000:04: resource 2 [mem 0x80010400000-0x800105fffff 64bit pref]
[    4.489099] ACPI: PCI Root Bridge [PCI1] (domain 0000 [bus 7b])
[    4.495019] acpi PNP0A08:01: _OSC: OS supports [ExtendedConfig Segments MSI]
[    4.502561] acpi PNP0A08:01: _OSC: platform does not support [PCIeHotplug SHPCHotplug]
[    4.510949] acpi PNP0A08:01: _OSC: OS requested [PCIeHotplug SHPCHotplug PCIeCapability]
[    4.519036] acpi PNP0A08:01: _OSC: platform granted [PCIeCapability]
[    4.529517] acpi PNP0A08:01: ECAM AREA!
[    4.533357] acpi PNP0A08:01: ECAM at [mem 0xd7b00000-0xd7bfffff] for [bus 7b]
[    4.540634] PCI host bridge to bus 0000:7b
[    4.544728] pci_bus 0000:7b: root bus resource [mem 0x148800000-0x148ffffff pref window]
[    4.552814] pci_bus 0000:7b: root bus resource [bus 7b]
[    4.558055] pci 0000:7b:00.0: [19e5:a122] type 00 class 0x088000
[    4.564076] pci 0000:7b:00.0: reg 0x18: [mem 0x00000000-0x00003fff 64bit pref]
[    4.571489] pci_bus 0000:7b: on NUMA node 0
[    4.575671] pci 0000:7b:00.0: BAR 2: assigned [mem 0x148800000-0x148803fff 64bit pref]
[    4.583589] pci_bus 0000:7b: resource 4 [mem 0x148800000-0x148ffffff pref window]
[    4.591153] ACPI: PCI Root Bridge [PCI2] (domain 0000 [bus 7a])
[    4.597072] acpi PNP0A08:02: _OSC: OS supports [ExtendedConfig Segments MSI]
[    4.604612] acpi PNP0A08:02: _OSC: platform does not support [PCIeHotplug SHPCHotplug]
[    4.613000] acpi PNP0A08:02: _OSC: OS requested [PCIeHotplug SHPCHotplug PCIeCapability]
[    4.621086] acpi PNP0A08:02: _OSC: platform granted [PCIeCapability]
[    4.631555] acpi PNP0A08:02: ECAM AREA!
[    4.635393] acpi PNP0A08:02: ECAM at [mem 0xd7a00000-0xd7afffff] for [bus 7a]
[    4.642669] PCI host bridge to bus 0000:7a
[    4.646763] pci_bus 0000:7a: root bus resource [mem 0x20c000000-0x20c1fffff pref window]
[    4.654849] pci_bus 0000:7a: root bus resource [bus 7a]
[    4.660089] pci 0000:7a:00.0: [19e5:a23b] type 00 class 0x0c0310
[    4.666103] pci 0000:7a:00.0: reg 0x10: [mem 0x20c100000-0x20c100fff 64bit pref]
[    4.673654] pci 0000:7a:01.0: [19e5:a239] type 00 class 0x0c0320
[    4.679671] pci 0000:7a:01.0: reg 0x10: [mem 0x20c101000-0x20c101fff 64bit pref]
[    4.687227] pci 0000:7a:02.0: [19e5:a238] type 00 class 0x0c0330
[    4.693243] pci 0000:7a:02.0: reg 0x10: [mem 0x20c000000-0x20c0fffff 64bit pref]
[    4.700826] pci_bus 0000:7a: on NUMA node 0
[    4.705008] pci 0000:7a:02.0: BAR 0: assigned [mem 0x20c000000-0x20c0fffff 64bit pref]
[    4.712925] pci 0000:7a:00.0: BAR 0: assigned [mem 0x20c100000-0x20c100fff 64bit pref]
[    4.720842] pci 0000:7a:01.0: BAR 0: assigned [mem 0x20c101000-0x20c101fff 64bit pref]
[    4.728760] pci_bus 0000:7a: resource 4 [mem 0x20c000000-0x20c1fffff pref window]
[    4.736330] ACPI: PCI Root Bridge [PCI3] (domain 0000 [bus 78-79])
[    4.742510] acpi PNP0A08:03: _OSC: OS supports [ExtendedConfig Segments MSI]
[    4.750048] acpi PNP0A08:03: _OSC: platform does not support [PCIeHotplug SHPCHotplug]
[    4.758435] acpi PNP0A08:03: _OSC: OS requested [PCIeHotplug SHPCHotplug PCIeCapability]
[    4.766521] acpi PNP0A08:03: _OSC: platform granted [PCIeCapability]
[    4.776990] acpi PNP0A08:03: ECAM AREA!
[    4.780820] acpi PNP0A08:03: ECAM at [mem 0xd7800000-0xd79fffff] for [bus 78-79]
[    4.788444] PCI host bridge to bus 0000:78
[    4.792538] pci_bus 0000:78: root bus resource [mem 0x208000000-0x208bfffff pref window]
[    4.800624] pci_bus 0000:78: root bus resource [bus 78-79]
[    4.806124] pci 0000:78:00.0: [19e5:a121] type 01 class 0x060400
[    4.812154] pci 0000:78:00.0: enabling Extended Tags
[    4.817301] pci 0000:78:01.0: [19e5:a25a] type 00 class 0x010400
[    4.823322] pci 0000:78:01.0: reg 0x18: [mem 0x208400000-0x2087fffff 64bit pref]
[    4.831129] pci_bus 0000:78: on NUMA node 0
[    4.835311] pci 0000:78:01.0: BAR 2: assigned [mem 0x208000000-0x2083fffff 64bit pref]
[    4.843228] pci 0000:78:00.0: PCI bridge to [bus 79]
[    4.848195] pci_bus 0000:78: resource 4 [mem 0x208000000-0x208bfffff pref window]
[    4.855784] ACPI: PCI Root Bridge [PCI4] (domain 0000 [bus 7c-7d])
[    4.861964] acpi PNP0A08:04: _OSC: OS supports [ExtendedConfig Segments MSI]
[    4.869504] acpi PNP0A08:04: _OSC: platform does not support [PCIeHotplug SHPCHotplug]
[    4.877891] acpi PNP0A08:04: _OSC: OS requested [PCIeHotplug SHPCHotplug PCIeCapability]
[    4.885978] acpi PNP0A08:04: _OSC: platform granted [PCIeCapability]
[    4.896446] acpi PNP0A08:04: ECAM AREA!
[    4.900276] acpi PNP0A08:04: ECAM at [mem 0xd7c00000-0xd7dfffff] for [bus 7c-7d]
[    4.907812] PCI host bridge to bus 0000:7c
[    4.911906] pci_bus 0000:7c: root bus resource [mem 0x120000000-0x13fffffff pref window]
[    4.919996] pci_bus 0000:7c: root bus resource [bus 7c-7d]
[    4.925496] pci 0000:7c:00.0: [19e5:a121] type 01 class 0x060400
[    4.931525] pci 0000:7c:00.0: enabling Extended Tags
[    4.936737] pci 0000:7d:00.0: [19e5:a222] type 00 class 0x020000
[    4.942755] pci 0000:7d:00.0: reg 0x10: [mem 0x120210000-0x12021ffff 64bit pref]
[    4.950153] pci 0000:7d:00.0: reg 0x18: [mem 0x120100000-0x1201fffff 64bit pref]
[    4.957719] pci 0000:7d:00.1: [19e5:a222] type 00 class 0x020000
[    4.963737] pci 0000:7d:00.1: reg 0x10: [mem 0x120200000-0x12020ffff 64bit pref]
[    4.971134] pci 0000:7d:00.1: reg 0x18: [mem 0x120000000-0x1200fffff 64bit pref]
[    4.978704] pci_bus 0000:7c: on NUMA node 0
[    4.982885] pci 0000:7c:00.0: BAR 15: assigned [mem 0x120000000-0x1202fffff 64bit pref]
[    4.990889] pci 0000:7d:00.0: BAR 2: assigned [mem 0x120000000-0x1200fffff 64bit pref]
[    4.998805] pci 0000:7d:00.1: BAR 2: assigned [mem 0x120100000-0x1201fffff 64bit pref]
[    5.006722] pci 0000:7d:00.0: BAR 0: assigned [mem 0x120200000-0x12020ffff 64bit pref]
[    5.014638] pci 0000:7d:00.1: BAR 0: assigned [mem 0x120210000-0x12021ffff 64bit pref]
[    5.022555] pci 0000:7c:00.0: PCI bridge to [bus 7d]
[    5.027518] pci 0000:7c:00.0:   bridge window [mem 0x120000000-0x1202fffff 64bit pref]
[    5.035432] pci_bus 0000:7c: resource 4 [mem 0x120000000-0x13fffffff pref window]
[    5.042910] pci_bus 0000:7d: resource 2 [mem 0x120000000-0x1202fffff 64bit pref]
[    5.050408] ACPI: PCI Root Bridge [PCI5] (domain 0000 [bus 74-76])
[    5.056589] acpi PNP0A08:05: _OSC: OS supports [ExtendedConfig Segments MSI]
[    5.064128] acpi PNP0A08:05: _OSC: platform does not support [PCIeHotplug SHPCHotplug]
[    5.072515] acpi PNP0A08:05: _OSC: OS requested [PCIeHotplug SHPCHotplug PCIeCapability]
[    5.080602] acpi PNP0A08:05: _OSC: platform granted [PCIeCapability]
[    5.091071] acpi PNP0A08:05: ECAM AREA!
[    5.094909] acpi PNP0A08:05: ECAM at [mem 0xd7400000-0xd76fffff] for [bus 74-76]
[    5.102531] PCI host bridge to bus 0000:74
[    5.106625] pci_bus 0000:74: root bus resource [mem 0x141000000-0x141ffffff pref window]
[    5.114711] pci_bus 0000:74: root bus resource [mem 0x144000000-0x145ffffff pref window]
[    5.122797] pci_bus 0000:74: root bus resource [mem 0xa2000000-0xa2ffffff window]
[    5.130275] pci_bus 0000:74: root bus resource [bus 74-76]
[    5.135775] pci 0000:74:00.0: [19e5:a121] type 01 class 0x060400
[    5.141804] pci 0000:74:00.0: enabling Extended Tags
[    5.146927] pci 0000:74:01.0: [19e5:a121] type 01 class 0x060400
[    5.152956] pci 0000:74:01.0: enabling Extended Tags
[    5.158079] pci 0000:74:02.0: [19e5:a230] type 00 class 0x010700
[    5.164107] pci 0000:74:02.0: reg 0x24: [mem 0xa2008000-0xa200ffff]
[    5.170605] pci 0000:74:03.0: [19e5:a235] type 00 class 0x010601
[    5.176642] pci 0000:74:03.0: reg 0x24: [mem 0xa2010000-0xa2010fff]
[    5.183064] pci 0000:74:04.0: [19e5:a230] type 00 class 0x010700
[    5.189100] pci 0000:74:04.0: reg 0x24: [mem 0xa2000000-0xa2007fff]
[    5.195796] pci_bus 0000:74: on NUMA node 0
[    5.199981] pci 0000:74:02.0: BAR 5: assigned [mem 0xa2000000-0xa2007fff]
[    5.206766] pci 0000:74:04.0: BAR 5: assigned [mem 0xa2008000-0xa200ffff]
[    5.213551] pci 0000:74:03.0: BAR 5: assigned [mem 0xa2010000-0xa2010fff]
[    5.220336] pci 0000:74:00.0: PCI bridge to [bus 75]
[    5.225302] pci 0000:74:01.0: PCI bridge to [bus 76]
[    5.230268] pci_bus 0000:74: resource 4 [mem 0x141000000-0x141ffffff pref window]
[    5.237746] pci_bus 0000:74: resource 5 [mem 0x144000000-0x145ffffff pref window]
[    5.245223] pci_bus 0000:74: resource 6 [mem 0xa2000000-0xa2ffffff window]
[    5.257553] initcall acpi_init+0x0/0x308 returned 0 after 4882812 usecs
[    5.264169] calling  pnp_init+0x0/0x1c @ 1
[    5.268283] initcall pnp_init+0x0/0x1c returned 0 after 0 usecs
[    5.274198] calling  ipc_init+0x0/0x20 @ 1
[    5.278308] initcall ipc_init+0x0/0x20 returned 0 after 0 usecs
[    5.284224] calling  dmi_init+0x0/0x118 @ 1
[    5.288418] initcall dmi_init+0x0/0x118 returned 0 after 0 usecs
[    5.294419] calling  scmi_bus_init+0x0/0x44 @ 1
[    5.298965] initcall scmi_bus_init+0x0/0x44 returned 0 after 0 usecs
[    5.305315] calling  scmi_clock_init+0x0/0x20 @ 1
[    5.310024] initcall scmi_clock_init+0x0/0x20 returned 20 after 0 usecs
[    5.316634] calling  scmi_perf_init+0x0/0x20 @ 1
[    5.321248] initcall scmi_perf_init+0x0/0x20 returned 19 after 0 usecs
[    5.327770] calling  scmi_power_init+0x0/0x20 @ 1
[    5.332471] initcall scmi_power_init+0x0/0x20 returned 17 after 0 usecs
[    5.339079] calling  scmi_sensors_init+0x0/0x20 @ 1
[    5.343954] initcall scmi_sensors_init+0x0/0x20 returned 21 after 0 usecs
[    5.350736] calling  efisubsys_init+0x0/0x2b8 @ 1
[    5.355460] Registered efivars operations
[    5.359475] initcall efisubsys_init+0x0/0x2b8 returned 0 after 3906 usecs
[    5.366259] calling  register_gop_device+0x0/0x6c @ 1
[    5.371361] initcall register_gop_device+0x0/0x6c returned 0 after 0 usecs
[    5.378232] calling  hi6220_stub_clk_init+0x0/0x20 @ 1
[    5.383550] initcall hi6220_stub_clk_init+0x0/0x20 returned 0 after 0 usecs
[    5.390508] calling  hi3660_stub_clk_init+0x0/0x20 @ 1
[    5.395811] initcall hi3660_stub_clk_init+0x0/0x20 returned 0 after 0 usecs
[    5.402769] calling  balloon_init+0x0/0x6c @ 1
[    5.407209] initcall balloon_init+0x0/0x6c returned -19 after 0 usecs
[    5.413646] calling  xen_setup_shutdown_event+0x0/0x48 @ 1
[    5.419127] initcall xen_setup_shutdown_event+0x0/0x48 returned -19 after 0 usecs
[    5.426605] calling  xenbus_probe_backend_init+0x0/0x6c @ 1
[    5.432203] initcall xenbus_probe_backend_init+0x0/0x6c returned 0 after 0 usecs
[    5.439594] calling  xenbus_probe_frontend_init+0x0/0x6c @ 1
[    5.445268] initcall xenbus_probe_frontend_init+0x0/0x6c returned 0 after 0 usecs
[    5.452746] calling  ab3100_regulators_init+0x0/0x24 @ 1
[    5.458224] initcall ab3100_regulators_init+0x0/0x24 returned 0 after 0 usecs
[    5.465354] calling  misc_init+0x0/0xe0 @ 1
[    5.469548] initcall misc_init+0x0/0xe0 returned 0 after 0 usecs
[    5.475549] calling  tpm_init+0x0/0xec @ 1
[    5.479657] initcall tpm_init+0x0/0xec returned 0 after 0 usecs
[    5.485572] calling  vga_arb_device_init+0x0/0x188 @ 1
[    5.490822] pci 0000:03:00.0: vgaarb: VGA device added: decodes=io+mem,owns=none,locks=none
[    5.499188] pci 0000:03:00.0: vgaarb: bridge control possible
[    5.504931] pci 0000:03:00.0: vgaarb: setting as boot device (VGA legacy resources not available)
[    5.513797] vgaarb: loaded
[    5.516495] initcall vga_arb_device_init+0x0/0x188 returned 0 after 27343 usecs
[    5.523801] calling  cn_init+0x0/0xd0 @ 1
[    5.527844] initcall cn_init+0x0/0xd0 returned 0 after 0 usecs
[    5.533674] calling  register_cpu_capacity_sysctl+0x0/0x98 @ 1
[    5.539523] initcall register_cpu_capacity_sysctl+0x0/0x98 returned 0 after 0 usecs
[    5.547175] calling  pm860x_i2c_init+0x0/0x48 @ 1
[    5.551891] initcall pm860x_i2c_init+0x0/0x48 returned 0 after 0 usecs
[    5.558414] calling  stmpe_init+0x0/0x20 @ 1
[    5.562694] initcall stmpe_init+0x0/0x20 returned 0 after 0 usecs
[    5.568783] calling  tc3589x_init+0x0/0x20 @ 1
[    5.573237] initcall tc3589x_init+0x0/0x20 returned 0 after 0 usecs
[    5.579500] calling  wm8400_module_init+0x0/0x44 @ 1
[    5.584475] initcall wm8400_module_init+0x0/0x44 returned 0 after 0 usecs
[    5.591257] calling  wm831x_i2c_init+0x0/0x44 @ 1
[    5.595972] initcall wm831x_i2c_init+0x0/0x44 returned 0 after 0 usecs
[    5.602495] calling  wm831x_spi_init+0x0/0x38 @ 1
[    5.607208] initcall wm831x_spi_init+0x0/0x38 returned 0 after 0 usecs
[    5.613731] calling  wm8350_i2c_init+0x0/0x20 @ 1
[    5.618446] initcall wm8350_i2c_init+0x0/0x20 returned 0 after 0 usecs
[    5.624969] calling  tps65910_i2c_init+0x0/0x20 @ 1
[    5.629857] initcall tps65910_i2c_init+0x0/0x20 returned 0 after 0 usecs
[    5.636553] calling  tps80031_init+0x0/0x20 @ 1
[    5.641093] initcall tps80031_init+0x0/0x20 returned 0 after 0 usecs
[    5.647441] calling  ezx_pcap_init+0x0/0x20 @ 1
[    5.651981] initcall ezx_pcap_init+0x0/0x20 returned 0 after 0 usecs
[    5.658330] calling  da903x_init+0x0/0x20 @ 1
[    5.662698] initcall da903x_init+0x0/0x20 returned 0 after 0 usecs
[    5.668874] calling  da9052_spi_init+0x0/0x44 @ 1
[    5.673587] initcall da9052_spi_init+0x0/0x44 returned 0 after 0 usecs
[    5.680109] calling  da9052_i2c_init+0x0/0x44 @ 1
[    5.684824] initcall da9052_i2c_init+0x0/0x44 returned 0 after 0 usecs
[    5.691346] calling  lp8788_init+0x0/0x20 @ 1
[    5.695712] initcall lp8788_init+0x0/0x20 returned 0 after 0 usecs
[    5.701888] calling  da9055_i2c_init+0x0/0x44 @ 1
[    5.706602] initcall da9055_i2c_init+0x0/0x44 returned 0 after 0 usecs
[    5.713125] calling  max77843_i2c_init+0x0/0x20 @ 1
[    5.718009] initcall max77843_i2c_init+0x0/0x20 returned 0 after 0 usecs
[    5.724706] calling  max8925_i2c_init+0x0/0x44 @ 1
[    5.729508] initcall max8925_i2c_init+0x0/0x44 returned 0 after 0 usecs
[    5.736117] calling  max8997_i2c_init+0x0/0x20 @ 1
[    5.740915] initcall max8997_i2c_init+0x0/0x20 returned 0 after 0 usecs
[    5.747524] calling  max8998_i2c_init+0x0/0x24 @ 1
[    5.752321] initcall max8998_i2c_init+0x0/0x24 returned 0 after 0 usecs
[    5.758931] calling  ab3100_i2c_init+0x0/0x20 @ 1
[    5.763642] initcall ab3100_i2c_init+0x0/0x20 returned 0 after 0 usecs
[    5.770165] calling  tps6586x_init+0x0/0x20 @ 1
[    5.774706] initcall tps6586x_init+0x0/0x20 returned 0 after 0 usecs
[    5.781056] calling  tps65090_init+0x0/0x20 @ 1
[    5.785596] initcall tps65090_init+0x0/0x20 returned 0 after 0 usecs
[    5.791945] calling  palmas_i2c_init+0x0/0x20 @ 1
[    5.796659] initcall palmas_i2c_init+0x0/0x20 returned 0 after 0 usecs
[    5.803181] calling  rc5t583_i2c_init+0x0/0x20 @ 1
[    5.807984] initcall rc5t583_i2c_init+0x0/0x20 returned 0 after 0 usecs
[    5.814593] calling  sec_pmic_init+0x0/0x20 @ 1
[    5.819134] initcall sec_pmic_init+0x0/0x20 returned 0 after 0 usecs
[    5.825483] calling  dax_fs_init+0x0/0xe8 @ 1
[    5.829913] initcall dax_fs_init+0x0/0xe8 returned 0 after 0 usecs
[    5.836089] calling  dma_buf_init+0x0/0xb4 @ 1
[    5.840546] initcall dma_buf_init+0x0/0xb4 returned 0 after 0 usecs
[    5.846809] calling  init_scsi+0x0/0xa0 @ 1
[    5.851150] SCSI subsystem initialized
[    5.854889] initcall init_scsi+0x0/0xa0 returned 0 after 3906 usecs
[    5.861154] calling  ata_init+0x0/0x324 @ 1
[    5.865453] libata version 3.00 loaded.
[    5.869279] initcall ata_init+0x0/0x324 returned 0 after 3906 usecs
[    5.875544] calling  phy_init+0x0/0x6c @ 1
[    5.879689] initcall phy_init+0x0/0x6c returned 0 after 0 usecs
[    5.885605] calling  usb_init+0x0/0x160 @ 1
[    5.889801] ACPI: bus type USB registered
[    5.893866] usbcore: registered new interface driver usbfs
[    5.899378] usbcore: registered new interface driver hub
[    5.904764] usbcore: registered new device driver usb
[    5.909813] initcall usb_init+0x0/0x160 returned 0 after 19531 usecs
[    5.916162] calling  serio_init+0x0/0x44 @ 1
[    5.920447] initcall serio_init+0x0/0x44 returned 0 after 0 usecs
[    5.926537] calling  input_init+0x0/0x120 @ 1
[    5.930906] initcall input_init+0x0/0x120 returned 0 after 0 usecs
[    5.937082] calling  rtc_init+0x0/0x68 @ 1
[    5.941183] initcall rtc_init+0x0/0x68 returned 0 after 0 usecs
[    5.947101] calling  cec_devnode_init+0x0/0xbc @ 1
[    5.951918] initcall cec_devnode_init+0x0/0xbc returned 0 after 0 usecs
[    5.958529] calling  pps_init+0x0/0xcc @ 1
[    5.962629] pps_core: LinuxPPS API ver. 1 registered
[    5.967588] pps_core: Software ver. 5.3.6 - Copyright 2005-2007 Rodolfo Giometti <giometti@linux.it>
[    5.976716] initcall pps_init+0x0/0xcc returned 0 after 15625 usecs
[    5.982978] calling  ptp_init+0x0/0xb0 @ 1
[    5.987077] PTP clock support registered
[    5.990990] initcall ptp_init+0x0/0xb0 returned 0 after 3906 usecs
[    5.997165] calling  power_supply_class_init+0x0/0x58 @ 1
[    6.002567] initcall power_supply_class_init+0x0/0x58 returned 0 after 0 usecs
[    6.009784] calling  hwmon_init+0x0/0x44 @ 1
[    6.014056] initcall hwmon_init+0x0/0x44 returned 0 after 0 usecs
[    6.020144] calling  edac_init+0x0/0x88 @ 1
[    6.024322] EDAC MC: Ver: 3.0.0
[    6.027655] initcall edac_init+0x0/0x88 returned 0 after 3906 usecs
[    6.033921] calling  leds_init+0x0/0x68 @ 1
[    6.038123] initcall leds_init+0x0/0x68 returned 0 after 0 usecs
[    6.044125] calling  devfreq_init+0x0/0xcc @ 1
[    6.048639] initcall devfreq_init+0x0/0xcc returned 0 after 0 usecs
[    6.054904] calling  devfreq_event_init+0x0/0x74 @ 1
[    6.059872] initcall devfreq_event_init+0x0/0x74 returned 0 after 0 usecs
[    6.066658] calling  arm_pmu_hp_init+0x0/0x60 @ 1
[    6.071360] initcall arm_pmu_hp_init+0x0/0x60 returned 0 after 0 usecs
[    6.077883] calling  arm_pmu_acpi_init+0x0/0x2d8 @ 1
[    6.083104] initcall arm_pmu_acpi_init+0x0/0x2d8 returned 0 after 0 usecs
[    6.089891] calling  ras_init+0x0/0x18 @ 1
[    6.094000] initcall ras_init+0x0/0x18 returned 0 after 0 usecs
[    6.099915] calling  nvmem_init+0x0/0x20 @ 1
[    6.104200] initcall nvmem_init+0x0/0x20 returned 0 after 0 usecs
[    6.110290] calling  dsm_init+0x0/0x170 @ 1
[    6.114600] [I/DSM] dsm_init called, ret 0
[    6.118695] initcall dsm_init+0x0/0x170 returned 0 after 3906 usecs
[    6.124958] calling  proto_init+0x0/0x1c @ 1
[    6.129228] initcall proto_init+0x0/0x1c returned 0 after 0 usecs
[    6.135316] calling  net_dev_init+0x0/0x2b0 @ 1
[    6.140161] initcall net_dev_init+0x0/0x2b0 returned 0 after 0 usecs
[    6.146513] calling  neigh_init+0x0/0xa0 @ 1
[    6.150785] initcall neigh_init+0x0/0xa0 returned 0 after 0 usecs
[    6.156874] calling  fib_notifier_init+0x0/0x20 @ 1
[    6.161749] initcall fib_notifier_init+0x0/0x20 returned 0 after 0 usecs
[    6.168445] calling  fib_rules_init+0x0/0xd0 @ 1
[    6.173064] initcall fib_rules_init+0x0/0xd0 returned 0 after 0 usecs
[    6.179500] calling  init_cgroup_netprio+0x0/0x20 @ 1
[    6.184549] initcall init_cgroup_netprio+0x0/0x20 returned 0 after 0 usecs
[    6.191419] calling  bpf_lwt_init+0x0/0x20 @ 1
[    6.195858] initcall bpf_lwt_init+0x0/0x20 returned 0 after 0 usecs
[    6.202121] calling  pktsched_init+0x0/0x138 @ 1
[    6.206750] initcall pktsched_init+0x0/0x138 returned 0 after 0 usecs
[    6.213187] calling  tc_filter_init+0x0/0x124 @ 1
[    6.217908] initcall tc_filter_init+0x0/0x124 returned 0 after 0 usecs
[    6.224431] calling  tc_action_init+0x0/0x84 @ 1
[    6.229059] initcall tc_action_init+0x0/0x84 returned 0 after 0 usecs
[    6.235495] calling  genl_init+0x0/0x4c @ 1
[    6.239701] initcall genl_init+0x0/0x4c returned 0 after 0 usecs
[    6.245704] calling  wireless_nlevent_init+0x0/0x4c @ 1
[    6.250934] initcall wireless_nlevent_init+0x0/0x4c returned 0 after 0 usecs
[    6.257979] calling  sdei_init+0x0/0xd4 @ 1
[    6.262161] initcall sdei_init+0x0/0xd4 returned 0 after 0 usecs
[    6.268162] calling  watchdog_init+0x0/0x94 @ 1
[    6.272771] initcall watchdog_init+0x0/0x94 returned 0 after 0 usecs
[    6.279176] calling  create_debug_debugfs_entry+0x0/0x30 @ 1
[    6.284842] initcall create_debug_debugfs_entry+0x0/0x30 returned 0 after 0 usecs
[    6.292320] calling  clocksource_done_booting+0x0/0x5c @ 1
[    6.297853] clocksource: Switched to clocksource arch_sys_counter
[    6.303956] initcall clocksource_done_booting+0x0/0x5c returned 0 after 5969 usecs
[    6.311525] calling  tracer_init_tracefs+0x0/0x1e8 @ 1
[    6.353095] initcall tracer_init_tracefs+0x0/0x1e8 returned 0 after 35575 usecs
[    6.360409] calling  init_trace_printk_function_export+0x0/0x40 @ 1
[    6.366684] initcall init_trace_printk_function_export+0x0/0x40 returned 0 after 8 usecs
[    6.374773] calling  init_kprobe_trace+0x0/0xb4 @ 1
[    6.379667] initcall init_kprobe_trace+0x0/0xb4 returned 0 after 16 usecs
[    6.386453] calling  init_uprobe_trace+0x0/0x6c @ 1
[    6.391343] initcall init_uprobe_trace+0x0/0x6c returned 0 after 13 usecs
[    6.398129] calling  bpf_init+0x0/0x64 @ 1
[    6.402231] initcall bpf_init+0x0/0x64 returned 0 after 6 usecs
[    6.408150] calling  init_pipe_fs+0x0/0x5c @ 1
[    6.412654] initcall init_pipe_fs+0x0/0x5c returned 0 after 58 usecs
[    6.419007] calling  cgroup_writeback_init+0x0/0x50 @ 1
[    6.424274] initcall cgroup_writeback_init+0x0/0x50 returned 0 after 41 usecs
[    6.431408] calling  inotify_user_setup+0x0/0x5c @ 1
[    6.436379] initcall inotify_user_setup+0x0/0x5c returned 0 after 7 usecs
[    6.443165] calling  eventpoll_init+0x0/0xec @ 1
[    6.447796] initcall eventpoll_init+0x0/0xec returned 0 after 14 usecs
[    6.454325] calling  anon_inode_init+0x0/0x6c @ 1
[    6.459077] initcall anon_inode_init+0x0/0x6c returned 0 after 47 usecs
[    6.465690] calling  init_dax_wait_table+0x0/0x5c @ 1
[    6.470940] initcall init_dax_wait_table+0x0/0x5c returned 0 after 194 usecs
[    6.477986] calling  proc_locks_init+0x0/0x3c @ 1
[    6.482693] initcall proc_locks_init+0x0/0x3c returned 0 after 4 usecs
[    6.489218] calling  dquot_init+0x0/0x13c @ 1
[    6.493573] VFS: Disk quotas dquot_6.6.0
[    6.497523] VFS: Dquot-cache hash table entries: 512 (order 0, 4096 bytes)
[    6.504397] initcall dquot_init+0x0/0x13c returned 0 after 10570 usecs
[    6.510922] calling  quota_init+0x0/0x30 @ 1
[    6.515208] initcall quota_init+0x0/0x30 returned 0 after 17 usecs
[    6.521386] calling  proc_cmdline_init+0x0/0x34 @ 1
[    6.526265] initcall proc_cmdline_init+0x0/0x34 returned 0 after 2 usecs
[    6.532963] calling  proc_consoles_init+0x0/0x38 @ 1
[    6.537928] initcall proc_consoles_init+0x0/0x38 returned 0 after 2 usecs
[    6.544713] calling  proc_cpuinfo_init+0x0/0x30 @ 1
[    6.549591] initcall proc_cpuinfo_init+0x0/0x30 returned 0 after 2 usecs
[    6.556289] calling  proc_devices_init+0x0/0x38 @ 1
[    6.561168] initcall proc_devices_init+0x0/0x38 returned 0 after 2 usecs
[    6.567866] calling  proc_interrupts_init+0x0/0x38 @ 1
[    6.573005] initcall proc_interrupts_init+0x0/0x38 returned 0 after 2 usecs
[    6.579964] calling  proc_loadavg_init+0x0/0x34 @ 1
[    6.584843] initcall proc_loadavg_init+0x0/0x34 returned 0 after 3 usecs
[    6.591542] calling  proc_meminfo_init+0x0/0x34 @ 1
[    6.596420] initcall proc_meminfo_init+0x0/0x34 returned 0 after 2 usecs
[    6.603118] calling  proc_stat_init+0x0/0x30 @ 1
[    6.607735] initcall proc_stat_init+0x0/0x30 returned 0 after 2 usecs
[    6.614173] calling  proc_uptime_init+0x0/0x34 @ 1
[    6.618965] initcall proc_uptime_init+0x0/0x34 returned 0 after 2 usecs
[    6.625576] calling  proc_version_init+0x0/0x34 @ 1
[    6.630454] initcall proc_version_init+0x0/0x34 returned 0 after 2 usecs
[    6.637152] calling  proc_softirqs_init+0x0/0x34 @ 1
[    6.642117] initcall proc_softirqs_init+0x0/0x34 returned 0 after 2 usecs
[    6.648902] calling  proc_kcore_init+0x0/0xa4 @ 1
[    6.653633] initcall proc_kcore_init+0x0/0xa4 returned 0 after 28 usecs
[    6.660245] calling  vmcore_init+0x0/0x534 @ 1
[    6.664687] initcall vmcore_init+0x0/0x534 returned 0 after 0 usecs
[    6.670950] calling  proc_kmsg_init+0x0/0x30 @ 1
[    6.675568] initcall proc_kmsg_init+0x0/0x30 returned 0 after 2 usecs
[    6.682006] calling  proc_page_init+0x0/0x6c @ 1
[    6.686627] initcall proc_page_init+0x0/0x6c returned 0 after 5 usecs
[    6.693065] calling  fscache_init+0x0/0x22c @ 1
[    6.697636] FS-Cache: Loaded
[    6.700517] initcall fscache_init+0x0/0x22c returned 0 after 2854 usecs
[    6.707129] calling  init_ramfs_fs+0x0/0x58 @ 1
[    6.711659] initcall init_ramfs_fs+0x0/0x58 returned 0 after 0 usecs
[    6.718010] calling  init_hugetlbfs_fs+0x0/0x15c @ 1
[    6.723048] initcall init_hugetlbfs_fs+0x0/0x15c returned 0 after 72 usecs
[    6.729922] calling  add_sys_file+0x0/0x44 @ 1
[    6.734383] initcall add_sys_file+0x0/0x44 returned 0 after 18 usecs
[    6.740736] calling  tomoyo_initerface_init+0x0/0x174 @ 1
[    6.746133] initcall tomoyo_initerface_init+0x0/0x174 returned 0 after 0 usecs
[    6.753353] calling  aa_create_aafs+0x0/0x340 @ 1
[    6.758609] AppArmor: AppArmor Filesystem Enabled
[    6.763314] initcall aa_create_aafs+0x0/0x340 returned 0 after 5134 usecs
[    6.770100] calling  blk_scsi_ioctl_init+0x0/0xa0 @ 1
[    6.775150] initcall blk_scsi_ioctl_init+0x0/0xa0 returned 0 after 0 usecs
[    6.782022] calling  dynamic_debug_init_debugfs+0x0/0x8c @ 1
[    6.787696] initcall dynamic_debug_init_debugfs+0x0/0x8c returned 0 after 16 usecs
[    6.795264] calling  acpi_event_init+0x0/0x44 @ 1
[    6.799980] initcall acpi_event_init+0x0/0x44 returned 0 after 12 usecs
[    6.806592] calling  pnp_system_init+0x0/0x1c @ 1
[    6.811316] initcall pnp_system_init+0x0/0x1c returned 0 after 20 usecs
[    6.817927] calling  pnpacpi_init+0x0/0x8c @ 1
[    6.822369] pnp: PnP ACPI init
[    6.827602] pnp 00:00: Plug and Play ACPI device, IDs PNP0501 (active)
[    6.834951] pnp: PnP ACPI: found 1 devices
[    6.839049] initcall pnpacpi_init+0x0/0x8c returned 0 after 16287 usecs
[    6.845661] calling  chr_dev_init+0x0/0xc4 @ 1
[    6.855363] initcall chr_dev_init+0x0/0xc4 returned 0 after 5134 usecs
[    6.861895] calling  thermal_init+0x0/0x124 @ 1
[    6.866463] initcall thermal_init+0x0/0x124 returned 0 after 36 usecs
[    6.872903] calling  cpufreq_gov_performance_init+0x0/0x1c @ 1
[    6.878740] initcall cpufreq_gov_performance_init+0x0/0x1c returned 0 after 5 usecs
[    6.886395] calling  sysctl_core_init+0x0/0x40 @ 1
[    6.891204] initcall sysctl_core_init+0x0/0x40 returned 0 after 19 usecs
[    6.897904] calling  eth_offload_init+0x0/0x20 @ 1
[    6.902698] initcall eth_offload_init+0x0/0x20 returned 0 after 4 usecs
[    6.909310] calling  ipv4_offload_init+0x0/0x80 @ 1
[    6.914187] initcall ipv4_offload_init+0x0/0x80 returned 0 after 1 usecs
[    6.920886] calling  inet_init+0x0/0x258 @ 1
[    6.925191] NET: Registered protocol family 2
[    6.930003] tcp_listen_portaddr_hash hash table entries: 8192 (order: 7, 720896 bytes)
[    6.938272] TCP established hash table entries: 131072 (order: 8, 1048576 bytes)
[    6.945950] TCP bind hash table entries: 32768 (order: 9, 2621440 bytes)
[    6.953970] TCP: Hash tables configured (established 131072 bind 32768)
[    6.960751] UDP hash table entries: 8192 (order: 8, 1572864 bytes)
[    6.967680] UDP-Lite hash table entries: 8192 (order: 8, 1572864 bytes)
[    6.975290] initcall inet_init+0x0/0x258 returned 0 after 48957 usecs
[    6.981740] calling  af_unix_init+0x0/0x64 @ 1
[    6.986193] NET: Registered protocol family 1
[    6.990562] initcall af_unix_init+0x0/0x64 returned 0 after 4272 usecs
[    6.997087] calling  ipv6_offload_init+0x0/0x84 @ 1
[    7.001964] initcall ipv6_offload_init+0x0/0x84 returned 0 after 1 usecs
[    7.008663] calling  xsk_init+0x0/0x54 @ 1
[    7.012758] NET: Registered protocol family 44
[    7.017200] initcall xsk_init+0x0/0x54 returned 0 after 4338 usecs
[    7.023379] calling  pci_apply_final_quirks+0x0/0x134 @ 1
[    7.028801] pci 0000:7a:00.0: calling  quirk_usb_early_handoff+0x0/0x598 @ 1
[    7.035849] pci 0000:7a:00.0: enabling device (0000 -> 0002)
[    7.041528] pci 0000:7a:00.0: quirk_usb_early_handoff+0x0/0x598 took 5547 usecs
[    7.048844] pci 0000:7a:01.0: calling  quirk_usb_early_handoff+0x0/0x598 @ 1
[    7.055903] pci 0000:7a:01.0: quirk_usb_early_handoff+0x0/0x598 took 9 usecs
[    7.062952] pci 0000:7a:02.0: calling  quirk_usb_early_handoff+0x0/0x598 @ 1
[    7.070000] pci 0000:7a:02.0: enabling device (0000 -> 0002)
[    7.075677] pci 0000:7a:02.0: quirk_usb_early_handoff+0x0/0x598 took 5544 usecs
[    7.083004] PCI: CLS 32 bytes, default 64
[    7.087012] initcall pci_apply_final_quirks+0x0/0x134 returned 0 after 56866 usecs
[    7.094579] calling  acpi_reserve_resources+0x0/0xf4 @ 1
[    7.099889] initcall acpi_reserve_resources+0x0/0xf4 returned 0 after 0 usecs
[    7.107022] calling  populate_rootfs+0x0/0x1bc @ 1
[    7.111979] Trying to unpack rootfs image as initramfs...
[    8.030409] Freeing initrd memory: 54608K
[    8.034472] initcall populate_rootfs+0x0/0x1bc returned 0 after 901033 usecs
[    8.041569] calling  register_kernel_offset_dumper+0x0/0x28 @ 1
[    8.047516] initcall register_kernel_offset_dumper+0x0/0x28 returned 0 after 1 usecs
[    8.055256] calling  cpuinfo_regs_init+0x0/0xd0 @ 1
[    8.060429] initcall cpuinfo_regs_init+0x0/0xd0 returned 0 after 288 usecs
[    8.067312] calling  register_cpu_hwcaps_dumper+0x0/0x2c @ 1
[    8.072986] initcall register_cpu_hwcaps_dumper+0x0/0x2c returned 0 after 1 usecs
[    8.080467] calling  armv8_pmu_driver_init+0x0/0x3c @ 1
[    8.085861] hw perfevents: enabled with armv8_pmuv3_0 PMU driver, 13 counters available
[    8.093866] initcall armv8_pmu_driver_init+0x0/0x3c returned 0 after 7985 usecs
[    8.101173] calling  arch_init_uprobes+0x0/0x34 @ 1
[    8.106066] initcall arch_init_uprobes+0x0/0x34 returned 0 after 16 usecs
[    8.112853] calling  register_mem_limit_dumper+0x0/0x2c @ 1
[    8.118425] initcall register_mem_limit_dumper+0x0/0x2c returned 0 after 1 usecs
[    8.125819] calling  arm_init+0x0/0x28 @ 1
[    8.129926] kvm [1]: 16-bit VMID
[    8.133150] kvm [1]: GICv4 support disabled
[    8.137331] kvm [1]: vgic-v2@9b020000
[    8.141003] kvm [1]: GIC system register CPU interface enabled
[    8.146967] kvm [1]: vgic interrupt IRQ1
[    8.151030] kvm [1]: VHE mode initialized successfully
[    8.156385] initcall arm_init+0x0/0x28 returned 0 after 25850 usecs
[    8.162656] calling  proc_execdomains_init+0x0/0x34 @ 1
[    8.167884] initcall proc_execdomains_init+0x0/0x34 returned 0 after 3 usecs
[    8.174931] calling  register_warn_debugfs+0x0/0x34 @ 1
[    8.180163] initcall register_warn_debugfs+0x0/0x34 returned 0 after 7 usecs
[    8.187209] calling  cpuhp_sysfs_init+0x0/0xa4 @ 1
[    8.192071] initcall cpuhp_sysfs_init+0x0/0xa4 returned 0 after 70 usecs
[    8.198771] calling  ioresources_init+0x0/0x6c @ 1
[    8.203565] initcall ioresources_init+0x0/0x6c returned 0 after 4 usecs
[    8.210177] calling  lockdep_proc_init+0x0/0x9c @ 1
[    8.215061] initcall lockdep_proc_init+0x0/0x9c returned 0 after 7 usecs
[    8.221758] calling  snapshot_device_init+0x0/0x1c @ 1
[    8.226978] initcall snapshot_device_init+0x0/0x1c returned 0 after 76 usecs
[    8.234026] calling  irq_gc_init_ops+0x0/0x24 @ 1
[    8.238729] initcall irq_gc_init_ops+0x0/0x24 returned 0 after 1 usecs
[    8.245252] calling  irq_pm_init_ops+0x0/0x20 @ 1
[    8.249957] initcall irq_pm_init_ops+0x0/0x20 returned 0 after 1 usecs
[    8.256481] calling  timekeeping_init_ops+0x0/0x24 @ 1
[    8.261618] initcall timekeeping_init_ops+0x0/0x24 returned 0 after 1 usecs
[    8.268577] calling  init_clocksource_sysfs+0x0/0x38 @ 1
[    8.273984] initcall init_clocksource_sysfs+0x0/0x38 returned 0 after 94 usecs
[    8.281205] calling  init_timer_list_procfs+0x0/0x40 @ 1
[    8.286518] initcall init_timer_list_procfs+0x0/0x40 returned 0 after 2 usecs
[    8.293650] calling  alarmtimer_init+0x0/0x128 @ 1
[    8.298781] probe of alarmtimer returned 1 after 24 usecs
[    8.304188] initcall alarmtimer_init+0x0/0x128 returned 0 after 5613 usecs
[    8.311062] calling  init_posix_timers+0x0/0x38 @ 1
[    8.315946] initcall init_posix_timers+0x0/0x38 returned 0 after 7 usecs
[    8.322645] calling  clockevents_init_sysfs+0x0/0xec @ 1
[    8.328316] initcall clockevents_init_sysfs+0x0/0xec returned 0 after 352 usecs
[    8.335624] calling  sched_clock_syscore_init+0x0/0x24 @ 1
[    8.341109] initcall sched_clock_syscore_init+0x0/0x24 returned 0 after 1 usecs
[    8.348415] calling  proc_modules_init+0x0/0x34 @ 1
[    8.353295] initcall proc_modules_init+0x0/0x34 returned 0 after 3 usecs
[    8.359994] calling  kallsyms_init+0x0/0x30 @ 1
[    8.364525] initcall kallsyms_init+0x0/0x30 returned 0 after 2 usecs
[    8.370877] calling  pid_namespaces_init+0x0/0x48 @ 1
[    8.375939] initcall pid_namespaces_init+0x0/0x48 returned 0 after 11 usecs
[    8.382898] calling  ikconfig_init+0x0/0x44 @ 1
[    8.387430] initcall ikconfig_init+0x0/0x44 returned 0 after 2 usecs
[    8.393781] calling  audit_watch_init+0x0/0x44 @ 1
[    8.398572] initcall audit_watch_init+0x0/0x44 returned 0 after 1 usecs
[    8.405184] calling  audit_fsnotify_init+0x0/0x44 @ 1
[    8.410235] initcall audit_fsnotify_init+0x0/0x44 returned 0 after 1 usecs
[    8.417106] calling  audit_tree_init+0x0/0x68 @ 1
[    8.421810] initcall audit_tree_init+0x0/0x68 returned 0 after 1 usecs
[    8.428335] calling  init_kprobes+0x0/0x13c @ 1
[    8.432969] initcall init_kprobes+0x0/0x13c returned 0 after 102 usecs
[    8.439494] calling  seccomp_sysctl_init+0x0/0x38 @ 1
[    8.444549] initcall seccomp_sysctl_init+0x0/0x38 returned 0 after 5 usecs
[    8.451421] calling  utsname_sysctl_init+0x0/0x20 @ 1
[    8.456476] initcall utsname_sysctl_init+0x0/0x20 returned 0 after 5 usecs
[    8.463348] calling  init_tracepoints+0x0/0x40 @ 1
[    8.468138] initcall init_tracepoints+0x0/0x40 returned 0 after 1 usecs
[    8.474751] calling  perf_event_sysfs_init+0x0/0xb4 @ 1
[    8.480337] initcall perf_event_sysfs_init+0x0/0xb4 returned 0 after 354 usecs
[    8.487558] calling  init_uprobes+0x0/0x90 @ 1
[    8.492005] initcall init_uprobes+0x0/0x90 returned 0 after 4 usecs
[    8.498270] calling  padata_driver_init+0x0/0x48 @ 1
[    8.503238] initcall padata_driver_init+0x0/0x48 returned 0 after 1 usecs
[    8.510023] calling  system_trusted_keyring_init+0x0/0x6c @ 1
[    8.515766] Initialise system trusted keyrings
[    8.520236] initcall system_trusted_keyring_init+0x0/0x6c returned 0 after 4364 usecs
[    8.528064] calling  kswapd_init+0x0/0x58 @ 1
[    8.532491] initcall kswapd_init+0x0/0x58 returned 0 after 69 usecs
[    8.538760] calling  extfrag_debug_init+0x0/0x94 @ 1
[    8.543747] initcall extfrag_debug_init+0x0/0x94 returned 0 after 23 usecs
[    8.550620] calling  mm_compute_batch_init+0x0/0x64 @ 1
[    8.555844] initcall mm_compute_batch_init+0x0/0x64 returned 0 after 0 usecs
