2023-10-16 14:38:09 uos-PC kernel: [    0.000000] Booting Linux on physical CPU 0x0000000000 [0x701f6633]
2023-10-16 14:38:09 uos-PC kernel: [    0.000000] Linux version 4.19.0-arm64-desktop (uosserver@uosserver-PC) (gcc version 8.3.0 (Uos 8.3.0.3-3+rebuild)) (520a01b1aa75) #6108 SMP Wed Sep 13 13:46:40 CST 2023
2023-10-16 14:38:09 uos-PC kernel: [    0.000000] debug: ignoring loglevel setting.
2023-10-16 14:38:09 uos-PC kernel: [    0.000000] efi: Getting EFI parameters from FDT:
2023-10-16 14:38:09 uos-PC kernel: [    0.000000] efi: EFI v2.70 by Phytium D2000
2023-10-16 14:38:09 uos-PC kernel: [    0.000000] efi:  ACPI 2.0=0xf6b60000  SMBIOS=0xfbfb0000  SMBIOS 3.0=0xf69b0000  MEMATTR=0xfb358018  MEMRESERVE=0xf6861e98 
2023-10-16 14:38:09 uos-PC kernel: [    0.000000] ACPI: Early table checksum verification disabled
2023-10-16 14:38:09 uos-PC kernel: [    0.000000] ACPI: RSDP 0x00000000F6B60000 000024 (v02 PHYLTD)
2023-10-16 14:38:09 uos-PC kernel: [    0.000000] ACPI: XSDT 0x00000000F6B50000 000074 (v01 PHYLTD PHYTIUM. 00000001      01000013)
2023-10-16 14:38:09 uos-PC kernel: [    0.000000] ACPI: FACP 0x00000000F6A50000 000114 (v06 PHYLTD PHYTIUM. 00000001 PHYT 00000001)
2023-10-16 14:38:09 uos-PC kernel: [    0.000000] ACPI: DSDT 0x00000000F69D0000 0013B6 (v02 PHYLTD PHYTIUM. 00000001 INTL 20180105)
2023-10-16 14:38:09 uos-PC kernel: [    0.000000] ACPI: GTDT 0x00000000F6A40000 000098 (v02 PHYLTD PHYTIUM. 00000001 PHYT 00000001)
2023-10-16 14:38:09 uos-PC kernel: [    0.000000] ACPI: IORT 0x00000000F6A30000 000080 (v00 PHYLTD PHYTIUM. 00000001 PHYT 00000001)
2023-10-16 14:38:09 uos-PC kernel: [    0.000000] ACPI: APIC 0x00000000F6A20000 0002D8 (v04 PHYLTD PHYTIUM. 00000001 PHYT 00000001)
2023-10-16 14:38:09 uos-PC kernel: [    0.000000] ACPI: MCFG 0x00000000F6A10000 00003C (v01 PHYLTD PHYTIUM. 00000001 PHYT 00000001)
2023-10-16 14:38:09 uos-PC kernel: [    0.000000] ACPI: PPTT 0x00000000F6A00000 000396 (v01 PHYLTD PHYTIUM. 00000001 PHYT 00000001)
2023-10-16 14:38:09 uos-PC kernel: [    0.000000] ACPI: SPCR 0x00000000F69F0000 000050 (v02 PHYLTD PHYTIUM. 00000001 PHYT 00000001)
2023-10-16 14:38:09 uos-PC kernel: [    0.000000] ACPI: SSDT 0x00000000F69E0000 000515 (v02 PHYLTD PHYTIUM. 00000001 INTL 20180105)
2023-10-16 14:38:09 uos-PC kernel: [    0.000000] ACPI: PPTT 0x00000000F69C0000 000396 (v01 PHYLTD PHYTIUM. 00000001 PHYT 00000001)
2023-10-16 14:38:09 uos-PC kernel: [    0.000000] ACPI: VFCT 0x00000000F6400000 010084 (v01 PHYLTD PHYTIUM. 00000001 AMD  31504F47)
2023-10-16 14:38:09 uos-PC kernel: [    0.000000] ACPI: SPCR: console: pl011,mmio32,0x28001000,115200
2023-10-16 14:38:09 uos-PC kernel: [    0.000000] On node 0 totalpages: 2080768
2023-10-16 14:38:09 uos-PC kernel: [    0.000000]   DMA32 zone: 8192 pages used for memmap
2023-10-16 14:38:09 uos-PC kernel: [    0.000000]   DMA32 zone: 0 pages reserved
2023-10-16 14:38:09 uos-PC kernel: [    0.000000]   DMA32 zone: 507904 pages, LIFO batch:63
2023-10-16 14:38:09 uos-PC kernel: [    0.000000]   Normal zone: 24576 pages used for memmap
2023-10-16 14:38:09 uos-PC kernel: [    0.000000]   Normal zone: 1572864 pages, LIFO batch:63
2023-10-16 14:38:09 uos-PC kernel: [    0.000000] psci: probing for conduit method from ACPI.
2023-10-16 14:38:09 uos-PC kernel: [    0.000000] psci: PSCIv1.1 detected in firmware.
2023-10-16 14:38:09 uos-PC kernel: [    0.000000] psci: Using standard PSCI v0.2 function IDs
2023-10-16 14:38:09 uos-PC kernel: [    0.000000] psci: MIGRATE_INFO_TYPE not supported.
2023-10-16 14:38:09 uos-PC kernel: [    0.000000] psci: SMC Calling Convention v1.0
2023-10-16 14:38:09 uos-PC kernel: [    0.000000] percpu: Embedded 28 pages/cpu s74648 r8192 d31848 u114688
2023-10-16 14:38:09 uos-PC kernel: [    0.000000] pcpu-alloc: s74648 r8192 d31848 u114688 alloc=28*4096
2023-10-16 14:38:09 uos-PC kernel: [    0.000000] pcpu-alloc: [0] 0 [0] 1 [0] 2 [0] 3 [0] 4 [0] 5 [0] 6 [0] 7 
2023-10-16 14:38:09 uos-PC kernel: [    0.000000] Detected PIPT I-cache on CPU0
2023-10-16 14:38:09 uos-PC kernel: [    0.000000] ARM_SMCCC_ARCH_WORKAROUND_1 missing from firmware
2023-10-16 14:38:09 uos-PC kernel: [    0.000000] Built 1 zonelists, mobility grouping on.  Total pages: 2048000
2023-10-16 14:38:09 uos-PC kernel: [    0.000000] Kernel command line: BOOT_IMAGE=/vmlinuz-4.19.0-arm64-desktop root=UUID=fb063bb0-c792-424a-a779-05f5cdab3dcf ro video=efifb:nobgrt splash console=tty plymouth.ignore-serial-consoles ignore_loglevel initcall_debug DEEPIN_GFXMODE= ima_appraise=off libahci.ignore_sss=1
2023-10-16 14:38:09 uos-PC kernel: [    0.000000] log_buf_len individual max cpu contribution: 32768 bytes
2023-10-16 14:38:09 uos-PC kernel: [    0.000000] log_buf_len total cpu_extra contributions: 229376 bytes
2023-10-16 14:38:09 uos-PC kernel: [    0.000000] log_buf_len min size: 131072 bytes
2023-10-16 14:38:09 uos-PC kernel: [    0.000000] log_buf_len: 524288 bytes
2023-10-16 14:38:09 uos-PC kernel: [    0.000000] early log buf free: 127628(97%)
2023-10-16 14:38:09 uos-PC kernel: [    0.000000] Dentry cache hash table entries: 1048576 (order: 11, 8388608 bytes)
2023-10-16 14:38:09 uos-PC kernel: [    0.000000] Inode-cache hash table entries: 524288 (order: 10, 4194304 bytes)
2023-10-16 14:38:09 uos-PC kernel: [    0.000000] software IO TLB: mapped [mem 0xf7358000-0xfb358000] (64MB)
2023-10-16 14:38:09 uos-PC kernel: [    0.000000] Memory: 8002072K/8323072K available (11772K kernel code, 1304K rwdata, 6516K rodata, 4096K init, 1207K bss, 321000K reserved, 0K cma-reserved)
2023-10-16 14:38:09 uos-PC kernel: [    0.000000] SLUB: HWalign=64, Order=0-3, MinObjects=0, CPUs=8, Nodes=1
2023-10-16 14:38:09 uos-PC kernel: [    0.000000] rcu: Hierarchical RCU implementation.
2023-10-16 14:38:09 uos-PC kernel: [    0.000000] rcu: 	RCU restricting CPUs from NR_CPUS=256 to nr_cpu_ids=8.
2023-10-16 14:38:09 uos-PC kernel: [    0.000000] rcu: Adjusting geometry for rcu_fanout_leaf=16, nr_cpu_ids=8
2023-10-16 14:38:09 uos-PC kernel: [    0.000000] NR_IRQS: 64, nr_irqs: 64, preallocated irqs: 0
2023-10-16 14:38:09 uos-PC kernel: [    0.000000] GICv3: GIC: Using split EOI/Deactivate mode
2023-10-16 14:38:09 uos-PC kernel: [    0.000000] GICv3: Distributor has no Range Selector support
2023-10-16 14:38:09 uos-PC kernel: [    0.000000] GICv3: no VLPI support, no direct LPI support
2023-10-16 14:38:09 uos-PC kernel: [    0.000000] GICv3: CPU0: found redistributor 0 region 0:0x0000000029b00000
2023-10-16 14:38:09 uos-PC kernel: [    0.000000] ITS [mem 0x29a20000-0x29a3ffff]
2023-10-16 14:38:09 uos-PC kernel: [    0.000000] ITS@0x0000000029a20000: allocated 65536 Devices @2176d00000 (flat, esz 8, psz 64K, shr 0)
2023-10-16 14:38:09 uos-PC kernel: [    0.000000] ITS: using cache flushing for cmd queue
2023-10-16 14:38:09 uos-PC kernel: [    0.000000] GICv3: using LPI property table @0x0000002176c90000
2023-10-16 14:38:09 uos-PC kernel: [    0.000000] GIC: using cache flushing for LPI property table
2023-10-16 14:38:09 uos-PC kernel: [    0.000000] GICv3: CPU0: using allocated LPI pending table @0x0000002176ca0000
2023-10-16 14:38:09 uos-PC kernel: [    0.000000] rcu: 	Offload RCU callbacks from CPUs: (none).
2023-10-16 14:38:09 uos-PC kernel: [    0.000000] arch_timer: cp15 timer(s) running at 48.00MHz (phys).
2023-10-16 14:38:09 uos-PC kernel: [    0.000000] clocksource: arch_sys_counter: mask: 0xffffffffffffff max_cycles: 0xb11fd3bfb, max_idle_ns: 440795203732 ns
2023-10-16 14:38:09 uos-PC kernel: [    0.000001] sched_clock: 56 bits at 48MHz, resolution 20ns, wraps every 4398046511096ns
2023-10-16 14:38:09 uos-PC kernel: [    0.000035] calling  con_init+0x0/0x208 @ 0
2023-10-16 14:38:09 uos-PC kernel: [    0.000056] Console: colour dummy device 80x25
2023-10-16 14:38:09 uos-PC kernel: [    0.000228] console [tty0] enabled
2023-10-16 14:38:09 uos-PC kernel: [    0.000233] initcall con_init+0x0/0x208 returned 0 after 0 usecs
2023-10-16 14:38:09 uos-PC kernel: [    0.000238] calling  hvc_console_init+0x0/0x24 @ 0
2023-10-16 14:38:09 uos-PC kernel: [    0.000243] initcall hvc_console_init+0x0/0x24 returned 0 after 0 usecs
2023-10-16 14:38:09 uos-PC kernel: [    0.000250] calling  xen_cons_init+0x0/0x78 @ 0
2023-10-16 14:38:09 uos-PC kernel: [    0.000254] initcall xen_cons_init+0x0/0x78 returned 0 after 0 usecs
2023-10-16 14:38:09 uos-PC kernel: [    0.000259] calling  univ8250_console_init+0x0/0x40 @ 0
2023-10-16 14:38:09 uos-PC kernel: [    0.000273] initcall univ8250_console_init+0x0/0x40 returned 0 after 0 usecs
2023-10-16 14:38:09 uos-PC kernel: [    0.000283] ACPI: Core revision 20180810
2023-10-16 14:38:09 uos-PC kernel: [    0.000469] Calibrating delay loop (skipped), value calculated using timer frequency.. 96.00 BogoMIPS (lpj=192000)
2023-10-16 14:38:09 uos-PC kernel: [    0.000477] pid_max: default: 32768 minimum: 301
2023-10-16 14:38:09 uos-PC kernel: [    0.000504] Security Framework initialized
2023-10-16 14:38:09 uos-PC kernel: [    0.000513] calling  selinux_init+0x0/0x1fc @ 0
2023-10-16 14:38:09 uos-PC kernel: [    0.000518] initcall selinux_init+0x0/0x1fc returned 0 after 0 usecs
2023-10-16 14:38:09 uos-PC kernel: [    0.000523] calling  elfverify_init+0x0/0x50 @ 0
2023-10-16 14:38:09 uos-PC kernel: [    0.000528] [uos elfverify guard] LSM initialized: elfverify, elf enabled: 1
2023-10-16 14:38:09 uos-PC kernel: [    0.000532] initcall elfverify_init+0x0/0x50 returned 0 after 0 usecs
2023-10-16 14:38:09 uos-PC kernel: [    0.000537] calling  manager_init+0x0/0x190 @ 0
2023-10-16 14:38:09 uos-PC kernel: [    0.000541] [manager_init] start manager_init 
2023-10-16 14:38:09 uos-PC kernel: [    0.000994] UOS Manager initialized: uosmanager
2023-10-16 14:38:09 uos-PC kernel: [    0.001002] initcall manager_init+0x0/0x190 returned 0 after 0 usecs
2023-10-16 14:38:09 uos-PC kernel: [    0.001007] calling  tomoyo_init+0x0/0x68 @ 0
2023-10-16 14:38:09 uos-PC kernel: [    0.001011] initcall tomoyo_init+0x0/0x68 returned 0 after 0 usecs
2023-10-16 14:38:09 uos-PC kernel: [    0.001016] calling  apparmor_init+0x0/0x2d0 @ 0
2023-10-16 14:38:09 uos-PC kernel: [    0.001046] AppArmor: AppArmor initialized
2023-10-16 14:38:09 uos-PC kernel: [    0.001052] initcall apparmor_init+0x0/0x2d0 returned 0 after 0 usecs
2023-10-16 14:38:09 uos-PC kernel: [    0.001057] calling  integrity_iintcache_init+0x0/0x3c @ 0
2023-10-16 14:38:09 uos-PC kernel: [    0.001066] initcall integrity_iintcache_init+0x0/0x3c returned 0 after 0 usecs
2023-10-16 14:38:09 uos-PC kernel: [    0.001109] Mount-cache hash table entries: 16384 (order: 5, 131072 bytes)
2023-10-16 14:38:09 uos-PC kernel: [    0.001142] Mountpoint-cache hash table entries: 16384 (order: 5, 131072 bytes)
2023-10-16 14:38:09 uos-PC kernel: [    0.001594] calling  trace_init_flags_sys_enter+0x0/0x1c @ 1
2023-10-16 14:38:09 uos-PC kernel: [    0.001602] initcall trace_init_flags_sys_enter+0x0/0x1c returned 0 after 0 usecs
2023-10-16 14:38:09 uos-PC kernel: [    0.001607] calling  trace_init_flags_sys_exit+0x0/0x1c @ 1
2023-10-16 14:38:09 uos-PC kernel: [    0.001611] initcall trace_init_flags_sys_exit+0x0/0x1c returned 0 after 0 usecs
2023-10-16 14:38:09 uos-PC kernel: [    0.001617] calling  cpu_suspend_init+0x0/0x58 @ 1
2023-10-16 14:38:09 uos-PC kernel: [    0.001622] initcall cpu_suspend_init+0x0/0x58 returned 0 after 0 usecs
2023-10-16 14:38:09 uos-PC kernel: [    0.001628] calling  asids_init+0x0/0xd0 @ 1
2023-10-16 14:38:09 uos-PC kernel: [    0.001632] ASID allocator initialised with 32768 entries
2023-10-16 14:38:09 uos-PC kernel: [    0.001636] initcall asids_init+0x0/0xd0 returned 0 after 0 usecs
2023-10-16 14:38:09 uos-PC kernel: [    0.001642] calling  xen_guest_init+0x0/0x2e0 @ 1
2023-10-16 14:38:09 uos-PC kernel: [    0.001646] initcall xen_guest_init+0x0/0x2e0 returned 0 after 0 usecs
2023-10-16 14:38:09 uos-PC kernel: [    0.001651] calling  spawn_ksoftirqd+0x0/0x48 @ 1
2023-10-16 14:38:09 uos-PC kernel: [    0.001678] initcall spawn_ksoftirqd+0x0/0x48 returned 0 after 0 usecs
2023-10-16 14:38:09 uos-PC kernel: [    0.001684] calling  migration_init+0x0/0x4c @ 1
2023-10-16 14:38:09 uos-PC kernel: [    0.001688] initcall migration_init+0x0/0x4c returned 0 after 0 usecs
2023-10-16 14:38:09 uos-PC kernel: [    0.001693] calling  check_cpu_stall_init+0x0/0x2c @ 1
2023-10-16 14:38:09 uos-PC kernel: [    0.001697] initcall check_cpu_stall_init+0x0/0x2c returned 0 after 0 usecs
2023-10-16 14:38:09 uos-PC kernel: [    0.001701] calling  srcu_bootup_announce+0x0/0x40 @ 1
2023-10-16 14:38:09 uos-PC kernel: [    0.001705] rcu: Hierarchical SRCU implementation.
2023-10-16 14:38:09 uos-PC kernel: [    0.001708] initcall srcu_bootup_announce+0x0/0x40 returned 0 after 0 usecs
2023-10-16 14:38:09 uos-PC kernel: [    0.001713] calling  rcu_spawn_gp_kthread+0x0/0x19c @ 1
2023-10-16 14:38:09 uos-PC kernel: [    0.001751] initcall rcu_spawn_gp_kthread+0x0/0x19c returned 0 after 0 usecs
2023-10-16 14:38:09 uos-PC kernel: [    0.001757] calling  cpu_stop_init+0x0/0xc4 @ 1
2023-10-16 14:38:09 uos-PC kernel: [    0.001781] initcall cpu_stop_init+0x0/0xc4 returned 0 after 0 usecs
2023-10-16 14:38:09 uos-PC kernel: [    0.001786] calling  init_events+0x0/0x60 @ 1
2023-10-16 14:38:09 uos-PC kernel: [    0.001801] initcall init_events+0x0/0x60 returned 0 after 0 usecs
2023-10-16 14:38:09 uos-PC kernel: [    0.001806] calling  init_trace_printk+0x0/0x20 @ 1
2023-10-16 14:38:09 uos-PC kernel: [    0.001810] initcall init_trace_printk+0x0/0x20 returned 0 after 0 usecs
2023-10-16 14:38:09 uos-PC kernel: [    0.001815] calling  event_trace_enable_again+0x0/0x6c @ 1
2023-10-16 14:38:09 uos-PC kernel: [    0.001820] initcall event_trace_enable_again+0x0/0x6c returned 0 after 0 usecs
2023-10-16 14:38:09 uos-PC kernel: [    0.001825] calling  jump_label_init_module+0x0/0x1c @ 1
2023-10-16 14:38:09 uos-PC kernel: [    0.001830] initcall jump_label_init_module+0x0/0x1c returned 0 after 0 usecs
2023-10-16 14:38:09 uos-PC kernel: [    0.001836] calling  dynamic_debug_init+0x0/0x2ac @ 1
2023-10-16 14:38:09 uos-PC kernel: [    0.002373] initcall dynamic_debug_init+0x0/0x2ac returned 0 after 0 usecs
2023-10-16 14:38:09 uos-PC kernel: [    0.002378] calling  its_pmsi_init+0x0/0xa8 @ 1
2023-10-16 14:38:09 uos-PC kernel: [    0.002389] Platform MSI: ITS@0x29a20000 domain created
2023-10-16 14:38:09 uos-PC kernel: [    0.002397] initcall its_pmsi_init+0x0/0xa8 returned 0 after 0 usecs
2023-10-16 14:38:09 uos-PC kernel: [    0.002402] calling  its_pci_msi_init+0x0/0xc4 @ 1
2023-10-16 14:38:09 uos-PC kernel: [    0.002411] PCI/MSI: ITS@0x29a20000 domain created
2023-10-16 14:38:09 uos-PC kernel: [    0.002416] initcall its_pci_msi_init+0x0/0xc4 returned 0 after 0 usecs
2023-10-16 14:38:09 uos-PC kernel: [    0.002423] calling  efi_memreserve_root_init+0x0/0x44 @ 1
2023-10-16 14:38:09 uos-PC kernel: [    0.002428] initcall efi_memreserve_root_init+0x0/0x44 returned 0 after 0 usecs
2023-10-16 14:38:09 uos-PC kernel: [    0.002433] calling  arm_enable_runtime_services+0x0/0x1e8 @ 1
2023-10-16 14:38:09 uos-PC kernel: [    0.002439] Remapping and enabling EFI services.
2023-10-16 14:38:09 uos-PC kernel: [    0.002726] initcall arm_enable_runtime_services+0x0/0x1e8 returned 0 after 0 usecs
2023-10-16 14:38:09 uos-PC kernel: [    0.002733] calling  brcmstb_soc_device_early_init+0x0/0xa0 @ 1
2023-10-16 14:38:09 uos-PC kernel: [    0.002738] initcall brcmstb_soc_device_early_init+0x0/0xa0 returned 0 after 0 usecs
2023-10-16 14:38:09 uos-PC kernel: [    0.002743] calling  brcmstb_biuctrl_init+0x0/0x314 @ 1
2023-10-16 14:38:09 uos-PC kernel: [    0.002749] initcall brcmstb_biuctrl_init+0x0/0x314 returned 0 after 0 usecs
2023-10-16 14:38:09 uos-PC kernel: [    0.002755] calling  rand_initialize+0x0/0xd0 @ 1
2023-10-16 14:38:09 uos-PC kernel: [    0.002795] initcall rand_initialize+0x0/0xd0 returned 0 after 0 usecs
2023-10-16 14:38:09 uos-PC kernel: [    0.002801] calling  dummy_timer_register+0x0/0x34 @ 1
2023-10-16 14:38:09 uos-PC kernel: [    0.002808] initcall dummy_timer_register+0x0/0x34 returned 0 after 0 usecs
2023-10-16 14:38:09 uos-PC kernel: [    0.002814] calling  initialize_ptr_random+0x0/0x68 @ 1
2023-10-16 14:38:09 uos-PC kernel: [    0.002819] initcall initialize_ptr_random+0x0/0x68 returned 0 after 0 usecs
2023-10-16 14:38:09 uos-PC kernel: [    0.002926] smp: Bringing up secondary CPUs ...
2023-10-16 14:38:09 uos-PC kernel: [    0.041612] Detected PIPT I-cache on CPU1
2023-10-16 14:38:09 uos-PC kernel: [    0.041624] GICv3: CPU1: found redistributor 1 region 1:0x0000000029b20000
2023-10-16 14:38:09 uos-PC kernel: [    0.041638] GICv3: CPU1: using allocated LPI pending table @0x0000002176cb0000
2023-10-16 14:38:09 uos-PC kernel: [    0.041651] CPU1: Booted secondary processor 0x0000000001 [0x701f6633]
2023-10-16 14:38:09 uos-PC kernel: [    0.082929] Detected PIPT I-cache on CPU2
2023-10-16 14:38:09 uos-PC kernel: [    0.082939] GICv3: CPU2: found redistributor 100 region 2:0x0000000029b40000
2023-10-16 14:38:09 uos-PC kernel: [    0.082953] GICv3: CPU2: using allocated LPI pending table @0x0000002176cc0000
2023-10-16 14:38:09 uos-PC kernel: [    0.082966] CPU2: Booted secondary processor 0x0000000100 [0x701f6633]
2023-10-16 14:38:09 uos-PC kernel: [    0.124246] Detected PIPT I-cache on CPU3
2023-10-16 14:38:09 uos-PC kernel: [    0.124253] GICv3: CPU3: found redistributor 101 region 3:0x0000000029b60000
2023-10-16 14:38:09 uos-PC kernel: [    0.124265] GICv3: CPU3: using allocated LPI pending table @0x0000002176cd0000
2023-10-16 14:38:09 uos-PC kernel: [    0.124274] CPU3: Booted secondary processor 0x0000000101 [0x701f6633]
2023-10-16 14:38:09 uos-PC kernel: [    0.165567] Detected PIPT I-cache on CPU4
2023-10-16 14:38:09 uos-PC kernel: [    0.165576] GICv3: CPU4: found redistributor 200 region 4:0x0000000029b80000
2023-10-16 14:38:09 uos-PC kernel: [    0.165591] GICv3: CPU4: using allocated LPI pending table @0x0000002176ce0000
2023-10-16 14:38:09 uos-PC kernel: [    0.165602] CPU4: Booted secondary processor 0x0000000200 [0x701f6633]
2023-10-16 14:38:09 uos-PC kernel: [    0.206882] Detected PIPT I-cache on CPU5
2023-10-16 14:38:09 uos-PC kernel: [    0.206889] GICv3: CPU5: found redistributor 201 region 5:0x0000000029ba0000
2023-10-16 14:38:09 uos-PC kernel: [    0.206900] GICv3: CPU5: using allocated LPI pending table @0x0000002176cf0000
2023-10-16 14:38:09 uos-PC kernel: [    0.206909] CPU5: Booted secondary processor 0x0000000201 [0x701f6633]
2023-10-16 14:38:09 uos-PC kernel: [    0.248203] Detected PIPT I-cache on CPU6
2023-10-16 14:38:09 uos-PC kernel: [    0.248214] GICv3: CPU6: found redistributor 300 region 6:0x0000000029bc0000
2023-10-16 14:38:09 uos-PC kernel: [    0.248228] GICv3: CPU6: using allocated LPI pending table @0x0000002176d80000
2023-10-16 14:38:09 uos-PC kernel: [    0.248239] CPU6: Booted secondary processor 0x0000000300 [0x701f6633]
2023-10-16 14:38:09 uos-PC kernel: [    0.289431] Detected PIPT I-cache on CPU7
2023-10-16 14:38:09 uos-PC kernel: [    0.289439] GICv3: CPU7: found redistributor 301 region 7:0x0000000029be0000
2023-10-16 14:38:09 uos-PC kernel: [    0.289450] GICv3: CPU7: using allocated LPI pending table @0x0000002176d90000
2023-10-16 14:38:09 uos-PC kernel: [    0.289460] CPU7: Booted secondary processor 0x0000000301 [0x701f6633]
2023-10-16 14:38:09 uos-PC kernel: [    0.289489] smp: Brought up 1 node, 8 CPUs
2023-10-16 14:38:09 uos-PC kernel: [    0.289565] SMP: Total of 8 processors activated.
2023-10-16 14:38:09 uos-PC kernel: [    0.289569] CPU features: detected: GIC system register CPU interface
2023-10-16 14:38:09 uos-PC kernel: [    0.289573] CPU features: detected: 32-bit EL0 Support
2023-10-16 14:38:09 uos-PC kernel: [    0.289577] CPU features: detected: CRC32 instructions
2023-10-16 14:38:09 uos-PC kernel: [    0.289983] CPU: All CPU(s) started at EL2
2023-10-16 14:38:09 uos-PC kernel: [    0.290001] alternatives: patching kernel code
2023-10-16 14:38:09 uos-PC kernel: [    0.290017] random: get_random_u64 called from compute_layout+0x94/0xe8 with crng_init=0
2023-10-16 14:38:09 uos-PC kernel: [    0.290533] devtmpfs: initialized
2023-10-16 14:38:09 uos-PC kernel: [    0.290698] calling  bpf_jit_charge_init+0x0/0x3c @ 1
2023-10-16 14:38:09 uos-PC kernel: [    0.290704] initcall bpf_jit_charge_init+0x0/0x3c returned 0 after 0 usecs
2023-10-16 14:38:09 uos-PC kernel: [    0.290710] calling  ipc_ns_init+0x0/0x3c @ 1
2023-10-16 14:38:09 uos-PC kernel: [    0.290718] initcall ipc_ns_init+0x0/0x3c returned 0 after 0 usecs
2023-10-16 14:38:09 uos-PC kernel: [    0.290722] calling  init_mmap_min_addr+0x0/0x18 @ 1
2023-10-16 14:38:09 uos-PC kernel: [    0.290727] initcall init_mmap_min_addr+0x0/0x18 returned 0 after 0 usecs
2023-10-16 14:38:09 uos-PC kernel: [    0.290732] calling  pci_realloc_setup_params+0x0/0x38 @ 1
2023-10-16 14:38:09 uos-PC kernel: [    0.290737] initcall pci_realloc_setup_params+0x0/0x38 returned 0 after 0 usecs
2023-10-16 14:38:09 uos-PC kernel: [    0.290744] calling  net_ns_init+0x0/0x13c @ 1
2023-10-16 14:38:09 uos-PC kernel: [    0.290784] initcall net_ns_init+0x0/0x13c returned 0 after 0 usecs
2023-10-16 14:38:09 uos-PC kernel: [    0.290846] calling  fpsimd_init+0x0/0xc4 @ 1
2023-10-16 14:38:09 uos-PC kernel: [    0.290851] initcall fpsimd_init+0x0/0xc4 returned 0 after 0 usecs
2023-10-16 14:38:09 uos-PC kernel: [    0.290856] calling  enable_mrs_emulation+0x0/0x24 @ 1
2023-10-16 14:38:09 uos-PC kernel: [    0.290860] initcall enable_mrs_emulation+0x0/0x24 returned 0 after 0 usecs
2023-10-16 14:38:09 uos-PC kernel: [    0.290865] calling  armv8_deprecated_init+0x0/0x18c @ 1
2023-10-16 14:38:09 uos-PC kernel: [    0.290869] Registered swp emulation handler
2023-10-16 14:38:09 uos-PC kernel: [    0.290877] Registered cp15_barrier emulation handler
2023-10-16 14:38:09 uos-PC kernel: [    0.290884] Registered setend emulation handler
2023-10-16 14:38:09 uos-PC kernel: [    0.290892] initcall armv8_deprecated_init+0x0/0x18c returned 0 after 0 usecs
2023-10-16 14:38:09 uos-PC kernel: [    0.290897] calling  map_entry_trampoline+0x0/0x180 @ 1
2023-10-16 14:38:09 uos-PC kernel: [    0.290906] initcall map_entry_trampoline+0x0/0x180 returned 0 after 0 usecs
2023-10-16 14:38:09 uos-PC kernel: [    0.290911] calling  alloc_frozen_cpus+0x0/0x8 @ 1
2023-10-16 14:38:09 uos-PC kernel: [    0.290916] initcall alloc_frozen_cpus+0x0/0x8 returned 0 after 0 usecs
2023-10-16 14:38:09 uos-PC kernel: [    0.290920] calling  cpu_hotplug_pm_sync_init+0x0/0x24 @ 1
2023-10-16 14:38:09 uos-PC kernel: [    0.290925] initcall cpu_hotplug_pm_sync_init+0x0/0x24 returned 0 after 0 usecs
2023-10-16 14:38:09 uos-PC kernel: [    0.290930] calling  wq_sysfs_init+0x0/0x40 @ 1
2023-10-16 14:38:09 uos-PC kernel: [    0.290950] initcall wq_sysfs_init+0x0/0x40 returned 0 after 0 usecs
2023-10-16 14:38:09 uos-PC kernel: [    0.290955] calling  ksysfs_init+0x0/0xb8 @ 1
2023-10-16 14:38:09 uos-PC kernel: [    0.290966] initcall ksysfs_init+0x0/0xb8 returned 0 after 0 usecs
2023-10-16 14:38:09 uos-PC kernel: [    0.290971] calling  pm_init+0x0/0x90 @ 1
2023-10-16 14:38:09 uos-PC kernel: [    0.291005] initcall pm_init+0x0/0x90 returned 0 after 0 usecs
2023-10-16 14:38:09 uos-PC kernel: [    0.291009] calling  pm_disk_init+0x0/0x24 @ 1
2023-10-16 14:38:09 uos-PC kernel: [    0.291018] initcall pm_disk_init+0x0/0x24 returned 0 after 0 usecs
2023-10-16 14:38:09 uos-PC kernel: [    0.291024] calling  swsusp_header_init+0x0/0x40 @ 1
2023-10-16 14:38:09 uos-PC kernel: [    0.291028] initcall swsusp_header_init+0x0/0x40 returned 0 after 0 usecs
2023-10-16 14:38:09 uos-PC kernel: [    0.291033] calling  rcu_set_runtime_mode+0x0/0x14 @ 1
2023-10-16 14:38:09 uos-PC kernel: [    0.291037] initcall rcu_set_runtime_mode+0x0/0x14 returned 0 after 0 usecs
2023-10-16 14:38:09 uos-PC kernel: [    0.291042] calling  dma_init_reserved_memory+0x0/0x64 @ 1
2023-10-16 14:38:09 uos-PC kernel: [    0.291046] initcall dma_init_reserved_memory+0x0/0x64 returned -12 after 0 usecs
2023-10-16 14:38:09 uos-PC kernel: [    0.291051] calling  init_jiffies_clocksource+0x0/0x24 @ 1
2023-10-16 14:38:09 uos-PC kernel: [    0.291056] clocksource: jiffies: mask: 0xffffffff max_cycles: 0xffffffff, max_idle_ns: 7645041785100000 ns
2023-10-16 14:38:09 uos-PC kernel: [    0.291062] initcall init_jiffies_clocksource+0x0/0x24 returned 0 after 0 usecs
2023-10-16 14:38:09 uos-PC kernel: [    0.291068] calling  futex_init+0x0/0x100 @ 1
2023-10-16 14:38:09 uos-PC kernel: [    0.291073] futex hash table entries: 2048 (order: 5, 131072 bytes)
2023-10-16 14:38:09 uos-PC kernel: [    0.291113] initcall futex_init+0x0/0x100 returned 0 after 0 usecs
2023-10-16 14:38:09 uos-PC kernel: [    0.291118] calling  cgroup_wq_init+0x0/0x40 @ 1
2023-10-16 14:38:09 uos-PC kernel: [    0.291134] initcall cgroup_wq_init+0x0/0x40 returned 0 after 0 usecs
2023-10-16 14:38:09 uos-PC kernel: [    0.291139] calling  cgroup1_wq_init+0x0/0x40 @ 1
2023-10-16 14:38:09 uos-PC kernel: [    0.291153] initcall cgroup1_wq_init+0x0/0x40 returned 0 after 0 usecs
2023-10-16 14:38:09 uos-PC kernel: [    0.291159] calling  cpu_pm_init+0x0/0x20 @ 1
2023-10-16 14:38:09 uos-PC kernel: [    0.291164] initcall cpu_pm_init+0x0/0x20 returned 0 after 0 usecs
2023-10-16 14:38:09 uos-PC kernel: [    0.291169] calling  init_per_zone_wmark_min+0x0/0x7c @ 1
2023-10-16 14:38:09 uos-PC kernel: [    0.291176] initcall init_per_zone_wmark_min+0x0/0x7c returned 0 after 0 usecs
2023-10-16 14:38:09 uos-PC kernel: [    0.291182] calling  init_zero_pfn+0x0/0x28 @ 1
2023-10-16 14:38:09 uos-PC kernel: [    0.291186] initcall init_zero_pfn+0x0/0x28 returned 0 after 0 usecs
2023-10-16 14:38:09 uos-PC kernel: [    0.291191] calling  memory_failure_init+0x0/0xa0 @ 1
2023-10-16 14:38:09 uos-PC kernel: [    0.291196] initcall memory_failure_init+0x0/0xa0 returned 0 after 0 usecs
2023-10-16 14:38:09 uos-PC kernel: [    0.291202] calling  fsnotify_init+0x0/0x54 @ 1
2023-10-16 14:38:09 uos-PC kernel: [    0.291212] initcall fsnotify_init+0x0/0x54 returned 0 after 0 usecs
2023-10-16 14:38:09 uos-PC kernel: [    0.291216] calling  filelock_init+0x0/0xcc @ 1
2023-10-16 14:38:09 uos-PC kernel: [    0.291224] initcall filelock_init+0x0/0xcc returned 0 after 0 usecs
2023-10-16 14:38:09 uos-PC kernel: [    0.291229] calling  init_misc_binfmt+0x0/0x40 @ 1
2023-10-16 14:38:09 uos-PC kernel: [    0.291235] initcall init_misc_binfmt+0x0/0x40 returned 0 after 0 usecs
2023-10-16 14:38:09 uos-PC kernel: [    0.291240] calling  init_script_binfmt+0x0/0x24 @ 1
2023-10-16 14:38:09 uos-PC kernel: [    0.291245] initcall init_script_binfmt+0x0/0x24 returned 0 after 0 usecs
2023-10-16 14:38:09 uos-PC kernel: [    0.291250] calling  init_elf_binfmt+0x0/0x24 @ 1
2023-10-16 14:38:09 uos-PC kernel: [    0.291254] initcall init_elf_binfmt+0x0/0x24 returned 0 after 0 usecs
2023-10-16 14:38:09 uos-PC kernel: [    0.291259] calling  init_compat_elf_binfmt+0x0/0x24 @ 1
2023-10-16 14:38:09 uos-PC kernel: [    0.291264] initcall init_compat_elf_binfmt+0x0/0x24 returned 0 after 0 usecs
2023-10-16 14:38:09 uos-PC kernel: [    0.291268] calling  configfs_init+0x0/0xb4 @ 1
2023-10-16 14:38:09 uos-PC kernel: [    0.291275] initcall configfs_init+0x0/0xb4 returned 0 after 0 usecs
2023-10-16 14:38:09 uos-PC kernel: [    0.291280] calling  debugfs_init+0x0/0x74 @ 1
2023-10-16 14:38:09 uos-PC kernel: [    0.291286] initcall debugfs_init+0x0/0x74 returned 0 after 0 usecs
2023-10-16 14:38:09 uos-PC kernel: [    0.291290] calling  tracefs_init+0x0/0x4c @ 1
2023-10-16 14:38:09 uos-PC kernel: [    0.291295] initcall tracefs_init+0x0/0x4c returned 0 after 0 usecs
2023-10-16 14:38:09 uos-PC kernel: [    0.291300] calling  securityfs_init+0x0/0x90 @ 1
2023-10-16 14:38:09 uos-PC kernel: [    0.291326] initcall securityfs_init+0x0/0x90 returned 0 after 0 usecs
2023-10-16 14:38:09 uos-PC kernel: [    0.291331] calling  prandom_init+0x0/0xfc @ 1
2023-10-16 14:38:09 uos-PC kernel: [    0.291335] initcall prandom_init+0x0/0xfc returned 0 after 0 usecs
2023-10-16 14:38:09 uos-PC kernel: [    0.291340] calling  pinctrl_init+0x0/0xc0 @ 1
2023-10-16 14:38:09 uos-PC kernel: [    0.291343] pinctrl core: initialized pinctrl subsystem
2023-10-16 14:38:09 uos-PC kernel: [    0.291361] initcall pinctrl_init+0x0/0xc0 returned 0 after 0 usecs
2023-10-16 14:38:09 uos-PC kernel: [    0.291366] calling  gpiolib_dev_init+0x0/0xec @ 1
2023-10-16 14:38:09 uos-PC kernel: [    0.291378] initcall gpiolib_dev_init+0x0/0xec returned 0 after 0 usecs
2023-10-16 14:38:09 uos-PC kernel: [    0.291383] calling  hi3660_mbox_init+0x0/0x20 @ 1
2023-10-16 14:38:09 uos-PC kernel: [    0.291396] initcall hi3660_mbox_init+0x0/0x20 returned 0 after 0 usecs
2023-10-16 14:38:09 uos-PC kernel: [    0.291400] calling  capsule_reboot_register+0x0/0x20 @ 1
2023-10-16 14:38:09 uos-PC kernel: [    0.291405] initcall capsule_reboot_register+0x0/0x20 returned 0 after 0 usecs
2023-10-16 14:38:09 uos-PC kernel: [    0.291410] calling  arm_dmi_init+0x0/0x28 @ 1
2023-10-16 14:38:09 uos-PC kernel: [    0.291442] SMBIOS 3.1.1 present.
2023-10-16 14:38:09 uos-PC kernel: [    0.291449] DMI: UNIS UNIS D3811 G2 0081/MF266B, BIOS DF266AB004ZG 08/05/2022 18:50:22
2023-10-16 14:38:09 uos-PC kernel: [    0.291456] initcall arm_dmi_init+0x0/0x28 returned 0 after 0 usecs
2023-10-16 14:38:09 uos-PC kernel: [    0.291461] calling  hi3516cv300_crg_init+0x0/0x20 @ 1
2023-10-16 14:38:09 uos-PC kernel: [    0.291470] initcall hi3516cv300_crg_init+0x0/0x20 returned 0 after 0 usecs
2023-10-16 14:38:09 uos-PC kernel: [    0.291475] calling  hi3519_clk_init+0x0/0x20 @ 1
2023-10-16 14:38:09 uos-PC kernel: [    0.291484] initcall hi3519_clk_init+0x0/0x20 returned 0 after 0 usecs
2023-10-16 14:38:09 uos-PC kernel: [    0.291488] calling  hi3660_clk_init+0x0/0x20 @ 1
2023-10-16 14:38:09 uos-PC kernel: [    0.291499] initcall hi3660_clk_init+0x0/0x20 returned 0 after 0 usecs
2023-10-16 14:38:09 uos-PC kernel: [    0.291504] calling  hi3798cv200_crg_init+0x0/0x20 @ 1
2023-10-16 14:38:09 uos-PC kernel: [    0.291512] initcall hi3798cv200_crg_init+0x0/0x20 returned 0 after 0 usecs
2023-10-16 14:38:09 uos-PC kernel: [    0.291517] calling  vexpress_osc_init+0x0/0x20 @ 1
2023-10-16 14:38:09 uos-PC kernel: [    0.291526] initcall vexpress_osc_init+0x0/0x20 returned 0 after 0 usecs
2023-10-16 14:38:09 uos-PC kernel: [    0.291533] calling  virtio_init+0x0/0x30 @ 1
2023-10-16 14:38:09 uos-PC kernel: [    0.291542] initcall virtio_init+0x0/0x30 returned 0 after 0 usecs
2023-10-16 14:38:09 uos-PC kernel: [    0.291548] calling  regulator_init+0x0/0xac @ 1
2023-10-16 14:38:09 uos-PC kernel: [    0.291626] probe of reg-dummy returned 1 after 0 usecs
2023-10-16 14:38:09 uos-PC kernel: [    0.291636] initcall regulator_init+0x0/0xac returned 0 after 0 usecs
2023-10-16 14:38:09 uos-PC kernel: [    0.291641] calling  iommu_init+0x0/0x3c @ 1
2023-10-16 14:38:09 uos-PC kernel: [    0.291647] initcall iommu_init+0x0/0x3c returned 0 after 0 usecs
2023-10-16 14:38:09 uos-PC kernel: [    0.291652] calling  component_debug_init+0x0/0x2c @ 1
2023-10-16 14:38:09 uos-PC kernel: [    0.291659] initcall component_debug_init+0x0/0x2c returned 0 after 0 usecs
2023-10-16 14:38:09 uos-PC kernel: [    0.291664] calling  genpd_bus_init+0x0/0x20 @ 1
2023-10-16 14:38:09 uos-PC kernel: [    0.291674] initcall genpd_bus_init+0x0/0x20 returned 0 after 0 usecs
2023-10-16 14:38:09 uos-PC kernel: [    0.291679] calling  soc_bus_register+0x0/0x54 @ 1
2023-10-16 14:38:09 uos-PC kernel: [    0.291689] initcall soc_bus_register+0x0/0x54 returned 0 after 0 usecs
2023-10-16 14:38:09 uos-PC kernel: [    0.291694] calling  register_cpufreq_notifier+0x0/0x60 @ 1
2023-10-16 14:38:09 uos-PC kernel: [    0.291699] initcall register_cpufreq_notifier+0x0/0x60 returned -22 after 0 usecs
2023-10-16 14:38:09 uos-PC kernel: [    0.291704] calling  vexpress_syscfg_init+0x0/0x20 @ 1
2023-10-16 14:38:09 uos-PC kernel: [    0.291713] initcall vexpress_syscfg_init+0x0/0x20 returned 0 after 0 usecs
2023-10-16 14:38:09 uos-PC kernel: [    0.291718] calling  vexpress_sysreg_init+0x0/0x70 @ 1
2023-10-16 14:38:09 uos-PC kernel: [    0.291727] initcall vexpress_sysreg_init+0x0/0x70 returned 0 after 0 usecs
2023-10-16 14:38:09 uos-PC kernel: [    0.291732] calling  opp_debug_init+0x0/0x4c @ 1
2023-10-16 14:38:09 uos-PC kernel: [    0.291738] initcall opp_debug_init+0x0/0x4c returned 0 after 0 usecs
2023-10-16 14:38:09 uos-PC kernel: [    0.291743] calling  cpufreq_core_init+0x0/0x54 @ 1
2023-10-16 14:38:09 uos-PC kernel: [    0.291748] initcall cpufreq_core_init+0x0/0x54 returned 0 after 0 usecs
2023-10-16 14:38:09 uos-PC kernel: [    0.291753] calling  cpuidle_init+0x0/0x58 @ 1
2023-10-16 14:38:09 uos-PC kernel: [    0.291760] initcall cpuidle_init+0x0/0x58 returned 0 after 0 usecs
2023-10-16 14:38:09 uos-PC kernel: [    0.291765] calling  sock_init+0x0/0xb8 @ 1
2023-10-16 14:38:09 uos-PC kernel: [    0.291874] initcall sock_init+0x0/0xb8 returned 0 after 0 usecs
2023-10-16 14:38:09 uos-PC kernel: [    0.291880] calling  net_inuse_init+0x0/0x30 @ 1
2023-10-16 14:38:09 uos-PC kernel: [    0.291887] initcall net_inuse_init+0x0/0x30 returned 0 after 0 usecs
2023-10-16 14:38:09 uos-PC kernel: [    0.291892] calling  net_defaults_init+0x0/0x30 @ 1
2023-10-16 14:38:09 uos-PC kernel: [    0.291897] initcall net_defaults_init+0x0/0x30 returned 0 after 0 usecs
2023-10-16 14:38:09 uos-PC kernel: [    0.291902] calling  init_default_flow_dissectors+0x0/0x54 @ 1
2023-10-16 14:38:09 uos-PC kernel: [    0.291907] initcall init_default_flow_dissectors+0x0/0x54 returned 0 after 0 usecs
2023-10-16 14:38:09 uos-PC kernel: [    0.291913] calling  netpoll_init+0x0/0x18 @ 1
2023-10-16 14:38:09 uos-PC kernel: [    0.291918] initcall netpoll_init+0x0/0x18 returned 0 after 0 usecs
2023-10-16 14:38:09 uos-PC kernel: [    0.291922] calling  netlink_proto_init+0x0/0x194 @ 1
2023-10-16 14:38:09 uos-PC kernel: [    0.291950] NET: Registered protocol family 16
2023-10-16 14:38:09 uos-PC kernel: [    0.291969] initcall netlink_proto_init+0x0/0x194 returned 0 after 0 usecs
2023-10-16 14:38:09 uos-PC kernel: [    0.291975] calling  __gnttab_init+0x0/0x38 @ 1
2023-10-16 14:38:09 uos-PC kernel: [    0.291980] initcall __gnttab_init+0x0/0x38 returned -19 after 0 usecs
2023-10-16 14:38:09 uos-PC kernel: [    0.292044] calling  debug_monitors_init+0x0/0x38 @ 1
2023-10-16 14:38:09 uos-PC kernel: [    0.292097] initcall debug_monitors_init+0x0/0x38 returned 0 after 0 usecs
2023-10-16 14:38:09 uos-PC kernel: [    0.292102] calling  irq_sysfs_init+0x0/0xb0 @ 1
2023-10-16 14:38:09 uos-PC kernel: [    0.292126] initcall irq_sysfs_init+0x0/0xb0 returned 0 after 0 usecs
2023-10-16 14:38:09 uos-PC kernel: [    0.292131] calling  audit_init+0x0/0x148 @ 1
2023-10-16 14:38:09 uos-PC kernel: [    0.292137] audit: initializing netlink subsys (disabled)
2023-10-16 14:38:09 uos-PC kernel: [    0.292177] initcall audit_init+0x0/0x148 returned 0 after 0 usecs
2023-10-16 14:38:09 uos-PC kernel: [    0.292178] audit: type=2000 audit(0.032:1): state=initialized audit_enabled=0 res=1
2023-10-16 14:38:09 uos-PC kernel: [    0.292186] calling  release_early_probes+0x0/0x54 @ 1
2023-10-16 14:38:09 uos-PC kernel: [    0.292191] initcall release_early_probes+0x0/0x54 returned 0 after 0 usecs
2023-10-16 14:38:09 uos-PC kernel: [    0.292195] calling  bdi_class_init+0x0/0x78 @ 1
2023-10-16 14:38:09 uos-PC kernel: [    0.292206] initcall bdi_class_init+0x0/0x78 returned 0 after 0 usecs
2023-10-16 14:38:09 uos-PC kernel: [    0.292210] calling  mm_sysfs_init+0x0/0x3c @ 1
2023-10-16 14:38:09 uos-PC kernel: [    0.292216] initcall mm_sysfs_init+0x0/0x3c returned 0 after 0 usecs
2023-10-16 14:38:09 uos-PC kernel: [    0.292220] calling  ramoops_init+0x0/0x164 @ 1
2023-10-16 14:38:09 uos-PC kernel: [    0.292231] initcall ramoops_init+0x0/0x164 returned 0 after 0 usecs
2023-10-16 14:38:09 uos-PC kernel: [    0.292236] calling  mpi_init+0x0/0x7c @ 1
2023-10-16 14:38:09 uos-PC kernel: [    0.292240] initcall mpi_init+0x0/0x7c returned 0 after 0 usecs
2023-10-16 14:38:09 uos-PC kernel: [    0.292245] calling  vexpress_config_init+0x0/0x110 @ 1
2023-10-16 14:38:09 uos-PC kernel: [    0.292249] initcall vexpress_config_init+0x0/0x110 returned 0 after 0 usecs
2023-10-16 14:38:09 uos-PC kernel: [    0.292254] calling  gpiolib_sysfs_init+0x0/0x120 @ 1
2023-10-16 14:38:09 uos-PC kernel: [    0.292263] initcall gpiolib_sysfs_init+0x0/0x120 returned 0 after 0 usecs
2023-10-16 14:38:09 uos-PC kernel: [    0.292269] calling  acpi_gpio_setup_params+0x0/0x58 @ 1
2023-10-16 14:38:09 uos-PC kernel: [    0.292275] initcall acpi_gpio_setup_params+0x0/0x58 returned 0 after 0 usecs
2023-10-16 14:38:09 uos-PC kernel: [    0.292280] calling  pcibus_class_init+0x0/0x24 @ 1
2023-10-16 14:38:09 uos-PC kernel: [    0.292287] initcall pcibus_class_init+0x0/0x24 returned 0 after 0 usecs
2023-10-16 14:38:09 uos-PC kernel: [    0.292291] calling  pci_driver_init+0x0/0x34 @ 1
2023-10-16 14:38:09 uos-PC kernel: [    0.292309] initcall pci_driver_init+0x0/0x34 returned 0 after 0 usecs
2023-10-16 14:38:09 uos-PC kernel: [    0.292314] calling  backlight_class_init+0x0/0xbc @ 1
2023-10-16 14:38:09 uos-PC kernel: [    0.292321] initcall backlight_class_init+0x0/0xbc returned 0 after 0 usecs
2023-10-16 14:38:09 uos-PC kernel: [    0.292326] calling  amba_init+0x0/0x1c @ 1
2023-10-16 14:38:09 uos-PC kernel: [    0.292335] initcall amba_init+0x0/0x1c returned 0 after 0 usecs
2023-10-16 14:38:09 uos-PC kernel: [    0.292339] calling  pcc_init+0x0/0xbc @ 1
2023-10-16 14:38:09 uos-PC kernel: [    0.292345] initcall pcc_init+0x0/0xbc returned -19 after 0 usecs
2023-10-16 14:38:09 uos-PC kernel: [    0.292349] calling  xenbus_init+0x0/0x2a4 @ 1
2023-10-16 14:38:09 uos-PC kernel: [    0.292354] initcall xenbus_init+0x0/0x2a4 returned -19 after 0 usecs
2023-10-16 14:38:09 uos-PC kernel: [    0.292359] calling  hi6220_reset_init+0x0/0x20 @ 1
2023-10-16 14:38:09 uos-PC kernel: [    0.292368] initcall hi6220_reset_init+0x0/0x20 returned 0 after 0 usecs
2023-10-16 14:38:09 uos-PC kernel: [    0.292373] calling  tty_class_init+0x0/0x58 @ 1
2023-10-16 14:38:09 uos-PC kernel: [    0.292380] initcall tty_class_init+0x0/0x58 returned 0 after 0 usecs
2023-10-16 14:38:09 uos-PC kernel: [    0.292385] calling  vtconsole_class_init+0x0/0xf4 @ 1
2023-10-16 14:38:09 uos-PC kernel: [    0.292405] initcall vtconsole_class_init+0x0/0xf4 returned 0 after 0 usecs
2023-10-16 14:38:09 uos-PC kernel: [    0.292409] calling  iommu_dev_init+0x0/0x24 @ 1
2023-10-16 14:38:09 uos-PC kernel: [    0.292416] initcall iommu_dev_init+0x0/0x24 returned 0 after 0 usecs
2023-10-16 14:38:09 uos-PC kernel: [    0.292421] calling  mipi_dsi_bus_init+0x0/0x1c @ 1
2023-10-16 14:38:09 uos-PC kernel: [    0.292431] initcall mipi_dsi_bus_init+0x0/0x1c returned 0 after 0 usecs
2023-10-16 14:38:09 uos-PC kernel: [    0.292435] calling  wakeup_sources_debugfs_init+0x0/0x34 @ 1
2023-10-16 14:38:09 uos-PC kernel: [    0.292442] initcall wakeup_sources_debugfs_init+0x0/0x34 returned 0 after 0 usecs
2023-10-16 14:38:09 uos-PC kernel: [    0.292448] calling  regmap_initcall+0x0/0x18 @ 1
2023-10-16 14:38:09 uos-PC kernel: [    0.292454] initcall regmap_initcall+0x0/0x18 returned 0 after 0 usecs
2023-10-16 14:38:09 uos-PC kernel: [    0.292458] calling  sram_init+0x0/0x20 @ 1
2023-10-16 14:38:09 uos-PC kernel: [    0.292468] initcall sram_init+0x0/0x20 returned 0 after 0 usecs
2023-10-16 14:38:09 uos-PC kernel: [    0.292472] calling  syscon_init+0x0/0x24 @ 1
2023-10-16 14:38:09 uos-PC kernel: [    0.292481] initcall syscon_init+0x0/0x24 returned 0 after 0 usecs
2023-10-16 14:38:09 uos-PC kernel: [    0.292486] calling  spi_init+0x0/0xe0 @ 1
2023-10-16 14:38:09 uos-PC kernel: [    0.292501] initcall spi_init+0x0/0xe0 returned 0 after 0 usecs
2023-10-16 14:38:09 uos-PC kernel: [    0.292506] calling  i2c_init+0x0/0x114 @ 1
2023-10-16 14:38:09 uos-PC kernel: [    0.292522] initcall i2c_init+0x0/0x114 returned 0 after 0 usecs
2023-10-16 14:38:09 uos-PC kernel: [    0.292526] calling  init_ladder+0x0/0x30 @ 1
2023-10-16 14:38:09 uos-PC kernel: [    0.292562] cpuidle: using governor ladder
2023-10-16 14:38:09 uos-PC kernel: [    0.292569] initcall init_ladder+0x0/0x30 returned 0 after 0 usecs
2023-10-16 14:38:09 uos-PC kernel: [    0.292574] calling  init_menu+0x0/0x1c @ 1
2023-10-16 14:38:09 uos-PC kernel: [    0.292608] cpuidle: using governor menu
2023-10-16 14:38:09 uos-PC kernel: [    0.292614] initcall init_menu+0x0/0x1c returned 0 after 0 usecs
2023-10-16 14:38:09 uos-PC kernel: [    0.292619] calling  kobject_uevent_init+0x0/0x20 @ 1
2023-10-16 14:38:09 uos-PC kernel: [    0.292627] initcall kobject_uevent_init+0x0/0x20 returned 0 after 0 usecs
2023-10-16 14:38:09 uos-PC kernel: [    0.292689] calling  debug_traps_init+0x0/0x54 @ 1
2023-10-16 14:38:09 uos-PC kernel: [    0.292694] initcall debug_traps_init+0x0/0x54 returned 0 after 0 usecs
2023-10-16 14:38:09 uos-PC kernel: [    0.292698] calling  reserve_memblock_reserved_regions+0x0/0xf4 @ 1
2023-10-16 14:38:09 uos-PC kernel: [    0.292715] initcall reserve_memblock_reserved_regions+0x0/0xf4 returned 0 after 0 usecs
2023-10-16 14:38:09 uos-PC kernel: [    0.292720] calling  alloc_vectors_page+0x0/0xb8 @ 1
2023-10-16 14:38:09 uos-PC kernel: [    0.292727] initcall alloc_vectors_page+0x0/0xb8 returned 0 after 0 usecs
2023-10-16 14:38:09 uos-PC kernel: [    0.292731] calling  vdso_init+0x0/0x148 @ 1
2023-10-16 14:38:09 uos-PC kernel: [    0.292735] vdso: 2 pages (1 code @ (____ptrval____), 1 data @ (____ptrval____))
2023-10-16 14:38:09 uos-PC kernel: [    0.292740] initcall vdso_init+0x0/0x148 returned 0 after 0 usecs
2023-10-16 14:38:09 uos-PC kernel: [    0.292745] calling  arch_hw_breakpoint_init+0x0/0xf0 @ 1
2023-10-16 14:38:09 uos-PC kernel: [    0.292749] hw-breakpoint: found 6 breakpoint and 4 watchpoint registers.
2023-10-16 14:38:09 uos-PC kernel: [    0.292802] initcall arch_hw_breakpoint_init+0x0/0xf0 returned 0 after 0 usecs
2023-10-16 14:38:09 uos-PC kernel: [    0.292808] calling  arm64_dma_init+0x0/0x90 @ 1
2023-10-16 14:38:09 uos-PC kernel: [    0.292871] DMA: preallocated 256 KiB pool for atomic allocations
2023-10-16 14:38:09 uos-PC kernel: [    0.292875] initcall arm64_dma_init+0x0/0x90 returned 0 after 0 usecs
2023-10-16 14:38:09 uos-PC kernel: [    0.292880] calling  __iommu_dma_init+0x0/0x14 @ 1
2023-10-16 14:38:09 uos-PC kernel: [    0.292887] initcall __iommu_dma_init+0x0/0x14 returned 0 after 0 usecs
2023-10-16 14:38:09 uos-PC kernel: [    0.292893] calling  p2m_init+0x0/0x10 @ 1
2023-10-16 14:38:09 uos-PC kernel: [    0.292897] initcall p2m_init+0x0/0x10 returned 0 after 0 usecs
2023-10-16 14:38:09 uos-PC kernel: [    0.292901] calling  xen_mm_init+0x0/0x80 @ 1
2023-10-16 14:38:09 uos-PC kernel: [    0.292905] initcall xen_mm_init+0x0/0x80 returned 0 after 0 usecs
2023-10-16 14:38:09 uos-PC kernel: [    0.292909] calling  kcmp_cookies_init+0x0/0x50 @ 1
2023-10-16 14:38:09 uos-PC kernel: [    0.292915] initcall kcmp_cookies_init+0x0/0x50 returned 0 after 0 usecs
2023-10-16 14:38:09 uos-PC kernel: [    0.292919] calling  acpi_pci_init+0x0/0x78 @ 1
2023-10-16 14:38:09 uos-PC kernel: [    0.292924] ACPI: bus type PCI registered
2023-10-16 14:38:09 uos-PC kernel: [    0.292928] acpiphp: ACPI Hot Plug PCI Controller Driver version: 0.5
2023-10-16 14:38:09 uos-PC kernel: [    0.292932] initcall acpi_pci_init+0x0/0x78 returned 0 after 0 usecs
2023-10-16 14:38:09 uos-PC kernel: [    0.292937] calling  dmi_id_init+0x0/0x2b0 @ 1
2023-10-16 14:38:09 uos-PC kernel: [    0.292973] initcall dmi_id_init+0x0/0x2b0 returned 0 after 0 usecs
2023-10-16 14:38:09 uos-PC kernel: [    0.292978] calling  dma_channel_table_init+0x0/0x118 @ 1
2023-10-16 14:38:09 uos-PC kernel: [    0.292989] initcall dma_channel_table_init+0x0/0x118 returned 0 after 0 usecs
2023-10-16 14:38:09 uos-PC kernel: [    0.292995] calling  dma_bus_init+0x0/0xe8 @ 1
2023-10-16 14:38:09 uos-PC kernel: [    0.293013] initcall dma_bus_init+0x0/0xe8 returned 0 after 0 usecs
2023-10-16 14:38:09 uos-PC kernel: [    0.293019] calling  brcmstb_soc_device_init+0x0/0x13c @ 1
2023-10-16 14:38:09 uos-PC kernel: [    0.293024] initcall brcmstb_soc_device_init+0x0/0x13c returned 0 after 0 usecs
2023-10-16 14:38:09 uos-PC kernel: [    0.293029] calling  setup_vcpu_hotplug_event+0x0/0x34 @ 1
2023-10-16 14:38:09 uos-PC kernel: [    0.293034] initcall setup_vcpu_hotplug_event+0x0/0x34 returned -19 after 0 usecs
2023-10-16 14:38:09 uos-PC kernel: [    0.293040] calling  register_xen_platform_notifier+0x0/0x50 @ 1
2023-10-16 14:38:09 uos-PC kernel: [    0.293044] initcall register_xen_platform_notifier+0x0/0x50 returned 0 after 0 usecs
2023-10-16 14:38:09 uos-PC kernel: [    0.293050] calling  register_xen_amba_notifier+0x0/0x54 @ 1
2023-10-16 14:38:09 uos-PC kernel: [    0.293055] initcall register_xen_amba_notifier+0x0/0x54 returned 0 after 0 usecs
2023-10-16 14:38:09 uos-PC kernel: [    0.293060] calling  register_xen_pci_notifier+0x0/0x44 @ 1
2023-10-16 14:38:09 uos-PC kernel: [    0.293064] initcall register_xen_pci_notifier+0x0/0x44 returned 0 after 0 usecs
2023-10-16 14:38:09 uos-PC kernel: [    0.293069] calling  hi3660_reset_init+0x0/0x20 @ 1
2023-10-16 14:38:09 uos-PC kernel: [    0.293079] initcall hi3660_reset_init+0x0/0x20 returned 0 after 0 usecs
2023-10-16 14:38:09 uos-PC kernel: [    0.293084] calling  pl011_init+0x0/0x50 @ 1
2023-10-16 14:38:09 uos-PC kernel: [    0.293087] Serial: AMBA PL011 UART driver
2023-10-16 14:38:09 uos-PC kernel: [    0.293100] initcall pl011_init+0x0/0x50 returned 0 after 0 usecs
2023-10-16 14:38:09 uos-PC kernel: [    0.293104] calling  cdns_uart_init+0x0/0x5c @ 1
2023-10-16 14:38:09 uos-PC kernel: [    0.293116] initcall cdns_uart_init+0x0/0x5c returned 0 after 0 usecs
2023-10-16 14:38:09 uos-PC kernel: [    0.293121] calling  dsa_loop_bdinfo_init+0x0/0x20 @ 1
2023-10-16 14:38:09 uos-PC kernel: [    0.293127] initcall dsa_loop_bdinfo_init+0x0/0x20 returned 0 after 0 usecs
2023-10-16 14:38:09 uos-PC kernel: [    0.293131] calling  of_platform_default_populate_init+0x0/0xc8 @ 1
2023-10-16 14:38:09 uos-PC kernel: [    0.293136] initcall of_platform_default_populate_init+0x0/0xc8 returned -19 after 0 usecs
2023-10-16 14:38:09 uos-PC kernel: [    0.293198] calling  topology_init+0x0/0x90 @ 1
2023-10-16 14:38:09 uos-PC kernel: [    0.293313] initcall topology_init+0x0/0x90 returned 0 after 0 usecs
2023-10-16 14:38:09 uos-PC kernel: [    0.293319] calling  uid_cache_init+0x0/0xd0 @ 1
2023-10-16 14:38:09 uos-PC kernel: [    0.293327] initcall uid_cache_init+0x0/0xd0 returned 0 after 0 usecs
2023-10-16 14:38:09 uos-PC kernel: [    0.293332] calling  param_sysfs_init+0x0/0x1b4 @ 1
2023-10-16 14:38:09 uos-PC kernel: [    0.295521] initcall param_sysfs_init+0x0/0x1b4 returned 0 after 3906 usecs
2023-10-16 14:38:09 uos-PC kernel: [    0.295527] calling  user_namespace_sysctl_init+0x0/0x4c @ 1
2023-10-16 14:38:09 uos-PC kernel: [    0.295542] initcall user_namespace_sysctl_init+0x0/0x4c returned 0 after 0 usecs
2023-10-16 14:38:09 uos-PC kernel: [    0.295548] calling  pm_sysrq_init+0x0/0x24 @ 1
2023-10-16 14:38:09 uos-PC kernel: [    0.295559] initcall pm_sysrq_init+0x0/0x24 returned 0 after 0 usecs
2023-10-16 14:38:09 uos-PC kernel: [    0.295567] calling  create_proc_profile+0x0/0x100 @ 1
2023-10-16 14:38:09 uos-PC kernel: [    0.295572] initcall create_proc_profile+0x0/0x100 returned 0 after 0 usecs
2023-10-16 14:38:09 uos-PC kernel: [    0.295577] calling  crash_save_vmcoreinfo_init+0x0/0x584 @ 1
2023-10-16 14:38:09 uos-PC kernel: [    0.295608] initcall crash_save_vmcoreinfo_init+0x0/0x584 returned 0 after 0 usecs
2023-10-16 14:38:09 uos-PC kernel: [    0.295613] calling  crash_notes_memory_init+0x0/0x40 @ 1
2023-10-16 14:38:09 uos-PC kernel: [    0.295621] initcall crash_notes_memory_init+0x0/0x40 returned 0 after 0 usecs
2023-10-16 14:38:09 uos-PC kernel: [    0.295626] calling  cgroup_sysfs_init+0x0/0x28 @ 1
2023-10-16 14:38:09 uos-PC kernel: [    0.295634] initcall cgroup_sysfs_init+0x0/0x28 returned 0 after 0 usecs
2023-10-16 14:38:09 uos-PC kernel: [    0.295639] calling  cgroup_namespaces_init+0x0/0x8 @ 1
2023-10-16 14:38:09 uos-PC kernel: [    0.295643] initcall cgroup_namespaces_init+0x0/0x8 returned 0 after 0 usecs
2023-10-16 14:38:09 uos-PC kernel: [    0.295648] calling  user_namespaces_init+0x0/0x38 @ 1
2023-10-16 14:38:09 uos-PC kernel: [    0.295654] initcall user_namespaces_init+0x0/0x38 returned 0 after 0 usecs
2023-10-16 14:38:09 uos-PC kernel: [    0.295659] calling  dev_map_init+0x0/0x24 @ 1
2023-10-16 14:38:09 uos-PC kernel: [    0.295663] initcall dev_map_init+0x0/0x24 returned 0 after 0 usecs
2023-10-16 14:38:09 uos-PC kernel: [    0.295668] calling  stack_map_init+0x0/0x7c @ 1
2023-10-16 14:38:09 uos-PC kernel: [    0.295672] initcall stack_map_init+0x0/0x7c returned 0 after 0 usecs
2023-10-16 14:38:09 uos-PC kernel: [    0.295676] calling  oom_init+0x0/0x3c @ 1
2023-10-16 14:38:09 uos-PC kernel: [    0.295703] initcall oom_init+0x0/0x3c returned 0 after 0 usecs
2023-10-16 14:38:09 uos-PC kernel: [    0.295708] calling  default_bdi_init+0x0/0xa4 @ 1
2023-10-16 14:38:09 uos-PC kernel: [    0.295754] initcall default_bdi_init+0x0/0xa4 returned 0 after 0 usecs
2023-10-16 14:38:09 uos-PC kernel: [    0.295759] calling  cgwb_init+0x0/0x44 @ 1
2023-10-16 14:38:09 uos-PC kernel: [    0.295774] initcall cgwb_init+0x0/0x44 returned 0 after 0 usecs
2023-10-16 14:38:09 uos-PC kernel: [    0.295778] calling  percpu_enable_async+0x0/0x14 @ 1
2023-10-16 14:38:09 uos-PC kernel: [    0.295782] initcall percpu_enable_async+0x0/0x14 returned 0 after 0 usecs
2023-10-16 14:38:09 uos-PC kernel: [    0.295787] calling  kcompactd_init+0x0/0x64 @ 1
2023-10-16 14:38:09 uos-PC kernel: [    0.295809] initcall kcompactd_init+0x0/0x64 returned 0 after 0 usecs
2023-10-16 14:38:09 uos-PC kernel: [    0.295815] calling  init_user_reserve+0x0/0x30 @ 1
2023-10-16 14:38:09 uos-PC kernel: [    0.295819] initcall init_user_reserve+0x0/0x30 returned 0 after 0 usecs
2023-10-16 14:38:09 uos-PC kernel: [    0.295824] calling  init_admin_reserve+0x0/0x30 @ 1
2023-10-16 14:38:09 uos-PC kernel: [    0.295828] initcall init_admin_reserve+0x0/0x30 returned 0 after 0 usecs
2023-10-16 14:38:09 uos-PC kernel: [    0.295833] calling  init_reserve_notifier+0x0/0x8 @ 1
2023-10-16 14:38:09 uos-PC kernel: [    0.295837] initcall init_reserve_notifier+0x0/0x8 returned 0 after 0 usecs
2023-10-16 14:38:09 uos-PC kernel: [    0.295842] calling  swap_init_sysfs+0x0/0x74 @ 1
2023-10-16 14:38:09 uos-PC kernel: [    0.295848] initcall swap_init_sysfs+0x0/0x74 returned 0 after 0 usecs
2023-10-16 14:38:09 uos-PC kernel: [    0.295853] calling  swapfile_init+0x0/0x58 @ 1
2023-10-16 14:38:09 uos-PC kernel: [    0.295857] initcall swapfile_init+0x0/0x58 returned 0 after 0 usecs
2023-10-16 14:38:09 uos-PC kernel: [    0.295862] calling  hugetlb_init+0x0/0x440 @ 1
2023-10-16 14:38:09 uos-PC kernel: [    0.295868] HugeTLB registered 2.00 MiB page size, pre-allocated 0 pages
2023-10-16 14:38:09 uos-PC kernel: [    0.295882] initcall hugetlb_init+0x0/0x440 returned 0 after 0 usecs
2023-10-16 14:38:09 uos-PC kernel: [    0.295887] calling  hugepage_init+0x0/0x158 @ 1
2023-10-16 14:38:09 uos-PC kernel: [    0.295934] initcall hugepage_init+0x0/0x158 returned 0 after 0 usecs
2023-10-16 14:38:09 uos-PC kernel: [    0.295940] calling  mem_cgroup_init+0x0/0x11c @ 1
2023-10-16 14:38:09 uos-PC kernel: [    0.295956] initcall mem_cgroup_init+0x0/0x11c returned 0 after 0 usecs
2023-10-16 14:38:09 uos-PC kernel: [    0.295961] calling  sel_ib_pkey_init+0x0/0x38 @ 1
2023-10-16 14:38:09 uos-PC kernel: [    0.295966] initcall sel_ib_pkey_init+0x0/0x38 returned 0 after 0 usecs
2023-10-16 14:38:09 uos-PC kernel: [    0.295971] calling  crypto_wq_init+0x0/0x44 @ 1
2023-10-16 14:38:09 uos-PC kernel: [    0.296003] initcall crypto_wq_init+0x0/0x44 returned 0 after 0 usecs
2023-10-16 14:38:09 uos-PC kernel: [    0.296008] calling  cryptomgr_init+0x0/0x1c @ 1
2023-10-16 14:38:09 uos-PC kernel: [    0.296012] initcall cryptomgr_init+0x0/0x1c returned 0 after 0 usecs
2023-10-16 14:38:09 uos-PC kernel: [    0.296016] calling  init_bio+0x0/0xf0 @ 1
2023-10-16 14:38:09 uos-PC kernel: [    0.296063] initcall init_bio+0x0/0xf0 returned 0 after 0 usecs
2023-10-16 14:38:09 uos-PC kernel: [    0.296068] calling  blk_settings_init+0x0/0x30 @ 1
2023-10-16 14:38:09 uos-PC kernel: [    0.296072] initcall blk_settings_init+0x0/0x30 returned 0 after 0 usecs
2023-10-16 14:38:09 uos-PC kernel: [    0.296077] calling  blk_ioc_init+0x0/0x38 @ 1
2023-10-16 14:38:09 uos-PC kernel: [    0.296082] initcall blk_ioc_init+0x0/0x38 returned 0 after 0 usecs
2023-10-16 14:38:09 uos-PC kernel: [    0.296086] calling  blk_softirq_init+0x0/0xa8 @ 1
2023-10-16 14:38:09 uos-PC kernel: [    0.296091] initcall blk_softirq_init+0x0/0xa8 returned 0 after 0 usecs
2023-10-16 14:38:09 uos-PC kernel: [    0.296095] calling  blk_mq_init+0x0/0x38 @ 1
2023-10-16 14:38:09 uos-PC kernel: [    0.296099] initcall blk_mq_init+0x0/0x38 returned 0 after 0 usecs
2023-10-16 14:38:09 uos-PC kernel: [    0.296103] calling  genhd_device_init+0x0/0x94 @ 1
2023-10-16 14:38:09 uos-PC kernel: [    0.296147] initcall genhd_device_init+0x0/0x94 returned 0 after 0 usecs
2023-10-16 14:38:09 uos-PC kernel: [    0.296153] calling  irq_poll_setup+0x0/0xa8 @ 1
2023-10-16 14:38:09 uos-PC kernel: [    0.296157] initcall irq_poll_setup+0x0/0xa8 returned 0 after 0 usecs
2023-10-16 14:38:09 uos-PC kernel: [    0.296162] calling  gpiolib_debugfs_init+0x0/0x38 @ 1
2023-10-16 14:38:09 uos-PC kernel: [    0.296169] initcall gpiolib_debugfs_init+0x0/0x38 returned 0 after 0 usecs
2023-10-16 14:38:09 uos-PC kernel: [    0.296173] calling  ft_clock_init+0x0/0x34 @ 1
2023-10-16 14:38:09 uos-PC kernel: [    0.296185] initcall ft_clock_init+0x0/0x34 returned 0 after 0 usecs
2023-10-16 14:38:09 uos-PC kernel: [    0.296190] calling  pwm_debugfs_init+0x0/0x38 @ 1
2023-10-16 14:38:09 uos-PC kernel: [    0.296196] initcall pwm_debugfs_init+0x0/0x38 returned 0 after 0 usecs
2023-10-16 14:38:09 uos-PC kernel: [    0.296201] calling  pwm_sysfs_init+0x0/0x28 @ 1
2023-10-16 14:38:09 uos-PC kernel: [    0.296209] initcall pwm_sysfs_init+0x0/0x28 returned 0 after 0 usecs
2023-10-16 14:38:09 uos-PC kernel: [    0.296215] calling  pci_slot_init+0x0/0x58 @ 1
2023-10-16 14:38:09 uos-PC kernel: [    0.296221] initcall pci_slot_init+0x0/0x58 returned 0 after 0 usecs
2023-10-16 14:38:09 uos-PC kernel: [    0.296226] calling  xgene_pcie_msi_init+0x0/0x20 @ 1
2023-10-16 14:38:09 uos-PC kernel: [    0.296236] initcall xgene_pcie_msi_init+0x0/0x20 returned 0 after 0 usecs
2023-10-16 14:38:09 uos-PC kernel: [    0.296242] calling  fbmem_init+0x0/0xfc @ 1
2023-10-16 14:38:09 uos-PC kernel: [    0.296268] initcall fbmem_init+0x0/0xfc returned 0 after 0 usecs
2023-10-16 14:38:09 uos-PC kernel: [    0.296274] calling  acpi_init+0x0/0x308 @ 1
2023-10-16 14:38:09 uos-PC kernel: [    0.296304] ACPI: Added _OSI(Module Device)
2023-10-16 14:38:09 uos-PC kernel: [    0.296309] ACPI: Added _OSI(Processor Device)
2023-10-16 14:38:09 uos-PC kernel: [    0.296312] ACPI: Added _OSI(3.0 _SCP Extensions)
2023-10-16 14:38:09 uos-PC kernel: [    0.296316] ACPI: Added _OSI(Processor Aggregator Device)
2023-10-16 14:38:09 uos-PC kernel: [    0.296320] ACPI: Added _OSI(Linux-Dell-Video)
2023-10-16 14:38:09 uos-PC kernel: [    0.296324] ACPI: Added _OSI(Linux-Lenovo-NV-HDMI-Audio)
2023-10-16 14:38:09 uos-PC kernel: [    0.297192] ACPI: 2 ACPI AML tables successfully acquired and loaded
2023-10-16 14:38:09 uos-PC kernel: [    0.297820] ACPI: Interpreter enabled
2023-10-16 14:38:09 uos-PC kernel: [    0.297825] ACPI: Using GIC for interrupt routing
2023-10-16 14:38:09 uos-PC kernel: [    0.297841] ACPI: MCFG table detected, 1 entries
2023-10-16 14:38:09 uos-PC kernel: [    0.301254] ARMH0011:00: ttyAMA0 at MMIO 0x28001000 (irq = 5, base_baud = 0) is a SBSA
2023-10-16 14:38:09 uos-PC kernel: [    3.532011] console [ttyAMA0] enabled
2023-10-16 14:38:09 uos-PC kernel: [    3.535723] probe of ARMH0011:00 returned 1 after 2140000 usecs
2023-10-16 14:38:09 uos-PC kernel: [    3.541698] ARMH0011:01: ttyAMA1 at MMIO 0x28000000 (irq = 6, base_baud = 0) is a SBSA
2023-10-16 14:38:09 uos-PC kernel: [    3.549650] probe of ARMH0011:01 returned 1 after 4000 usecs
2023-10-16 14:38:09 uos-PC kernel: [    3.555356] ARMH0011:02: ttyAMA2 at MMIO 0x28002000 (irq = 7, base_baud = 0) is a SBSA
2023-10-16 14:38:09 uos-PC kernel: [    3.563307] probe of ARMH0011:02 returned 1 after 4000 usecs
2023-10-16 14:38:09 uos-PC kernel: [    3.569011] ARMH0011:03: ttyAMA3 at MMIO 0x28003000 (irq = 8, base_baud = 0) is a SBSA
2023-10-16 14:38:09 uos-PC kernel: [    3.576960] probe of ARMH0011:03 returned 1 after 4000 usecs
2023-10-16 14:38:09 uos-PC kernel: [    3.582767] probe of PHYT8002:00 returned 1 after 0 usecs
2023-10-16 14:38:09 uos-PC kernel: [    3.588531] probe of PHYT8002:01 returned 1 after 0 usecs
2023-10-16 14:38:09 uos-PC kernel: [    3.594169] ACPI: PCI Interrupt Link [LNKA] (IRQs *60)
2023-10-16 14:38:09 uos-PC kernel: [    3.599322] ACPI: PCI Interrupt Link [LNKB] (IRQs *61)
2023-10-16 14:38:09 uos-PC kernel: [    3.604472] ACPI: PCI Interrupt Link [LNKC] (IRQs *62)
2023-10-16 14:38:09 uos-PC kernel: [    3.609622] ACPI: PCI Interrupt Link [LNKD] (IRQs *63)
2023-10-16 14:38:09 uos-PC kernel: [    3.614787] ACPI: PCI Root Bridge [PCI0] (domain 0000 [bus 00-ff])
2023-10-16 14:38:09 uos-PC kernel: [    3.620965] acpi PNP0A08:00: _OSC: OS supports [ExtendedConfig Segments MSI]
2023-10-16 14:38:09 uos-PC kernel: [    3.628146] acpi PNP0A08:00: _OSC: platform does not support [PCIeHotplug SHPCHotplug]
2023-10-16 14:38:09 uos-PC kernel: [    3.636178] acpi PNP0A08:00: _OSC: OS requested [PCIeHotplug SHPCHotplug PCIeCapability]
2023-10-16 14:38:09 uos-PC kernel: [    3.644264] acpi PNP0A08:00: _OSC: platform granted [PCIeCapability]
2023-10-16 14:38:09 uos-PC kernel: [    3.650910] acpi PNP0A08:00: ECAM area [mem 0x40000000-0x4fffffff] reserved by PNP0C02:00
2023-10-16 14:38:09 uos-PC kernel: [    3.659096] acpi PNP0A08:00: ECAM at [mem 0x40000000-0x4fffffff] for [bus 00-ff]
2023-10-16 14:38:09 uos-PC kernel: [    3.666521] Remapped I/O 0x0000000050000000 to [io  0x0000-0xefffff window]
2023-10-16 14:38:09 uos-PC kernel: [    3.673522] PCI host bridge to bus 0000:00
2023-10-16 14:38:09 uos-PC kernel: [    3.677615] pci_bus 0000:00: root bus resource [mem 0x58000000-0x7fffffff window]
2023-10-16 14:38:09 uos-PC kernel: [    3.685091] pci_bus 0000:00: root bus resource [mem 0x1000000000-0x1fffffffff window]
2023-10-16 14:38:09 uos-PC kernel: [    3.692914] pci_bus 0000:00: root bus resource [io  0x0000-0xefffff window]
2023-10-16 14:38:09 uos-PC kernel: [    3.699868] pci_bus 0000:00: root bus resource [bus 00-ff]
2023-10-16 14:38:09 uos-PC kernel: [    3.705355] pci 0000:00:00.0: [17cd:dc16] type 01 class 0x060400
2023-10-16 14:38:09 uos-PC kernel: [    3.711363] pci 0000:00:00.0: reg 0x10: [mem 0x1010000000-0x10100fffff 64bit pref]
2023-10-16 14:38:09 uos-PC kernel: [    3.718949] pci 0000:00:00.0: supports D1 D2
2023-10-16 14:38:09 uos-PC kernel: [    3.723212] pci 0000:00:00.0: PME# supported from D0 D1 D2 D3hot D3cold
2023-10-16 14:38:09 uos-PC kernel: [    3.729883] pci 0000:00:01.0: [17cd:dc08] type 01 class 0x060400
2023-10-16 14:38:09 uos-PC kernel: [    3.735890] pci 0000:00:01.0: reg 0x10: [mem 0x1010100000-0x10101fffff 64bit pref]
2023-10-16 14:38:09 uos-PC kernel: [    3.743474] pci 0000:00:01.0: supports D1 D2
2023-10-16 14:38:09 uos-PC kernel: [    3.747736] pci 0000:00:01.0: PME# supported from D0 D1 D2 D3hot D3cold
2023-10-16 14:38:09 uos-PC kernel: [    3.754389] pci 0000:00:02.0: [17cd:dc01] type 01 class 0x060400
2023-10-16 14:38:09 uos-PC kernel: [    3.760396] pci 0000:00:02.0: reg 0x10: [mem 0x1010200000-0x10102fffff 64bit pref]
2023-10-16 14:38:09 uos-PC kernel: [    3.767979] pci 0000:00:02.0: supports D1 D2
2023-10-16 14:38:09 uos-PC kernel: [    3.772241] pci 0000:00:02.0: PME# supported from D0 D1 D2 D3hot D3cold
2023-10-16 14:38:09 uos-PC kernel: [    3.778897] pci 0000:00:03.0: [17cd:dc16] type 01 class 0x060400
2023-10-16 14:38:09 uos-PC kernel: [    3.784905] pci 0000:00:03.0: reg 0x10: [mem 0x1010300000-0x10103fffff 64bit pref]
2023-10-16 14:38:09 uos-PC kernel: [    3.792491] pci 0000:00:03.0: supports D1 D2
2023-10-16 14:38:09 uos-PC kernel: [    3.796753] pci 0000:00:03.0: PME# supported from D0 D1 D2 D3hot D3cold
2023-10-16 14:38:09 uos-PC kernel: [    3.803408] pci 0000:00:04.0: [17cd:dc08] type 01 class 0x060400
2023-10-16 14:38:09 uos-PC kernel: [    3.809416] pci 0000:00:04.0: reg 0x10: [mem 0x1010400000-0x10104fffff 64bit pref]
2023-10-16 14:38:09 uos-PC kernel: [    3.817002] pci 0000:00:04.0: supports D1 D2
2023-10-16 14:38:09 uos-PC kernel: [    3.821265] pci 0000:00:04.0: PME# supported from D0 D1 D2 D3hot D3cold
2023-10-16 14:38:09 uos-PC kernel: [    3.827919] pci 0000:00:05.0: [17cd:dc01] type 01 class 0x060400
2023-10-16 14:38:09 uos-PC kernel: [    3.833927] pci 0000:00:05.0: reg 0x10: [mem 0x1010500000-0x10105fffff 64bit pref]
2023-10-16 14:38:09 uos-PC kernel: [    3.841513] pci 0000:00:05.0: supports D1 D2
2023-10-16 14:38:09 uos-PC kernel: [    3.845775] pci 0000:00:05.0: PME# supported from D0 D1 D2 D3hot D3cold
2023-10-16 14:38:09 uos-PC kernel: [    3.852464] pci 0000:01:00.0: [1002:6611] type 00 class 0x030000
2023-10-16 14:38:09 uos-PC kernel: [    3.858478] pci 0000:01:00.0: reg 0x10: [mem 0x1000000000-0x100fffffff 64bit pref]
2023-10-16 14:38:09 uos-PC kernel: [    3.866046] pci 0000:01:00.0: reg 0x18: [mem 0x58400000-0x5843ffff 64bit]
2023-10-16 14:38:09 uos-PC kernel: [    3.872830] pci 0000:01:00.0: reg 0x20: [io  0x2000-0x20ff]
2023-10-16 14:38:09 uos-PC kernel: [    3.878403] pci 0000:01:00.0: reg 0x30: [mem 0x58500000-0x5851ffff pref]
2023-10-16 14:38:09 uos-PC kernel: [    3.885099] pci 0000:01:00.0: enabling Extended Tags
2023-10-16 14:38:09 uos-PC kernel: [    3.890065] pci 0000:01:00.0: calling  quirk_no_pm_reset+0x0/0x20 @ 1
2023-10-16 14:38:09 uos-PC kernel: [    3.896500] pci 0000:01:00.0: quirk_no_pm_reset+0x0/0x20 took 0 usecs
2023-10-16 14:38:09 uos-PC kernel: [    3.902935] pci 0000:01:00.0: calling  efifb_fixup_resources+0x0/0x130 @ 1
2023-10-16 14:38:09 uos-PC kernel: [    3.909802] pci 0000:01:00.0: BAR 0: assigned to efifb
2023-10-16 14:38:09 uos-PC kernel: [    3.914933] pci 0000:01:00.0: efifb_fixup_resources+0x0/0x130 took 3906 usecs
2023-10-16 14:38:09 uos-PC kernel: [    3.922084] pci 0000:01:00.0: supports D1 D2
2023-10-16 14:38:09 uos-PC kernel: [    3.926346] pci 0000:01:00.0: PME# supported from D1 D2 D3hot
2023-10-16 14:38:09 uos-PC kernel: [    3.932141] pci 0000:01:00.1: [1002:aab0] type 00 class 0x040300
2023-10-16 14:38:09 uos-PC kernel: [    3.938153] pci 0000:01:00.1: reg 0x10: [mem 0x58440000-0x58443fff 64bit]
2023-10-16 14:38:09 uos-PC kernel: [    3.944952] pci 0000:01:00.1: enabling Extended Tags
2023-10-16 14:38:09 uos-PC kernel: [    3.949937] pci 0000:01:00.1: supports D1 D2
2023-10-16 14:38:09 uos-PC kernel: [    3.954318] pci 0000:04:00.0: [1e49:1011] type 00 class 0x010802
2023-10-16 14:38:09 uos-PC kernel: [    3.960341] pci 0000:04:00.0: reg 0x10: [mem 0x58300000-0x58303fff 64bit]
2023-10-16 14:38:09 uos-PC kernel: [    3.967295] pci 0000:05:00.0: [1912:0014] type 00 class 0x0c0330
2023-10-16 14:38:09 uos-PC kernel: [    3.973317] pci 0000:05:00.0: reg 0x10: [mem 0x58200000-0x58201fff 64bit]
2023-10-16 14:38:09 uos-PC kernel: [    3.980177] pci 0000:05:00.0: PME# supported from D0 D3hot D3cold
2023-10-16 14:38:09 uos-PC kernel: [    3.986359] pci 0000:06:00.0: [1b21:1184] type 01 class 0x060400
2023-10-16 14:38:09 uos-PC kernel: [    3.992402] pci 0000:06:00.0: enabling Extended Tags
2023-10-16 14:38:09 uos-PC kernel: [    3.997403] pci 0000:06:00.0: PME# supported from D0 D3hot D3cold
2023-10-16 14:38:09 uos-PC kernel: [    4.003594] pci 0000:07:01.0: [1b21:1184] type 01 class 0x060400
2023-10-16 14:38:09 uos-PC kernel: [    4.009636] pci 0000:07:01.0: enabling Extended Tags
2023-10-16 14:38:09 uos-PC kernel: [    4.014635] pci 0000:07:01.0: PME# supported from D0 D3hot D3cold
2023-10-16 14:38:09 uos-PC kernel: [    4.020784] pci 0000:07:03.0: [1b21:1184] type 01 class 0x060400
2023-10-16 14:38:09 uos-PC kernel: [    4.026827] pci 0000:07:03.0: enabling Extended Tags
2023-10-16 14:38:09 uos-PC kernel: [    4.031826] pci 0000:07:03.0: PME# supported from D0 D3hot D3cold
2023-10-16 14:38:09 uos-PC kernel: [    4.037975] pci 0000:07:05.0: [1b21:1184] type 01 class 0x060400
2023-10-16 14:38:09 uos-PC kernel: [    4.044017] pci 0000:07:05.0: enabling Extended Tags
2023-10-16 14:38:09 uos-PC kernel: [    4.049016] pci 0000:07:05.0: PME# supported from D0 D3hot D3cold
2023-10-16 14:38:09 uos-PC kernel: [    4.055164] pci 0000:07:07.0: [1b21:1184] type 01 class 0x060400
2023-10-16 14:38:09 uos-PC kernel: [    4.061206] pci 0000:07:07.0: enabling Extended Tags
2023-10-16 14:38:09 uos-PC kernel: [    4.066207] pci 0000:07:07.0: PME# supported from D0 D3hot D3cold
2023-10-16 14:38:09 uos-PC kernel: [    4.072416] pci 0000:08:00.0: [1b21:0612] type 00 class 0x010601
2023-10-16 14:38:09 uos-PC kernel: [    4.078441] pci 0000:08:00.0: reg 0x10: [io  0x1028-0x102f]
2023-10-16 14:38:09 uos-PC kernel: [    4.084016] pci 0000:08:00.0: reg 0x14: [io  0x1034-0x1037]
2023-10-16 14:38:09 uos-PC kernel: [    4.089591] pci 0000:08:00.0: reg 0x18: [io  0x1020-0x1027]
2023-10-16 14:38:09 uos-PC kernel: [    4.095165] pci 0000:08:00.0: reg 0x1c: [io  0x1030-0x1033]
2023-10-16 14:38:09 uos-PC kernel: [    4.100740] pci 0000:08:00.0: reg 0x20: [io  0x1000-0x101f]
2023-10-16 14:38:09 uos-PC kernel: [    4.106314] pci 0000:08:00.0: reg 0x24: [mem 0x58100000-0x581001ff]
2023-10-16 14:38:09 uos-PC kernel: [    4.112583] pci 0000:08:00.0: reg 0x30: [mem 0x58500000-0x5850ffff pref]
2023-10-16 14:38:09 uos-PC kernel: [    4.119457] pci 0000:09:00.0: [1912:0014] type 00 class 0x0c0330
2023-10-16 14:38:09 uos-PC kernel: [    4.125489] pci 0000:09:00.0: reg 0x10: [mem 0x58000000-0x58001fff 64bit]
2023-10-16 14:38:09 uos-PC kernel: [    4.132388] pci 0000:09:00.0: PME# supported from D0 D3hot D3cold
2023-10-16 14:38:09 uos-PC kernel: [    4.138645] pci 0000:0b:00.0: [1fd4:1999] type 00 class 0x070103
2023-10-16 14:38:09 uos-PC kernel: [    4.144697] pci 0000:0b:00.0: reg 0x14: [io  0x0028-0x002f]
2023-10-16 14:38:09 uos-PC kernel: [    4.150277] pci 0000:0b:00.0: reg 0x18: [io  0x0020-0x0027]
2023-10-16 14:38:09 uos-PC kernel: [    4.155856] pci 0000:0b:00.0: reg 0x1c: [io  0x0000-0x001f]
2023-10-16 14:38:09 uos-PC kernel: [    4.161554] pci 0000:0b:00.0: PME# supported from D0 D3hot D3cold
2023-10-16 14:38:09 uos-PC kernel: [    4.167752] pci_bus 0000:00: on NUMA node 0
2023-10-16 14:38:09 uos-PC kernel: [    4.171944] pci 0000:00:00.0: BAR 15: assigned [mem 0x1000000000-0x100fffffff 64bit pref]
2023-10-16 14:38:09 uos-PC kernel: [    4.180116] pci 0000:00:00.0: BAR 0: assigned [mem 0x1010000000-0x10100fffff 64bit pref]
2023-10-16 14:38:09 uos-PC kernel: [    4.188201] pci 0000:00:00.0: BAR 14: assigned [mem 0x58000000-0x580fffff]
2023-10-16 14:38:09 uos-PC kernel: [    4.195070] pci 0000:00:01.0: BAR 0: assigned [mem 0x1010100000-0x10101fffff 64bit pref]
2023-10-16 14:38:09 uos-PC kernel: [    4.203156] pci 0000:00:02.0: BAR 0: assigned [mem 0x1010200000-0x10102fffff 64bit pref]
2023-10-16 14:38:09 uos-PC kernel: [    4.211241] pci 0000:00:03.0: BAR 0: assigned [mem 0x1010300000-0x10103fffff 64bit pref]
2023-10-16 14:38:09 uos-PC kernel: [    4.219327] pci 0000:00:03.0: BAR 14: assigned [mem 0x58100000-0x581fffff]
2023-10-16 14:38:09 uos-PC kernel: [    4.226195] pci 0000:00:04.0: BAR 0: assigned [mem 0x1010400000-0x10104fffff 64bit pref]
2023-10-16 14:38:09 uos-PC kernel: [    4.234281] pci 0000:00:04.0: BAR 14: assigned [mem 0x58200000-0x582fffff]
2023-10-16 14:38:09 uos-PC kernel: [    4.241148] pci 0000:00:05.0: BAR 0: assigned [mem 0x1010500000-0x10105fffff 64bit pref]
2023-10-16 14:38:09 uos-PC kernel: [    4.249233] pci 0000:00:05.0: BAR 14: assigned [mem 0x58300000-0x584fffff]
2023-10-16 14:38:09 uos-PC kernel: [    4.256101] pci 0000:00:00.0: BAR 13: assigned [io  0x1000-0x1fff]
2023-10-16 14:38:09 uos-PC kernel: [    4.262273] pci 0000:00:05.0: BAR 13: assigned [io  0x2000-0x3fff]
2023-10-16 14:38:09 uos-PC kernel: [    4.268448] pci 0000:01:00.0: BAR 0: assigned [mem 0x1000000000-0x100fffffff 64bit pref]
2023-10-16 14:38:09 uos-PC kernel: [    4.276537] pci 0000:01:00.0: BAR 2: assigned [mem 0x58000000-0x5803ffff 64bit]
2023-10-16 14:38:09 uos-PC kernel: [    4.283843] pci 0000:01:00.0: BAR 6: assigned [mem 0x58040000-0x5805ffff pref]
2023-10-16 14:38:09 uos-PC kernel: [    4.291059] pci 0000:01:00.1: BAR 0: assigned [mem 0x58060000-0x58063fff 64bit]
2023-10-16 14:38:09 uos-PC kernel: [    4.298365] pci 0000:01:00.0: BAR 4: assigned [io  0x1000-0x10ff]
2023-10-16 14:38:09 uos-PC kernel: [    4.304452] pci 0000:00:00.0: PCI bridge to [bus 01]
2023-10-16 14:38:09 uos-PC kernel: [    4.309410] pci 0000:00:00.0:   bridge window [io  0x1000-0x1fff]
2023-10-16 14:38:09 uos-PC kernel: [    4.315495] pci 0000:00:00.0:   bridge window [mem 0x58000000-0x580fffff]
2023-10-16 14:38:09 uos-PC kernel: [    4.322276] pci 0000:00:00.0:   bridge window [mem 0x1000000000-0x100fffffff 64bit pref]
2023-10-16 14:38:09 uos-PC kernel: [    4.330360] pci 0000:00:01.0: PCI bridge to [bus 02]
2023-10-16 14:38:09 uos-PC kernel: [    4.335318] pci 0000:00:02.0: PCI bridge to [bus 03]
2023-10-16 14:38:09 uos-PC kernel: [    4.340278] pci 0000:04:00.0: BAR 0: assigned [mem 0x58100000-0x58103fff 64bit]
2023-10-16 14:38:09 uos-PC kernel: [    4.347586] pci 0000:00:03.0: PCI bridge to [bus 04]
2023-10-16 14:38:09 uos-PC kernel: [    4.352544] pci 0000:00:03.0:   bridge window [mem 0x58100000-0x581fffff]
2023-10-16 14:38:09 uos-PC kernel: [    4.359326] pci 0000:05:00.0: BAR 0: assigned [mem 0x58200000-0x58201fff 64bit]
2023-10-16 14:38:09 uos-PC kernel: [    4.366635] pci 0000:00:04.0: PCI bridge to [bus 05]
2023-10-16 14:38:09 uos-PC kernel: [    4.371592] pci 0000:00:04.0:   bridge window [mem 0x58200000-0x582fffff]
2023-10-16 14:38:09 uos-PC kernel: [    4.378374] pci 0000:06:00.0: BAR 14: assigned [mem 0x58300000-0x584fffff]
2023-10-16 14:38:09 uos-PC kernel: [    4.385242] pci 0000:06:00.0: BAR 13: assigned [io  0x2000-0x3fff]
2023-10-16 14:38:09 uos-PC kernel: [    4.391415] pci 0000:07:01.0: BAR 14: assigned [mem 0x58300000-0x583fffff]
2023-10-16 14:38:09 uos-PC kernel: [    4.398282] pci 0000:07:03.0: BAR 14: assigned [mem 0x58400000-0x584fffff]
2023-10-16 14:38:09 uos-PC kernel: [    4.405150] pci 0000:07:01.0: BAR 13: assigned [io  0x2000-0x2fff]
2023-10-16 14:38:09 uos-PC kernel: [    4.411322] pci 0000:07:07.0: BAR 13: assigned [io  0x3000-0x3fff]
2023-10-16 14:38:09 uos-PC kernel: [    4.417495] pci 0000:08:00.0: BAR 6: assigned [mem 0x58300000-0x5830ffff pref]
2023-10-16 14:38:09 uos-PC kernel: [    4.424713] pci 0000:08:00.0: BAR 5: assigned [mem 0x58310000-0x583101ff]
2023-10-16 14:38:09 uos-PC kernel: [    4.431496] pci 0000:08:00.0: BAR 4: assigned [io  0x2000-0x201f]
2023-10-16 14:38:09 uos-PC kernel: [    4.437584] pci 0000:08:00.0: BAR 0: assigned [io  0x2020-0x2027]
2023-10-16 14:38:09 uos-PC kernel: [    4.443673] pci 0000:08:00.0: BAR 2: assigned [io  0x2028-0x202f]
2023-10-16 14:38:09 uos-PC kernel: [    4.449762] pci 0000:08:00.0: BAR 1: assigned [io  0x2030-0x2033]
2023-10-16 14:38:09 uos-PC kernel: [    4.455850] pci 0000:08:00.0: BAR 3: assigned [io  0x2034-0x2037]
2023-10-16 14:38:09 uos-PC kernel: [    4.461938] pci 0000:07:01.0: PCI bridge to [bus 08]
2023-10-16 14:38:09 uos-PC kernel: [    4.466895] pci 0000:07:01.0:   bridge window [io  0x2000-0x2fff]
2023-10-16 14:38:09 uos-PC kernel: [    4.472982] pci 0000:07:01.0:   bridge window [mem 0x58300000-0x583fffff]
2023-10-16 14:38:09 uos-PC kernel: [    4.479769] pci 0000:09:00.0: BAR 0: assigned [mem 0x58400000-0x58401fff 64bit]
2023-10-16 14:38:09 uos-PC kernel: [    4.487082] pci 0000:07:03.0: PCI bridge to [bus 09]
2023-10-16 14:38:09 uos-PC kernel: [    4.492041] pci 0000:07:03.0:   bridge window [mem 0x58400000-0x584fffff]
2023-10-16 14:38:09 uos-PC kernel: [    4.498825] pci 0000:07:05.0: PCI bridge to [bus 0a]
2023-10-16 14:38:09 uos-PC kernel: [    4.503790] pci 0000:0b:00.0: BAR 3: assigned [io  0x3000-0x301f]
2023-10-16 14:38:09 uos-PC kernel: [    4.509880] pci 0000:0b:00.0: BAR 1: assigned [io  0x3020-0x3027]
2023-10-16 14:38:09 uos-PC kernel: [    4.515970] pci 0000:0b:00.0: BAR 2: assigned [io  0x3028-0x302f]
2023-10-16 14:38:09 uos-PC kernel: [    4.522060] pci 0000:07:07.0: PCI bridge to [bus 0b]
2023-10-16 14:38:09 uos-PC kernel: [    4.527017] pci 0000:07:07.0:   bridge window [io  0x3000-0x3fff]
2023-10-16 14:38:09 uos-PC kernel: [    4.533109] pci 0000:06:00.0: PCI bridge to [bus 07-0b]
2023-10-16 14:38:09 uos-PC kernel: [    4.538326] pci 0000:06:00.0:   bridge window [io  0x2000-0x3fff]
2023-10-16 14:38:09 uos-PC kernel: [    4.544414] pci 0000:06:00.0:   bridge window [mem 0x58300000-0x584fffff]
2023-10-16 14:38:09 uos-PC kernel: [    4.551198] pci 0000:00:05.0: PCI bridge to [bus 06-0b]
2023-10-16 14:38:09 uos-PC kernel: [    4.556415] pci 0000:00:05.0:   bridge window [io  0x2000-0x3fff]
2023-10-16 14:38:09 uos-PC kernel: [    4.562501] pci 0000:00:05.0:   bridge window [mem 0x58300000-0x584fffff]
2023-10-16 14:38:09 uos-PC kernel: [    4.569282] pci_bus 0000:00: resource 4 [mem 0x58000000-0x7fffffff window]
2023-10-16 14:38:09 uos-PC kernel: [    4.576150] pci_bus 0000:00: resource 5 [mem 0x1000000000-0x1fffffffff window]
2023-10-16 14:38:09 uos-PC kernel: [    4.583367] pci_bus 0000:00: resource 6 [io  0x0000-0xefffff window]
2023-10-16 14:38:09 uos-PC kernel: [    4.589713] pci_bus 0000:01: resource 0 [io  0x1000-0x1fff]
2023-10-16 14:38:09 uos-PC kernel: [    4.595277] pci_bus 0000:01: resource 1 [mem 0x58000000-0x580fffff]
2023-10-16 14:38:09 uos-PC kernel: [    4.601536] pci_bus 0000:01: resource 2 [mem 0x1000000000-0x100fffffff 64bit pref]
2023-10-16 14:38:09 uos-PC kernel: [    4.609099] pci_bus 0000:04: resource 1 [mem 0x58100000-0x581fffff]
2023-10-16 14:38:09 uos-PC kernel: [    4.615357] pci_bus 0000:05: resource 1 [mem 0x58200000-0x582fffff]
2023-10-16 14:38:09 uos-PC kernel: [    4.621616] pci_bus 0000:06: resource 0 [io  0x2000-0x3fff]
2023-10-16 14:38:09 uos-PC kernel: [    4.627180] pci_bus 0000:06: resource 1 [mem 0x58300000-0x584fffff]
2023-10-16 14:38:09 uos-PC kernel: [    4.633439] pci_bus 0000:07: resource 0 [io  0x2000-0x3fff]
2023-10-16 14:38:09 uos-PC kernel: [    4.639003] pci_bus 0000:07: resource 1 [mem 0x58300000-0x584fffff]
2023-10-16 14:38:09 uos-PC kernel: [    4.645262] pci_bus 0000:08: resource 0 [io  0x2000-0x2fff]
2023-10-16 14:38:09 uos-PC kernel: [    4.650826] pci_bus 0000:08: resource 1 [mem 0x58300000-0x583fffff]
2023-10-16 14:38:09 uos-PC kernel: [    4.657085] pci_bus 0000:09: resource 1 [mem 0x58400000-0x584fffff]
2023-10-16 14:38:09 uos-PC kernel: [    4.663344] pci_bus 0000:0b: resource 0 [io  0x3000-0x3fff]
2023-10-16 14:38:09 uos-PC kernel: [    4.669000] initcall acpi_init+0x0/0x308 returned 0 after 2800781 usecs
2023-10-16 14:38:09 uos-PC kernel: [    4.675611] calling  pnp_init+0x0/0x1c @ 1
2023-10-16 14:38:09 uos-PC kernel: [    4.679707] initcall pnp_init+0x0/0x1c returned 0 after 0 usecs
2023-10-16 14:38:09 uos-PC kernel: [    4.685619] calling  ipc_init+0x0/0x20 @ 1
2023-10-16 14:38:09 uos-PC kernel: [    4.689714] initcall ipc_init+0x0/0x20 returned 0 after 0 usecs
2023-10-16 14:38:09 uos-PC kernel: [    4.695626] calling  dmi_init+0x0/0x118 @ 1
2023-10-16 14:38:09 uos-PC kernel: [    4.699806] initcall dmi_init+0x0/0x118 returned 0 after 0 usecs
2023-10-16 14:38:09 uos-PC kernel: [    4.705805] calling  scmi_bus_init+0x0/0x44 @ 1
2023-10-16 14:38:09 uos-PC kernel: [    4.710334] initcall scmi_bus_init+0x0/0x44 returned 0 after 0 usecs
2023-10-16 14:38:09 uos-PC kernel: [    4.716680] calling  scmi_clock_init+0x0/0x20 @ 1
2023-10-16 14:38:09 uos-PC kernel: [    4.721377] initcall scmi_clock_init+0x0/0x20 returned 20 after 0 usecs
2023-10-16 14:38:09 uos-PC kernel: [    4.727984] calling  scmi_perf_init+0x0/0x20 @ 1
2023-10-16 14:38:09 uos-PC kernel: [    4.732593] initcall scmi_perf_init+0x0/0x20 returned 19 after 0 usecs
2023-10-16 14:38:09 uos-PC kernel: [    4.739113] calling  scmi_power_init+0x0/0x20 @ 1
2023-10-16 14:38:09 uos-PC kernel: [    4.743809] initcall scmi_power_init+0x0/0x20 returned 17 after 0 usecs
2023-10-16 14:38:09 uos-PC kernel: [    4.750415] calling  scmi_sensors_init+0x0/0x20 @ 1
2023-10-16 14:38:09 uos-PC kernel: [    4.755284] initcall scmi_sensors_init+0x0/0x20 returned 21 after 0 usecs
2023-10-16 14:38:09 uos-PC kernel: [    4.762064] calling  efisubsys_init+0x0/0x2b4 @ 1
2023-10-16 14:38:09 uos-PC kernel: [    4.766764] Registered efivars operations
2023-10-16 14:38:09 uos-PC kernel: [    4.770769] initcall efisubsys_init+0x0/0x2b4 returned 0 after 3906 usecs
2023-10-16 14:38:09 uos-PC kernel: [    4.777550] calling  register_gop_device+0x0/0x6c @ 1
2023-10-16 14:38:09 uos-PC kernel: [    4.782616] initcall register_gop_device+0x0/0x6c returned 0 after 0 usecs
2023-10-16 14:38:09 uos-PC kernel: [    4.789485] calling  hi6220_stub_clk_init+0x0/0x20 @ 1
2023-10-16 14:38:09 uos-PC kernel: [    4.794628] initcall hi6220_stub_clk_init+0x0/0x20 returned 0 after 0 usecs
2023-10-16 14:38:09 uos-PC kernel: [    4.801582] calling  hi3660_stub_clk_init+0x0/0x20 @ 1
2023-10-16 14:38:09 uos-PC kernel: [    4.806722] initcall hi3660_stub_clk_init+0x0/0x20 returned 0 after 0 usecs
2023-10-16 14:38:09 uos-PC kernel: [    4.813676] calling  balloon_init+0x0/0x6c @ 1
2023-10-16 14:38:09 uos-PC kernel: [    4.818112] initcall balloon_init+0x0/0x6c returned -19 after 0 usecs
2023-10-16 14:38:09 uos-PC kernel: [    4.824546] calling  xen_setup_shutdown_event+0x0/0x48 @ 1
2023-10-16 14:38:09 uos-PC kernel: [    4.830024] initcall xen_setup_shutdown_event+0x0/0x48 returned -19 after 0 usecs
2023-10-16 14:38:09 uos-PC kernel: [    4.837500] calling  xenbus_probe_backend_init+0x0/0x6c @ 1
2023-10-16 14:38:09 uos-PC kernel: [    4.843071] initcall xenbus_probe_backend_init+0x0/0x6c returned 0 after 0 usecs
2023-10-16 14:38:09 uos-PC kernel: [    4.850460] calling  xenbus_probe_frontend_init+0x0/0x6c @ 1
2023-10-16 14:38:09 uos-PC kernel: [    4.856121] initcall xenbus_probe_frontend_init+0x0/0x6c returned 0 after 0 usecs
2023-10-16 14:38:09 uos-PC kernel: [    4.863597] calling  ab3100_regulators_init+0x0/0x24 @ 1
2023-10-16 14:38:09 uos-PC kernel: [    4.868911] initcall ab3100_regulators_init+0x0/0x24 returned 0 after 0 usecs
2023-10-16 14:38:09 uos-PC kernel: [    4.876039] calling  misc_init+0x0/0xe0 @ 1
2023-10-16 14:38:09 uos-PC kernel: [    4.880220] initcall misc_init+0x0/0xe0 returned 0 after 0 usecs
2023-10-16 14:38:09 uos-PC kernel: [    4.886219] calling  tpm_init+0x0/0xec @ 1
2023-10-16 14:38:09 uos-PC kernel: [    4.890312] initcall tpm_init+0x0/0xec returned 0 after 0 usecs
2023-10-16 14:38:09 uos-PC kernel: [    4.896224] calling  vga_arb_device_init+0x0/0x188 @ 1
2023-10-16 14:38:09 uos-PC kernel: [    4.901388] pci 0000:01:00.0: vgaarb: VGA device added: decodes=io+mem,owns=none,locks=none
2023-10-16 14:38:09 uos-PC kernel: [    4.909737] pci 0000:01:00.0: vgaarb: bridge control possible
2023-10-16 14:38:09 uos-PC kernel: [    4.915475] pci 0000:01:00.0: vgaarb: setting as boot device (VGA legacy resources not available)
2023-10-16 14:38:09 uos-PC kernel: [    4.924339] vgaarb: loaded
2023-10-16 14:38:09 uos-PC kernel: [    4.927036] initcall vga_arb_device_init+0x0/0x188 returned 0 after 23437 usecs
2023-10-16 14:38:09 uos-PC kernel: [    4.934339] calling  cn_init+0x0/0xd0 @ 1
2023-10-16 14:38:09 uos-PC kernel: [    4.938354] initcall cn_init+0x0/0xd0 returned 0 after 0 usecs
2023-10-16 14:38:09 uos-PC kernel: [    4.944182] calling  register_cpu_capacity_sysctl+0x0/0x98 @ 1
2023-10-16 14:38:09 uos-PC kernel: [    4.950014] initcall register_cpu_capacity_sysctl+0x0/0x98 returned 0 after 0 usecs
2023-10-16 14:38:09 uos-PC kernel: [    4.957663] calling  pm860x_i2c_init+0x0/0x48 @ 1
2023-10-16 14:38:09 uos-PC kernel: [    4.962366] initcall pm860x_i2c_init+0x0/0x48 returned 0 after 0 usecs
2023-10-16 14:38:09 uos-PC kernel: [    4.968885] calling  stmpe_init+0x0/0x20 @ 1
2023-10-16 14:38:09 uos-PC kernel: [    4.973152] initcall stmpe_init+0x0/0x20 returned 0 after 0 usecs
2023-10-16 14:38:09 uos-PC kernel: [    4.979237] calling  tc3589x_init+0x0/0x20 @ 1
2023-10-16 14:38:09 uos-PC kernel: [    4.983679] initcall tc3589x_init+0x0/0x20 returned 0 after 0 usecs
2023-10-16 14:38:09 uos-PC kernel: [    4.989939] calling  wm8400_module_init+0x0/0x44 @ 1
2023-10-16 14:38:09 uos-PC kernel: [    4.994900] initcall wm8400_module_init+0x0/0x44 returned 0 after 0 usecs
2023-10-16 14:38:09 uos-PC kernel: [    5.001680] calling  wm831x_i2c_init+0x0/0x44 @ 1
2023-10-16 14:38:09 uos-PC kernel: [    5.006381] initcall wm831x_i2c_init+0x0/0x44 returned 0 after 0 usecs
2023-10-16 14:38:09 uos-PC kernel: [    5.012901] calling  wm831x_spi_init+0x0/0x38 @ 1
2023-10-16 14:38:09 uos-PC kernel: [    5.017601] initcall wm831x_spi_init+0x0/0x38 returned 0 after 0 usecs
2023-10-16 14:38:09 uos-PC kernel: [    5.024121] calling  wm8350_i2c_init+0x0/0x20 @ 1
2023-10-16 14:38:09 uos-PC kernel: [    5.028822] initcall wm8350_i2c_init+0x0/0x20 returned 0 after 0 usecs
2023-10-16 14:38:09 uos-PC kernel: [    5.035342] calling  tps65910_i2c_init+0x0/0x20 @ 1
2023-10-16 14:38:09 uos-PC kernel: [    5.040218] initcall tps65910_i2c_init+0x0/0x20 returned 0 after 0 usecs
2023-10-16 14:38:09 uos-PC kernel: [    5.046911] calling  tps80031_init+0x0/0x20 @ 1
2023-10-16 14:38:09 uos-PC kernel: [    5.051438] initcall tps80031_init+0x0/0x20 returned 0 after 0 usecs
2023-10-16 14:38:09 uos-PC kernel: [    5.057784] calling  ezx_pcap_init+0x0/0x20 @ 1
2023-10-16 14:38:09 uos-PC kernel: [    5.062310] initcall ezx_pcap_init+0x0/0x20 returned 0 after 0 usecs
2023-10-16 14:38:09 uos-PC kernel: [    5.068656] calling  da903x_init+0x0/0x20 @ 1
2023-10-16 14:38:09 uos-PC kernel: [    5.073009] initcall da903x_init+0x0/0x20 returned 0 after 0 usecs
2023-10-16 14:38:09 uos-PC kernel: [    5.079181] calling  da9052_spi_init+0x0/0x44 @ 1
2023-10-16 14:38:09 uos-PC kernel: [    5.083882] initcall da9052_spi_init+0x0/0x44 returned 0 after 0 usecs
2023-10-16 14:38:09 uos-PC kernel: [    5.090401] calling  da9052_i2c_init+0x0/0x44 @ 1
2023-10-16 14:38:09 uos-PC kernel: [    5.095102] initcall da9052_i2c_init+0x0/0x44 returned 0 after 0 usecs
2023-10-16 14:38:09 uos-PC kernel: [    5.101621] calling  lp8788_init+0x0/0x20 @ 1
2023-10-16 14:38:09 uos-PC kernel: [    5.105975] initcall lp8788_init+0x0/0x20 returned 0 after 0 usecs
2023-10-16 14:38:09 uos-PC kernel: [    5.112148] calling  da9055_i2c_init+0x0/0x44 @ 1
2023-10-16 14:38:09 uos-PC kernel: [    5.116849] initcall da9055_i2c_init+0x0/0x44 returned 0 after 0 usecs
2023-10-16 14:38:09 uos-PC kernel: [    5.123368] calling  max77843_i2c_init+0x0/0x20 @ 1
2023-10-16 14:38:09 uos-PC kernel: [    5.128243] initcall max77843_i2c_init+0x0/0x20 returned 0 after 0 usecs
2023-10-16 14:38:09 uos-PC kernel: [    5.134936] calling  max8925_i2c_init+0x0/0x44 @ 1
2023-10-16 14:38:09 uos-PC kernel: [    5.139724] initcall max8925_i2c_init+0x0/0x44 returned 0 after 0 usecs
2023-10-16 14:38:09 uos-PC kernel: [    5.146330] calling  max8997_i2c_init+0x0/0x20 @ 1
2023-10-16 14:38:09 uos-PC kernel: [    5.151117] initcall max8997_i2c_init+0x0/0x20 returned 0 after 0 usecs
2023-10-16 14:38:09 uos-PC kernel: [    5.157723] calling  max8998_i2c_init+0x0/0x24 @ 1
2023-10-16 14:38:09 uos-PC kernel: [    5.162510] initcall max8998_i2c_init+0x0/0x24 returned 0 after 0 usecs
2023-10-16 14:38:09 uos-PC kernel: [    5.169117] calling  ab3100_i2c_init+0x0/0x20 @ 1
2023-10-16 14:38:09 uos-PC kernel: [    5.173817] initcall ab3100_i2c_init+0x0/0x20 returned 0 after 0 usecs
2023-10-16 14:38:09 uos-PC kernel: [    5.180337] calling  tps6586x_init+0x0/0x20 @ 1
2023-10-16 14:38:09 uos-PC kernel: [    5.184864] initcall tps6586x_init+0x0/0x20 returned 0 after 0 usecs
2023-10-16 14:38:09 uos-PC kernel: [    5.191210] calling  tps65090_init+0x0/0x20 @ 1
2023-10-16 14:38:09 uos-PC kernel: [    5.195737] initcall tps65090_init+0x0/0x20 returned 0 after 0 usecs
2023-10-16 14:38:09 uos-PC kernel: [    5.202083] calling  palmas_i2c_init+0x0/0x20 @ 1
2023-10-16 14:38:09 uos-PC kernel: [    5.206784] initcall palmas_i2c_init+0x0/0x20 returned 0 after 0 usecs
2023-10-16 14:38:09 uos-PC kernel: [    5.213304] calling  rc5t583_i2c_init+0x0/0x20 @ 1
2023-10-16 14:38:09 uos-PC kernel: [    5.218093] initcall rc5t583_i2c_init+0x0/0x20 returned 0 after 0 usecs
2023-10-16 14:38:09 uos-PC kernel: [    5.224699] calling  sec_pmic_init+0x0/0x20 @ 1
2023-10-16 14:38:09 uos-PC kernel: [    5.229227] initcall sec_pmic_init+0x0/0x20 returned 0 after 0 usecs
2023-10-16 14:38:09 uos-PC kernel: [    5.235574] calling  dax_fs_init+0x0/0xe8 @ 1
2023-10-16 14:38:09 uos-PC kernel: [    5.239948] initcall dax_fs_init+0x0/0xe8 returned 0 after 0 usecs
2023-10-16 14:38:09 uos-PC kernel: [    5.246121] calling  dma_buf_init+0x0/0xb4 @ 1
2023-10-16 14:38:09 uos-PC kernel: [    5.250560] initcall dma_buf_init+0x0/0xb4 returned 0 after 0 usecs
2023-10-16 14:38:09 uos-PC kernel: [    5.256820] calling  init_scsi+0x0/0xa0 @ 1
2023-10-16 14:38:09 uos-PC kernel: [    5.261048] SCSI subsystem initialized
2023-10-16 14:38:09 uos-PC kernel: [    5.264788] initcall init_scsi+0x0/0xa0 returned 0 after 3906 usecs
2023-10-16 14:38:09 uos-PC kernel: [    5.271048] calling  ata_init+0x0/0x324 @ 1
2023-10-16 14:38:09 uos-PC kernel: [    5.275274] libata version 3.00 loaded.
2023-10-16 14:38:09 uos-PC kernel: [    5.279101] initcall ata_init+0x0/0x324 returned 0 after 3906 usecs
2023-10-16 14:38:09 uos-PC kernel: [    5.285362] calling  phy_init+0x0/0x6c @ 1
2023-10-16 14:38:09 uos-PC kernel: [    5.289468] initcall phy_init+0x0/0x6c returned 0 after 0 usecs
2023-10-16 14:38:09 uos-PC kernel: [    5.295380] calling  usb_init+0x0/0x160 @ 1
2023-10-16 14:38:09 uos-PC kernel: [    5.299560] ACPI: bus type USB registered
2023-10-16 14:38:09 uos-PC kernel: [    5.303582] usbcore: registered new interface driver usbfs
2023-10-16 14:38:09 uos-PC kernel: [    5.309069] usbcore: registered new interface driver hub
2023-10-16 14:38:09 uos-PC kernel: [    5.314394] usbcore: registered new device driver usb
2023-10-16 14:38:09 uos-PC kernel: [    5.319439] initcall usb_init+0x0/0x160 returned 0 after 19531 usecs
2023-10-16 14:38:09 uos-PC kernel: [    5.325786] calling  serio_init+0x0/0x44 @ 1
2023-10-16 14:38:09 uos-PC kernel: [    5.330054] initcall serio_init+0x0/0x44 returned 0 after 0 usecs
2023-10-16 14:38:09 uos-PC kernel: [    5.336140] calling  input_init+0x0/0x120 @ 1
2023-10-16 14:38:09 uos-PC kernel: [    5.340496] initcall input_init+0x0/0x120 returned 0 after 0 usecs
2023-10-16 14:38:09 uos-PC kernel: [    5.346669] calling  rtc_init+0x0/0x68 @ 1
2023-10-16 14:38:09 uos-PC kernel: [    5.350761] initcall rtc_init+0x0/0x68 returned 0 after 0 usecs
2023-10-16 14:38:09 uos-PC kernel: [    5.356673] calling  dw_i2c_init_driver+0x0/0x20 @ 1
2023-10-16 14:38:09 uos-PC kernel: [    5.362154] probe of PHYT0003:00 returned 1 after 0 usecs
2023-10-16 14:38:09 uos-PC kernel: [    5.367988] probe of PHYT0003:01 returned 1 after 0 usecs
2023-10-16 14:38:09 uos-PC kernel: [    5.373817] probe of PHYT0003:02 returned 1 after 0 usecs
2023-10-16 14:38:09 uos-PC kernel: [    5.379230] initcall dw_i2c_init_driver+0x0/0x20 returned 0 after 15625 usecs
2023-10-16 14:38:09 uos-PC kernel: [    5.386361] calling  cec_devnode_init+0x0/0xbc @ 1
2023-10-16 14:38:09 uos-PC kernel: [    5.391156] initcall cec_devnode_init+0x0/0xbc returned 0 after 0 usecs
2023-10-16 14:38:09 uos-PC kernel: [    5.397764] calling  pps_init+0x0/0xcc @ 1
2023-10-16 14:38:09 uos-PC kernel: [    5.401855] pps_core: LinuxPPS API ver. 1 registered
2023-10-16 14:38:09 uos-PC kernel: [    5.406810] pps_core: Software ver. 5.3.6 - Copyright 2005-2007 Rodolfo Giometti <giometti@linux.it>
2023-10-16 14:38:09 uos-PC kernel: [    5.415936] initcall pps_init+0x0/0xcc returned 0 after 11718 usecs
2023-10-16 14:38:09 uos-PC kernel: [    5.422195] calling  ptp_init+0x0/0xb0 @ 1
2023-10-16 14:38:09 uos-PC kernel: [    5.426285] PTP clock support registered
2023-10-16 14:38:09 uos-PC kernel: [    5.430197] initcall ptp_init+0x0/0xb0 returned 0 after 3906 usecs
2023-10-16 14:38:09 uos-PC kernel: [    5.436370] calling  power_supply_class_init+0x0/0x5c @ 1
2023-10-16 14:38:09 uos-PC kernel: [    5.441763] initcall power_supply_class_init+0x0/0x5c returned 0 after 0 usecs
2023-10-16 14:38:09 uos-PC kernel: [    5.448978] calling  hwmon_init+0x0/0x44 @ 1
2023-10-16 14:38:09 uos-PC kernel: [    5.453242] initcall hwmon_init+0x0/0x44 returned 0 after 0 usecs
2023-10-16 14:38:09 uos-PC kernel: [    5.459327] calling  edac_init+0x0/0x88 @ 1
2023-10-16 14:38:09 uos-PC kernel: [    5.463501] EDAC MC: Ver: 3.0.0
2023-10-16 14:38:09 uos-PC kernel: [    5.466720] initcall edac_init+0x0/0x88 returned 0 after 3906 usecs
2023-10-16 14:38:09 uos-PC kernel: [    5.472982] calling  leds_init+0x0/0x68 @ 1
2023-10-16 14:38:09 uos-PC kernel: [    5.477161] initcall leds_init+0x0/0x68 returned 0 after 0 usecs
2023-10-16 14:38:09 uos-PC kernel: [    5.483161] calling  devfreq_init+0x0/0xc8 @ 1
2023-10-16 14:38:09 uos-PC kernel: [    5.487624] initcall devfreq_init+0x0/0xc8 returned 0 after 0 usecs
2023-10-16 14:38:09 uos-PC kernel: [    5.493886] calling  devfreq_event_init+0x0/0x70 @ 1
2023-10-16 14:38:09 uos-PC kernel: [    5.498847] initcall devfreq_event_init+0x0/0x70 returned 0 after 0 usecs
2023-10-16 14:38:09 uos-PC kernel: [    5.505627] calling  devfreq_simple_ondemand_init+0x0/0x1c @ 1
2023-10-16 14:38:09 uos-PC kernel: [    5.511452] initcall devfreq_simple_ondemand_init+0x0/0x1c returned 0 after 0 usecs
2023-10-16 14:38:09 uos-PC kernel: [    5.519101] calling  devfreq_performance_init+0x0/0x1c @ 1
2023-10-16 14:38:09 uos-PC kernel: [    5.524579] initcall devfreq_performance_init+0x0/0x1c returned 0 after 0 usecs
2023-10-16 14:38:09 uos-PC kernel: [    5.531882] calling  arm_pmu_hp_init+0x0/0x60 @ 1
2023-10-16 14:38:09 uos-PC kernel: [    5.536578] initcall arm_pmu_hp_init+0x0/0x60 returned 0 after 0 usecs
2023-10-16 14:38:09 uos-PC kernel: [    5.543098] calling  arm_pmu_acpi_init+0x0/0x2d8 @ 1
2023-10-16 14:38:09 uos-PC kernel: [    5.548128] initcall arm_pmu_acpi_init+0x0/0x2d8 returned 0 after 0 usecs
2023-10-16 14:38:09 uos-PC kernel: [    5.554911] calling  ras_init+0x0/0x18 @ 1
2023-10-16 14:38:09 uos-PC kernel: [    5.559004] initcall ras_init+0x0/0x18 returned 0 after 0 usecs
2023-10-16 14:38:09 uos-PC kernel: [    5.564916] calling  nvmem_init+0x0/0x20 @ 1
2023-10-16 14:38:09 uos-PC kernel: [    5.569185] initcall nvmem_init+0x0/0x20 returned 0 after 0 usecs
2023-10-16 14:38:09 uos-PC kernel: [    5.575271] calling  dsm_init+0x0/0x154 @ 1
2023-10-16 14:38:09 uos-PC kernel: [    5.579496] [I/DSM] dsm_init called, ret 0
2023-10-16 14:38:09 uos-PC kernel: [    5.583586] initcall dsm_init+0x0/0x154 returned 0 after 3906 usecs
2023-10-16 14:38:09 uos-PC kernel: [    5.589846] calling  init_soundcore+0x0/0xb8 @ 1
2023-10-16 14:38:09 uos-PC kernel: [    5.594458] initcall init_soundcore+0x0/0xb8 returned 0 after 0 usecs
2023-10-16 14:38:09 uos-PC kernel: [    5.600891] calling  alsa_sound_init+0x0/0xb8 @ 1
2023-10-16 14:38:09 uos-PC kernel: [    5.605598] Advanced Linux Sound Architecture Driver Initialized.
2023-10-16 14:38:09 uos-PC kernel: [    5.611685] initcall alsa_sound_init+0x0/0xb8 returned 0 after 3906 usecs
2023-10-16 14:38:09 uos-PC kernel: [    5.618465] calling  alsa_seq_device_init+0x0/0x84 @ 1
2023-10-16 14:38:09 uos-PC kernel: [    5.623604] initcall alsa_seq_device_init+0x0/0x84 returned 0 after 0 usecs
2023-10-16 14:38:09 uos-PC kernel: [    5.630559] calling  hda_bus_init+0x0/0x1c @ 1
2023-10-16 14:38:09 uos-PC kernel: [    5.635001] initcall hda_bus_init+0x0/0x1c returned 0 after 0 usecs
2023-10-16 14:38:09 uos-PC kernel: [    5.641260] calling  ac97_bus_init+0x0/0x1c @ 1
2023-10-16 14:38:09 uos-PC kernel: [    5.645789] initcall ac97_bus_init+0x0/0x1c returned 0 after 0 usecs
2023-10-16 14:38:09 uos-PC kernel: [    5.652134] calling  proto_init+0x0/0x1c @ 1
2023-10-16 14:38:09 uos-PC kernel: [    5.656398] initcall proto_init+0x0/0x1c returned 0 after 0 usecs
2023-10-16 14:38:09 uos-PC kernel: [    5.662483] calling  net_dev_init+0x0/0x218 @ 1
2023-10-16 14:38:09 uos-PC kernel: [    5.667104] initcall net_dev_init+0x0/0x218 returned 0 after 0 usecs
2023-10-16 14:38:09 uos-PC kernel: [    5.673452] calling  neigh_init+0x0/0xa0 @ 1
2023-10-16 14:38:09 uos-PC kernel: [    5.677715] initcall neigh_init+0x0/0xa0 returned 0 after 0 usecs
2023-10-16 14:38:09 uos-PC kernel: [    5.683802] calling  fib_notifier_init+0x0/0x1c @ 1
2023-10-16 14:38:09 uos-PC kernel: [    5.688672] initcall fib_notifier_init+0x0/0x1c returned 0 after 0 usecs
2023-10-16 14:38:09 uos-PC kernel: [    5.695365] calling  fib_rules_init+0x0/0xd0 @ 1
2023-10-16 14:38:09 uos-PC kernel: [    5.699976] initcall fib_rules_init+0x0/0xd0 returned 0 after 0 usecs
2023-10-16 14:38:09 uos-PC kernel: [    5.706409] calling  init_cgroup_netprio+0x0/0x20 @ 1
2023-10-16 14:38:09 uos-PC kernel: [    5.711452] initcall init_cgroup_netprio+0x0/0x20 returned 0 after 0 usecs
2023-10-16 14:38:09 uos-PC kernel: [    5.718318] calling  bpf_lwt_init+0x0/0x20 @ 1
2023-10-16 14:38:09 uos-PC kernel: [    5.722753] initcall bpf_lwt_init+0x0/0x20 returned 0 after 0 usecs
2023-10-16 14:38:09 uos-PC kernel: [    5.729011] calling  pktsched_init+0x0/0x134 @ 1
2023-10-16 14:38:09 uos-PC kernel: [    5.733624] initcall pktsched_init+0x0/0x134 returned 0 after 0 usecs
2023-10-16 14:38:09 uos-PC kernel: [    5.740056] calling  tc_filter_init+0x0/0x120 @ 1
2023-10-16 14:38:09 uos-PC kernel: [    5.744758] initcall tc_filter_init+0x0/0x120 returned 0 after 0 usecs
2023-10-16 14:38:09 uos-PC kernel: [    5.751279] calling  tc_action_init+0x0/0x84 @ 1
2023-10-16 14:38:09 uos-PC kernel: [    5.755892] initcall tc_action_init+0x0/0x84 returned 0 after 0 usecs
2023-10-16 14:38:09 uos-PC kernel: [    5.762324] calling  genl_init+0x0/0x4c @ 1
2023-10-16 14:38:09 uos-PC kernel: [    5.766506] initcall genl_init+0x0/0x4c returned 0 after 0 usecs
2023-10-16 14:38:09 uos-PC kernel: [    5.772506] calling  wireless_nlevent_init+0x0/0x4c @ 1
2023-10-16 14:38:09 uos-PC kernel: [    5.777724] initcall wireless_nlevent_init+0x0/0x4c returned 0 after 0 usecs
2023-10-16 14:38:09 uos-PC kernel: [    5.784765] calling  sdei_init+0x0/0xd4 @ 1
2023-10-16 14:38:09 uos-PC kernel: [    5.788940] initcall sdei_init+0x0/0xd4 returned 0 after 0 usecs
2023-10-16 14:38:09 uos-PC kernel: [    5.794938] calling  watchdog_init+0x0/0x90 @ 1
2023-10-16 14:38:09 uos-PC kernel: [    5.799491] initcall watchdog_init+0x0/0x90 returned 0 after 0 usecs
2023-10-16 14:38:09 uos-PC kernel: [    5.805905] calling  create_debug_debugfs_entry+0x0/0x30 @ 1
2023-10-16 14:38:09 uos-PC kernel: [    5.811560] initcall create_debug_debugfs_entry+0x0/0x30 returned 0 after 0 usecs
2023-10-16 14:38:09 uos-PC kernel: [    5.819037] calling  clocksource_done_booting+0x0/0x58 @ 1
2023-10-16 14:38:09 uos-PC kernel: [    5.824529] clocksource: Switched to clocksource arch_sys_counter
2023-10-16 14:38:09 uos-PC kernel: [    5.830617] initcall clocksource_done_booting+0x0/0x58 returned 0 after 5948 usecs
2023-10-16 14:38:09 uos-PC kernel: [    5.838182] calling  tracer_init_tracefs+0x0/0x1e4 @ 1
2023-10-16 14:38:09 uos-PC kernel: [    5.854317] initcall tracer_init_tracefs+0x0/0x1e4 returned 0 after 10740 usecs
2023-10-16 14:38:09 uos-PC kernel: [    5.861630] calling  init_trace_printk_function_export+0x0/0x40 @ 1
2023-10-16 14:38:09 uos-PC kernel: [    5.867895] initcall init_trace_printk_function_export+0x0/0x40 returned 0 after 3 usecs
2023-10-16 14:38:09 uos-PC kernel: [    5.875980] calling  init_kprobe_trace+0x0/0xb4 @ 1
2023-10-16 14:38:09 uos-PC kernel: [    5.880864] initcall init_kprobe_trace+0x0/0xb4 returned 0 after 7 usecs
2023-10-16 14:38:09 uos-PC kernel: [    5.887559] calling  init_uprobe_trace+0x0/0x6c @ 1
2023-10-16 14:38:09 uos-PC kernel: [    5.892433] initcall init_uprobe_trace+0x0/0x6c returned 0 after 3 usecs
2023-10-16 14:38:09 uos-PC kernel: [    5.899128] calling  bpf_init+0x0/0x64 @ 1
2023-10-16 14:38:09 uos-PC kernel: [    5.903226] initcall bpf_init+0x0/0x64 returned 0 after 8 usecs
2023-10-16 14:38:09 uos-PC kernel: [    5.909140] calling  init_pipe_fs+0x0/0x5c @ 1
2023-10-16 14:38:09 uos-PC kernel: [    5.913593] initcall init_pipe_fs+0x0/0x5c returned 0 after 16 usecs
2023-10-16 14:38:09 uos-PC kernel: [    5.919941] calling  cgroup_writeback_init+0x0/0x44 @ 1
2023-10-16 14:38:09 uos-PC kernel: [    5.925183] initcall cgroup_writeback_init+0x0/0x44 returned 0 after 23 usecs
2023-10-16 14:38:09 uos-PC kernel: [    5.932314] calling  inotify_user_setup+0x0/0x5c @ 1
2023-10-16 14:38:09 uos-PC kernel: [    5.937274] initcall inotify_user_setup+0x0/0x5c returned 0 after 3 usecs
2023-10-16 14:38:09 uos-PC kernel: [    5.944056] calling  eventpoll_init+0x0/0xa8 @ 1
2023-10-16 14:38:09 uos-PC kernel: [    5.948669] initcall eventpoll_init+0x0/0xa8 returned 0 after 3 usecs
2023-10-16 14:38:09 uos-PC kernel: [    5.955103] calling  anon_inode_init+0x0/0x6c @ 1
2023-10-16 14:38:09 uos-PC kernel: [    5.959809] initcall anon_inode_init+0x0/0x6c returned 0 after 8 usecs
2023-10-16 14:38:09 uos-PC kernel: [    5.966331] calling  init_dax_wait_table+0x0/0x5c @ 1
2023-10-16 14:38:09 uos-PC kernel: [    5.971401] initcall init_dax_wait_table+0x0/0x5c returned 0 after 24 usecs
2023-10-16 14:38:09 uos-PC kernel: [    5.978357] calling  proc_locks_init+0x0/0x3c @ 1
2023-10-16 14:38:09 uos-PC kernel: [    5.983057] initcall proc_locks_init+0x0/0x3c returned 0 after 3 usecs
2023-10-16 14:38:09 uos-PC kernel: [    5.989577] calling  dquot_init+0x0/0x13c @ 1
2023-10-16 14:38:09 uos-PC kernel: [    5.993926] VFS: Disk quotas dquot_6.6.0
2023-10-16 14:38:09 uos-PC kernel: [    5.997858] VFS: Dquot-cache hash table entries: 512 (order 0, 4096 bytes)
2023-10-16 14:38:09 uos-PC kernel: [    6.004727] initcall dquot_init+0x0/0x13c returned 0 after 10547 usecs
2023-10-16 14:38:09 uos-PC kernel: [    6.011249] calling  quota_init+0x0/0x30 @ 1
2023-10-16 14:38:09 uos-PC kernel: [    6.015523] initcall quota_init+0x0/0x30 returned 0 after 11 usecs
2023-10-16 14:38:09 uos-PC kernel: [    6.021696] calling  proc_cmdline_init+0x0/0x34 @ 1
2023-10-16 14:38:09 uos-PC kernel: [    6.026568] initcall proc_cmdline_init+0x0/0x34 returned 0 after 1 usecs
2023-10-16 14:38:09 uos-PC kernel: [    6.033261] calling  proc_consoles_init+0x0/0x38 @ 1
2023-10-16 14:38:09 uos-PC kernel: [    6.038219] initcall proc_consoles_init+0x0/0x38 returned 0 after 0 usecs
2023-10-16 14:38:09 uos-PC kernel: [    6.044999] calling  proc_cpuinfo_init+0x0/0x30 @ 1
2023-10-16 14:38:09 uos-PC kernel: [    6.049871] initcall proc_cpuinfo_init+0x0/0x30 returned 0 after 1 usecs
2023-10-16 14:38:09 uos-PC kernel: [    6.056564] calling  proc_devices_init+0x0/0x38 @ 1
2023-10-16 14:38:09 uos-PC kernel: [    6.061435] initcall proc_devices_init+0x0/0x38 returned 0 after 0 usecs
2023-10-16 14:38:09 uos-PC kernel: [    6.068128] calling  proc_interrupts_init+0x0/0x38 @ 1
2023-10-16 14:38:09 uos-PC kernel: [    6.073260] initcall proc_interrupts_init+0x0/0x38 returned 0 after 0 usecs
2023-10-16 14:38:09 uos-PC kernel: [    6.080213] calling  proc_loadavg_init+0x0/0x34 @ 1
2023-10-16 14:38:09 uos-PC kernel: [    6.085084] initcall proc_loadavg_init+0x0/0x34 returned 0 after 0 usecs
