[  702.575891] kdump-tools[3837]: Stopping kdump-tools: unloaded kdump kernel.
[  705.547458] systemd-shutdow: 52 output lines suppressed due to ratelimiting
[  705.561296] systemd-shutdown[1]: Syncing filesystems and block devices.
[  705.570008] systemd-shutdown[1]: Sending SIGTERM to remaining processes...
[  705.580229] systemd-journald[375]: Received SIGTERM from PID 1 (systemd-shutdow).
[  715.579925] systemd-shutdown[1]: Sending SIGKILL to remaining processes...
[  715.588544] systemd-shutdown[1]: Sending SIGKILL to PID 3331 (qaxsafed).
[  715.599091] systemd-shutdown[1]: Unmounting file systems.
[  715.605010] [4494]: Remounting '/opt' read-only in with options '(null)'.
[  715.615467] EXT4-fs (sda5): re-mounted. Opts: (null)
[  715.621490] [4495]: Unmounting '/opt'.
[  715.654393] [4496]: Remounting '/var' read-only in with options '(null)'.
[  715.661185] EXT4-fs (sda5): re-mounted. Opts: (null)
[  715.666549] [4497]: Unmounting '/var'.
[  715.701356] [4498]: Remounting '/' read-only in with options '(null)'.
[  715.713642] EXT4-fs (sda3): re-mounted. Opts: (null)
[  715.721292] systemd-shutdown[1]: All filesystems unmounted.
[  715.726866] systemd-shutdown[1]: Deactivating swaps.
[  715.731833] systemd-shutdown[1]: All swaps deactivated.
[  715.737054] systemd-shutdown[1]: Detaching loop devices.
[  715.742916] systemd-shutdown[1]: All loop devices detached.
[  715.748479] systemd-shutdown[1]: Detaching DM devices.
[  715.753646] systemd-shutdown[1]: All DM devices detached.
[  715.761844] kvm: exiting hardware virtualization
[  715.766592] snd_hda_codec_hdmi hdaudioC0D0: shutdown
[  715.771556] i2c i2c-13: shutdown
[  715.774773] i2c i2c-12: shutdown
[  715.777989] i2c i2c-11: shutdown
[  715.781203] i2c i2c-10: shutdown
[  715.784418] i2c i2c-9: shutdown
[  715.787547] i2c i2c-8: shutdown
[  715.790676] i2c i2c-7: shutdown
[  715.793803] i2c i2c-6: shutdown
[  715.796932] i2c i2c-5: shutdown
[  715.800068] i2c i2c-RX8900:00: shutdown
[  715.803891] i2c i2c-4: shutdown
[  715.807020] i2c i2c-3: shutdown
[  715.810148] i2c i2c-2: shutdown
[  715.813276] i2c i2c-1: shutdown
[  715.816405] sc16is7xx i2c-SC16IS750:00: shutdown
[  715.821009] i2c i2c-0: shutdown
[  715.824150] wdt wdt: shutdown
[  715.827112] rtc-efi rtc-efi: shutdown
[  715.830765] sd 0:0:0:0: shutdown
[  715.833981] sd 0:0:0:0: [sda] Synchronizing SCSI cache
[  715.839172] serial8250 serial8250: shutdown
[  715.843464] alarmtimer alarmtimer: shutdown
[  715.847636] snd_hda_intel 0000:02:00.1: shutdown
[  715.852274] serial 00:00: shutdown
[  715.855665] efi-framebuffer efi-framebuffer.0: shutdown
[  715.860878] gpio-dwapb HISI0181:02: shutdown
[  715.865134] hisi-scmi HISI0351:00: shutdown
[  715.869304] hisi_hha_pmu HISI0243:01: shutdown
[  715.873735] hisi_hha_pmu HISI0243:00: shutdown
[  715.878165] hisi_ddrc_pmu HISI0233:03: shutdown
[  715.882682] hisi_ddrc_pmu HISI0233:02: shutdown
[  715.887200] hisi_ddrc_pmu HISI0233:01: shutdown
[  715.891717] hisi_ddrc_pmu HISI0233:00: shutdown
[  715.896234] hisi_l3c_pmu HISI0213:05: shutdown
[  715.900665] hisi_l3c_pmu HISI0213:04: shutdown
[  715.905095] hisi_l3c_pmu HISI0213:03: shutdown
[  715.909526] hisi_l3c_pmu HISI0213:02: shutdown
[  715.913956] hisi_l3c_pmu HISI0213:01: shutdown
[  715.918386] hisi_l3c_pmu HISI0213:00: shutdown
[  715.922816] Hisilicon MBIGEN-V2 HISI0152:0d: shutdown
[  715.927854] Hisilicon MBIGEN-V2 HISI0152:0c: shutdown
[  715.932892] Hisilicon MBIGEN-V2 HISI0152:0b: shutdown
[  715.937930] Hisilicon MBIGEN-V2 HISI0152:0a: shutdown
[  715.942967] Hisilicon MBIGEN-V2 HISI0152:09: shutdown
[  715.948006] Hisilicon MBIGEN-V2 HISI0152:08: shutdown
[  715.953046] Hisilicon MBIGEN-V2 HISI0152:05: shutdown
[  715.958104] Hisilicon MBIGEN-V2 HISI0152:04: shutdown
[  715.963143] Hisilicon MBIGEN-V2 HISI0152:03: shutdown
[  715.968181] Hisilicon MBIGEN-V2 HISI0152:02: shutdown
[  715.973220] Hisilicon MBIGEN-V2 HISI0152:01: shutdown
[  715.978261] Hisilicon MBIGEN-V2 HISI0152:00: shutdown
[  715.983300] dw_spi_mmio HISI0173:00: shutdown
[  715.987645] i2c_designware HISI02A2:04: shutdown
[  715.992249] i2c_designware HISI02A2:03: shutdown
[  715.996853] i2c_designware HISI02A2:02: shutdown
[  716.001457] i2c_designware HISI02A2:01: shutdown
[  716.006062] i2c_designware HISI02A2:00: shutdown
[  716.010666] gpio-dwapb HISI0181:01: shutdown
[  716.014923] gpio-dwapb HISI0181:00: shutdown
[  716.019180] acpi-ged ACPI0013:00: shutdown
[  716.023280] hisi_sas_v3_hw 0000:74:04.0: shutdown
[  716.027975] ahci 0000:74:03.0: shutdown
[  716.031800] hisi_sas_v3_hw 0000:74:02.0: shutdown
[  716.036492] pcieport 0000:74:01.0: shutdown
[  716.057951] pcieport 0000:74:00.0: shutdown
[  716.081945] hns3 0000:7d:00.1: shutdown
[  716.085784] hns3 0000:7d:00.1 enp125s0f1: net stop
[  716.090874] hns3 0000:7d:00.1 enp125s0f1: link down
[  716.145934] hns3 0000:7d:00.0: shutdown
[  716.149769] hns3 0000:7d:00.0 enp125s0f0: net stop
[  716.317928] pcieport 0000:7c:00.0: shutdown
[  716.322104] pci 0000:78:01.0: shutdown
[  716.325839] pcieport 0000:78:00.0: shutdown
[  716.349936] xhci_hcd 0000:7a:02.0: shutdown
[  716.354162] ehci-pci 0000:7a:01.0: shutdown
[  716.358338] ohci-pci 0000:7a:00.0: shutdown
[  716.362524] pci 0000:7b:00.0: shutdown
[  716.366262] amdgpu 0000:02:00.0: shutdown
[  716.726559] pcieport 0000:00:12.0: shutdown
[  716.730736] pcieport 0000:00:08.0: shutdown
[  716.734909] pcieport 0000:00:01.0: shutdown
[  716.739149] sbsa-uart ARMH0011:00: shutdown
[  716.743428] PCCT PCCT: shutdown
[  716.746557] reg-dummy reg-dummy: shutdown
[  716.750568] PM: Calling ledtrig_cpu_syscore_shutdown+0x0/0x18
[  716.756308] PM: Calling irq_gc_shutdown+0x0/0x68
[  716.760913] reboot: Restarting system

$$$ Initialize Totem I2C
Read SPD [Skt:0 Port:0 SlaveAddr:0x50]
[ReadSpd]:[182L] SPD EEPROM Switch Page SpdCurrentPage = 3 
>>>S0-C1-D0 SPD_KEY_BYTE: DDR4
>>>S0-C1-D0 SPD_KEY_BYTE2: UDIMM
>>>S0-C1-D0 SPD_SDRAM_BANKS: 0x85
>>>S0-C1-D0 SPD_SDRAM_TYPE_DDR4: 0x0
>>>S0-C1-D0 SPD_MODULE_ORG_DDR4: 0x1
SPD_MEM_BUS_WID_DDR4: 0x3
PrimaryBusWidth: 64 bits
ExtensionBusWidth: 0 bits
>>>S0-C1-D0 SPD_MIN_TCK_DDR4: 0x6
>>>S0-C1-D0 SPD_MAX_TCK_DDR4: 0xD
>>>S0-C1-D0 SPD_FTB_MIN_TCK_DDR4: 0x0
>>>S0-C1-D0 speed 2666, tCK : 7500 
Read SPD [Skt:0 Port:0 SlaveAddr:0x51]
>>>S0-C3-D0 SPD_KEY_BYTE: DDR4
>>>S0-C3-D0 SPD_KEY_BYTE2: UDIMM
>>>S0-C3-D0 SPD_SDRAM_BANKS: 0x85
>>>S0-C3-D0 SPD_SDRAM_TYPE_DDR4: 0x0
>>>S0-C3-D0 SPD_MODULE_ORG_DDR4: 0x1
SPD_MEM_BUS_WID_DDR4: 0x3
PrimaryBusWidth: 64 bits
ExtensionBusWidth: 0 bits
>>>S0-C3-D0 SPD_MIN_TCK_DDR4: 0x6
>>>S0-C3-D0 SPD_MAX_TCK_DDR4: 0xD
>>>S0-C3-D0 SPD_FTB_MIN_TCK_DDR4: 0x0
>>>S0-C3-D0 speed 2666, tCK : 7500 
GetMinTckFromAllDimms Start
GetMinTckFromAllDimms Done
GetSupportMaxFreq Start
[DdrFreqIdx: 15  Tck:7500]
GetSupportMaxFreq Done
GetSysSupportMaxFreq Start
Skt[0] Ch[1] maxPORFreqIdx = 15
Skt[0] Ch[3] maxPORFreqIdx = 15
---------------------------------------------------------------------
---------------------------------------------------------------------
g_PORFreqTable result(max system ddr frequency):
pGblData->PllFreqIdx       = 15
pGblData->DdrFreqIdx       = 15
pGblData->Tck              = 7500
pGblData->Freq             = 2666
---------------------------------------------------------------------
---------------------------------------------------------------------
GetSysSupportMaxFreq Done
[DetermineBootMode]WarmBootFast..........Checking
[IsDimmStatusChanged]DIMM Status..........Checking
[DetermineBootMode]WarmBootFast is supported finally!
[DetermineBootMode]ColdBootFast..........Checking
[DetermineBootMode]MemInitCodeRevision: 100
[DetermineBootMode]Checks Done! Execute [WarmBootFast] procedures!
[S0][GetDimmSpdData]
[S0][ch1][GetSpdDataDDR4]:[943L]
[S0][ch3][GetSpdDataDDR4]:[943L]
ResetAllSlaveCore..........................................Start
[12909][TarS0][Cl1-0xFF]
ResetAllSlaveCore..........................................End
15@#&NOTICE:  PL011_UART_BASE: 
NOTICE:  Booting Trusted Firmware
NOTICE:  BL1: v2.2(release):LOG-uniBIOS_Hi1620_V200R002C20B017-1267-g21595ae-dirty
NOTICE:  BL1: Built : 
...............................................................................................NOTICE:  BL1: Booting BL2
ERROR:   Hello Bl2
NOTICE:  BL2: v2.2(release):LOG-uniBIOS_Hi1620_V200R002C20B017-1267-g21595ae-dirty
NOTICE:  BL2: Built : 
NOTICE:  BL1: Booting BL31
12345NOTICE:  BL31: v2.2(release):LOG-uniBIOS_Hi1620_V200R002C20B017-1267-g21595ae-dirty
NOTICE:  BL31: Built : 
PROGRESS CODE: V03020003 I0
PROGRESS CODE: V03020002 I0
PROGRESS CODE: V03020003 I0
PROGRESS CODE: V03020002 I0
PROGRESS CODE: V03020003 I0
PROGRESS CODE: V03021001 I0
Macro 3 Download Firmware Success!!
service slice calibration success!
clock slice calibration success!
h30 serdes cs init ok!
h30_serdes_ds_init ok!
Macro 3 Download Firmware Success!!
Macro 4 Download Firmware Success!!
h16 serdes cs init ok!
[h16_serdes_ds_init] h16_serdes_ds_init ok!
Macro 9 Download Firmware Success!!
h16 serdes cs init ok!
[h16_serdes_ds_init] h16_serdes_ds_init ok!
Macro 5 Download Firmware Success!!
h16 serdes cs init ok!
[h16_serdes_ds_init] h16_serdes_ds_init ok!
Macro 6 Download Firmware Success!!
h16 serdes cs init ok!
[h16_serdes_ds_init] h16_serdes_ds_init ok!
Macro 7 Download Firmware Success!!
h16 serdes cs init ok!
[h16_serdes_ds_init] h16_serdes_ds_init ok!
Macro 10 Download Firmware Success!!
h16 serdes cs init ok!
[h16_serdes_ds_init] h16_serdes_ds_init ok!
Macro 8 Download Firmware Success!!
h16 serdes cs init ok!
[h16_serdes_ds_init] h16_serdes_ds_init ok!
3h12345123451234512345123451234512345[    0.000000] Booting Linux on physical CPU 0x0000180000 [0x481fd010]
[    0.000000] Linux version 4.19.0-arm64-desktop-kdump (yuanqiliang@uosserver-PC) (gcc version 8.3.0 (Uos 8.3.0.3-3+rebuild)) #3102 SMP Wed Dec 6 11:56:15 CST 2023
[    0.000000] debug: ignoring loglevel setting.
[    0.000000] efi: Getting EFI parameters from FDT:
[    0.000000] efi: EFI v2.70 by EDK II
[    0.000000] efi:  ACPI 2.0=0x32820000  SMBIOS 3.0=0x37bd0000  MEMATTR=0x351eb018 
[    0.000000] crashkernel reserved: 0x0000000060000000 - 0x0000000080000000 (512 MB)
[    0.000000] ACPI: Early table checksum verification disabled
[    0.000000] ACPI: RSDP 0x0000000032820000 000024 (v02 HISI  )
[    0.000000] ACPI: XSDT 0x0000000032810000 00006C (v01 HISI   HIP08    00000000      01000013)
[    0.000000] ACPI: FACP 0x0000000031020000 000114 (v06 HISI   HIP08    00000000 HISI 20151124)
[    0.000000] ACPI: DSDT 0x0000000030FD0000 007D5E (v02 HISI   HIP08    00000000 INTL 20190108)
[    0.000000] ACPI: PCCT 0x0000000032800000 00008A (v01 HISI   HIP08    00000000 HISI 20151124)
[    0.000000] ACPI: SSDT 0x00000000327F0000 00E64A (v02 HISI   HIP07    00000000 INTL 20190108)
[    0.000000] ACPI: GTDT 0x0000000031010000 00007C (v02 HISI   HIP08    00000000 HISI 20151124)
[    0.000000] ACPI: MCFG 0x0000000031000000 00003C (v01 HISI   HIP08    00000000 HISI 20151124)
[    0.000000] ACPI: APIC 0x0000000030FE0000 0002D8 (v04 HISI   HIP08    00000000 HISI 20151124)
[    0.000000] ACPI: IORT 0x0000000030FC0000 000590 (v00 HISI   HIP08    00000000 INTL 20190108)
[    0.000000] ACPI: VFCT 0x00000000289A0000 00E684 (v01 HISI   HIP08    00000001 AMD  31504F47)
[    0.000000] ACPI: PPTT 0x0000000028920000 000492 (v01 HISI   HIP08    00000000 HISI 20151124)
[    0.000000] On node 0 totalpages: 4176912
[    0.000000]   DMA32 zone: 7921 pages used for memmap
[    0.000000]   DMA32 zone: 0 pages reserved
[    0.000000]   DMA32 zone: 506896 pages, LIFO batch:63
[    0.000000]   Normal zone: 57344 pages used for memmap
[    0.000000]   Normal zone: 3670016 pages, LIFO batch:63
[    0.000000] psci: probing for conduit method from ACPI.
[    0.000000] psci: PSCIv1.1 detected in firmware.
[    0.000000] psci: Using standard PSCI v0.2 function IDs
[    0.000000] psci: MIGRATE_INFO_TYPE not supported.
[    0.000000] psci: SMC Calling Convention v1.1
[    0.000000] percpu: Embedded 28 pages/cpu s74776 r8192 d31720 u114688
[    0.000000] pcpu-alloc: s74776 r8192 d31720 u114688 alloc=28*4096
[    0.000000] pcpu-alloc: [0] 0 [0] 1 [0] 2 [0] 3 [0] 4 [0] 5 [0] 6 [0] 7 
[    0.000000] Detected VIPT I-cache on CPU0
[    0.000000] Speculative Store Bypass Disable mitigation not required
[    0.000000] CPU features: detected: Virtualization Host Extensions
[    0.000000] CPU features: detected: Hardware dirty bit management
[    0.000000] Built 1 zonelists, mobility grouping on.  Total pages: 4111647
[    0.000000] Kernel command line: BOOT_IMAGE=/vmlinuz-4.19.0-arm64-desktop-kdump root=UUID=1bcb2e88-646c-4ac8-83cd-00c3b0da36a0 ro splash initcall_debug ignore_loglevel console=ttyAMA0,115200 plymouth.ignore-serial-consoles DEEPIN_GFXMODE= crashkernel=2G-4G:320M,4G-32G:512M,32G-64G:1024M,64G-128G:2048M,128G-:4096M
[    0.000000] log_buf_len individual max cpu contribution: 32768 bytes
[    0.000000] log_buf_len total cpu_extra contributions: 229376 bytes
[    0.000000] log_buf_len min size: 131072 bytes
[    0.000000] log_buf_len: 524288 bytes
[    0.000000] early log buf free: 127580(97%)
[    0.000000] Dentry cache hash table entries: 2097152 (order: 12, 16777216 bytes)
[    0.000000] Inode-cache hash table entries: 1048576 (order: 11, 8388608 bytes)
[    0.000000] software IO TLB: mapped [mem 0x5b000000-0x5f000000] (64MB)
[    0.000000] Memory: 15565136K/16707648K available (11772K kernel code, 3260K rwdata, 5904K rodata, 4096K init, 925K bss, 1142512K reserved, 0K cma-reserved)
[    0.000000] SLUB: HWalign=64, Order=0-3, MinObjects=0, CPUs=8, Nodes=1
[    0.000000] rcu: Hierarchical RCU implementation.
[    0.000000] rcu: 	RCU restricting CPUs from NR_CPUS=256 to nr_cpu_ids=8.
[    0.000000] rcu: Adjusting geometry for rcu_fanout_leaf=16, nr_cpu_ids=8
[    0.000000] NR_IRQS: 64, nr_irqs: 64, preallocated irqs: 0
[    0.000000] GICv3: GIC: Using split EOI/Deactivate mode
[    0.000000] GICv3: Distributor has no Range Selector support
[    0.000000] GICv3: VLPI support, direct LPI support
[    0.000000] ITS [mem 0xa8100000-0xa811ffff]
[    0.000000] ITS@0x00000000a8100000: Using ITS number 0
[    0.000000] ITS@0x00000000a8100000: allocated 65536 Devices @23ee100000 (flat, esz 8, psz 16K, shr 1)
[    0.000000] ITS@0x00000000a8100000: allocated 65536 Virtual CPUs @23ee200000 (flat, esz 16, psz 4K, shr 1)
[    0.000000] ITS@0x00000000a8100000: allocated 256 Interrupt Collections @23ee034000 (flat, esz 16, psz 4K, shr 1)
[    0.000000] GIC: using LPI property table @0x00000023ee090000
[    0.000000] ITS: Using DirectLPI for VPE invalidation
[    0.000000] ITS: Enabling GICv4 support
[    0.000000] GICv3: CPU0: found redistributor 180000 region 0:0x00000000aa100000
[    0.000000] CPU0: using LPI pending table @0x00000023ee0a0000
[    0.000000] rcu: 	Offload RCU callbacks from CPUs: (none).
[    0.000000] arch_timer: cp15 timer(s) running at 100.00MHz (phys).
[    0.000000] clocksource: arch_sys_counter: mask: 0xffffffffffffff max_cycles: 0x171024e7e0, max_idle_ns: 440795205315 ns
[    0.000001] sched_clock: 56 bits at 100MHz, resolution 10ns, wraps every 4398046511100ns
[    0.000022] calling  con_init+0x0/0x208 @ 0
[    0.000035] Console: colour dummy device 80x25
[    0.000038] initcall con_init+0x0/0x208 returned 0 after 0 usecs
[    0.000040] calling  hvc_console_init+0x0/0x24 @ 0
[    0.000042] initcall hvc_console_init+0x0/0x24 returned 0 after 0 usecs
[    0.000045] calling  xen_cons_init+0x0/0x78 @ 0
[    0.000047] initcall xen_cons_init+0x0/0x78 returned 0 after 0 usecs
[    0.000049] calling  univ8250_console_init+0x0/0x40 @ 0
[    0.000053] initcall univ8250_console_init+0x0/0x40 returned 0 after 0 usecs
[    0.000057] ACPI: Core revision 20180810
[    0.000304] Calibrating delay loop (skipped), value calculated using timer frequency.. 200.00 BogoMIPS (lpj=400000)
[    0.000306] pid_max: default: 32768 minimum: 301
[    0.000320] Security Framework initialized
[    0.000324] calling  selinux_init+0x0/0x1e4 @ 0
[    0.000326] initcall selinux_init+0x0/0x1e4 returned 0 after 0 usecs
[    0.000328] calling  elfverify_init+0x0/0x54 @ 0
[    0.000330] LSM initialized: elfverify, elf enabled: 1, network enabled: 1
[    0.000332] initcall elfverify_init+0x0/0x54 returned 0 after 0 usecs
[    0.000334] calling  manager_init+0x0/0x16c @ 0
[    0.000342] UOS Manager initialized: uosmanager
[    0.000344] initcall manager_init+0x0/0x16c returned 0 after 0 usecs
[    0.000346] calling  tomoyo_init+0x0/0x68 @ 0
[    0.000348] initcall tomoyo_init+0x0/0x68 returned 0 after 0 usecs
[    0.000349] calling  apparmor_init+0x0/0x2d4 @ 0
[    0.000365] AppArmor: AppArmor initialized
[    0.000367] initcall apparmor_init+0x0/0x2d4 returned 0 after 0 usecs
[    0.000369] calling  integrity_iintcache_init+0x0/0x3c @ 0
[    0.000371] initcall integrity_iintcache_init+0x0/0x3c returned 0 after 0 usecs
[    0.000386] Mount-cache hash table entries: 32768 (order: 6, 262144 bytes)
[    0.000396] Mountpoint-cache hash table entries: 32768 (order: 6, 262144 bytes)
[    0.000678] calling  trace_init_flags_sys_enter+0x0/0x1c @ 1
[    0.000680] initcall trace_init_flags_sys_enter+0x0/0x1c returned 0 after 0 usecs
[    0.000681] calling  trace_init_flags_sys_exit+0x0/0x1c @ 1
[    0.000683] initcall trace_init_flags_sys_exit+0x0/0x1c returned 0 after 0 usecs
[    0.000685] calling  cpu_suspend_init+0x0/0x58 @ 1
[    0.000686] initcall cpu_suspend_init+0x0/0x58 returned 0 after 0 usecs
[    0.000689] calling  asids_init+0x0/0xd0 @ 1
[    0.000691] ASID allocator initialised with 32768 entries
[    0.000692] initcall asids_init+0x0/0xd0 returned 0 after 0 usecs
[    0.000694] calling  xen_guest_init+0x0/0x2e0 @ 1
[    0.000696] initcall xen_guest_init+0x0/0x2e0 returned 0 after 0 usecs
[    0.000698] calling  spawn_ksoftirqd+0x0/0x48 @ 1
[    0.000711] initcall spawn_ksoftirqd+0x0/0x48 returned 0 after 0 usecs
[    0.000713] calling  migration_init+0x0/0x4c @ 1
[    0.000716] initcall migration_init+0x0/0x4c returned 0 after 0 usecs
[    0.000717] calling  check_cpu_stall_init+0x0/0x2c @ 1
[    0.000719] initcall check_cpu_stall_init+0x0/0x2c returned 0 after 0 usecs
[    0.000720] calling  srcu_bootup_announce+0x0/0x40 @ 1
[    0.000721] rcu: Hierarchical SRCU implementation.
[    0.000723] initcall srcu_bootup_announce+0x0/0x40 returned 0 after 0 usecs
[    0.000724] calling  rcu_spawn_gp_kthread+0x0/0x19c @ 1
[    0.000742] initcall rcu_spawn_gp_kthread+0x0/0x19c returned 0 after 0 usecs
[    0.000744] calling  cpu_stop_init+0x0/0xc4 @ 1
[    0.000756] initcall cpu_stop_init+0x0/0xc4 returned 0 after 0 usecs
[    0.000758] calling  init_events+0x0/0x60 @ 1
[    0.000763] initcall init_events+0x0/0x60 returned 0 after 0 usecs
[    0.000765] calling  init_trace_printk+0x0/0x20 @ 1
[    0.000767] initcall init_trace_printk+0x0/0x20 returned 0 after 0 usecs
[    0.000769] calling  event_trace_enable_again+0x0/0x6c @ 1
[    0.000771] initcall event_trace_enable_again+0x0/0x6c returned 0 after 0 usecs
[    0.000773] calling  jump_label_init_module+0x0/0x1c @ 1
[    0.000775] initcall jump_label_init_module+0x0/0x1c returned 0 after 0 usecs
[    0.000777] calling  dynamic_debug_init+0x0/0x2ac @ 1
[    0.001032] initcall dynamic_debug_init+0x0/0x2ac returned 0 after 0 usecs
[    0.001034] calling  its_pmsi_init+0x0/0xa8 @ 1
[    0.001039] Platform MSI: ITS@0xa8100000 domain created
[    0.001041] initcall its_pmsi_init+0x0/0xa8 returned 0 after 0 usecs
[    0.001043] calling  its_pci_msi_init+0x0/0xc4 @ 1
[    0.001046] PCI/MSI: ITS@0xa8100000 domain created
[    0.001048] initcall its_pci_msi_init+0x0/0xc4 returned 0 after 0 usecs
[    0.001050] calling  arm_enable_runtime_services+0x0/0x1e8 @ 1
[    0.001053] Remapping and enabling EFI services.
[    0.001243] initcall arm_enable_runtime_services+0x0/0x1e8 returned 0 after 0 usecs
[    0.001246] calling  brcmstb_soc_device_early_init+0x0/0xa0 @ 1
[    0.001248] initcall brcmstb_soc_device_early_init+0x0/0xa0 returned 0 after 0 usecs
[    0.001249] calling  brcmstb_biuctrl_init+0x0/0x314 @ 1
[    0.001251] initcall brcmstb_biuctrl_init+0x0/0x314 returned 0 after 0 usecs
[    0.001255] calling  rand_initialize+0x0/0xd0 @ 1
[    0.001281] initcall rand_initialize+0x0/0xd0 returned 0 after 0 usecs
[    0.001283] calling  dummy_timer_register+0x0/0x34 @ 1
[    0.001285] initcall dummy_timer_register+0x0/0x34 returned 0 after 0 usecs
[    0.001287] calling  initialize_ptr_random+0x0/0x68 @ 1
[    0.001289] initcall initialize_ptr_random+0x0/0x68 returned 0 after 0 usecs
[    0.001351] smp: Bringing up secondary CPUs ...
[    0.001516] Detected VIPT I-cache on CPU1
[    0.001522] GICv3: CPU1: found redistributor 180100 region 1:0x00000000aa140000
[    0.001540] CPU1: using LPI pending table @0x00000023e9800000
[    0.001548] CPU1: Booted secondary processor 0x0000180100 [0x481fd010]
[    0.002467] Detected VIPT I-cache on CPU2
[    0.002471] GICv3: CPU2: found redistributor 180200 region 2:0x00000000aa180000
[    0.002489] CPU2: using LPI pending table @0x00000023e9870000
[    0.002496] CPU2: Booted secondary processor 0x0000180200 [0x481fd010]
[    0.003418] Detected VIPT I-cache on CPU3
[    0.003422] GICv3: CPU3: found redistributor 180300 region 3:0x00000000aa1c0000
[    0.003440] CPU3: using LPI pending table @0x00000023e98e0000
[    0.003447] CPU3: Booted secondary processor 0x0000180300 [0x481fd010]
[    0.004388] Detected VIPT I-cache on CPU4
[    0.004396] GICv3: CPU4: found redistributor 190000 region 4:0x00000000aa200000
[    0.004418] CPU4: using LPI pending table @0x00000023e9950000
[    0.004430] CPU4: Booted secondary processor 0x0000190000 [0x481fd010]
[    0.005346] Detected VIPT I-cache on CPU5
[    0.005351] GICv3: CPU5: found redistributor 190100 region 5:0x00000000aa240000
[    0.005369] CPU5: using LPI pending table @0x00000023e99f0000
[    0.005376] CPU5: Booted secondary processor 0x0000190100 [0x481fd010]
[    0.006301] Detected VIPT I-cache on CPU6
[    0.006305] GICv3: CPU6: found redistributor 190200 region 6:0x00000000aa280000
[    0.006323] CPU6: using LPI pending table @0x00000023e9a60000
[    0.006331] CPU6: Booted secondary processor 0x0000190200 [0x481fd010]
[    0.007252] Detected VIPT I-cache on CPU7
[    0.007257] GICv3: CPU7: found redistributor 190300 region 7:0x00000000aa2c0000
[    0.007275] CPU7: using LPI pending table @0x00000023e9ac0000
[    0.007283] CPU7: Booted secondary processor 0x0000190300 [0x481fd010]
[    0.008052] smp: Brought up 1 node, 8 CPUs
[    0.008065] SMP: Total of 8 processors activated.
[    0.008066] CPU features: detected: GIC system register CPU interface
[    0.008067] CPU features: detected: Privileged Access Never
[    0.008069] CPU features: detected: User Access Override
[    0.008070] CPU features: detected: Data cache clean to Point of Persistence
[    0.008071] CPU features: detected: RAS Extension Support
[    0.008334] CPU: All CPU(s) started at EL2
[    0.008342] alternatives: patching kernel code
[    0.008992] devtmpfs: initialized
[    0.009080] calling  bpf_jit_charge_init+0x0/0x3c @ 1
[    0.009082] initcall bpf_jit_charge_init+0x0/0x3c returned 0 after 0 usecs
[    0.009085] calling  ipc_ns_init+0x0/0x3c @ 1
[    0.009091] random: get_random_u32 called from bucket_table_alloc.isra.9+0x88/0x1a0 with crng_init=0
[    0.009094] initcall ipc_ns_init+0x0/0x3c returned 0 after 0 usecs
[    0.009095] calling  init_mmap_min_addr+0x0/0x18 @ 1
[    0.009097] initcall init_mmap_min_addr+0x0/0x18 returned 0 after 0 usecs
[    0.009099] calling  pci_realloc_setup_params+0x0/0x38 @ 1
[    0.009101] initcall pci_realloc_setup_params+0x0/0x38 returned 0 after 0 usecs
[    0.009103] calling  net_ns_init+0x0/0x13c @ 1
[    0.009130] initcall net_ns_init+0x0/0x13c returned 0 after 0 usecs
[    0.009161] calling  fpsimd_init+0x0/0xc4 @ 1
[    0.009163] initcall fpsimd_init+0x0/0xc4 returned 0 after 0 usecs
[    0.009164] calling  enable_mrs_emulation+0x0/0x24 @ 1
[    0.009166] initcall enable_mrs_emulation+0x0/0x24 returned 0 after 0 usecs
[    0.009168] calling  map_entry_trampoline+0x0/0x180 @ 1
[    0.009173] initcall map_entry_trampoline+0x0/0x180 returned 0 after 0 usecs
[    0.009175] calling  alloc_frozen_cpus+0x0/0x8 @ 1
[    0.009177] initcall alloc_frozen_cpus+0x0/0x8 returned 0 after 0 usecs
[    0.009178] calling  cpu_hotplug_pm_sync_init+0x0/0x24 @ 1
[    0.009180] initcall cpu_hotplug_pm_sync_init+0x0/0x24 returned 0 after 0 usecs
[    0.009182] calling  wq_sysfs_init+0x0/0x40 @ 1
[    0.009192] initcall wq_sysfs_init+0x0/0x40 returned 0 after 0 usecs
[    0.009194] calling  ksysfs_init+0x0/0xb8 @ 1
[    0.009199] initcall ksysfs_init+0x0/0xb8 returned 0 after 0 usecs
[    0.009201] calling  pm_init+0x0/0x90 @ 1
[    0.009221] initcall pm_init+0x0/0x90 returned 0 after 0 usecs
[    0.009223] calling  pm_disk_init+0x0/0x24 @ 1
[    0.009227] initcall pm_disk_init+0x0/0x24 returned 0 after 0 usecs
[    0.009230] calling  swsusp_header_init+0x0/0x40 @ 1
[    0.009233] initcall swsusp_header_init+0x0/0x40 returned 0 after 0 usecs
[    0.009234] calling  rcu_set_runtime_mode+0x0/0x14 @ 1
[    0.009235] initcall rcu_set_runtime_mode+0x0/0x14 returned 0 after 0 usecs
[    0.009237] calling  dma_init_reserved_memory+0x0/0x64 @ 1
[    0.009238] initcall dma_init_reserved_memory+0x0/0x64 returned -12 after 0 usecs
[    0.009240] calling  init_jiffies_clocksource+0x0/0x24 @ 1
[    0.009242] clocksource: jiffies: mask: 0xffffffff max_cycles: 0xffffffff, max_idle_ns: 7645041785100000 ns
[    0.009244] initcall init_jiffies_clocksource+0x0/0x24 returned 0 after 0 usecs
[    0.009245] calling  futex_init+0x0/0x100 @ 1
[    0.009248] futex hash table entries: 2048 (order: 5, 131072 bytes)
[    0.009264] initcall futex_init+0x0/0x100 returned 0 after 0 usecs
[    0.009265] calling  cgroup_wq_init+0x0/0x40 @ 1
[    0.009274] initcall cgroup_wq_init+0x0/0x40 returned 0 after 0 usecs
[    0.009276] calling  cgroup1_wq_init+0x0/0x40 @ 1
[    0.009285] initcall cgroup1_wq_init+0x0/0x40 returned 0 after 0 usecs
[    0.009288] calling  cpu_pm_init+0x0/0x20 @ 1
[    0.009290] initcall cpu_pm_init+0x0/0x20 returned 0 after 0 usecs
[    0.009292] calling  init_per_zone_wmark_min+0x0/0x7c @ 1
[    0.009295] initcall init_per_zone_wmark_min+0x0/0x7c returned 0 after 0 usecs
[    0.009296] calling  init_zero_pfn+0x0/0x28 @ 1
[    0.009298] initcall init_zero_pfn+0x0/0x28 returned 0 after 0 usecs
[    0.009300] calling  memory_failure_init+0x0/0xa0 @ 1
[    0.009302] initcall memory_failure_init+0x0/0xa0 returned 0 after 0 usecs
[    0.009303] calling  fsnotify_init+0x0/0x54 @ 1
[    0.009308] initcall fsnotify_init+0x0/0x54 returned 0 after 0 usecs
[    0.009310] calling  filelock_init+0x0/0xcc @ 1
[    0.009313] initcall filelock_init+0x0/0xcc returned 0 after 0 usecs
[    0.009315] calling  init_misc_binfmt+0x0/0x40 @ 1
[    0.009317] initcall init_misc_binfmt+0x0/0x40 returned 0 after 0 usecs
[    0.009319] calling  init_script_binfmt+0x0/0x24 @ 1
[    0.009321] initcall init_script_binfmt+0x0/0x24 returned 0 after 0 usecs
[    0.009323] calling  init_elf_binfmt+0x0/0x24 @ 1
[    0.009325] initcall init_elf_binfmt+0x0/0x24 returned 0 after 0 usecs
[    0.009327] calling  init_compat_elf_binfmt+0x0/0x24 @ 1
[    0.009329] initcall init_compat_elf_binfmt+0x0/0x24 returned 0 after 0 usecs
[    0.009331] calling  configfs_init+0x0/0xb4 @ 1
[    0.009334] initcall configfs_init+0x0/0xb4 returned 0 after 0 usecs
[    0.009336] calling  debugfs_init+0x0/0x74 @ 1
[    0.009338] initcall debugfs_init+0x0/0x74 returned 0 after 0 usecs
[    0.009340] calling  tracefs_init+0x0/0x4c @ 1
[    0.009342] initcall tracefs_init+0x0/0x4c returned 0 after 0 usecs
[    0.009343] calling  securityfs_init+0x0/0x90 @ 1
[    0.009354] initcall securityfs_init+0x0/0x90 returned 0 after 0 usecs
[    0.009355] calling  prandom_init+0x0/0xfc @ 1
[    0.009358] initcall prandom_init+0x0/0xfc returned 0 after 0 usecs
[    0.009359] calling  pinctrl_init+0x0/0xc0 @ 1
[    0.009361] pinctrl core: initialized pinctrl subsystem
[    0.009371] initcall pinctrl_init+0x0/0xc0 returned 0 after 0 usecs
[    0.009372] calling  gpiolib_dev_init+0x0/0xec @ 1
[    0.009378] initcall gpiolib_dev_init+0x0/0xec returned 0 after 0 usecs
[    0.009380] calling  hi3660_mbox_init+0x0/0x20 @ 1
[    0.009386] initcall hi3660_mbox_init+0x0/0x20 returned 0 after 0 usecs
[    0.009388] calling  capsule_reboot_register+0x0/0x20 @ 1
[    0.009390] initcall capsule_reboot_register+0x0/0x20 returned 0 after 0 usecs
[    0.009391] calling  arm_dmi_init+0x0/0x28 @ 1
[    0.009415] SMBIOS 3.2.0 present.
[    0.009418] DMI: N/A N/A/Kunpeng Desktop Board D920L11K-2251K, BIOS 0.13 07/07/2020
[    0.009421] initcall arm_dmi_init+0x0/0x28 returned 0 after 0 usecs
[    0.009423] calling  hi3516cv300_crg_init+0x0/0x20 @ 1
[    0.009427] initcall hi3516cv300_crg_init+0x0/0x20 returned 0 after 0 usecs
[    0.009429] calling  hi3519_clk_init+0x0/0x20 @ 1
[    0.009433] initcall hi3519_clk_init+0x0/0x20 returned 0 after 0 usecs
[    0.009434] calling  hi3660_clk_init+0x0/0x20 @ 1
[    0.009438] initcall hi3660_clk_init+0x0/0x20 returned 0 after 0 usecs
[    0.009440] calling  hi3798cv200_crg_init+0x0/0x20 @ 1
[    0.009444] initcall hi3798cv200_crg_init+0x0/0x20 returned 0 after 0 usecs
[    0.009446] calling  vexpress_osc_init+0x0/0x20 @ 1
[    0.009450] initcall vexpress_osc_init+0x0/0x20 returned 0 after 0 usecs
[    0.009454] calling  virtio_init+0x0/0x30 @ 1
[    0.009458] initcall virtio_init+0x0/0x30 returned 0 after 0 usecs
[    0.009461] calling  regulator_init+0x0/0xac @ 1
[    0.009502] probe of reg-dummy returned 1 after 0 usecs
[    0.009506] initcall regulator_init+0x0/0xac returned 0 after 0 usecs
[    0.009508] calling  iommu_init+0x0/0x3c @ 1
[    0.009511] initcall iommu_init+0x0/0x3c returned 0 after 0 usecs
[    0.009512] calling  component_debug_init+0x0/0x2c @ 1
[    0.009515] initcall component_debug_init+0x0/0x2c returned 0 after 0 usecs
[    0.009516] calling  genpd_bus_init+0x0/0x20 @ 1
[    0.009521] initcall genpd_bus_init+0x0/0x20 returned 0 after 0 usecs
[    0.009522] calling  soc_bus_register+0x0/0x54 @ 1
[    0.009527] initcall soc_bus_register+0x0/0x54 returned 0 after 0 usecs
[    0.009529] calling  register_cpufreq_notifier+0x0/0x60 @ 1
[    0.009531] initcall register_cpufreq_notifier+0x0/0x60 returned -22 after 0 usecs
[    0.009532] calling  vexpress_syscfg_init+0x0/0x20 @ 1
[    0.009537] initcall vexpress_syscfg_init+0x0/0x20 returned 0 after 0 usecs
[    0.009539] calling  vexpress_sysreg_init+0x0/0x70 @ 1
[    0.009543] initcall vexpress_sysreg_init+0x0/0x70 returned 0 after 0 usecs
[    0.009545] calling  opp_debug_init+0x0/0x4c @ 1
[    0.009548] initcall opp_debug_init+0x0/0x4c returned 0 after 0 usecs
[    0.009550] calling  cpufreq_core_init+0x0/0x54 @ 1
[    0.009553] initcall cpufreq_core_init+0x0/0x54 returned 0 after 0 usecs
[    0.009555] calling  cpuidle_init+0x0/0x58 @ 1
[    0.009558] initcall cpuidle_init+0x0/0x58 returned 0 after 0 usecs
[    0.009560] calling  sock_init+0x0/0xb8 @ 1
[    0.009630] initcall sock_init+0x0/0xb8 returned 0 after 0 usecs
[    0.009632] calling  net_inuse_init+0x0/0x30 @ 1
[    0.009635] initcall net_inuse_init+0x0/0x30 returned 0 after 0 usecs
[    0.009636] calling  net_defaults_init+0x0/0x30 @ 1
[    0.009638] initcall net_defaults_init+0x0/0x30 returned 0 after 0 usecs
[    0.009640] calling  init_default_flow_dissectors+0x0/0x54 @ 1
[    0.009642] initcall init_default_flow_dissectors+0x0/0x54 returned 0 after 0 usecs
[    0.009643] calling  netpoll_init+0x0/0x18 @ 1
[    0.009645] initcall netpoll_init+0x0/0x18 returned 0 after 0 usecs
[    0.009647] calling  netlink_proto_init+0x0/0x194 @ 1
[    0.009667] NET: Registered protocol family 16
[    0.009677] initcall netlink_proto_init+0x0/0x194 returned 0 after 0 usecs
[    0.009680] calling  __gnttab_init+0x0/0x38 @ 1
[    0.009682] initcall __gnttab_init+0x0/0x38 returned -19 after 0 usecs
[    0.009714] calling  debug_monitors_init+0x0/0x38 @ 1
[    0.009744] initcall debug_monitors_init+0x0/0x38 returned 0 after 0 usecs
[    0.009745] calling  irq_sysfs_init+0x0/0xb0 @ 1
[    0.009758] initcall irq_sysfs_init+0x0/0xb0 returned 0 after 0 usecs
[    0.009760] calling  audit_init+0x0/0x148 @ 1
[    0.009763] audit: initializing netlink subsys (disabled)
[    0.009783] initcall audit_init+0x0/0x148 returned 0 after 0 usecs
[    0.009785] calling  release_early_probes+0x0/0x54 @ 1
[    0.009786] audit: type=2000 audit(0.008:1): state=initialized audit_enabled=0 res=1
[    0.009788] initcall release_early_probes+0x0/0x54 returned 0 after 0 usecs
[    0.009790] calling  bdi_class_init+0x0/0x78 @ 1
[    0.009794] initcall bdi_class_init+0x0/0x78 returned 0 after 0 usecs
[    0.009796] calling  mm_sysfs_init+0x0/0x3c @ 1
[    0.009798] initcall mm_sysfs_init+0x0/0x3c returned 0 after 0 usecs
[    0.009800] calling  ramoops_init+0x0/0x164 @ 1
[    0.009805] initcall ramoops_init+0x0/0x164 returned 0 after 0 usecs
[    0.009806] calling  vexpress_config_init+0x0/0x110 @ 1
[    0.009808] initcall vexpress_config_init+0x0/0x110 returned 0 after 0 usecs
[    0.009810] calling  gpiolib_sysfs_init+0x0/0x120 @ 1
[    0.009814] initcall gpiolib_sysfs_init+0x0/0x120 returned 0 after 0 usecs
[    0.009817] calling  acpi_gpio_setup_params+0x0/0x58 @ 1
[    0.009819] initcall acpi_gpio_setup_params+0x0/0x58 returned 0 after 0 usecs
[    0.009821] calling  pcibus_class_init+0x0/0x24 @ 1
[    0.009824] initcall pcibus_class_init+0x0/0x24 returned 0 after 0 usecs
[    0.009825] calling  pci_driver_init+0x0/0x34 @ 1
[    0.009834] initcall pci_driver_init+0x0/0x34 returned 0 after 0 usecs
[    0.009836] calling  backlight_class_init+0x0/0xbc @ 1
[    0.009839] initcall backlight_class_init+0x0/0xbc returned 0 after 0 usecs
[    0.009841] calling  amba_init+0x0/0x1c @ 1
[    0.009845] initcall amba_init+0x0/0x1c returned 0 after 0 usecs
[    0.009846] calling  pcc_init+0x0/0xbc @ 1
[    0.009851] Detected 1 PCC Subspaces
[    0.009863] Registering PCC driver as Mailbox controller
[    0.009866] probe of PCCT returned 1 after 0 usecs
[    0.009869] initcall pcc_init+0x0/0xbc returned 0 after 0 usecs
[    0.009871] calling  xenbus_init+0x0/0x2a4 @ 1
[    0.009873] initcall xenbus_init+0x0/0x2a4 returned -19 after 0 usecs
[    0.009875] calling  hi6220_reset_init+0x0/0x20 @ 1
[    0.009879] initcall hi6220_reset_init+0x0/0x20 returned 0 after 0 usecs
[    0.009881] calling  tty_class_init+0x0/0x58 @ 1
[    0.009884] initcall tty_class_init+0x0/0x58 returned 0 after 0 usecs
[    0.009886] calling  vtconsole_class_init+0x0/0xf4 @ 1
[    0.009896] initcall vtconsole_class_init+0x0/0xf4 returned 0 after 0 usecs
[    0.009898] calling  iommu_dev_init+0x0/0x24 @ 1
[    0.009901] initcall iommu_dev_init+0x0/0x24 returned 0 after 0 usecs
[    0.009903] calling  mipi_dsi_bus_init+0x0/0x1c @ 1
[    0.009907] initcall mipi_dsi_bus_init+0x0/0x1c returned 0 after 0 usecs
[    0.009909] calling  wakeup_sources_debugfs_init+0x0/0x34 @ 1
[    0.009911] initcall wakeup_sources_debugfs_init+0x0/0x34 returned 0 after 0 usecs
[    0.009913] calling  regmap_initcall+0x0/0x18 @ 1
[    0.009915] initcall regmap_initcall+0x0/0x18 returned 0 after 0 usecs
[    0.009917] calling  sram_init+0x0/0x20 @ 1
[    0.009921] initcall sram_init+0x0/0x20 returned 0 after 0 usecs
[    0.009923] calling  syscon_init+0x0/0x24 @ 1
[    0.009927] initcall syscon_init+0x0/0x24 returned 0 after 0 usecs
[    0.009928] calling  spi_init+0x0/0xe0 @ 1
[    0.009934] initcall spi_init+0x0/0xe0 returned 0 after 0 usecs
[    0.009936] calling  i2c_init+0x0/0x114 @ 1
[    0.009944] initcall i2c_init+0x0/0x114 returned 0 after 0 usecs
[    0.009946] calling  init_ladder+0x0/0x30 @ 1
[    0.009953] cpuidle: using governor ladder
[    0.009955] initcall init_ladder+0x0/0x30 returned 0 after 0 usecs
[    0.009957] calling  init_menu+0x0/0x1c @ 1
[    0.009960] cpuidle: using governor menu
[    0.009962] initcall init_menu+0x0/0x1c returned 0 after 0 usecs
[    0.009964] calling  kobject_uevent_init+0x0/0x20 @ 1
[    0.009967] initcall kobject_uevent_init+0x0/0x20 returned 0 after 0 usecs
[    0.009998] calling  debug_traps_init+0x0/0x54 @ 1
[    0.009999] initcall debug_traps_init+0x0/0x54 returned 0 after 0 usecs
[    0.010001] calling  reserve_memblock_reserved_regions+0x0/0xf4 @ 1
[    0.010009] initcall reserve_memblock_reserved_regions+0x0/0xf4 returned 0 after 0 usecs
[    0.010010] calling  alloc_vectors_page+0x0/0xb8 @ 1
[    0.010015] initcall alloc_vectors_page+0x0/0xb8 returned 0 after 0 usecs
[    0.010016] calling  vdso_init+0x0/0x140 @ 1
[    0.010017] vdso: 2 pages (1 code @ (____ptrval____), 1 data @ (____ptrval____))
[    0.010019] initcall vdso_init+0x0/0x140 returned 0 after 0 usecs
[    0.010021] calling  arch_hw_breakpoint_init+0x0/0xf0 @ 1
[    0.010022] hw-breakpoint: found 6 breakpoint and 4 watchpoint registers.
[    0.010052] initcall arch_hw_breakpoint_init+0x0/0xf0 returned 0 after 0 usecs
[    0.010054] calling  arm64_dma_init+0x0/0x90 @ 1
[    0.010101] DMA: preallocated 256 KiB pool for atomic allocations
[    0.010102] initcall arm64_dma_init+0x0/0x90 returned 0 after 0 usecs
[    0.010104] calling  __iommu_dma_init+0x0/0x14 @ 1
[    0.010107] initcall __iommu_dma_init+0x0/0x14 returned 0 after 0 usecs
[    0.010111] calling  p2m_init+0x0/0x10 @ 1
[    0.010113] initcall p2m_init+0x0/0x10 returned 0 after 0 usecs
[    0.010114] calling  xen_mm_init+0x0/0x80 @ 1
[    0.010116] initcall xen_mm_init+0x0/0x80 returned 0 after 0 usecs
[    0.010118] calling  kcmp_cookies_init+0x0/0x50 @ 1
[    0.010120] initcall kcmp_cookies_init+0x0/0x50 returned 0 after 0 usecs
[    0.010122] calling  acpi_pci_init+0x0/0x78 @ 1
[    0.010124] ACPI: bus type PCI registered
[    0.010125] acpiphp: ACPI Hot Plug PCI Controller Driver version: 0.5
[    0.010127] initcall acpi_pci_init+0x0/0x78 returned 0 after 0 usecs
[    0.010128] calling  dmi_id_init+0x0/0x2b0 @ 1
[    0.010147] initcall dmi_id_init+0x0/0x2b0 returned 0 after 0 usecs
[    0.010148] calling  dma_channel_table_init+0x0/0x118 @ 1
[    0.010154] initcall dma_channel_table_init+0x0/0x118 returned 0 after 0 usecs
[    0.010156] calling  dma_bus_init+0x0/0xe8 @ 1
[    0.010165] initcall dma_bus_init+0x0/0xe8 returned 0 after 0 usecs
[    0.010167] calling  brcmstb_soc_device_init+0x0/0x13c @ 1
[    0.010169] initcall brcmstb_soc_device_init+0x0/0x13c returned 0 after 0 usecs
[    0.010170] calling  setup_vcpu_hotplug_event+0x0/0x34 @ 1
[    0.010172] initcall setup_vcpu_hotplug_event+0x0/0x34 returned -19 after 0 usecs
[    0.010174] calling  register_xen_platform_notifier+0x0/0x50 @ 1
[    0.010176] initcall register_xen_platform_notifier+0x0/0x50 returned 0 after 0 usecs
[    0.010178] calling  register_xen_amba_notifier+0x0/0x54 @ 1
[    0.010180] initcall register_xen_amba_notifier+0x0/0x54 returned 0 after 0 usecs
[    0.010182] calling  register_xen_pci_notifier+0x0/0x44 @ 1
[    0.010183] initcall register_xen_pci_notifier+0x0/0x44 returned 0 after 0 usecs
[    0.010185] calling  hi3660_reset_init+0x0/0x20 @ 1
[    0.010191] initcall hi3660_reset_init+0x0/0x20 returned 0 after 0 usecs
[    0.010192] calling  pl011_init+0x0/0x50 @ 1
[    0.010193] Serial: AMBA PL011 UART driver
[    0.010199] initcall pl011_init+0x0/0x50 returned 0 after 0 usecs
[    0.010201] calling  cdns_uart_init+0x0/0x5c @ 1
[    0.010207] initcall cdns_uart_init+0x0/0x5c returned 0 after 0 usecs
[    0.010209] calling  dsa_loop_bdinfo_init+0x0/0x20 @ 1
[    0.010211] initcall dsa_loop_bdinfo_init+0x0/0x20 returned 0 after 0 usecs
[    0.010212] calling  of_platform_default_populate_init+0x0/0xc8 @ 1
[    0.010214] initcall of_platform_default_populate_init+0x0/0xc8 returned -19 after 0 usecs
[    0.010244] calling  topology_init+0x0/0x90 @ 1
[    0.010310] initcall topology_init+0x0/0x90 returned 0 after 0 usecs
[    0.010312] calling  uid_cache_init+0x0/0xd0 @ 1
[    0.010315] initcall uid_cache_init+0x0/0xd0 returned 0 after 0 usecs
[    0.010317] calling  param_sysfs_init+0x0/0x1b4 @ 1
[    0.011222] initcall param_sysfs_init+0x0/0x1b4 returned 0 after 0 usecs
[    0.011224] calling  user_namespace_sysctl_init+0x0/0x4c @ 1
[    0.011232] initcall user_namespace_sysctl_init+0x0/0x4c returned 0 after 0 usecs
[    0.011235] calling  pm_sysrq_init+0x0/0x24 @ 1
[    0.011241] initcall pm_sysrq_init+0x0/0x24 returned 0 after 0 usecs
[    0.011244] calling  create_proc_profile+0x0/0x100 @ 1
[    0.011246] initcall create_proc_profile+0x0/0x100 returned 0 after 0 usecs
[    0.011248] calling  crash_save_vmcoreinfo_init+0x0/0x584 @ 1
[    0.011266] initcall crash_save_vmcoreinfo_init+0x0/0x584 returned 0 after 0 usecs
[    0.011268] calling  crash_notes_memory_init+0x0/0x40 @ 1
[    0.011271] initcall crash_notes_memory_init+0x0/0x40 returned 0 after 0 usecs
[    0.011273] calling  cgroup_sysfs_init+0x0/0x28 @ 1
[    0.011276] initcall cgroup_sysfs_init+0x0/0x28 returned 0 after 0 usecs
[    0.011277] calling  cgroup_namespaces_init+0x0/0x8 @ 1
[    0.011279] initcall cgroup_namespaces_init+0x0/0x8 returned 0 after 0 usecs
[    0.011281] calling  user_namespaces_init+0x0/0x38 @ 1
[    0.011284] initcall user_namespaces_init+0x0/0x38 returned 0 after 0 usecs
[    0.011286] calling  hung_task_init+0x0/0x70 @ 1
[    0.011299] initcall hung_task_init+0x0/0x70 returned 0 after 0 usecs
[    0.011302] calling  dev_map_init+0x0/0x24 @ 1
[    0.011304] initcall dev_map_init+0x0/0x24 returned 0 after 0 usecs
[    0.011306] calling  stack_map_init+0x0/0x7c @ 1
[    0.011308] initcall stack_map_init+0x0/0x7c returned 0 after 0 usecs
[    0.011310] calling  oom_init+0x0/0x3c @ 1
[    0.011321] initcall oom_init+0x0/0x3c returned 0 after 0 usecs
[    0.011323] calling  default_bdi_init+0x0/0xa4 @ 1
[    0.011347] initcall default_bdi_init+0x0/0xa4 returned 0 after 0 usecs
[    0.011348] calling  cgwb_init+0x0/0x44 @ 1
[    0.011357] initcall cgwb_init+0x0/0x44 returned 0 after 0 usecs
[    0.011359] calling  percpu_enable_async+0x0/0x14 @ 1
[    0.011360] initcall percpu_enable_async+0x0/0x14 returned 0 after 0 usecs
[    0.011362] calling  kcompactd_init+0x0/0x64 @ 1
[    0.011373] initcall kcompactd_init+0x0/0x64 returned 0 after 0 usecs
[    0.011376] calling  init_user_reserve+0x0/0x30 @ 1
[    0.011378] initcall init_user_reserve+0x0/0x30 returned 0 after 0 usecs
[    0.011380] calling  init_admin_reserve+0x0/0x30 @ 1
[    0.011382] initcall init_admin_reserve+0x0/0x30 returned 0 after 0 usecs
[    0.011384] calling  init_reserve_notifier+0x0/0x8 @ 1
[    0.011385] initcall init_reserve_notifier+0x0/0x8 returned 0 after 0 usecs
[    0.011387] calling  swap_init_sysfs+0x0/0x74 @ 1
[    0.011389] initcall swap_init_sysfs+0x0/0x74 returned 0 after 0 usecs
[    0.011391] calling  swapfile_init+0x0/0x58 @ 1
[    0.011393] initcall swapfile_init+0x0/0x58 returned 0 after 0 usecs
[    0.011395] calling  hugetlb_init+0x0/0x440 @ 1
[    0.011397] HugeTLB registered 2.00 MiB page size, pre-allocated 0 pages
[    0.011405] initcall hugetlb_init+0x0/0x440 returned 0 after 0 usecs
[    0.011406] calling  hugepage_init+0x0/0x158 @ 1
[    0.011426] initcall hugepage_init+0x0/0x158 returned 0 after 0 usecs
[    0.011428] calling  mem_cgroup_init+0x0/0x11c @ 1
[    0.011438] initcall mem_cgroup_init+0x0/0x11c returned 0 after 0 usecs
[    0.011440] calling  sel_ib_pkey_init+0x0/0x38 @ 1
[    0.011442] initcall sel_ib_pkey_init+0x0/0x38 returned 0 after 0 usecs
[    0.011444] calling  crypto_wq_init+0x0/0x44 @ 1
[    0.011463] initcall crypto_wq_init+0x0/0x44 returned 0 after 0 usecs
[    0.011465] calling  cryptomgr_init+0x0/0x1c @ 1
[    0.011467] initcall cryptomgr_init+0x0/0x1c returned 0 after 0 usecs
[    0.011469] calling  init_bio+0x0/0xf0 @ 1
[    0.011496] initcall init_bio+0x0/0xf0 returned 0 after 0 usecs
[    0.011498] calling  blk_settings_init+0x0/0x30 @ 1
[    0.011500] initcall blk_settings_init+0x0/0x30 returned 0 after 0 usecs
[    0.011502] calling  blk_ioc_init+0x0/0x38 @ 1
[    0.011505] initcall blk_ioc_init+0x0/0x38 returned 0 after 0 usecs
[    0.011507] calling  blk_softirq_init+0x0/0xa8 @ 1
[    0.011509] initcall blk_softirq_init+0x0/0xa8 returned 0 after 0 usecs
[    0.011511] calling  blk_mq_init+0x0/0x38 @ 1
[    0.011513] initcall blk_mq_init+0x0/0x38 returned 0 after 0 usecs
[    0.011515] calling  genhd_device_init+0x0/0x94 @ 1
[    0.011543] initcall genhd_device_init+0x0/0x94 returned 0 after 0 usecs
[    0.011544] calling  irq_poll_setup+0x0/0xa8 @ 1
[    0.011546] initcall irq_poll_setup+0x0/0xa8 returned 0 after 0 usecs
[    0.011548] calling  gpiolib_debugfs_init+0x0/0x38 @ 1
[    0.011550] initcall gpiolib_debugfs_init+0x0/0x38 returned 0 after 0 usecs
[    0.011552] calling  ft_clock_init+0x0/0x34 @ 1
[    0.011557] initcall ft_clock_init+0x0/0x34 returned 0 after 0 usecs
[    0.011559] calling  pwm_debugfs_init+0x0/0x38 @ 1
[    0.011561] initcall pwm_debugfs_init+0x0/0x38 returned 0 after 0 usecs
[    0.011563] calling  pwm_sysfs_init+0x0/0x28 @ 1
[    0.011566] initcall pwm_sysfs_init+0x0/0x28 returned 0 after 0 usecs
[    0.011569] calling  pci_slot_init+0x0/0x58 @ 1
[    0.011572] initcall pci_slot_init+0x0/0x58 returned 0 after 0 usecs
[    0.011574] calling  xgene_pcie_msi_init+0x0/0x20 @ 1
[    0.011579] initcall xgene_pcie_msi_init+0x0/0x20 returned 0 after 0 usecs
[    0.011581] calling  fbmem_init+0x0/0xfc @ 1
[    0.011593] initcall fbmem_init+0x0/0xfc returned 0 after 0 usecs
[    0.011595] calling  acpi_init+0x0/0x308 @ 1
[    0.011614] ACPI: Added _OSI(Module Device)
[    0.011616] ACPI: Added _OSI(Processor Device)
[    0.011617] ACPI: Added _OSI(3.0 _SCP Extensions)
[    0.011618] ACPI: Added _OSI(Processor Aggregator Device)
[    0.011620] ACPI: Added _OSI(Linux-Dell-Video)
[    0.011621] ACPI: Added _OSI(Linux-Lenovo-NV-HDMI-Audio)
[    0.017283] ACPI: 2 ACPI AML tables successfully acquired and loaded
[    0.019893] ACPI: Interpreter enabled
[    0.019895] ACPI: Using GIC for interrupt routing
[    0.019903] ACPI: MCFG table detected, 1 entries
[    0.030009] ARMH0011:00: ttyAMA0 at MMIO 0x94080000 (irq = 5, base_baud = 0) is a SBSA
[    3.257150] console [ttyAMA0] enabled
[    3.260830] probe of ARMH0011:00 returned 1 after 2132000 usecs
[    3.270751] ACPI: PCI Root Bridge [PCI0] (domain 0000 [bus 00-3f])
[    3.276921] acpi PNP0A08:00: _OSC: OS supports [ExtendedConfig Segments MSI]
[    3.284042] acpi PNP0A08:00: _OSC: platform does not support [PCIeHotplug SHPCHotplug]
[    3.292018] acpi PNP0A08:00: _OSC: OS requested [PCIeHotplug SHPCHotplug PCIeCapability]
[    3.300094] acpi PNP0A08:00: _OSC: platform granted [PCIeCapability]
[    3.307140] acpi PNP0A08:00: ECAM AREA!
[    3.310969] acpi PNP0A08:00: ECAM at [mem 0xd0000000-0xd3ffffff] for [bus 00-3f]
[    3.318363] Remapped I/O 0x00000000efff0000 to [io  0x0000-0xffff window]
[    3.325157] PCI host bridge to bus 0000:00
[    3.329241] pci_bus 0000:00: root bus resource [mem 0x80000000000-0x82fffffffff pref window]
[    3.337664] pci_bus 0000:00: root bus resource [mem 0xe0000000-0xeffeffff window]
[    3.345132] pci_bus 0000:00: root bus resource [io  0x0000-0xffff window]
[    3.351906] pci_bus 0000:00: root bus resource [bus 00-3f]
[    3.357385] pci 0000:00:01.0: [19e5:a120] type 01 class 0x060400
[    3.363438] pci 0000:00:01.0: PME# supported from D0 D1 D2 D3hot D3cold
[    3.370078] pci 0000:00:08.0: [19e5:a120] type 01 class 0x060400
[    3.376125] pci 0000:00:08.0: PME# supported from D0 D1 D2 D3hot D3cold
[    3.382760] pci 0000:00:12.0: [19e5:a120] type 01 class 0x060400
[    3.388808] pci 0000:00:12.0: PME# supported from D0 D1 D2 D3hot D3cold
[    3.395479] pci 0000:02:00.0: [1002:67ff] type 00 class 0x030000
[    3.401494] pci 0000:02:00.0: reg 0x10: [mem 0x80000000000-0x8000fffffff 64bit pref]
[    3.409231] pci 0000:02:00.0: reg 0x18: [mem 0x80010000000-0x800101fffff 64bit pref]
[    3.416964] pci 0000:02:00.0: reg 0x20: [io  0x0000-0x00ff]
[    3.422528] pci 0000:02:00.0: reg 0x24: [mem 0xe0000000-0xe003ffff]
[    3.428785] pci 0000:02:00.0: reg 0x30: [mem 0xfffe0000-0xffffffff pref]
[    3.435476] pci 0000:02:00.0: enabling Extended Tags
[    3.440463] pci 0000:02:00.0: calling  quirk_no_pm_reset+0x0/0x20 @ 1
[    3.446891] pci 0000:02:00.0: quirk_no_pm_reset+0x0/0x20 took 0 usecs
[    3.453319] pci 0000:02:00.0: calling  efifb_fixup_resources+0x0/0x130 @ 1
[    3.460181] pci 0000:02:00.0: BAR 0: assigned to efifb
[    3.465306] pci 0000:02:00.0: efifb_fixup_resources+0x0/0x130 took 3906 usecs
[    3.472471] pci 0000:02:00.0: supports D1 D2
[    3.476727] pci 0000:02:00.0: PME# supported from D1 D2 D3hot D3cold
[    3.483137] pci 0000:02:00.1: [1002:aae0] type 00 class 0x040300
[    3.489145] pci 0000:02:00.1: reg 0x10: [mem 0xe0040000-0xe0043fff 64bit]
[    3.495940] pci 0000:02:00.1: enabling Extended Tags
[    3.500956] pci 0000:02:00.1: supports D1 D2
[    3.505272] pci_bus 0000:00: on NUMA node 0
[    3.509444] pci 0000:00:01.0: bridge window [io  0x1000-0x0fff] to [bus 01] add_size 1000
[    3.517608] pci 0000:00:01.0: bridge window [mem 0x00100000-0x000fffff 64bit pref] to [bus 01] add_size 200000 add_align 100000
[    3.529069] pci 0000:00:01.0: bridge window [mem 0x00100000-0x000fffff] to [bus 01] add_size 200000 add_align 100000
[    3.539576] pci 0000:00:08.0: bridge window [mem 0x00100000-0x001fffff] to [bus 02] add_size 100000 add_align 100000
[    3.550083] pci 0000:00:12.0: bridge window [io  0x1000-0x0fff] to [bus 03] add_size 1000
[    3.558246] pci 0000:00:12.0: bridge window [mem 0x00100000-0x000fffff 64bit pref] to [bus 03] add_size 200000 add_align 100000
[    3.569707] pci 0000:00:12.0: bridge window [mem 0x00100000-0x000fffff] to [bus 03] add_size 200000 add_align 100000
[    3.580217] pci 0000:00:08.0: BAR 15: assigned [mem 0x80000000000-0x80017ffffff 64bit pref]
[    3.588553] pci 0000:00:01.0: BAR 14: assigned [mem 0xe0000000-0xe01fffff]
[    3.595414] pci 0000:00:01.0: BAR 15: assigned [mem 0x80018000000-0x800181fffff 64bit pref]
[    3.603750] pci 0000:00:08.0: BAR 14: assigned [mem 0xe0200000-0xe03fffff]
[    3.610611] pci 0000:00:12.0: BAR 14: assigned [mem 0xe0400000-0xe05fffff]
[    3.617472] pci 0000:00:12.0: BAR 15: assigned [mem 0x80018200000-0x800183fffff 64bit pref]
[    3.625808] pci 0000:00:01.0: BAR 13: assigned [io  0x1000-0x1fff]
[    3.631975] pci 0000:00:08.0: BAR 13: assigned [io  0x2000-0x2fff]
[    3.638140] pci 0000:00:12.0: BAR 13: assigned [io  0x3000-0x3fff]
[    3.644308] pci 0000:00:01.0: PCI bridge to [bus 01]
[    3.649259] pci 0000:00:01.0:   bridge window [io  0x1000-0x1fff]
[    3.655340] pci 0000:00:01.0:   bridge window [mem 0xe0000000-0xe01fffff]
[    3.662114] pci 0000:00:01.0:   bridge window [mem 0x80018000000-0x800181fffff 64bit pref]
[    3.670365] pci 0000:02:00.0: BAR 0: assigned [mem 0x80000000000-0x8000fffffff 64bit pref]
[    3.678620] pci 0000:02:00.0: BAR 2: assigned [mem 0x80010000000-0x800101fffff 64bit pref]
[    3.686874] pci 0000:02:00.0: BAR 5: assigned [mem 0xe0200000-0xe023ffff]
[    3.693650] pci 0000:02:00.0: BAR 6: assigned [mem 0xe0240000-0xe025ffff pref]
[    3.700858] pci 0000:02:00.1: BAR 0: assigned [mem 0xe0260000-0xe0263fff 64bit]
[    3.708157] pci 0000:02:00.0: BAR 4: assigned [io  0x2000-0x20ff]
[    3.714238] pci 0000:00:08.0: PCI bridge to [bus 02]
[    3.719189] pci 0000:00:08.0:   bridge window [io  0x2000-0x2fff]
[    3.725269] pci 0000:00:08.0:   bridge window [mem 0xe0200000-0xe03fffff]
[    3.732044] pci 0000:00:08.0:   bridge window [mem 0x80000000000-0x80017ffffff 64bit pref]
[    3.740294] pci 0000:00:12.0: PCI bridge to [bus 03]
[    3.745246] pci 0000:00:12.0:   bridge window [io  0x3000-0x3fff]
[    3.751326] pci 0000:00:12.0:   bridge window [mem 0xe0400000-0xe05fffff]
[    3.758100] pci 0000:00:12.0:   bridge window [mem 0x80018200000-0x800183fffff 64bit pref]
[    3.766351] pci_bus 0000:00: resource 4 [mem 0x80000000000-0x82fffffffff pref window]
[    3.774166] pci_bus 0000:00: resource 5 [mem 0xe0000000-0xeffeffff window]
[    3.781027] pci_bus 0000:00: resource 6 [io  0x0000-0xffff window]
[    3.787193] pci_bus 0000:01: resource 0 [io  0x1000-0x1fff]
[    3.792751] pci_bus 0000:01: resource 1 [mem 0xe0000000-0xe01fffff]
[    3.799004] pci_bus 0000:01: resource 2 [mem 0x80018000000-0x800181fffff 64bit pref]
[    3.806733] pci_bus 0000:02: resource 0 [io  0x2000-0x2fff]
[    3.812291] pci_bus 0000:02: resource 1 [mem 0xe0200000-0xe03fffff]
[    3.818544] pci_bus 0000:02: resource 2 [mem 0x80000000000-0x80017ffffff 64bit pref]
[    3.826272] pci_bus 0000:03: resource 0 [io  0x3000-0x3fff]
[    3.831831] pci_bus 0000:03: resource 1 [mem 0xe0400000-0xe05fffff]
[    3.838084] pci_bus 0000:03: resource 2 [mem 0x80018200000-0x800183fffff 64bit pref]
[    3.845835] ACPI: PCI Root Bridge [PCI1] (domain 0000 [bus 7b])
[    3.851742] acpi PNP0A08:01: _OSC: OS supports [ExtendedConfig Segments MSI]
[    3.858857] acpi PNP0A08:01: _OSC: platform does not support [PCIeHotplug SHPCHotplug]
[    3.866832] acpi PNP0A08:01: _OSC: OS requested [PCIeHotplug SHPCHotplug PCIeCapability]
[    3.874908] acpi PNP0A08:01: _OSC: platform granted [PCIeCapability]
[    3.881879] acpi PNP0A08:01: ECAM AREA!
[    3.885713] acpi PNP0A08:01: ECAM at [mem 0xd7b00000-0xd7bfffff] for [bus 7b]
[    3.892859] PCI host bridge to bus 0000:7b
[    3.896942] pci_bus 0000:7b: root bus resource [mem 0x148800000-0x148ffffff pref window]
[    3.905018] pci_bus 0000:7b: root bus resource [bus 7b]
[    3.910234] pci 0000:7b:00.0: [19e5:a122] type 00 class 0x088000
[    3.916234] pci 0000:7b:00.0: reg 0x18: [mem 0x00000000-0x00003fff 64bit pref]
[    3.923483] pci_bus 0000:7b: on NUMA node 0
[    3.927655] pci 0000:7b:00.0: BAR 2: assigned [mem 0x148800000-0x148803fff 64bit pref]
[    3.935559] pci_bus 0000:7b: resource 4 [mem 0x148800000-0x148ffffff pref window]
[    3.943045] ACPI: PCI Root Bridge [PCI2] (domain 0000 [bus 7a])
[    3.948953] acpi PNP0A08:02: _OSC: OS supports [ExtendedConfig Segments MSI]
[    3.956065] acpi PNP0A08:02: _OSC: platform does not support [PCIeHotplug SHPCHotplug]
[    3.964040] acpi PNP0A08:02: _OSC: OS requested [PCIeHotplug SHPCHotplug PCIeCapability]
[    3.972116] acpi PNP0A08:02: _OSC: platform granted [PCIeCapability]
[    3.979084] acpi PNP0A08:02: ECAM AREA!
[    3.982915] acpi PNP0A08:02: ECAM at [mem 0xd7a00000-0xd7afffff] for [bus 7a]
[    3.990062] PCI host bridge to bus 0000:7a
[    3.994146] pci_bus 0000:7a: root bus resource [mem 0x20c000000-0x20c1fffff pref window]
[    4.002222] pci_bus 0000:7a: root bus resource [bus 7a]
[    4.007438] pci 0000:7a:00.0: [19e5:a23b] type 00 class 0x0c0310
[    4.013435] pci 0000:7a:00.0: reg 0x10: [mem 0x20c100000-0x20c100fff 64bit pref]
[    4.020852] pci 0000:7a:01.0: [19e5:a239] type 00 class 0x0c0320
[    4.026850] pci 0000:7a:01.0: reg 0x10: [mem 0x20c101000-0x20c101fff 64bit pref]
[    4.034268] pci 0000:7a:02.0: [19e5:a238] type 00 class 0x0c0330
[    4.040266] pci 0000:7a:02.0: reg 0x10: [mem 0x20c000000-0x20c0fffff 64bit pref]
[    4.047688] pci_bus 0000:7a: on NUMA node 0
[    4.051859] pci 0000:7a:02.0: BAR 0: assigned [mem 0x20c000000-0x20c0fffff 64bit pref]
[    4.059763] pci 0000:7a:00.0: BAR 0: assigned [mem 0x20c100000-0x20c100fff 64bit pref]
[    4.067667] pci 0000:7a:01.0: BAR 0: assigned [mem 0x20c101000-0x20c101fff 64bit pref]
[    4.075572] pci_bus 0000:7a: resource 4 [mem 0x20c000000-0x20c1fffff pref window]
[    4.083059] ACPI: PCI Root Bridge [PCI3] (domain 0000 [bus 78-79])
[    4.089226] acpi PNP0A08:03: _OSC: OS supports [ExtendedConfig Segments MSI]
[    4.096338] acpi PNP0A08:03: _OSC: platform does not support [PCIeHotplug SHPCHotplug]
[    4.104312] acpi PNP0A08:03: _OSC: OS requested [PCIeHotplug SHPCHotplug PCIeCapability]
[    4.112388] acpi PNP0A08:03: _OSC: platform granted [PCIeCapability]
[    4.119355] acpi PNP0A08:03: ECAM AREA!
[    4.123180] acpi PNP0A08:03: ECAM at [mem 0xd7800000-0xd79fffff] for [bus 78-79]
[    4.130599] PCI host bridge to bus 0000:78
[    4.134682] pci_bus 0000:78: root bus resource [mem 0x208000000-0x208bfffff pref window]
[    4.142758] pci_bus 0000:78: root bus resource [bus 78-79]
[    4.148234] pci 0000:78:00.0: [19e5:a121] type 01 class 0x060400
[    4.154236] pci 0000:78:00.0: enabling Extended Tags
[    4.159222] pci 0000:78:01.0: [19e5:a25a] type 00 class 0x010400
[    4.165222] pci 0000:78:01.0: reg 0x18: [mem 0x208400000-0x2087fffff 64bit pref]
[    4.172677] pci_bus 0000:78: on NUMA node 0
[    4.176849] pci 0000:78:01.0: BAR 2: assigned [mem 0x208000000-0x2083fffff 64bit pref]
[    4.184754] pci 0000:78:00.0: PCI bridge to [bus 79]
[    4.189707] pci_bus 0000:78: resource 4 [mem 0x208000000-0x208bfffff pref window]
[    4.197197] ACPI: PCI Root Bridge [PCI4] (domain 0000 [bus 7c-7d])
[    4.203365] acpi PNP0A08:04: _OSC: OS supports [ExtendedConfig Segments MSI]
[    4.210476] acpi PNP0A08:04: _OSC: platform does not support [PCIeHotplug SHPCHotplug]
[    4.218450] acpi PNP0A08:04: _OSC: OS requested [PCIeHotplug SHPCHotplug PCIeCapability]
[    4.226526] acpi PNP0A08:04: _OSC: platform granted [PCIeCapability]
[    4.233490] acpi PNP0A08:04: ECAM AREA!
[    4.237315] acpi PNP0A08:04: ECAM at [mem 0xd7c00000-0xd7dfffff] for [bus 7c-7d]
[    4.244720] PCI host bridge to bus 0000:7c
[    4.248804] pci_bus 0000:7c: root bus resource [mem 0x120000000-0x13fffffff pref window]
[    4.256880] pci_bus 0000:7c: root bus resource [bus 7c-7d]
[    4.262356] pci 0000:7c:00.0: [19e5:a121] type 01 class 0x060400
[    4.268357] pci 0000:7c:00.0: enabling Extended Tags
[    4.273356] pci 0000:7d:00.0: [19e5:a222] type 00 class 0x020000
[    4.279354] pci 0000:7d:00.0: reg 0x10: [mem 0x120210000-0x12021ffff 64bit pref]
[    4.286738] pci 0000:7d:00.0: reg 0x18: [mem 0x120100000-0x1201fffff 64bit pref]
[    4.294162] pci 0000:7d:00.1: [19e5:a221] type 00 class 0x020000
[    4.300160] pci 0000:7d:00.1: reg 0x10: [mem 0x120200000-0x12020ffff 64bit pref]
[    4.307544] pci 0000:7d:00.1: reg 0x18: [mem 0x120000000-0x1200fffff 64bit pref]
[    4.314964] pci_bus 0000:7c: on NUMA node 0
[    4.319136] pci 0000:7c:00.0: BAR 15: assigned [mem 0x120000000-0x1202fffff 64bit pref]
[    4.327125] pci 0000:7d:00.0: BAR 2: assigned [mem 0x120000000-0x1200fffff 64bit pref]
[    4.335030] pci 0000:7d:00.1: BAR 2: assigned [mem 0x120100000-0x1201fffff 64bit pref]
[    4.342934] pci 0000:7d:00.0: BAR 0: assigned [mem 0x120200000-0x12020ffff 64bit pref]
[    4.350838] pci 0000:7d:00.1: BAR 0: assigned [mem 0x120210000-0x12021ffff 64bit pref]
[    4.358742] pci 0000:7c:00.0: PCI bridge to [bus 7d]
[    4.363694] pci 0000:7c:00.0:   bridge window [mem 0x120000000-0x1202fffff 64bit pref]
[    4.371600] pci_bus 0000:7c: resource 4 [mem 0x120000000-0x13fffffff pref window]
[    4.379068] pci_bus 0000:7d: resource 2 [mem 0x120000000-0x1202fffff 64bit pref]
[    4.386470] ACPI: PCI Root Bridge [PCI5] (domain 0000 [bus 74-76])
[    4.392638] acpi PNP0A08:05: _OSC: OS supports [ExtendedConfig Segments MSI]
[    4.399750] acpi PNP0A08:05: _OSC: platform does not support [PCIeHotplug SHPCHotplug]
[    4.407724] acpi PNP0A08:05: _OSC: OS requested [PCIeHotplug SHPCHotplug PCIeCapability]
[    4.415802] acpi PNP0A08:05: _OSC: platform granted [PCIeCapability]
[    4.422777] acpi PNP0A08:05: ECAM AREA!
[    4.426609] acpi PNP0A08:05: ECAM at [mem 0xd7400000-0xd76fffff] for [bus 74-76]
[    4.434031] PCI host bridge to bus 0000:74
[    4.438115] pci_bus 0000:74: root bus resource [mem 0x141000000-0x141ffffff pref window]
[    4.446191] pci_bus 0000:74: root bus resource [mem 0x144000000-0x145ffffff pref window]
[    4.454267] pci_bus 0000:74: root bus resource [mem 0xa2000000-0xa2ffffff window]
[    4.461735] pci_bus 0000:74: root bus resource [bus 74-76]
[    4.467212] pci 0000:74:00.0: [19e5:a121] type 01 class 0x060400
[    4.473214] pci 0000:74:00.0: enabling Extended Tags
[    4.478198] pci 0000:74:01.0: [19e5:a121] type 01 class 0x060400
[    4.484200] pci 0000:74:01.0: enabling Extended Tags
[    4.489181] pci 0000:74:02.0: [19e5:a230] type 00 class 0x010700
[    4.495185] pci 0000:74:02.0: reg 0x24: [mem 0xa2008000-0xa200ffff]
[    4.501481] pci 0000:74:03.0: [19e5:a235] type 00 class 0x010601
[    4.507485] pci 0000:74:03.0: reg 0x24: [mem 0xa2010000-0xa2010fff]
[    4.513770] pci 0000:74:04.0: [19e5:a230] type 00 class 0x010700
[    4.519771] pci 0000:74:04.0: reg 0x24: [mem 0xa2000000-0xa2007fff]
[    4.526100] pci_bus 0000:74: on NUMA node 0
[    4.530273] pci 0000:74:02.0: BAR 5: assigned [mem 0xa2000000-0xa2007fff]
[    4.537048] pci 0000:74:04.0: BAR 5: assigned [mem 0xa2008000-0xa200ffff]
[    4.543822] pci 0000:74:03.0: BAR 5: assigned [mem 0xa2010000-0xa2010fff]
[    4.550596] pci 0000:74:00.0: PCI bridge to [bus 75]
[    4.555549] pci 0000:74:01.0: PCI bridge to [bus 76]
[    4.560503] pci_bus 0000:74: resource 4 [mem 0x141000000-0x141ffffff pref window]
[    4.567972] pci_bus 0000:74: resource 5 [mem 0x144000000-0x145ffffff pref window]
[    4.575440] pci_bus 0000:74: resource 6 [mem 0xa2000000-0xa2ffffff window]
[    4.583285] initcall acpi_init+0x0/0x308 returned 0 after 2878906 usecs
[    4.589889] calling  pnp_init+0x0/0x1c @ 1
[    4.593976] initcall pnp_init+0x0/0x1c returned 0 after 0 usecs
[    4.599882] calling  ipc_init+0x0/0x20 @ 1
[    4.603968] initcall ipc_init+0x0/0x20 returned 0 after 0 usecs
[    4.609874] calling  dmi_init+0x0/0x118 @ 1
[    4.614048] initcall dmi_init+0x0/0x118 returned 0 after 0 usecs
[    4.620041] calling  scmi_bus_init+0x0/0x44 @ 1
[    4.624563] initcall scmi_bus_init+0x0/0x44 returned 0 after 0 usecs
[    4.630903] calling  scmi_clock_init+0x0/0x20 @ 1
[    4.635595] initcall scmi_clock_init+0x0/0x20 returned 20 after 0 usecs
[    4.642195] calling  scmi_perf_init+0x0/0x20 @ 1
[    4.646798] initcall scmi_perf_init+0x0/0x20 returned 19 after 0 usecs
[    4.653312] calling  scmi_power_init+0x0/0x20 @ 1
[    4.658002] initcall scmi_power_init+0x0/0x20 returned 17 after 0 usecs
[    4.664602] calling  scmi_sensors_init+0x0/0x20 @ 1
[    4.669466] initcall scmi_sensors_init+0x0/0x20 returned 21 after 0 usecs
[    4.676240] calling  efisubsys_init+0x0/0x2b4 @ 1
[    4.680936] Registered efivars operations
[    4.684934] initcall efisubsys_init+0x0/0x2b4 returned 0 after 3906 usecs
[    4.691708] calling  register_gop_device+0x0/0x6c @ 1
[    4.696757] initcall register_gop_device+0x0/0x6c returned 0 after 0 usecs
[    4.703618] calling  hi6220_stub_clk_init+0x0/0x20 @ 1
[    4.708778] initcall hi6220_stub_clk_init+0x0/0x20 returned 0 after 0 usecs
[    4.715726] calling  hi3660_stub_clk_init+0x0/0x20 @ 1
[    4.720881] initcall hi3660_stub_clk_init+0x0/0x20 returned 0 after 0 usecs
[    4.727829] calling  balloon_init+0x0/0x6c @ 1
[    4.732260] initcall balloon_init+0x0/0x6c returned -19 after 0 usecs
[    4.738687] calling  xen_setup_shutdown_event+0x0/0x48 @ 1
[    4.744159] initcall xen_setup_shutdown_event+0x0/0x48 returned -19 after 0 usecs
[    4.751628] calling  xenbus_probe_backend_init+0x0/0x6c @ 1
[    4.757192] initcall xenbus_probe_backend_init+0x0/0x6c returned 0 after 0 usecs
[    4.764573] calling  xenbus_probe_frontend_init+0x0/0x6c @ 1
[    4.770223] initcall xenbus_probe_frontend_init+0x0/0x6c returned 0 after 0 usecs
[    4.777691] calling  ab3100_regulators_init+0x0/0x24 @ 1
[    4.783019] initcall ab3100_regulators_init+0x0/0x24 returned 0 after 0 usecs
[    4.790140] calling  misc_init+0x0/0xe0 @ 1
[    4.794315] initcall misc_init+0x0/0xe0 returned 0 after 0 usecs
[    4.800308] calling  tpm_init+0x0/0xec @ 1
[    4.804395] initcall tpm_init+0x0/0xec returned 0 after 0 usecs
[    4.810301] calling  vga_arb_device_init+0x0/0x188 @ 1
[    4.815443] pci 0000:02:00.0: vgaarb: VGA device added: decodes=io+mem,owns=none,locks=none
[    4.823782] pci 0000:02:00.0: vgaarb: bridge control possible
[    4.829515] pci 0000:02:00.0: vgaarb: setting as boot device (VGA legacy resources not available)
[    4.838371] vgaarb: loaded
[    4.841064] initcall vga_arb_device_init+0x0/0x188 returned 0 after 11718 usecs
[    4.848361] calling  cn_init+0x0/0xd0 @ 1
[    4.852364] initcall cn_init+0x0/0xd0 returned 0 after 3906 usecs
[    4.858444] calling  register_cpu_capacity_sysctl+0x0/0x98 @ 1
[    4.864268] initcall register_cpu_capacity_sysctl+0x0/0x98 returned 0 after 0 usecs
[    4.871910] calling  pm860x_i2c_init+0x0/0x48 @ 1
[    4.876604] initcall pm860x_i2c_init+0x0/0x48 returned 0 after 0 usecs
[    4.883118] calling  stmpe_init+0x0/0x20 @ 1
[    4.887377] initcall stmpe_init+0x0/0x20 returned 0 after 0 usecs
[    4.893456] calling  tc3589x_init+0x0/0x20 @ 1
[    4.897889] initcall tc3589x_init+0x0/0x20 returned 0 after 0 usecs
[    4.904142] calling  wm8400_module_init+0x0/0x44 @ 1
[    4.909095] initcall wm8400_module_init+0x0/0x44 returned 0 after 0 usecs
[    4.915869] calling  wm831x_i2c_init+0x0/0x44 @ 1
[    4.920561] initcall wm831x_i2c_init+0x0/0x44 returned 0 after 0 usecs
[    4.927074] calling  wm831x_spi_init+0x0/0x38 @ 1
[    4.931768] initcall wm831x_spi_init+0x0/0x38 returned 0 after 0 usecs
[    4.938281] calling  wm8350_i2c_init+0x0/0x20 @ 1
[    4.942974] initcall wm8350_i2c_init+0x0/0x20 returned 0 after 0 usecs
[    4.949487] calling  tps65910_i2c_init+0x0/0x20 @ 1
[    4.954354] initcall tps65910_i2c_init+0x0/0x20 returned 0 after 0 usecs
[    4.961041] calling  tps80031_init+0x0/0x20 @ 1
[    4.965561] initcall tps80031_init+0x0/0x20 returned 0 after 0 usecs
[    4.971901] calling  ezx_pcap_init+0x0/0x20 @ 1
[    4.976420] initcall ezx_pcap_init+0x0/0x20 returned 0 after 0 usecs
[    4.982760] calling  da903x_init+0x0/0x20 @ 1
[    4.987105] initcall da903x_init+0x0/0x20 returned 0 after 0 usecs
[    4.993272] calling  da9052_spi_init+0x0/0x44 @ 1
[    4.997964] initcall da9052_spi_init+0x0/0x44 returned 0 after 0 usecs
[    5.004478] calling  da9052_i2c_init+0x0/0x44 @ 1
[    5.009171] initcall da9052_i2c_init+0x0/0x44 returned 0 after 0 usecs
[    5.015685] calling  lp8788_init+0x0/0x20 @ 1
[    5.020030] initcall lp8788_init+0x0/0x20 returned 0 after 0 usecs
[    5.026196] calling  da9055_i2c_init+0x0/0x44 @ 1
[    5.030889] initcall da9055_i2c_init+0x0/0x44 returned 0 after 0 usecs
[    5.037403] calling  max77843_i2c_init+0x0/0x20 @ 1
[    5.042269] initcall max77843_i2c_init+0x0/0x20 returned 0 after 0 usecs
[    5.048956] calling  max8925_i2c_init+0x0/0x44 @ 1
[    5.053736] initcall max8925_i2c_init+0x0/0x44 returned 0 after 0 usecs
[    5.060336] calling  max8997_i2c_init+0x0/0x20 @ 1
[    5.065115] initcall max8997_i2c_init+0x0/0x20 returned 0 after 0 usecs
[    5.071715] calling  max8998_i2c_init+0x0/0x24 @ 1
[    5.076494] initcall max8998_i2c_init+0x0/0x24 returned 0 after 0 usecs
[    5.083094] calling  ab3100_i2c_init+0x0/0x20 @ 1
[    5.087786] initcall ab3100_i2c_init+0x0/0x20 returned 0 after 0 usecs
[    5.094300] calling  tps6586x_init+0x0/0x20 @ 1
[    5.098819] initcall tps6586x_init+0x0/0x20 returned 0 after 0 usecs
[    5.105159] calling  tps65090_init+0x0/0x20 @ 1
[    5.109678] initcall tps65090_init+0x0/0x20 returned 0 after 0 usecs
[    5.116019] calling  palmas_i2c_init+0x0/0x20 @ 1
[    5.120712] initcall palmas_i2c_init+0x0/0x20 returned 0 after 0 usecs
[    5.127227] calling  rc5t583_i2c_init+0x0/0x20 @ 1
[    5.132007] initcall rc5t583_i2c_init+0x0/0x20 returned 0 after 0 usecs
[    5.138607] calling  sec_pmic_init+0x0/0x20 @ 1
[    5.143126] initcall sec_pmic_init+0x0/0x20 returned 0 after 0 usecs
[    5.149466] calling  dax_fs_init+0x0/0xe8 @ 1
[    5.153825] initcall dax_fs_init+0x0/0xe8 returned 0 after 0 usecs
[    5.159992] calling  dma_buf_init+0x0/0xb4 @ 1
[    5.164425] initcall dma_buf_init+0x0/0xb4 returned 0 after 0 usecs
[    5.170678] calling  init_scsi+0x0/0xa0 @ 1
[    5.174883] SCSI subsystem initialized
[    5.178618] initcall init_scsi+0x0/0xa0 returned 0 after 0 usecs
[    5.184612] calling  ata_init+0x0/0x324 @ 1
[    5.188811] libata version 3.00 loaded.
[    5.192633] initcall ata_init+0x0/0x324 returned 0 after 0 usecs
[    5.198627] calling  phy_init+0x0/0x6c @ 1
[    5.202721] initcall phy_init+0x0/0x6c returned 0 after 0 usecs
[    5.208627] calling  usb_init+0x0/0x160 @ 1
[    5.212804] ACPI: bus type USB registered
[    5.216813] usbcore: registered new interface driver usbfs
[    5.222290] usbcore: registered new interface driver hub
[    5.227604] usbcore: registered new device driver usb
[    5.232642] initcall usb_init+0x0/0x160 returned 0 after 15625 usecs
[    5.238982] calling  serio_init+0x0/0x44 @ 1
[    5.243243] initcall serio_init+0x0/0x44 returned 0 after 0 usecs
[    5.249323] calling  input_init+0x0/0x120 @ 1
[    5.253669] initcall input_init+0x0/0x120 returned 0 after 0 usecs
[    5.259835] calling  rtc_init+0x0/0x68 @ 1
[    5.263921] initcall rtc_init+0x0/0x68 returned 0 after 0 usecs
[    5.269827] calling  cec_devnode_init+0x0/0xbc @ 1
[    5.274610] initcall cec_devnode_init+0x0/0xbc returned 0 after 0 usecs
[    5.281210] calling  pps_init+0x0/0xcc @ 1
[    5.285294] pps_core: LinuxPPS API ver. 1 registered
[    5.290245] pps_core: Software ver. 5.3.6 - Copyright 2005-2007 Rodolfo Giometti <giometti@linux.it>
[    5.299363] initcall pps_init+0x0/0xcc returned 0 after 7812 usecs
[    5.305529] calling  ptp_init+0x0/0xb0 @ 1
[    5.309613] PTP clock support registered
[    5.313522] initcall ptp_init+0x0/0xb0 returned 0 after 0 usecs
[    5.319428] calling  power_supply_class_init+0x0/0x5c @ 1
[    5.324816] initcall power_supply_class_init+0x0/0x5c returned 0 after 0 usecs
[    5.332024] calling  hwmon_init+0x0/0x44 @ 1
[    5.336282] initcall hwmon_init+0x0/0x44 returned 0 after 0 usecs
[    5.342362] calling  edac_init+0x0/0x88 @ 1
[    5.346532] EDAC MC: Ver: 3.0.0
[    5.349703] initcall edac_init+0x0/0x88 returned 0 after 0 usecs
[    5.355697] calling  leds_init+0x0/0x68 @ 1
[    5.359869] initcall leds_init+0x0/0x68 returned 0 after 0 usecs
[    5.365862] calling  devfreq_init+0x0/0xc8 @ 1
[    5.370309] initcall devfreq_init+0x0/0xc8 returned 0 after 0 usecs
[    5.376562] calling  devfreq_event_init+0x0/0x70 @ 1
[    5.381515] initcall devfreq_event_init+0x0/0x70 returned 0 after 0 usecs
[    5.388291] calling  arm_pmu_hp_init+0x0/0x60 @ 1
[    5.392982] initcall arm_pmu_hp_init+0x0/0x60 returned 0 after 0 usecs
[    5.399496] calling  arm_pmu_acpi_init+0x0/0x2d8 @ 1
[    5.404504] initcall arm_pmu_acpi_init+0x0/0x2d8 returned 0 after 0 usecs
[    5.411278] calling  ras_init+0x0/0x18 @ 1
[    5.415364] initcall ras_init+0x0/0x18 returned 0 after 0 usecs
[    5.421270] calling  nvmem_init+0x0/0x20 @ 1
[    5.425531] initcall nvmem_init+0x0/0x20 returned 0 after 0 usecs
[    5.431611] calling  dsm_init+0x0/0x154 @ 1
[    5.435806] [I/DSM] dsm_init called, ret 0
[    5.439890] initcall dsm_init+0x0/0x154 returned 0 after 3906 usecs
[    5.446143] calling  proto_init+0x0/0x1c @ 1
[    5.450401] initcall proto_init+0x0/0x1c returned 0 after 0 usecs
[    5.456481] calling  net_dev_init+0x0/0x218 @ 1
[    5.461055] initcall net_dev_init+0x0/0x218 returned 0 after 0 usecs
[    5.467396] calling  neigh_init+0x0/0xa0 @ 1
[    5.471653] initcall neigh_init+0x0/0xa0 returned 0 after 0 usecs
[    5.477733] calling  fib_notifier_init+0x0/0x1c @ 1
[    5.482597] initcall fib_notifier_init+0x0/0x1c returned 0 after 0 usecs
[    5.489285] calling  fib_rules_init+0x0/0xd0 @ 1
[    5.493890] initcall fib_rules_init+0x0/0xd0 returned 0 after 0 usecs
[    5.500317] calling  init_cgroup_netprio+0x0/0x20 @ 1
[    5.505355] initcall init_cgroup_netprio+0x0/0x20 returned 0 after 0 usecs
[    5.512216] calling  bpf_lwt_init+0x0/0x20 @ 1
[    5.516646] initcall bpf_lwt_init+0x0/0x20 returned 0 after 0 usecs
[    5.522899] calling  pktsched_init+0x0/0x134 @ 1
[    5.527506] initcall pktsched_init+0x0/0x134 returned 0 after 0 usecs
[    5.533932] calling  tc_filter_init+0x0/0x120 @ 1
[    5.538627] initcall tc_filter_init+0x0/0x120 returned 0 after 0 usecs
[    5.545141] calling  tc_action_init+0x0/0x84 @ 1
[    5.549746] initcall tc_action_init+0x0/0x84 returned 0 after 0 usecs
[    5.556173] calling  genl_init+0x0/0x4c @ 1
[    5.560347] initcall genl_init+0x0/0x4c returned 0 after 0 usecs
[    5.566341] calling  wireless_nlevent_init+0x0/0x4c @ 1
[    5.571554] initcall wireless_nlevent_init+0x0/0x4c returned 0 after 0 usecs
[    5.578588] calling  sdei_init+0x0/0xd4 @ 1
[    5.582759] initcall sdei_init+0x0/0xd4 returned 0 after 0 usecs
[    5.588752] calling  watchdog_init+0x0/0x90 @ 1
[    5.593285] initcall watchdog_init+0x0/0x90 returned 0 after 0 usecs
[    5.599663] calling  create_debug_debugfs_entry+0x0/0x30 @ 1
[    5.605310] initcall create_debug_debugfs_entry+0x0/0x30 returned 0 after 0 usecs
[    5.612779] calling  clocksource_done_booting+0x0/0x58 @ 1
[    5.618261] clocksource: Switched to clocksource arch_sys_counter
[    5.624342] initcall clocksource_done_booting+0x0/0x58 returned 0 after 5940 usecs
[    5.631899] calling  tracer_init_tracefs+0x0/0x1e4 @ 1
[    5.643258] initcall tracer_init_tracefs+0x0/0x1e4 returned 0 after 6085 usecs
[    5.650468] calling  init_trace_printk_function_export+0x0/0x40 @ 1
[    5.656723] initcall init_trace_printk_function_export+0x0/0x40 returned 0 after 1 usecs
[    5.664800] calling  init_kprobe_trace+0x0/0xb4 @ 1
[    5.669666] initcall init_kprobe_trace+0x0/0xb4 returned 0 after 1 usecs
[    5.676354] calling  init_uprobe_trace+0x0/0x6c @ 1
[    5.681220] initcall init_uprobe_trace+0x0/0x6c returned 0 after 1 usecs
[    5.687907] calling  bpf_init+0x0/0x64 @ 1
[    5.691994] initcall bpf_init+0x0/0x64 returned 0 after 3 usecs
[    5.697901] calling  init_pipe_fs+0x0/0x5c @ 1
[    5.702345] initcall init_pipe_fs+0x0/0x5c returned 0 after 12 usecs
[    5.708685] calling  cgroup_writeback_init+0x0/0x44 @ 1
[    5.713909] initcall cgroup_writeback_init+0x0/0x44 returned 0 after 10 usecs
[    5.721031] calling  inotify_user_setup+0x0/0x5c @ 1
[    5.725985] initcall inotify_user_setup+0x0/0x5c returned 0 after 2 usecs
[    5.732759] calling  eventpoll_init+0x0/0xa8 @ 1
[    5.737365] initcall eventpoll_init+0x0/0xa8 returned 0 after 1 usecs
[    5.743792] calling  anon_inode_init+0x0/0x6c @ 1
[    5.748487] initcall anon_inode_init+0x0/0x6c returned 0 after 3 usecs
[    5.755001] calling  init_dax_wait_table+0x0/0x5c @ 1
[    5.760055] initcall init_dax_wait_table+0x0/0x5c returned 0 after 14 usecs
[    5.767004] calling  proc_locks_init+0x0/0x3c @ 1
[    5.771704] initcall proc_locks_init+0x0/0x3c returned 0 after 8 usecs
[    5.778221] calling  dquot_init+0x0/0x13c @ 1
[    5.782564] VFS: Disk quotas dquot_6.6.0
[    5.786482] VFS: Dquot-cache hash table entries: 512 (order 0, 4096 bytes)
[    5.793344] initcall dquot_init+0x0/0x13c returned 0 after 10526 usecs
[    5.799857] calling  quota_init+0x0/0x30 @ 1
[    5.804121] initcall quota_init+0x0/0x30 returned 0 after 6 usecs
[    5.810201] calling  proc_cmdline_init+0x0/0x34 @ 1
[    5.815067] initcall proc_cmdline_init+0x0/0x34 returned 0 after 0 usecs
[    5.821754] calling  proc_consoles_init+0x0/0x38 @ 1
[    5.826706] initcall proc_consoles_init+0x0/0x38 returned 0 after 0 usecs
[    5.833480] calling  proc_cpuinfo_init+0x0/0x30 @ 1
[    5.838345] initcall proc_cpuinfo_init+0x0/0x30 returned 0 after 0 usecs
[    5.845033] calling  proc_devices_init+0x0/0x38 @ 1
[    5.849898] initcall proc_devices_init+0x0/0x38 returned 0 after 0 usecs
[    5.856585] calling  proc_interrupts_init+0x0/0x38 @ 1
[    5.861711] initcall proc_interrupts_init+0x0/0x38 returned 0 after 0 usecs
[    5.868659] calling  proc_loadavg_init+0x0/0x34 @ 1
[    5.873524] initcall proc_loadavg_init+0x0/0x34 returned 0 after 0 usecs
[    5.880211] calling  proc_meminfo_init+0x0/0x34 @ 1
[    5.885076] initcall proc_meminfo_init+0x0/0x34 returned 0 after 0 usecs
[    5.891764] calling  proc_stat_init+0x0/0x30 @ 1
[    5.896369] initcall proc_stat_init+0x0/0x30 returned 0 after 0 usecs
[    5.902796] calling  proc_uptime_init+0x0/0x34 @ 1
[    5.907574] initcall proc_uptime_init+0x0/0x34 returned 0 after 0 usecs
[    5.914174] calling  proc_version_init+0x0/0x34 @ 1
[    5.919040] initcall proc_version_init+0x0/0x34 returned 0 after 0 usecs
[    5.925727] calling  proc_softirqs_init+0x0/0x34 @ 1
[    5.930682] initcall proc_softirqs_init+0x0/0x34 returned 0 after 2 usecs
[    5.937456] calling  proc_kcore_init+0x0/0xa4 @ 1
[    5.942156] initcall proc_kcore_init+0x0/0xa4 returned 0 after 8 usecs
[    5.948670] calling  vmcore_init+0x0/0x534 @ 1
[    5.953101] initcall vmcore_init+0x0/0x534 returned 0 after 0 usecs
[    5.959354] calling  proc_kmsg_init+0x0/0x30 @ 1
[    5.963959] initcall proc_kmsg_init+0x0/0x30 returned 0 after 0 usecs
[    5.970386] calling  proc_page_init+0x0/0x6c @ 1
[    5.974991] initcall proc_page_init+0x0/0x6c returned 0 after 0 usecs
[    5.981417] calling  fscache_init+0x0/0x228 @ 1
[    5.985946] FS-Cache: Loaded
[    5.988815] initcall fscache_init+0x0/0x228 returned 0 after 2812 usecs
[    5.995416] calling  init_ramfs_fs+0x0/0x58 @ 1
[    5.999933] initcall init_ramfs_fs+0x0/0x58 returned 0 after 0 usecs
[    6.006273] calling  init_hugetlbfs_fs+0x0/0x160 @ 1
[    6.011239] initcall init_hugetlbfs_fs+0x0/0x160 returned 0 after 13 usecs
[    6.018101] calling  add_sys_file+0x0/0x44 @ 1
[    6.022535] initcall add_sys_file+0x0/0x44 returned 0 after 3 usecs
[    6.028788] calling  tomoyo_initerface_init+0x0/0x170 @ 1
[    6.034174] initcall tomoyo_initerface_init+0x0/0x170 returned 0 after 0 usecs
[    6.041382] calling  aa_create_aafs+0x0/0x340 @ 1
[    6.046135] AppArmor: AppArmor Filesystem Enabled
[    6.050826] initcall aa_create_aafs+0x0/0x340 returned 0 after 4641 usecs
[    6.057601] calling  blk_scsi_ioctl_init+0x0/0xa0 @ 1
[    6.062639] initcall blk_scsi_ioctl_init+0x0/0xa0 returned 0 after 0 usecs
[    6.069500] calling  dynamic_debug_init_debugfs+0x0/0x8c @ 1
[    6.075148] initcall dynamic_debug_init_debugfs+0x0/0x8c returned 0 after 2 usecs
[    6.082617] calling  acpi_event_init+0x0/0x44 @ 1
[    6.087311] initcall acpi_event_init+0x0/0x44 returned 0 after 2 usecs
[    6.093824] calling  pnp_system_init+0x0/0x1c @ 1
[    6.098522] initcall pnp_system_init+0x0/0x1c returned 0 after 7 usecs
[    6.105036] calling  pnpacpi_init+0x0/0x8c @ 1
[    6.109465] pnp: PnP ACPI init
[    6.112873] pnp 00:00: Plug and Play ACPI device, IDs PNP0501 (active)
[    6.119551] pnp: PnP ACPI: found 1 devices
[    6.123635] initcall pnpacpi_init+0x0/0x8c returned 0 after 13837 usecs
[    6.130236] calling  chr_dev_init+0x0/0xc4 @ 1
[    6.135487] initcall chr_dev_init+0x0/0xc4 returned 0 after 799 usecs
[    6.141916] calling  thermal_init+0x0/0x110 @ 1
[    6.146443] initcall thermal_init+0x0/0x110 returned 0 after 8 usecs
[    6.152784] calling  cpufreq_gov_performance_init+0x0/0x1c @ 1
[    6.158604] initcall cpufreq_gov_performance_init+0x0/0x1c returned 0 after 0 usecs
[    6.166247] calling  sysctl_core_init+0x0/0x40 @ 1
[    6.171034] initcall sysctl_core_init+0x0/0x40 returned 0 after 9 usecs
[    6.177634] calling  eth_offload_init+0x0/0x20 @ 1
[    6.182412] initcall eth_offload_init+0x0/0x20 returned 0 after 0 usecs
[    6.189013] calling  ipv4_offload_init+0x0/0x80 @ 1
[    6.193878] initcall ipv4_offload_init+0x0/0x80 returned 0 after 0 usecs
[    6.200565] calling  inet_init+0x0/0x25c @ 1
[    6.204829] NET: Registered protocol family 2
[    6.209281] tcp_listen_portaddr_hash hash table entries: 8192 (order: 5, 131072 bytes)
[    6.217212] TCP established hash table entries: 131072 (order: 8, 1048576 bytes)
[    6.224723] TCP bind hash table entries: 65536 (order: 8, 1048576 bytes)
[    6.231556] TCP: Hash tables configured (established 131072 bind 65536)
[    6.238179] UDP hash table entries: 8192 (order: 6, 262144 bytes)
[    6.244283] UDP-Lite hash table entries: 8192 (order: 6, 262144 bytes)
[    6.250856] initcall inet_init+0x0/0x25c returned 0 after 44953 usecs
[    6.257285] calling  af_unix_init+0x0/0x64 @ 1
[    6.261716] NET: Registered protocol family 1
[    6.266063] initcall af_unix_init+0x0/0x64 returned 0 after 4245 usecs
[    6.272577] calling  ipv6_offload_init+0x0/0x84 @ 1
[    6.277442] initcall ipv6_offload_init+0x0/0x84 returned 0 after 0 usecs
[    6.284130] calling  xsk_init+0x0/0x54 @ 1
[    6.288215] NET: Registered protocol family 44
[    6.292646] initcall xsk_init+0x0/0x54 returned 0 after 4326 usecs
[    6.298813] calling  pci_apply_final_quirks+0x0/0x134 @ 1
[    6.304208] pci 0000:02:00.1: calling  quirk_gpu_hda+0x0/0xb8 @ 1
[    6.310290] pci 0000:02:00.1: Linked as a consumer to 0000:02:00.0
[    6.316458] pci 0000:02:00.1: quirk_gpu_hda+0x0/0xb8 took 6025 usecs
[    6.322804] pci 0000:7a:00.0: calling  quirk_usb_early_handoff+0x0/0x598 @ 1
[    6.329839] pci 0000:7a:00.0: enabling device (0000 -> 0002)
[    6.335503] pci 0000:7a:00.0: quirk_usb_early_handoff+0x0/0x598 took 5527 usecs
[    6.342809] pci 0000:7a:01.0: calling  quirk_usb_early_handoff+0x0/0x598 @ 1
[    6.349849] pci 0000:7a:01.0: quirk_usb_early_handoff+0x0/0x598 took 4 usecs
[    6.356885] pci 0000:7a:02.0: calling  quirk_usb_early_handoff+0x0/0x598 @ 1
[    6.363920] pci 0000:7a:02.0: enabling device (0000 -> 0002)
[    6.369581] pci 0000:7a:02.0: quirk_usb_early_handoff+0x0/0x598 took 5527 usecs
[    6.376885] PCI: CLS 32 bytes, default 64
[    6.380883] initcall pci_apply_final_quirks+0x0/0x134 returned 0 after 74886 usecs
[    6.388439] calling  acpi_reserve_resources+0x0/0xf4 @ 1
[    6.393738] initcall acpi_reserve_resources+0x0/0xf4 returned 0 after 0 usecs
[    6.400860] calling  populate_rootfs+0x0/0x1bc @ 1
[    6.405682] Trying to unpack rootfs image as initramfs...
[    7.080873] Freeing initrd memory: 53936K
[    7.084888] initcall populate_rootfs+0x0/0x1bc returned 0 after 663326 usecs
[    7.091962] calling  register_kernel_offset_dumper+0x0/0x28 @ 1
[    7.097881] initcall register_kernel_offset_dumper+0x0/0x28 returned 0 after 0 usecs
[    7.105611] calling  cpuinfo_regs_init+0x0/0xd0 @ 1
[    7.110612] initcall cpuinfo_regs_init+0x0/0xd0 returned 0 after 132 usecs
[    7.117478] calling  register_cpu_hwcaps_dumper+0x0/0x2c @ 1
[    7.123125] initcall register_cpu_hwcaps_dumper+0x0/0x2c returned 0 after 0 usecs
[    7.130595] calling  armv8_pmu_driver_init+0x0/0x3c @ 1
[    7.135857] hw perfevents: enabled with armv8_pmuv3_0 PMU driver, 13 counters available
[    7.143851] initcall armv8_pmu_driver_init+0x0/0x3c returned 0 after 7854 usecs
[    7.151146] calling  arch_init_uprobes+0x0/0x34 @ 1
[    7.156011] initcall arch_init_uprobes+0x0/0x34 returned 0 after 0 usecs
[    7.162699] calling  register_mem_limit_dumper+0x0/0x2c @ 1
[    7.168258] initcall register_mem_limit_dumper+0x0/0x2c returned 0 after 0 usecs
[    7.175640] calling  arm_init+0x0/0x28 @ 1
[    7.179731] kvm [1]: 16-bit VMID
[    7.182950] kvm [1]: GICv4 support disabled
[    7.187120] kvm [1]: vgic-v2@9b020000
[    7.190776] kvm [1]: GIC system register CPU interface enabled
[    7.196628] kvm [1]: vgic interrupt IRQ1
[    7.200578] kvm [1]: VHE mode initialized successfully
[    7.205770] initcall arm_init+0x0/0x28 returned 0 after 25435 usecs
[    7.212025] calling  proc_execdomains_init+0x0/0x34 @ 1
[    7.217238] initcall proc_execdomains_init+0x0/0x34 returned 0 after 1 usecs
[    7.224273] calling  register_warn_debugfs+0x0/0x34 @ 1
[    7.229486] initcall register_warn_debugfs+0x0/0x34 returned 0 after 0 usecs
[    7.236520] calling  cpuhp_sysfs_init+0x0/0xa4 @ 1
[    7.241310] initcall cpuhp_sysfs_init+0x0/0xa4 returned 0 after 11 usecs
[    7.247998] calling  ioresources_init+0x0/0x6c @ 1
[    7.252777] initcall ioresources_init+0x0/0x6c returned 0 after 1 usecs
[    7.259379] calling  snapshot_device_init+0x0/0x1c @ 1
[    7.264517] initcall snapshot_device_init+0x0/0x1c returned 0 after 13 usecs
[    7.271552] calling  irq_gc_init_ops+0x0/0x24 @ 1
[    7.276242] initcall irq_gc_init_ops+0x0/0x24 returned 0 after 0 usecs
[    7.282756] calling  irq_pm_init_ops+0x0/0x20 @ 1
[    7.287446] initcall irq_pm_init_ops+0x0/0x20 returned 0 after 0 usecs
[    7.293959] calling  timekeeping_init_ops+0x0/0x24 @ 1
[    7.299084] initcall timekeeping_init_ops+0x0/0x24 returned 0 after 0 usecs
[    7.306032] calling  init_clocksource_sysfs+0x0/0x38 @ 1
[    7.311346] initcall init_clocksource_sysfs+0x0/0x38 returned 0 after 15 usecs
[    7.318554] calling  init_timer_list_procfs+0x0/0x40 @ 1
[    7.323853] initcall init_timer_list_procfs+0x0/0x40 returned 0 after 0 usecs
[    7.330974] calling  alarmtimer_init+0x0/0xfc @ 1
[    7.335752] probe of alarmtimer returned 1 after 6 usecs
[    7.341052] initcall alarmtimer_init+0x0/0xfc returned 0 after 5260 usecs
[    7.347826] calling  init_posix_timers+0x0/0x38 @ 1
[    7.352692] initcall init_posix_timers+0x0/0x38 returned 0 after 1 usecs
[    7.359379] calling  clockevents_init_sysfs+0x0/0xec @ 1
[    7.364729] initcall clockevents_init_sysfs+0x0/0xec returned 0 after 50 usecs
[    7.371937] calling  sched_clock_syscore_init+0x0/0x24 @ 1
[    7.377409] initcall sched_clock_syscore_init+0x0/0x24 returned 0 after 0 usecs
[    7.384704] calling  proc_modules_init+0x0/0x34 @ 1
[    7.389569] initcall proc_modules_init+0x0/0x34 returned 0 after 0 usecs
[    7.396258] calling  kallsyms_init+0x0/0x30 @ 1
[    7.400775] initcall kallsyms_init+0x0/0x30 returned 0 after 0 usecs
[    7.407116] calling  pid_namespaces_init+0x0/0x48 @ 1
[    7.412158] initcall pid_namespaces_init+0x0/0x48 returned 0 after 4 usecs
[    7.419019] calling  ikconfig_init+0x0/0x44 @ 1
[    7.423537] initcall ikconfig_init+0x0/0x44 returned 0 after 0 usecs
[    7.429877] calling  audit_watch_init+0x0/0x44 @ 1
[    7.434655] initcall audit_watch_init+0x0/0x44 returned 0 after 0 usecs
[    7.441255] calling  audit_fsnotify_init+0x0/0x44 @ 1
[    7.446293] initcall audit_fsnotify_init+0x0/0x44 returned 0 after 0 usecs
[    7.453153] calling  audit_tree_init+0x0/0x68 @ 1
[    7.457845] initcall audit_tree_init+0x0/0x68 returned 0 after 0 usecs
[    7.464358] calling  init_kprobes+0x0/0x11c @ 1
[    7.468903] initcall init_kprobes+0x0/0x11c returned 0 after 27 usecs
[    7.475330] calling  seccomp_sysctl_init+0x0/0x38 @ 1
[    7.480370] initcall seccomp_sysctl_init+0x0/0x38 returned 0 after 1 usecs
[    7.487231] calling  utsname_sysctl_init+0x0/0x20 @ 1
[    7.492272] initcall utsname_sysctl_init+0x0/0x20 returned 0 after 3 usecs
[    7.499133] calling  init_tracepoints+0x0/0x40 @ 1
[    7.503911] initcall init_tracepoints+0x0/0x40 returned 0 after 0 usecs
[    7.510512] calling  perf_event_sysfs_init+0x0/0xb0 @ 1
[    7.515773] initcall perf_event_sysfs_init+0x0/0xb0 returned 0 after 47 usecs
[    7.522895] calling  init_uprobes+0x0/0x84 @ 1
[    7.527327] initcall init_uprobes+0x0/0x84 returned 0 after 1 usecs
[    7.533580] calling  padata_driver_init+0x0/0x48 @ 1
[    7.538532] initcall padata_driver_init+0x0/0x48 returned 0 after 0 usecs
[    7.545306] calling  system_trusted_keyring_init+0x0/0x68 @ 1
[    7.551037] Initialise system trusted keyrings
[    7.555472] initcall system_trusted_keyring_init+0x0/0x68 returned 0 after 4329 usecs
[    7.563287] calling  kswapd_init+0x0/0x58 @ 1
[    7.567645] initcall kswapd_init+0x0/0x58 returned 0 after 13 usecs
[    7.573899] calling  extfrag_debug_init+0x0/0x94 @ 1
[    7.578853] initcall extfrag_debug_init+0x0/0x94 returned 0 after 3 usecs
[    7.585627] calling  mm_compute_batch_init+0x0/0x64 @ 1
[    7.590838] initcall mm_compute_batch_init+0x0/0x64 returned 0 after 0 usecs
[    7.597873] calling  workingset_init+0x0/0xb4 @ 1
[    7.602564] workingset: timestamp_bits=46 max_order=22 bucket_order=0
[    7.608992] initcall workingset_init+0x0/0xb4 returned 0 after 6277 usecs
[    7.615766] calling  proc_vmalloc_init+0x0/0x38 @ 1
[    7.620630] initcall proc_vmalloc_init+0x0/0x38 returned 0 after 0 usecs
[    7.627317] calling  memblock_init_debugfs+0x0/0x8c @ 1
[    7.632531] initcall memblock_init_debugfs+0x0/0x8c returned 0 after 2 usecs
[    7.639565] calling  procswaps_init+0x0/0x34 @ 1
[    7.644170] initcall procswaps_init+0x0/0x34 returned 0 after 0 usecs
[    7.650597] calling  init_frontswap+0x0/0xa4 @ 1
[    7.655205] initcall init_frontswap+0x0/0xa4 returned 0 after 3 usecs
[    7.661632] calling  slab_sysfs_init+0x0/0x120 @ 1
[    7.667043] initcall slab_sysfs_init+0x0/0x120 returned 0 after 618 usecs
[    7.673817] calling  fcntl_init+0x0/0x38 @ 1
[    7.678084] initcall fcntl_init+0x0/0x38 returned 0 after 8 usecs
[    7.684163] calling  proc_filesystems_init+0x0/0x34 @ 1
[    7.689376] initcall proc_filesystems_init+0x0/0x34 returned 0 after 0 usecs
[    7.696410] calling  start_dirtytime_writeback+0x0/0x3c @ 1
[    7.701970] initcall start_dirtytime_writeback+0x0/0x3c returned 0 after 0 usecs
[    7.709352] calling  blkdev_init+0x0/0x28 @ 1
[    7.713706] initcall blkdev_init+0x0/0x28 returned 0 after 10 usecs
[    7.719960] calling  dio_init+0x0/0x38 @ 1
[    7.724051] initcall dio_init+0x0/0x38 returned 0 after 7 usecs
[    7.729957] calling  dnotify_init+0x0/0x88 @ 1
[    7.734402] initcall dnotify_init+0x0/0x88 returned 0 after 14 usecs
[    7.740742] calling  fanotify_user_setup+0x0/0x84 @ 1
[    7.745802] initcall fanotify_user_setup+0x0/0x84 returned 0 after 20 usecs
[    7.752750] calling  userfaultfd_init+0x0/0x40 @ 1
[    7.757536] initcall userfaultfd_init+0x0/0x40 returned 0 after 7 usecs
[    7.764136] calling  aio_setup+0x0/0x94 @ 1
[    7.768328] initcall aio_setup+0x0/0x94 returned 0 after 20 usecs
[    7.774408] calling  fscrypt_init+0x0/0xc4 @ 1
[    7.778871] initcall fscrypt_init+0x0/0xc4 returned 0 after 31 usecs
[    7.785212] calling  init_sys32_ioctl+0x0/0x34 @ 1
[    7.790043] initcall init_sys32_ioctl+0x0/0x34 returned 0 after 51 usecs
[    7.796730] calling  mbcache_init+0x0/0x44 @ 1
[    7.801169] initcall mbcache_init+0x0/0x44 returned 0 after 8 usecs
[    7.807423] calling  init_devpts_fs+0x0/0x3c @ 1
[    7.812032] initcall init_devpts_fs+0x0/0x3c returned 0 after 5 usecs
[    7.818460] calling  ext4_init_fs+0x0/0x16c @ 1
[    7.823036] initcall ext4_init_fs+0x0/0x16c returned 0 after 57 usecs
[    7.829463] calling  journal_init+0x0/0x12c @ 1
[    7.834021] initcall journal_init+0x0/0x12c returned 0 after 40 usecs
[    7.840448] calling  init_squashfs_fs+0x0/0x84 @ 1
[    7.845233] squashfs: version 4.0 (2009/01/31) Phillip Lougher
[    7.851053] initcall init_squashfs_fs+0x0/0x84 returned 0 after 5690 usecs
[    7.857913] calling  init_fat_fs+0x0/0x5c @ 1
[    7.862274] initcall init_fat_fs+0x0/0x5c returned 0 after 16 usecs
[    7.868528] calling  init_vfat_fs+0x0/0x1c @ 1
[    7.872959] initcall init_vfat_fs+0x0/0x1c returned 0 after 0 usecs
[    7.879212] calling  init_msdos_fs+0x0/0x1c @ 1
[    7.883729] initcall init_msdos_fs+0x0/0x1c returned 0 after 0 usecs
[    7.890069] calling  init_iso9660_fs+0x0/0x84 @ 1
[    7.894774] initcall init_iso9660_fs+0x0/0x84 returned 0 after 14 usecs
[    7.901375] calling  init_autofs_fs+0x0/0x38 @ 1
[    7.905994] initcall init_autofs_fs+0x0/0x38 returned 0 after 14 usecs
[    7.912509] calling  ovl_init+0x0/0x6c @ 1
[    7.916601] initcall ovl_init+0x0/0x6c returned 0 after 8 usecs
[    7.922507] calling  ipc_init+0x0/0x30 @ 1
[    7.926594] initcall ipc_init+0x0/0x30 returned 0 after 4 usecs
[    7.932501] calling  ipc_sysctl_init+0x0/0x20 @ 1
[    7.937197] initcall ipc_sysctl_init+0x0/0x20 returned 0 after 5 usecs
[    7.943710] calling  init_mqueue_fs+0x0/0xf8 @ 1
[    7.948339] initcall init_mqueue_fs+0x0/0xf8 returned 0 after 24 usecs
[    7.954854] calling  key_proc_init+0x0/0x84 @ 1
[    7.959373] initcall key_proc_init+0x0/0x84 returned 0 after 1 usecs
[    7.965713] calling  selinux_nf_ip_init+0x0/0x68 @ 1
[    7.970664] initcall selinux_nf_ip_init+0x0/0x68 returned 0 after 0 usecs
[    7.977438] calling  init_sel_fs+0x0/0xf4 @ 1
[    7.981782] initcall init_sel_fs+0x0/0xf4 returned 0 after 0 usecs
[    7.987948] calling  selnl_init+0x0/0x58 @ 1
[    7.992215] initcall selnl_init+0x0/0x58 returned 0 after 9 usecs
[    7.998295] calling  sel_netif_init+0x0/0x58 @ 1
[    8.002899] initcall sel_netif_init+0x0/0x58 returned 0 after 0 usecs
[    8.009326] calling  sel_netnode_init+0x0/0x38 @ 1
[    8.014104] initcall sel_netnode_init+0x0/0x38 returned 0 after 0 usecs
[    8.020704] calling  sel_netport_init+0x0/0x38 @ 1
[    8.025482] initcall sel_netport_init+0x0/0x38 returned 0 after 0 usecs
[    8.032082] calling  aurule_init+0x0/0x34 @ 1
[    8.036426] initcall aurule_init+0x0/0x34 returned 0 after 0 usecs
[    8.042593] calling  crypto_algapi_init+0x0/0x18 @ 1
[    8.047544] initcall crypto_algapi_init+0x0/0x18 returned 0 after 0 usecs
[    8.054319] calling  seqiv_module_init+0x0/0x1c @ 1
[    8.059183] initcall seqiv_module_init+0x0/0x1c returned 0 after 0 usecs
[    8.065872] calling  rsa_init+0x0/0x58 @ 1
[    8.069971] initcall rsa_init+0x0/0x58 returned 0 after 15 usecs
[    8.075965] calling  hmac_module_init+0x0/0x1c @ 1
[    8.080747] initcall hmac_module_init+0x0/0x1c returned 0 after 3 usecs
[    8.087348] calling  crypto_null_mod_init+0x0/0x68 @ 1
[    8.092534] initcall crypto_null_mod_init+0x0/0x68 returned 0 after 59 usecs
[    8.099570] calling  md5_mod_init+0x0/0x1c @ 1
[    8.104014] initcall md5_mod_init+0x0/0x1c returned 0 after 13 usecs
[    8.110355] calling  sha1_generic_mod_init+0x0/0x1c @ 1
[    8.115583] initcall sha1_generic_mod_init+0x0/0x1c returned 0 after 15 usecs
[    8.122705] calling  sha256_generic_mod_init+0x0/0x20 @ 1
[    8.128118] initcall sha256_generic_mod_init+0x0/0x20 returned 0 after 26 usecs
[    8.135414] calling  crypto_ecb_module_init+0x0/0x1c @ 1
[    8.140713] initcall crypto_ecb_module_init+0x0/0x1c returned 0 after 0 usecs
[    8.147834] calling  crypto_cbc_module_init+0x0/0x1c @ 1
[    8.153133] initcall crypto_cbc_module_init+0x0/0x1c returned 0 after 0 usecs
[    8.160253] calling  crypto_cts_module_init+0x0/0x1c @ 1
[    8.165552] initcall crypto_cts_module_init+0x0/0x1c returned 0 after 0 usecs
[    8.172672] calling  crypto_module_init+0x0/0x1c @ 1
[    8.177623] initcall crypto_module_init+0x0/0x1c returned 0 after 0 usecs
[    8.184397] calling  crypto_ctr_module_init+0x0/0x58 @ 1
[    8.189696] initcall crypto_ctr_module_init+0x0/0x58 returned 0 after 0 usecs
[    8.196817] calling  crypto_gcm_module_init+0x0/0xd0 @ 1
[    8.202116] initcall crypto_gcm_module_init+0x0/0xd0 returned 0 after 0 usecs
[    8.209238] calling  aes_init+0x0/0x1c @ 1
[    8.213334] initcall aes_init+0x0/0x1c returned 0 after 13 usecs
[    8.219328] calling  deflate_mod_init+0x0/0x50 @ 1
[    8.224148] initcall deflate_mod_init+0x0/0x50 returned 0 after 41 usecs
[    8.230836] calling  crc32c_mod_init+0x0/0x1c @ 1
[    8.235540] initcall crc32c_mod_init+0x0/0x1c returned 0 after 12 usecs
[    8.242141] calling  crct10dif_mod_init+0x0/0x1c @ 1
[    8.247105] initcall crct10dif_mod_init+0x0/0x1c returned 0 after 11 usecs
[    8.253967] calling  lzo_mod_init+0x0/0x4c @ 1
[    8.258427] initcall lzo_mod_init+0x0/0x4c returned 0 after 28 usecs
[    8.264768] calling  crypto842_mod_init+0x0/0x4c @ 1
[    8.269747] initcall crypto842_mod_init+0x0/0x4c returned 0 after 26 usecs
[    8.276609] calling  drbg_init+0x0/0x1e0 @ 1
[    8.281189] initcall drbg_init+0x0/0x1e0 returned 0 after 315 usecs
[    8.287444] calling  jent_mod_init+0x0/0x3c @ 1
[    8.292116] initcall jent_mod_init+0x0/0x3c returned 0 after 151 usecs
[    8.298631] calling  ghash_mod_init+0x0/0x1c @ 1
[    8.303251] initcall ghash_mod_init+0x0/0x1c returned 0 after 14 usecs
[    8.309765] calling  zstd_mod_init+0x0/0x4c @ 1
[    8.314312] initcall zstd_mod_init+0x0/0x4c returned 0 after 28 usecs
[    8.320741] calling  asymmetric_key_init+0x0/0x20 @ 1
[    8.325779] Key type asymmetric registered
[    8.329862] initcall asymmetric_key_init+0x0/0x20 returned 0 after 3986 usecs
[    8.336983] calling  x509_key_init+0x0/0x1c @ 1
[    8.341499] Asymmetric key parser 'x509' registered
[    8.346364] initcall x509_key_init+0x0/0x1c returned 0 after 4749 usecs
[    8.352964] calling  proc_genhd_init+0x0/0x64 @ 1
[    8.357657] initcall proc_genhd_init+0x0/0x64 returned 0 after 1 usecs
[    8.364170] calling  bsg_init+0x0/0xf8 @ 1
[    8.368257] Block layer SCSI generic (bsg) driver version 0.4 loaded (major 245)
[    8.375639] initcall bsg_init+0x0/0xf8 returned 0 after 7212 usecs
[    8.381805] calling  throtl_init+0x0/0x50 @ 1
[    8.386173] initcall throtl_init+0x0/0x50 returned 0 after 23 usecs
[    8.392426] calling  iolatency_init+0x0/0x1c @ 1
[    8.397031] initcall iolatency_init+0x0/0x1c returned 0 after 0 usecs
[    8.403457] calling  noop_init+0x0/0x1c @ 1
[    8.407627] io scheduler noop registered
[    8.411537] initcall noop_init+0x0/0x1c returned 0 after 3817 usecs
[    8.417790] calling  deadline_init+0x0/0x1c @ 1
[    8.422308] io scheduler deadline registered
[    8.426565] initcall deadline_init+0x0/0x1c returned 0 after 4156 usecs
[    8.433165] calling  cfq_init+0x0/0x8c @ 1
[    8.437266] io scheduler cfq registered (default)
[    8.441956] initcall cfq_init+0x0/0x8c returned 0 after 4598 usecs
[    8.448122] calling  deadline_init+0x0/0x1c @ 1
[    8.452639] io scheduler mq-deadline registered
[    8.457155] initcall deadline_init+0x0/0x1c returned 0 after 4410 usecs
[    8.463755] calling  kyber_init+0x0/0x1c @ 1
[    8.468011] io scheduler kyber registered
[    8.472007] initcall kyber_init+0x0/0x1c returned 0 after 3901 usecs
[    8.478347] calling  bfq_init+0x0/0xa0 @ 1
[    8.482445] io scheduler bfq registered
[    8.486268] initcall bfq_init+0x0/0xa0 returned 0 after 3748 usecs
[    8.492434] calling  btree_module_init+0x0/0x38 @ 1
[    8.497307] initcall btree_module_init+0x0/0x38 returned 0 after 8 usecs
[    8.503995] calling  crc_t10dif_mod_init+0x0/0x50 @ 1
[    8.509034] initcall crc_t10dif_mod_init+0x0/0x50 returned 0 after 1 usecs
[    8.515895] calling  libcrc32c_mod_init+0x0/0x38 @ 1
[    8.520847] initcall libcrc32c_mod_init+0x0/0x38 returned 0 after 0 usecs
[    8.527621] calling  sw842_init+0x0/0x104 @ 1
[    8.531964] initcall sw842_init+0x0/0x104 returned 0 after 0 usecs
[    8.538130] calling  sw842_init+0x0/0x104 @ 1
[    8.542473] initcall sw842_init+0x0/0x104 returned 0 after 0 usecs
[    8.548639] calling  percpu_counter_startup+0x0/0x84 @ 1
[    8.553966] initcall percpu_counter_startup+0x0/0x84 returned 0 after 28 usecs
[    8.561175] calling  audit_classes_init+0x0/0xb0 @ 1
[    8.566127] initcall audit_classes_init+0x0/0xb0 returned 0 after 1 usecs
[    8.572900] calling  digsig_init+0x0/0x54 @ 1
[    8.577245] initcall digsig_init+0x0/0x54 returned 0 after 0 usecs
[    8.583411] calling  sg_pool_init+0x0/0xf8 @ 1
[    8.587881] initcall sg_pool_init+0x0/0xf8 returned 0 after 38 usecs
[    8.594222] calling  mbigen_platform_driver_init+0x0/0x20 @ 1
[    8.600070] probe of HISI0152:00 returned 1 after 20 usecs
[    8.605551] probe of HISI0152:01 returned 1 after 8 usecs
[    8.610945] probe of HISI0152:02 returned 1 after 8 usecs
[    8.616339] probe of HISI0152:03 returned 1 after 7 usecs
[    8.621734] probe of HISI0152:04 returned 1 after 8 usecs
[    8.627129] probe of HISI0152:05 returned 1 after 9 usecs
[    8.632524] probe of HISI0152:08 returned 1 after 9 usecs
[    8.637920] probe of HISI0152:09 returned 1 after 10 usecs
[    8.643402] probe of HISI0152:0a returned 1 after 9 usecs
[    8.648799] probe of HISI0152:0b returned 1 after 11 usecs
[    8.654282] probe of HISI0152:0c returned 1 after 10 usecs
[    8.659765] probe of HISI0152:0d returned 1 after 10 usecs
[    8.665249] initcall mbigen_platform_driver_init+0x0/0x20 returned 0 after 63762 usecs
[    8.673151] calling  brcm_gisb_driver_init+0x0/0x28 @ 1
[    8.678406] initcall brcm_gisb_driver_init+0x0/0x28 returned -19 after 42 usecs
[    8.685701] calling  phy_core_init+0x0/0x68 @ 1
