[    0.000000] Booting Linux on physical CPU 0x0000180000 [0x481fd010]
[    0.000000] Linux version 4.19.90-2102.2.0.0062.ctl2.aarch64 (abuild@obs7) (gcc version 7.3.0 (GCC)) #1 SMP Thu Mar 10 03:30:47 UTC 2022
[    0.000000] efi: Getting EFI parameters from FDT:
[    0.000000] efi: EFI v2.70 by EDK II
[    0.000000] efi:  ACPI 2.0=0x2f390018  SMBIOS 3.0=0x2f240000  MEMATTR=0x312ec018  ESRT=0x312f4f98  RNG=0x3eadba18  MEMRESERVE=0x2f251e18 
[    0.000000] efi: seeding entropy pool
[    0.000000] esrt: Reserving ESRT space from 0x00000000312f4f98 to 0x00000000312f4fd0.
[    0.000000] kexec_core: Reserving 256MB of low memory at 1792MB for crashkernel (System low RAM: 2031MB)
[    0.000000] crashkernel reserved: 0x0000203fc0000000 - 0x0000204000000000 (1024 MB)
[    0.000000] cma: Failed to reserve 512 MiB
[    0.000000] ACPI: Early table checksum verification disabled
[    0.000000] ACPI: RSDP 0x000000002F390018 000024 (v02 HISI  )
[    0.000000] ACPI: XSDT 0x000000002F39FE98 0000B4 (v01 HISI   HIP08    00000000      01000013)
[    0.000000] ACPI: FACP 0x000000002F39F918 000114 (v06 HISI   HIP08    00000000 HISI 20151124)
[    0.000000] ACPI: DSDT 0x000000002EE00018 00FEF7 (v02 HISI   HIP08    00000000 INTL 20210105)
[    0.000000] ACPI: PCCT 0x000000002F39FA98 00008A (v01 HISI   HIP08    00000000 HISI 20151124)
[    0.000000] ACPI: SSDT 0x000000002F380018 00E56A (v02 HISI   HIP07    00000000 INTL 20210105)
[    0.000000] ACPI: BERT 0x000000002F39FE18 000030 (v01 HISI   HIP08    00000000 HISI 20151124)
[    0.000000] ACPI: HEST 0x000000002F39E998 00058C (v01 HISI   HIP08    00000000 HISI 20151124)
[    0.000000] ACPI: ERST 0x000000002F39FB98 000230 (v01 HISI   HIP08    00000000 HISI 20151124)
[    0.000000] ACPI: EINJ 0x000000002F39F018 000170 (v01 HISI   HIP08    00000000 HISI 20151124)
[    0.000000] ACPI: GTDT 0x000000002F39F298 00007C (v02 HISI   HIP08    00000000 HISI 20151124)
[    0.000000] ACPI: SDEI 0x000000002F39FF98 000030 (v01 HISI   HIP08    00000000 HISI 20151124)
[    0.000000] ACPI: MCFG 0x000000002F39F798 00003C (v01 HISI   HIP08    00000000 HISI 20151124)
[    0.000000] ACPI: SLIT 0x000000002F39F818 00003C (v01 HISI   HIP08    00000000 HISI 20151124)
[    0.000000] ACPI: SPCR 0x000000002F39F898 000050 (v02 HISI   HIP08    00000000 HISI 20151124)
[    0.000000] ACPI: SRAT 0x000000002F397518 000540 (v03 HISI   HIP08    00000000 HISI 20151124)
[    0.000000] ACPI: APIC 0x000000002F39C398 00146C (v04 HISI   HIP08    00000000 HISI 20151124)
[    0.000000] ACPI: IORT 0x000000002F397B98 001678 (v00 HISI   HIP08    00000000 INTL 20210105)
[    0.000000] ACPI: PPTT 0x000000002F399718 002130 (v01 HISI   HIP08    00000000 HISI 20151124)
[    0.000000] ACPI: MPAM 0x000000002F39DF18 00043A (v01 HISI   HIP08    00000000 HISI 20151124)
[    0.000000] ACPI: SPMI 0x000000002F39E598 000041 (v05 HISI   HIP08    00000000 HISI 20151124)
[    0.000000] ACPI: SPCR: console: uart,mmio,0x3f00002f8,115200
[    0.000000] ACPI: SRAT: Node 0 PXM 0 [mem 0x2080000000-0x3fffffffff]
[    0.000000] ACPI: SRAT: Node 0 PXM 0 [mem 0x00000000-0x7fffffff]
[    0.000000] ACPI: SRAT: Node 1 PXM 1 [mem 0x202000000000-0x203fffffffff]
[    0.000000] NUMA: NODE_DATA [mem 0x3fffffe0c0-0x3fffffffff]
[    0.000000] NUMA: NODE_DATA [mem 0x203fbfffe0c0-0x203fbfffffff]
[    0.000000] Zone ranges:
[    0.000000]   DMA32    [mem 0x0000000000000000-0x00000000ffffffff]
[    0.000000]   Normal   [mem 0x0000000100000000-0x0000203fffffffff]
[    0.000000] Movable zone start for each node
[    0.000000] Early memory node ranges
[    0.000000]   node   0: [mem 0x0000000000000000-0x000000000000ffff]
[    0.000000]   node   0: [mem 0x0000000000010000-0x000000002ec0ffff]
[    0.000000]   node   0: [mem 0x000000002ec10000-0x000000002edfffff]
[    0.000000]   node   0: [mem 0x000000002ee00000-0x000000002ee0ffff]
[    0.000000]   node   0: [mem 0x000000002ee10000-0x000000002ee6ffff]
[    0.000000]   node   0: [mem 0x000000002ee70000-0x000000002ee7ffff]
[    0.000000]   node   0: [mem 0x000000002ee80000-0x000000002eefffff]
[    0.000000]   node   0: [mem 0x000000002ef00000-0x000000002ef5ffff]
[    0.000000]   node   0: [mem 0x000000002ef60000-0x000000002effffff]
[    0.000000]   node   0: [mem 0x000000002f000000-0x000000002f02ffff]
[    0.000000]   node   0: [mem 0x000000002f030000-0x000000002f0cffff]
[    0.000000]   node   0: [mem 0x000000002f0d0000-0x000000002f19ffff]
[    0.000000]   node   0: [mem 0x000000002f1a0000-0x000000002f1fffff]
[    0.000000]   node   0: [mem 0x000000002f200000-0x000000002f22ffff]
[    0.000000]   node   0: [mem 0x000000002f230000-0x000000002f24ffff]
[    0.000000]   node   0: [mem 0x000000002f250000-0x000000002f2cffff]
[    0.000000]   node   0: [mem 0x000000002f2d0000-0x000000002f37ffff]
[    0.000000]   node   0: [mem 0x000000002f380000-0x000000002f39ffff]
[    0.000000]   node   0: [mem 0x000000002f3a0000-0x000000002f6fffff]
[    0.000000]   node   0: [mem 0x000000002f700000-0x000000003eaaffff]
[    0.000000]   node   0: [mem 0x000000003eab0000-0x000000003eadffff]
[    0.000000]   node   0: [mem 0x000000003eae0000-0x000000003fbfffff]
[    0.000000]   node   0: [mem 0x000000003fc00000-0x0000000043ffffff]
[    0.000000]   node   0: [mem 0x0000000044030000-0x000000004effffff]
[    0.000000]   node   0: [mem 0x0000000050000000-0x00000000501fffff]
[    0.000000]   node   0: [mem 0x0000000050200000-0x000000007fffffff]
[    0.000000]   node   0: [mem 0x0000002080000000-0x0000003fffffffff]
[    0.000000]   node   1: [mem 0x0000202000000000-0x0000203fffffffff]
[    0.000000] Zeroed struct page in unavailable ranges: 205 pages
[    0.000000] Initmem setup node 0 [mem 0x0000000000000000-0x0000003fffffffff]
[    0.000000] On node 0 totalpages: 2096893
[    0.000000]   DMA32 zone: 32 pages used for memmap
[    0.000000]   DMA32 zone: 0 pages reserved
[    0.000000]   DMA32 zone: 32509 pages, LIFO batch:3
[    0.000000]   Normal zone: 2016 pages used for memmap
[    0.000000]   Normal zone: 2064384 pages, LIFO batch:3
[    0.000000] Initmem setup node 1 [mem 0x0000202000000000-0x0000203fffffffff]
[    0.000000] On node 1 totalpages: 2097152
[    0.000000]   Normal zone: 2048 pages used for memmap
[    0.000000]   Normal zone: 2097152 pages, LIFO batch:3
[    0.000000] psci: probing for conduit method from ACPI.
[    0.000000] psci: PSCIv1.1 detected in firmware.
[    0.000000] psci: Using standard PSCI v0.2 function IDs
[    0.000000] psci: MIGRATE_INFO_TYPE not supported.
[    0.000000] psci: SMC Calling Convention v1.0
[    0.000000] ACPI: NUMA: SRAT: PXM 0 -> MPIDR 0x180000 -> Node 0
[    0.000000] ACPI: NUMA: SRAT: PXM 0 -> MPIDR 0x180100 -> Node 0
[    0.000000] ACPI: NUMA: SRAT: PXM 0 -> MPIDR 0x180200 -> Node 0
[    0.000000] ACPI: NUMA: SRAT: PXM 0 -> MPIDR 0x180300 -> Node 0
[    0.000000] ACPI: NUMA: SRAT: PXM 0 -> MPIDR 0x190000 -> Node 0
[    0.000000] ACPI: NUMA: SRAT: PXM 0 -> MPIDR 0x190100 -> Node 0
[    0.000000] ACPI: NUMA: SRAT: PXM 0 -> MPIDR 0x190200 -> Node 0
[    0.000000] ACPI: NUMA: SRAT: PXM 0 -> MPIDR 0x190300 -> Node 0
[    0.000000] ACPI: NUMA: SRAT: PXM 0 -> MPIDR 0x1a0000 -> Node 0
[    0.000000] ACPI: NUMA: SRAT: PXM 0 -> MPIDR 0x1a0100 -> Node 0
[    0.000000] ACPI: NUMA: SRAT: PXM 0 -> MPIDR 0x1a0200 -> Node 0
[    0.000000] ACPI: NUMA: SRAT: PXM 0 -> MPIDR 0x1a0300 -> Node 0
[    0.000000] ACPI: NUMA: SRAT: PXM 0 -> MPIDR 0x1b0000 -> Node 0
[    0.000000] ACPI: NUMA: SRAT: PXM 0 -> MPIDR 0x1b0100 -> Node 0
[    0.000000] ACPI: NUMA: SRAT: PXM 0 -> MPIDR 0x1b0200 -> Node 0
[    0.000000] ACPI: NUMA: SRAT: PXM 0 -> MPIDR 0x1b0300 -> Node 0
[    0.000000] ACPI: NUMA: SRAT: PXM 0 -> MPIDR 0x1c0000 -> Node 0
[    0.000000] ACPI: NUMA: SRAT: PXM 0 -> MPIDR 0x1c0100 -> Node 0
[    0.000000] ACPI: NUMA: SRAT: PXM 0 -> MPIDR 0x1c0200 -> Node 0
[    0.000000] ACPI: NUMA: SRAT: PXM 0 -> MPIDR 0x1c0300 -> Node 0
[    0.000000] ACPI: NUMA: SRAT: PXM 0 -> MPIDR 0x1d0000 -> Node 0
[    0.000000] ACPI: NUMA: SRAT: PXM 0 -> MPIDR 0x1d0100 -> Node 0
[    0.000000] ACPI: NUMA: SRAT: PXM 0 -> MPIDR 0x1d0200 -> Node 0
[    0.000000] ACPI: NUMA: SRAT: PXM 0 -> MPIDR 0x1d0300 -> Node 0
[    0.000000] ACPI: NUMA: SRAT: PXM 0 -> MPIDR 0x1e0000 -> Node 0
[    0.000000] ACPI: NUMA: SRAT: PXM 0 -> MPIDR 0x1e0100 -> Node 0
[    0.000000] ACPI: NUMA: SRAT: PXM 0 -> MPIDR 0x1e0200 -> Node 0
[    0.000000] ACPI: NUMA: SRAT: PXM 0 -> MPIDR 0x1e0300 -> Node 0
[    0.000000] ACPI: NUMA: SRAT: PXM 0 -> MPIDR 0x1f0000 -> Node 0
[    0.000000] ACPI: NUMA: SRAT: PXM 0 -> MPIDR 0x1f0100 -> Node 0
[    0.000000] ACPI: NUMA: SRAT: PXM 0 -> MPIDR 0x1f0200 -> Node 0
[    0.000000] ACPI: NUMA: SRAT: PXM 0 -> MPIDR 0x1f0300 -> Node 0
[    0.000000] ACPI: NUMA: SRAT: PXM 1 -> MPIDR 0x380000 -> Node 1
[    0.000000] ACPI: NUMA: SRAT: PXM 1 -> MPIDR 0x380100 -> Node 1
[    0.000000] ACPI: NUMA: SRAT: PXM 1 -> MPIDR 0x380200 -> Node 1
[    0.000000] ACPI: NUMA: SRAT: PXM 1 -> MPIDR 0x380300 -> Node 1
[    0.000000] ACPI: NUMA: SRAT: PXM 1 -> MPIDR 0x390000 -> Node 1
[    0.000000] ACPI: NUMA: SRAT: PXM 1 -> MPIDR 0x390100 -> Node 1
[    0.000000] ACPI: NUMA: SRAT: PXM 1 -> MPIDR 0x390200 -> Node 1
[    0.000000] ACPI: NUMA: SRAT: PXM 1 -> MPIDR 0x390300 -> Node 1
[    0.000000] ACPI: NUMA: SRAT: PXM 1 -> MPIDR 0x3a0000 -> Node 1
[    0.000000] ACPI: NUMA: SRAT: PXM 1 -> MPIDR 0x3a0100 -> Node 1
[    0.000000] ACPI: NUMA: SRAT: PXM 1 -> MPIDR 0x3a0200 -> Node 1
[    0.000000] ACPI: NUMA: SRAT: PXM 1 -> MPIDR 0x3a0300 -> Node 1
[    0.000000] ACPI: NUMA: SRAT: PXM 1 -> MPIDR 0x3b0000 -> Node 1
[    0.000000] ACPI: NUMA: SRAT: PXM 1 -> MPIDR 0x3b0100 -> Node 1
[    0.000000] ACPI: NUMA: SRAT: PXM 1 -> MPIDR 0x3b0200 -> Node 1
[    0.000000] ACPI: NUMA: SRAT: PXM 1 -> MPIDR 0x3b0300 -> Node 1
[    0.000000] ACPI: NUMA: SRAT: PXM 1 -> MPIDR 0x3c0000 -> Node 1
[    0.000000] ACPI: NUMA: SRAT: PXM 1 -> MPIDR 0x3c0100 -> Node 1
[    0.000000] ACPI: NUMA: SRAT: PXM 1 -> MPIDR 0x3c0200 -> Node 1
[    0.000000] ACPI: NUMA: SRAT: PXM 1 -> MPIDR 0x3c0300 -> Node 1
[    0.000000] ACPI: NUMA: SRAT: PXM 1 -> MPIDR 0x3d0000 -> Node 1
[    0.000000] ACPI: NUMA: SRAT: PXM 1 -> MPIDR 0x3d0100 -> Node 1
[    0.000000] ACPI: NUMA: SRAT: PXM 1 -> MPIDR 0x3d0200 -> Node 1
[    0.000000] ACPI: NUMA: SRAT: PXM 1 -> MPIDR 0x3d0300 -> Node 1
[    0.000000] ACPI: NUMA: SRAT: PXM 1 -> MPIDR 0x3e0000 -> Node 1
[    0.000000] ACPI: NUMA: SRAT: PXM 1 -> MPIDR 0x3e0100 -> Node 1
[    0.000000] ACPI: NUMA: SRAT: PXM 1 -> MPIDR 0x3e0200 -> Node 1
[    0.000000] ACPI: NUMA: SRAT: PXM 1 -> MPIDR 0x3e0300 -> Node 1
[    0.000000] ACPI: NUMA: SRAT: PXM 1 -> MPIDR 0x3f0000 -> Node 1
[    0.000000] ACPI: NUMA: SRAT: PXM 1 -> MPIDR 0x3f0100 -> Node 1
[    0.000000] ACPI: NUMA: SRAT: PXM 1 -> MPIDR 0x3f0200 -> Node 1
[    0.000000] ACPI: NUMA: SRAT: PXM 1 -> MPIDR 0x3f0300 -> Node 1
[    0.000000] random: get_random_bytes called from start_kernel+0xa8/0x4f8 with crng_init=0
[    0.000000] percpu: Embedded 3 pages/cpu s125912 r8192 d62504 u196608
[    0.000000] pcpu-alloc: s125912 r8192 d62504 u196608 alloc=3*65536
[    0.000000] pcpu-alloc: [0] 00 [0] 01 [0] 02 [0] 03 [0] 04 [0] 05 [0] 06 [0] 07 
[    0.000000] pcpu-alloc: [0] 08 [0] 09 [0] 10 [0] 11 [0] 12 [0] 13 [0] 14 [0] 15 
[    0.000000] pcpu-alloc: [0] 16 [0] 17 [0] 18 [0] 19 [0] 20 [0] 21 [0] 22 [0] 23 
[    0.000000] pcpu-alloc: [0] 24 [0] 25 [0] 26 [0] 27 [0] 28 [0] 29 [0] 30 [0] 31 
[    0.000000] pcpu-alloc: [1] 32 [1] 33 [1] 34 [1] 35 [1] 36 [1] 37 [1] 38 [1] 39 
[    0.000000] pcpu-alloc: [1] 40 [1] 41 [1] 42 [1] 43 [1] 44 [1] 45 [1] 46 [1] 47 
[    0.000000] pcpu-alloc: [1] 48 [1] 49 [1] 50 [1] 51 [1] 52 [1] 53 [1] 54 [1] 55 
[    0.000000] pcpu-alloc: [1] 56 [1] 57 [1] 58 [1] 59 [1] 60 [1] 61 [1] 62 [1] 63 
[    0.000000] Detected VIPT I-cache on CPU0
[    0.000000] CPU features: enabling workaround for Mismatched cache type
[    0.000000] CPU features: detected: GIC system register CPU interface
[    0.000000] CPU features: detected: Virtualization Host Extensions
[    0.000000] CPU features: kernel page table isolation forced ON by KASLR
[    0.000000] CPU features: detected: Kernel page table isolation (KPTI)
[    0.000000] CPU features: detected: Hardware dirty bit management
[    0.000000] CPU features: detected: Speculative Store Bypassing Safe (SSBS)
[    0.000000] alternatives: patching kernel code
[    0.000000] Built 2 zonelists, mobility grouping on.  Total pages: 4189949
[    0.000000] Policy zone: Normal
[    0.000000] Kernel command line: BOOT_IMAGE=/vmlinuz-4.19.90-2102.2.0.0062.ctl2.aarch64 root=/dev/mapper/system-lv_root ro console=tty0 pci=realloc pciehp.pciehp_forece=1 biosdevname=0 net.ifnames=0 console=ttyS0,115200n8 crashkernel=1024M,high smmu.bypassdev=0x1000:0x17 smmu.bypassdev=0x1000:0x15 video=efifb:off video=VGA-1:640x480-32@60me
[    0.000000] software IO TLB: mapped [mem 0x6c000000-0x70000000] (64MB)
[    0.000000] Memory: 266452928K/268418880K available (10300K kernel code, 1602K rwdata, 3712K rodata, 4288K init, 3056K bss, 1965952K reserved, 0K cma-reserved)
[    0.000000] SLUB: HWalign=64, Order=0-3, MinObjects=0, CPUs=64, Nodes=2
[    0.000000] ftrace: allocating 34923 entries in 9 pages
[    0.000000] rcu: Hierarchical RCU implementation.
[    0.000000] rcu: 	RCU restricting CPUs from NR_CPUS=1024 to nr_cpu_ids=64.
[    0.000000] rcu: Adjusting geometry for rcu_fanout_leaf=16, nr_cpu_ids=64
[    0.000000] NR_IRQS: 64, nr_irqs: 64, preallocated irqs: 0
[    0.000000] GICv3: GIC: Using split EOI/Deactivate mode
[    0.000000] GICv3: Distributor has no Range Selector support
[    0.000000] GICv3: VLPI support, direct LPI support
[    0.000000] GICv3: CPU0: found redistributor 180000 region 0:0x00000000aa100000
[    0.000000] SRAT: PXM 0 -> ITS 0 -> Node 0
[    0.000000] SRAT: PXM 1 -> ITS 1 -> Node 1
[    0.000000] ITS [mem 0x202100000-0x20211ffff]
[    0.000000] ITS@0x0000000202100000: Using ITS number 0
[    0.000000] ITS@0x0000000202100000: allocated 65536 Devices @3fc0700000 (flat, esz 8, psz 16K, shr 1)
[    0.000000] ITS@0x0000000202100000: allocated 65536 Virtual CPUs @3fc0800000 (flat, esz 16, psz 4K, shr 1)
[    0.000000] ITS@0x0000000202100000: allocated 4096 Interrupt Collections @3fc06a0000 (flat, esz 16, psz 4K, shr 1)
[    0.000000] ITS [mem 0x200202100000-0x20020211ffff]
[    0.000000] ITS@0x0000200202100000: Using ITS number 1
[    0.000000] ITS@0x0000200202100000: allocated 65536 Devices @203f60080000 (flat, esz 8, psz 16K, shr 1)
[    0.000000] ITS@0x0000200202100000: allocated 65536 Virtual CPUs @203f60100000 (flat, esz 16, psz 4K, shr 1)
[    0.000000] ITS@0x0000200202100000: allocated 4096 Interrupt Collections @203f60020000 (flat, esz 16, psz 4K, shr 1)
[    0.000000] GICv3: using LPI property table @0x0000003fc06b0000
[    0.000000] ITS: Using DirectLPI for VPE invalidation
[    0.000000] ITS: Enabling GICv4 support
[    0.000000] GICv3: CPU0: using allocated LPI pending table @0x0000003fc06d0000
[    0.000000] rcu: 	Offload RCU callbacks from CPUs: (none).
[    0.000000] arch_timer: cp15 timer(s) running at 100.00MHz (phys).
[    0.000000] clocksource: arch_sys_counter: mask: 0xffffffffffffff max_cycles: 0x171024e7e0, max_idle_ns: 440795205315 ns
[    0.000001] sched_clock: 56 bits at 100MHz, resolution 10ns, wraps every 4398046511100ns
[    0.000081] Console: colour dummy device 80x25
[    0.000352] console [tty0] enabled
[    0.000471] mempolicy: Enabling automatic NUMA balancing. Configure with numa_balancing= or the kernel.numa_balancing sysctl
[    0.000484] ACPI: Core revision 20180810
[    0.000902] Calibrating delay loop (skipped), value calculated using timer frequency.. 200.00 BogoMIPS (lpj=400000)
[    0.000907] pid_max: default: 65536 minimum: 512
[    0.001221] Security Framework initialized
[    0.001224] Yama: becoming mindful.
[    0.001227] SELinux:  Initializing.
[    0.010879] Dentry cache hash table entries: 16777216 (order: 11, 134217728 bytes)
[    0.015586] Inode-cache hash table entries: 8388608 (order: 10, 67108864 bytes)
[    0.015789] Mount-cache hash table entries: 262144 (order: 5, 2097152 bytes)
[    0.015941] Mountpoint-cache hash table entries: 262144 (order: 5, 2097152 bytes)
[    0.017502] ASID allocator initialised with 32768 entries
[    0.017523] rcu: Hierarchical SRCU implementation.
[    0.017852] Platform MSI: ITS@0x202100000 domain created
[    0.017856] Platform MSI: ITS@0x200202100000 domain created
[    0.017860] PCI/MSI: ITS@0x202100000 domain created
[    0.017863] PCI/MSI: ITS@0x200202100000 domain created
[    0.017894] Remapping and enabling EFI services.
[    0.017979] efi: memattr: Entry attributes invalid: RO and XP bits both cleared
[    0.017984] efi: memattr: ! 0x000000000000-0x00000000ffff [Runtime Code       |RUN|  |  |  |  |  |  |   |  |  |  |  ]
[    0.018656] smp: Bringing up secondary CPUs ...
[    0.018780] Detected VIPT I-cache on CPU1
[    0.018785] GICv3: CPU1: found redistributor 180100 region 1:0x00000000aa140000
[    0.018799] GICv3: CPU1: using allocated LPI pending table @0x0000003fc06e0000
[    0.018825] CPU1: Booted secondary processor 0x0000180100 [0x481fd010]
[    0.019767] Detected VIPT I-cache on CPU2
[    0.019771] GICv3: CPU2: found redistributor 180200 region 2:0x00000000aa180000
[    0.019782] GICv3: CPU2: using allocated LPI pending table @0x0000003fc06f0000
[    0.019807] CPU2: Booted secondary processor 0x0000180200 [0x481fd010]
[    0.020767] Detected VIPT I-cache on CPU3
[    0.020771] GICv3: CPU3: found redistributor 180300 region 3:0x00000000aa1c0000
[    0.020783] GICv3: CPU3: using allocated LPI pending table @0x0000003fc0780000
[    0.020807] CPU3: Booted secondary processor 0x0000180300 [0x481fd010]
[    0.021761] Detected VIPT I-cache on CPU4
[    0.021768] GICv3: CPU4: found redistributor 190000 region 4:0x00000000aa200000
[    0.021787] GICv3: CPU4: using allocated LPI pending table @0x0000003fc0790000
[    0.021816] CPU4: Booted secondary processor 0x0000190000 [0x481fd010]
[    0.022755] Detected VIPT I-cache on CPU5
[    0.022760] GICv3: CPU5: found redistributor 190100 region 5:0x00000000aa240000
[    0.022773] GICv3: CPU5: using allocated LPI pending table @0x0000003fc07a0000
[    0.022797] CPU5: Booted secondary processor 0x0000190100 [0x481fd010]
[    0.023750] Detected VIPT I-cache on CPU6
[    0.023754] GICv3: CPU6: found redistributor 190200 region 6:0x00000000aa280000
[    0.023767] GICv3: CPU6: using allocated LPI pending table @0x0000003fc07b0000
[    0.023793] CPU6: Booted secondary processor 0x0000190200 [0x481fd010]
[    0.024746] Detected VIPT I-cache on CPU7
[    0.024751] GICv3: CPU7: found redistributor 190300 region 7:0x00000000aa2c0000
[    0.024763] GICv3: CPU7: using allocated LPI pending table @0x0000003fc07c0000
[    0.024789] CPU7: Booted secondary processor 0x0000190300 [0x481fd010]
[    0.025755] Detected VIPT I-cache on CPU8
[    0.025761] GICv3: CPU8: found redistributor 1a0000 region 8:0x00000000aa300000
[    0.025777] GICv3: CPU8: using allocated LPI pending table @0x0000003fc07d0000
[    0.025807] CPU8: Booted secondary processor 0x00001a0000 [0x481fd010]
[    0.026745] Detected VIPT I-cache on CPU9
[    0.026750] GICv3: CPU9: found redistributor 1a0100 region 9:0x00000000aa340000
[    0.026762] GICv3: CPU9: using allocated LPI pending table @0x0000003fc07e0000
[    0.026788] CPU9: Booted secondary processor 0x00001a0100 [0x481fd010]
[    0.027751] Detected VIPT I-cache on CPU10
[    0.027756] GICv3: CPU10: found redistributor 1a0200 region 10:0x00000000aa380000
[    0.027769] GICv3: CPU10: using allocated LPI pending table @0x0000003fc07f0000
[    0.027794] CPU10: Booted secondary processor 0x00001a0200 [0x481fd010]
[    0.028746] Detected VIPT I-cache on CPU11
[    0.028751] GICv3: CPU11: found redistributor 1a0300 region 11:0x00000000aa3c0000
[    0.028764] GICv3: CPU11: using allocated LPI pending table @0x0000003fc0900000
[    0.028789] CPU11: Booted secondary processor 0x00001a0300 [0x481fd010]
[    0.029744] Detected VIPT I-cache on CPU12
[    0.029751] GICv3: CPU12: found redistributor 1b0000 region 12:0x00000000aa400000
[    0.029768] GICv3: CPU12: using allocated LPI pending table @0x0000003fc0910000
[    0.029797] CPU12: Booted secondary processor 0x00001b0000 [0x481fd010]
[    0.030737] Detected VIPT I-cache on CPU13
[    0.030743] GICv3: CPU13: found redistributor 1b0100 region 13:0x00000000aa440000
[    0.030755] GICv3: CPU13: using allocated LPI pending table @0x0000003fc0920000
[    0.030782] CPU13: Booted secondary processor 0x00001b0100 [0x481fd010]
[    0.031728] Detected VIPT I-cache on CPU14
[    0.031734] GICv3: CPU14: found redistributor 1b0200 region 14:0x00000000aa480000
[    0.031747] GICv3: CPU14: using allocated LPI pending table @0x0000003fc0930000
[    0.031772] CPU14: Booted secondary processor 0x00001b0200 [0x481fd010]
[    0.032732] Detected VIPT I-cache on CPU15
[    0.032738] GICv3: CPU15: found redistributor 1b0300 region 15:0x00000000aa4c0000
[    0.032750] GICv3: CPU15: using allocated LPI pending table @0x0000003fc0940000
[    0.032775] CPU15: Booted secondary processor 0x00001b0300 [0x481fd010]
[    0.033741] Detected VIPT I-cache on CPU16
[    0.033749] GICv3: CPU16: found redistributor 1c0000 region 16:0x00000000aa500000
[    0.033765] GICv3: CPU16: using allocated LPI pending table @0x0000003fc0950000
[    0.033795] CPU16: Booted secondary processor 0x00001c0000 [0x481fd010]
[    0.034745] Detected VIPT I-cache on CPU17
[    0.034751] GICv3: CPU17: found redistributor 1c0100 region 17:0x00000000aa540000
[    0.034764] GICv3: CPU17: using allocated LPI pending table @0x0000003fc0960000
[    0.034790] CPU17: Booted secondary processor 0x00001c0100 [0x481fd010]
[    0.035737] Detected VIPT I-cache on CPU18
[    0.035743] GICv3: CPU18: found redistributor 1c0200 region 18:0x00000000aa580000
[    0.035756] GICv3: CPU18: using allocated LPI pending table @0x0000003fc0970000
[    0.035781] CPU18: Booted secondary processor 0x00001c0200 [0x481fd010]
[    0.036738] Detected VIPT I-cache on CPU19
[    0.036745] GICv3: CPU19: found redistributor 1c0300 region 19:0x00000000aa5c0000
[    0.036757] GICv3: CPU19: using allocated LPI pending table @0x0000003fc0980000
[    0.036782] CPU19: Booted secondary processor 0x00001c0300 [0x481fd010]
[    0.037742] Detected VIPT I-cache on CPU20
[    0.037751] GICv3: CPU20: found redistributor 1d0000 region 20:0x00000000aa600000
[    0.037768] GICv3: CPU20: using allocated LPI pending table @0x0000003fc0990000
[    0.037798] CPU20: Booted secondary processor 0x00001d0000 [0x481fd010]
[    0.038738] Detected VIPT I-cache on CPU21
[    0.038745] GICv3: CPU21: found redistributor 1d0100 region 21:0x00000000aa640000
[    0.038758] GICv3: CPU21: using allocated LPI pending table @0x0000003fc09a0000
[    0.038783] CPU21: Booted secondary processor 0x00001d0100 [0x481fd010]
[    0.039733] Detected VIPT I-cache on CPU22
[    0.039740] GICv3: CPU22: found redistributor 1d0200 region 22:0x00000000aa680000
[    0.039753] GICv3: CPU22: using allocated LPI pending table @0x0000003fc09b0000
[    0.039780] CPU22: Booted secondary processor 0x00001d0200 [0x481fd010]
[    0.040732] Detected VIPT I-cache on CPU23
[    0.040739] GICv3: CPU23: found redistributor 1d0300 region 23:0x00000000aa6c0000
[    0.040751] GICv3: CPU23: using allocated LPI pending table @0x0000003fc09c0000
[    0.040778] CPU23: Booted secondary processor 0x00001d0300 [0x481fd010]
[    0.041732] Detected VIPT I-cache on CPU24
[    0.041740] GICv3: CPU24: found redistributor 1e0000 region 24:0x00000000aa700000
[    0.041758] GICv3: CPU24: using allocated LPI pending table @0x0000003fc09d0000
[    0.041788] CPU24: Booted secondary processor 0x00001e0000 [0x481fd010]
[    0.042739] Detected VIPT I-cache on CPU25
[    0.042746] GICv3: CPU25: found redistributor 1e0100 region 25:0x00000000aa740000
[    0.042759] GICv3: CPU25: using allocated LPI pending table @0x0000003fc09e0000
[    0.042786] CPU25: Booted secondary processor 0x00001e0100 [0x481fd010]
[    0.043732] Detected VIPT I-cache on CPU26
[    0.043740] GICv3: CPU26: found redistributor 1e0200 region 26:0x00000000aa780000
[    0.043753] GICv3: CPU26: using allocated LPI pending table @0x0000003fc09f0000
[    0.043779] CPU26: Booted secondary processor 0x00001e0200 [0x481fd010]
[    0.044737] Detected VIPT I-cache on CPU27
[    0.044744] GICv3: CPU27: found redistributor 1e0300 region 27:0x00000000aa7c0000
[    0.044758] GICv3: CPU27: using allocated LPI pending table @0x0000003fc0a00000
[    0.044783] CPU27: Booted secondary processor 0x00001e0300 [0x481fd010]
[    0.045742] Detected VIPT I-cache on CPU28
[    0.045751] GICv3: CPU28: found redistributor 1f0000 region 28:0x00000000aa800000
[    0.045769] GICv3: CPU28: using allocated LPI pending table @0x0000003fc0a10000
[    0.045800] CPU28: Booted secondary processor 0x00001f0000 [0x481fd010]
[    0.046737] Detected VIPT I-cache on CPU29
[    0.046745] GICv3: CPU29: found redistributor 1f0100 region 29:0x00000000aa840000
[    0.046764] GICv3: CPU29: using allocated LPI pending table @0x0000003fc0a20000
[    0.046791] CPU29: Booted secondary processor 0x00001f0100 [0x481fd010]
[    0.047733] Detected VIPT I-cache on CPU30
[    0.047741] GICv3: CPU30: found redistributor 1f0200 region 30:0x00000000aa880000
[    0.047755] GICv3: CPU30: using allocated LPI pending table @0x0000003fc0a30000
[    0.047782] CPU30: Booted secondary processor 0x00001f0200 [0x481fd010]
[    0.048731] Detected VIPT I-cache on CPU31
[    0.048740] GICv3: CPU31: found redistributor 1f0300 region 31:0x00000000aa8c0000
[    0.048753] GICv3: CPU31: using allocated LPI pending table @0x0000003fc0a40000
[    0.048779] CPU31: Booted secondary processor 0x00001f0300 [0x481fd010]
[    0.049820] Detected VIPT I-cache on CPU32
[    0.049848] GICv3: CPU32: found redistributor 380000 region 32:0x00002000aa100000
[    0.049892] GICv3: CPU32: using allocated LPI pending table @0x0000003fc0a50000
[    0.049956] CPU32: Booted secondary processor 0x0000380000 [0x481fd010]
[    0.050934] Detected VIPT I-cache on CPU33
[    0.050953] GICv3: CPU33: found redistributor 380100 region 33:0x00002000aa140000
[    0.050973] GICv3: CPU33: using allocated LPI pending table @0x0000003fc0a60000
[    0.051022] CPU33: Booted secondary processor 0x0000380100 [0x481fd010]
[    0.051972] Detected VIPT I-cache on CPU34
[    0.051991] GICv3: CPU34: found redistributor 380200 region 34:0x00002000aa180000
[    0.052012] GICv3: CPU34: using allocated LPI pending table @0x0000003fc0a70000
[    0.052060] CPU34: Booted secondary processor 0x0000380200 [0x481fd010]
[    0.053022] Detected VIPT I-cache on CPU35
[    0.053041] GICv3: CPU35: found redistributor 380300 region 35:0x00002000aa1c0000
[    0.053061] GICv3: CPU35: using allocated LPI pending table @0x0000003fc0a80000
[    0.053109] CPU35: Booted secondary processor 0x0000380300 [0x481fd010]
[    0.054063] Detected VIPT I-cache on CPU36
[    0.054084] GICv3: CPU36: found redistributor 390000 region 36:0x00002000aa200000
[    0.054108] GICv3: CPU36: using allocated LPI pending table @0x0000003fc0a90000
[    0.054159] CPU36: Booted secondary processor 0x0000390000 [0x481fd010]
[    0.055125] Detected VIPT I-cache on CPU37
[    0.055144] GICv3: CPU37: found redistributor 390100 region 37:0x00002000aa240000
[    0.055164] GICv3: CPU37: using allocated LPI pending table @0x0000003fc0aa0000
[    0.055213] CPU37: Booted secondary processor 0x0000390100 [0x481fd010]
[    0.056175] Detected VIPT I-cache on CPU38
[    0.056194] GICv3: CPU38: found redistributor 390200 region 38:0x00002000aa280000
[    0.056215] GICv3: CPU38: using allocated LPI pending table @0x0000003fc0ab0000
[    0.056263] CPU38: Booted secondary processor 0x0000390200 [0x481fd010]
[    0.057229] Detected VIPT I-cache on CPU39
[    0.057249] GICv3: CPU39: found redistributor 390300 region 39:0x00002000aa2c0000
[    0.057269] GICv3: CPU39: using allocated LPI pending table @0x0000003fc0ac0000
[    0.057317] CPU39: Booted secondary processor 0x0000390300 [0x481fd010]
[    0.058283] Detected VIPT I-cache on CPU40
[    0.058304] GICv3: CPU40: found redistributor 3a0000 region 40:0x00002000aa300000
[    0.058328] GICv3: CPU40: using allocated LPI pending table @0x0000003fc0ad0000
[    0.058379] CPU40: Booted secondary processor 0x00003a0000 [0x481fd010]
[    0.059320] Detected VIPT I-cache on CPU41
[    0.059340] GICv3: CPU41: found redistributor 3a0100 region 41:0x00002000aa340000
[    0.059360] GICv3: CPU41: using allocated LPI pending table @0x0000003fc0ae0000
[    0.059408] CPU41: Booted secondary processor 0x00003a0100 [0x481fd010]
[    0.060367] Detected VIPT I-cache on CPU42
[    0.060387] GICv3: CPU42: found redistributor 3a0200 region 42:0x00002000aa380000
[    0.060408] GICv3: CPU42: using allocated LPI pending table @0x0000003fc0af0000
[    0.060458] CPU42: Booted secondary processor 0x00003a0200 [0x481fd010]
[    0.061421] Detected VIPT I-cache on CPU43
[    0.061441] GICv3: CPU43: found redistributor 3a0300 region 43:0x00002000aa3c0000
[    0.061461] GICv3: CPU43: using allocated LPI pending table @0x0000003fc0b00000
[    0.061510] CPU43: Booted secondary processor 0x00003a0300 [0x481fd010]
[    0.062464] Detected VIPT I-cache on CPU44
[    0.062485] GICv3: CPU44: found redistributor 3b0000 region 44:0x00002000aa400000
[    0.062509] GICv3: CPU44: using allocated LPI pending table @0x0000003fc0b10000
[    0.062563] CPU44: Booted secondary processor 0x00003b0000 [0x481fd010]
[    0.063503] Detected VIPT I-cache on CPU45
[    0.063524] GICv3: CPU45: found redistributor 3b0100 region 45:0x00002000aa440000
[    0.063544] GICv3: CPU45: using allocated LPI pending table @0x0000003fc0b20000
[    0.063593] CPU45: Booted secondary processor 0x00003b0100 [0x481fd010]
[    0.064556] Detected VIPT I-cache on CPU46
[    0.064576] GICv3: CPU46: found redistributor 3b0200 region 46:0x00002000aa480000
[    0.064597] GICv3: CPU46: using allocated LPI pending table @0x0000003fc0b30000
[    0.064645] CPU46: Booted secondary processor 0x00003b0200 [0x481fd010]
[    0.065605] Detected VIPT I-cache on CPU47
[    0.065626] GICv3: CPU47: found redistributor 3b0300 region 47:0x00002000aa4c0000
[    0.065647] GICv3: CPU47: using allocated LPI pending table @0x0000003fc0b40000
[    0.065696] CPU47: Booted secondary processor 0x00003b0300 [0x481fd010]
[    0.066661] Detected VIPT I-cache on CPU48
[    0.066683] GICv3: CPU48: found redistributor 3c0000 region 48:0x00002000aa500000
[    0.066708] GICv3: CPU48: using allocated LPI pending table @0x0000003fc0b50000
[    0.066760] CPU48: Booted secondary processor 0x00003c0000 [0x481fd010]
[    0.067699] Detected VIPT I-cache on CPU49
[    0.067720] GICv3: CPU49: found redistributor 3c0100 region 49:0x00002000aa540000
[    0.067740] GICv3: CPU49: using allocated LPI pending table @0x0000003fc0b60000
[    0.067789] CPU49: Booted secondary processor 0x00003c0100 [0x481fd010]
[    0.068740] Detected VIPT I-cache on CPU50
[    0.068761] GICv3: CPU50: found redistributor 3c0200 region 50:0x00002000aa580000
[    0.068781] GICv3: CPU50: using allocated LPI pending table @0x0000003fc0b70000
[    0.068830] CPU50: Booted secondary processor 0x00003c0200 [0x481fd010]
[    0.069789] Detected VIPT I-cache on CPU51
[    0.069809] GICv3: CPU51: found redistributor 3c0300 region 51:0x00002000aa5c0000
[    0.069830] GICv3: CPU51: using allocated LPI pending table @0x0000003fc0b80000
[    0.069879] CPU51: Booted secondary processor 0x00003c0300 [0x481fd010]
[    0.070855] Detected VIPT I-cache on CPU52
[    0.070877] GICv3: CPU52: found redistributor 3d0000 region 52:0x00002000aa600000
[    0.070901] GICv3: CPU52: using allocated LPI pending table @0x0000003fc0b90000
[    0.070954] CPU52: Booted secondary processor 0x00003d0000 [0x481fd010]
[    0.071900] Detected VIPT I-cache on CPU53
[    0.071921] GICv3: CPU53: found redistributor 3d0100 region 53:0x00002000aa640000
[    0.071942] GICv3: CPU53: using allocated LPI pending table @0x0000003fc0ba0000
[    0.071990] CPU53: Booted secondary processor 0x00003d0100 [0x481fd010]
[    0.072937] Detected VIPT I-cache on CPU54
[    0.072958] GICv3: CPU54: found redistributor 3d0200 region 54:0x00002000aa680000
[    0.072978] GICv3: CPU54: using allocated LPI pending table @0x0000003fc0bb0000
[    0.073028] CPU54: Booted secondary processor 0x00003d0200 [0x481fd010]
[    0.073990] Detected VIPT I-cache on CPU55
[    0.074012] GICv3: CPU55: found redistributor 3d0300 region 55:0x00002000aa6c0000
[    0.074033] GICv3: CPU55: using allocated LPI pending table @0x0000003fc0bc0000
[    0.074082] CPU55: Booted secondary processor 0x00003d0300 [0x481fd010]
[    0.075034] Detected VIPT I-cache on CPU56
[    0.075056] GICv3: CPU56: found redistributor 3e0000 region 56:0x00002000aa700000
[    0.075080] GICv3: CPU56: using allocated LPI pending table @0x0000003fc0bd0000
[    0.075133] CPU56: Booted secondary processor 0x00003e0000 [0x481fd010]
[    0.076077] Detected VIPT I-cache on CPU57
[    0.076098] GICv3: CPU57: found redistributor 3e0100 region 57:0x00002000aa740000
[    0.076120] GICv3: CPU57: using allocated LPI pending table @0x0000003fc0be0000
[    0.076169] CPU57: Booted secondary processor 0x00003e0100 [0x481fd010]
[    0.077118] Detected VIPT I-cache on CPU58
[    0.077140] GICv3: CPU58: found redistributor 3e0200 region 58:0x00002000aa780000
[    0.077160] GICv3: CPU58: using allocated LPI pending table @0x0000003fc0bf0000
[    0.077210] CPU58: Booted secondary processor 0x00003e0200 [0x481fd010]
[    0.078168] Detected VIPT I-cache on CPU59
[    0.078190] GICv3: CPU59: found redistributor 3e0300 region 59:0x00002000aa7c0000
[    0.078211] GICv3: CPU59: using allocated LPI pending table @0x0000003fc0c00000
[    0.078260] CPU59: Booted secondary processor 0x00003e0300 [0x481fd010]
[    0.079212] Detected VIPT I-cache on CPU60
[    0.079236] GICv3: CPU60: found redistributor 3f0000 region 60:0x00002000aa800000
[    0.079262] GICv3: CPU60: using allocated LPI pending table @0x0000003fc0c10000
[    0.079315] CPU60: Booted secondary processor 0x00003f0000 [0x481fd010]
[    0.080256] Detected VIPT I-cache on CPU61
[    0.080278] GICv3: CPU61: found redistributor 3f0100 region 61:0x00002000aa840000
[    0.080299] GICv3: CPU61: using allocated LPI pending table @0x0000003fc0c20000
[    0.080349] CPU61: Booted secondary processor 0x00003f0100 [0x481fd010]
[    0.081297] Detected VIPT I-cache on CPU62
[    0.081319] GICv3: CPU62: found redistributor 3f0200 region 62:0x00002000aa880000
[    0.081340] GICv3: CPU62: using allocated LPI pending table @0x0000003fc0c30000
[    0.081390] CPU62: Booted secondary processor 0x00003f0200 [0x481fd010]
[    0.082363] Detected VIPT I-cache on CPU63
[    0.082386] GICv3: CPU63: found redistributor 3f0300 region 63:0x00002000aa8c0000
[    0.082407] GICv3: CPU63: using allocated LPI pending table @0x0000003fc0c40000
[    0.082457] CPU63: Booted secondary processor 0x00003f0300 [0x481fd010]
[    0.083249] smp: Brought up 2 nodes, 64 CPUs
[    0.083623] SMP: Total of 64 processors activated.
[    0.083625] CPU features: detected: Privileged Access Never
[    0.083627] CPU features: detected: LSE atomic instructions
[    0.083629] CPU features: detected: User Access Override
[    0.083631] CPU features: detected: Data cache clean to Point of Persistence
[    0.083633] CPU features: detected: RAS Extension Support
[    0.083635] CPU features: detected: ARM64 MPAM Extension Support
[    0.083637] CPU features: detected: CRC32 instructions
[    0.123961] CPU: All CPU(s) started at EL2
[    0.127688] devtmpfs: initialized
[    0.133724] clocksource: jiffies: mask: 0xffffffff max_cycles: 0xffffffff, max_idle_ns: 7645041785100000 ns
[    0.133758] futex hash table entries: 16384 (order: 4, 1048576 bytes)
[    0.134081] pinctrl core: initialized pinctrl subsystem
[    0.134197] SMBIOS 3.3.0 present.
[    0.134202] DMI: RCSIT TG225 B1/BC82AMDQ, BIOS 5.25 09/14/2022
[    0.134535] NET: Registered protocol family 16
[    0.135098] audit: initializing netlink subsys (disabled)
[    0.135153] audit: type=2000 audit(0.096:1): state=initialized audit_enabled=0 res=1
[    0.135455] cpuidle: using governor menu
[    0.135483] Detected 1 PCC Subspaces
[    0.135525] Registering PCC driver as Mailbox controller
[    0.135713] hw-breakpoint: found 6 breakpoint and 4 watchpoint registers.
[    0.136235] DMA: preallocated 256 KiB pool for atomic allocations
[    0.136249] ACPI: bus type PCI registered
[    0.136252] acpiphp: ACPI Hot Plug PCI Controller Driver version: 0.5
[    0.136286] Serial: AMBA PL011 UART driver
[    0.139618] HugeTLB registered 2.00 MiB page size, pre-allocated 0 pages
[    0.139625] HugeTLB registered 512 MiB page size, pre-allocated 0 pages
[    0.140499] ACPI: Added _OSI(Module Device)
[    0.140504] ACPI: Added _OSI(Processor Device)
[    0.140506] ACPI: Added _OSI(3.0 _SCP Extensions)
[    0.140509] ACPI: Added _OSI(Processor Aggregator Device)
[    0.140511] ACPI: Added _OSI(Linux-Dell-Video)
[    0.140513] ACPI: Added _OSI(Linux-Lenovo-NV-HDMI-Audio)
[    0.148804] ACPI: 2 ACPI AML tables successfully acquired and loaded
[    0.153163] ACPI: Interpreter enabled
[    0.153169] ACPI: Using GIC for interrupt routing
[    0.153184] ACPI: MCFG table detected, 1 entries
[    0.153189] ACPI: IORT: SMMU-v3[148000000] Mapped to Proximity domain 0
[    0.153219] ACPI: IORT: SMMU-v3[201000000] Mapped to Proximity domain 0
[    0.153236] ACPI: IORT: SMMU-v3[100000000] Mapped to Proximity domain 0
[    0.153251] ACPI: IORT: SMMU-v3[140000000] Mapped to Proximity domain 0
[    0.153266] ACPI: IORT: SMMU-v3[200148000000] Mapped to Proximity domain 1
[    0.153281] ACPI: IORT: SMMU-v3[200201000000] Mapped to Proximity domain 1
[    0.153296] ACPI: IORT: SMMU-v3[200100000000] Mapped to Proximity domain 1
[    0.153310] ACPI: IORT: SMMU-v3[200140000000] Mapped to Proximity domain 1
[    0.153553] HEST: Table parsing has been initialized.
[    0.182527] ACPI: PCI Root Bridge [PCI0] (domain 0000 [bus 00-3f])
[    0.182535] acpi PNP0A08:00: _OSC: OS supports [ExtendedConfig ASPM ClockPM Segments MSI]
[    0.182629] acpi PNP0A08:00: _OSC: platform does not support [SHPCHotplug LTR]
[    0.182705] acpi PNP0A08:00: _OSC: OS now controls [PCIeHotplug PME AER PCIeCapability]
[    0.183310] acpi PNP0A08:00: ECAM area [mem 0xd0000000-0xd3ffffff] reserved by PNP0C02:00
[    0.183347] acpi PNP0A08:00: ECAM at [mem 0xd0000000-0xd3ffffff] for [bus 00-3f]
[    0.183373] Remapped I/O 0x00000000f7ff0000 to [io  0x0000-0xffff window]
[    0.183428] PCI host bridge to bus 0000:00
[    0.183432] pci_bus 0000:00: root bus resource [mem 0x80000000000-0x82fffffffff pref window]
[    0.183435] pci_bus 0000:00: root bus resource [mem 0xe0000000-0xf7feffff window]
[    0.183438] pci_bus 0000:00: root bus resource [io  0x0000-0xffff window]
[    0.183441] pci_bus 0000:00: root bus resource [bus 00-3f]
[    0.183469] pci 0000:00:00.0: [19e5:a120] type 01 class 0x060400
[    0.183527] pci 0000:00:00.0: PME# supported from D0 D1 D2 D3hot D3cold
[    0.183599] pci 0000:00:08.0: [19e5:a120] type 01 class 0x060400
[    0.183650] pci 0000:00:08.0: PME# supported from D0 D1 D2 D3hot D3cold
[    0.183699] pci 0000:00:0c.0: [19e5:a120] type 01 class 0x060400
[    0.183749] pci 0000:00:0c.0: PME# supported from D0 D1 D2 D3hot D3cold
[    0.183798] pci 0000:00:10.0: [19e5:a120] type 01 class 0x060400
[    0.183847] pci 0000:00:10.0: PME# supported from D0 D1 D2 D3hot D3cold
[    0.183895] pci 0000:00:11.0: [19e5:a120] type 01 class 0x060400
[    0.183943] pci 0000:00:11.0: PME# supported from D0 D1 D2 D3hot D3cold
[    0.183991] pci 0000:00:12.0: [19e5:a120] type 01 class 0x060400
[    0.184040] pci 0000:00:12.0: PME# supported from D0 D1 D2 D3hot D3cold
[    0.184172] pci 0000:01:00.0: [15b3:1015] type 00 class 0x020000
[    0.184386] pci 0000:01:00.0: reg 0x10: [mem 0x80002000000-0x80003ffffff 64bit pref]
[    0.184672] pci 0000:01:00.0: reg 0x30: [mem 0xfff00000-0xffffffff pref]
[    0.185472] pci 0000:01:00.0: PME# supported from D3cold
[    0.185747] pci 0000:01:00.0: reg 0x1a4: [mem 0x80004800000-0x800048fffff 64bit pref]
[    0.185751] pci 0000:01:00.0: VF(n) BAR0 space: [mem 0x80004800000-0x80004ffffff 64bit pref] (contains BAR0 for 8 VFs)
[    0.186715] pci 0000:01:00.1: [15b3:1015] type 00 class 0x020000
[    0.186914] pci 0000:01:00.1: reg 0x10: [mem 0x80000000000-0x80001ffffff 64bit pref]
[    0.187202] pci 0000:01:00.1: reg 0x30: [mem 0xfff00000-0xffffffff pref]
[    0.187953] pci 0000:01:00.1: PME# supported from D3cold
[    0.188211] pci 0000:01:00.1: reg 0x1a4: [mem 0x80004000000-0x800040fffff 64bit pref]
[    0.188214] pci 0000:01:00.1: VF(n) BAR0 space: [mem 0x80004000000-0x800047fffff 64bit pref] (contains BAR0 for 8 VFs)
[    0.189227] pci 0000:04:00.0: [19e5:1710] type 00 class 0x118000
[    0.189244] pci 0000:04:00.0: reg 0x10: [mem 0xe0000000-0xe3ffffff pref]
[    0.189251] pci 0000:04:00.0: reg 0x14: [mem 0xe7000000-0xe70fffff]
[    0.189257] pci 0000:04:00.0: reg 0x18: [mem 0xe6000000-0xe6ffffff]
[    0.189346] pci 0000:04:00.0: supports D1
[    0.189349] pci 0000:04:00.0: PME# supported from D0 D1 D3hot
[    0.189456] pci 0000:05:00.0: [19e5:1711] type 00 class 0x030000
[    0.189473] pci 0000:05:00.0: reg 0x10: [mem 0xe4000000-0xe5ffffff pref]
[    0.189482] pci 0000:05:00.0: reg 0x14: [mem 0xe7200000-0xe73fffff]
[    0.189557] pci 0000:05:00.0: BAR 0: assigned to efifb
[    0.189589] pci 0000:05:00.0: supports D1
[    0.189591] pci 0000:05:00.0: PME# supported from D0 D1 D3hot
[    0.189686] pci_bus 0000:00: on NUMA node 0
[    0.189687] pci 0000:00:00.0: PCI bridge to [bus 01]
[    0.189691] pci 0000:00:00.0:   bridge window [mem 0xe7400000-0xe75fffff]
[    0.189695] pci 0000:00:00.0:   bridge window [mem 0x80000000000-0x80004ffffff 64bit pref]
[    0.189699] pci 0000:00:08.0: PCI bridge to [bus 02]
[    0.189703] pci 0000:00:0c.0: PCI bridge to [bus 03]
[    0.189707] pci 0000:00:10.0: PCI bridge to [bus 04]
[    0.189710] pci 0000:00:10.0:   bridge window [mem 0xe6000000-0xe70fffff]
[    0.189714] pci 0000:00:10.0:   bridge window [mem 0xe0000000-0xe3ffffff 64bit pref]
[    0.189717] pci 0000:00:11.0: PCI bridge to [bus 05]
[    0.189720] pci 0000:00:11.0:   bridge window [mem 0xe7200000-0xe73fffff]
[    0.189723] pci 0000:00:11.0:   bridge window [mem 0xe4000000-0xe5ffffff 64bit pref]
[    0.189726] pci 0000:00:12.0: PCI bridge to [bus 06]
[    0.189731] pci 0000:01:00.0: can't claim BAR 6 [mem 0xfff00000-0xffffffff pref]: no compatible bridge window
[    0.189735] pci 0000:01:00.1: can't claim BAR 6 [mem 0xfff00000-0xffffffff pref]: no compatible bridge window
[    0.189740] pci_bus 0000:00: max bus depth: 1 pci_try_num: 2
[    0.189748] pci 0000:01:00.0: BAR 6: assigned [mem 0xe7400000-0xe74fffff pref]
[    0.189752] pci 0000:01:00.1: BAR 6: assigned [mem 0xe7500000-0xe75fffff pref]
[    0.189755] pci 0000:00:00.0: PCI bridge to [bus 01]
[    0.189758] pci 0000:00:00.0:   bridge window [mem 0xe7400000-0xe75fffff]
[    0.189761] pci 0000:00:00.0:   bridge window [mem 0x80000000000-0x80004ffffff 64bit pref]
[    0.189765] pci 0000:00:08.0: PCI bridge to [bus 02]
[    0.189769] pci 0000:00:0c.0: PCI bridge to [bus 03]
[    0.189774] pci 0000:00:10.0: PCI bridge to [bus 04]
[    0.189777] pci 0000:00:10.0:   bridge window [mem 0xe6000000-0xe70fffff]
[    0.189780] pci 0000:00:10.0:   bridge window [mem 0xe0000000-0xe3ffffff 64bit pref]
[    0.189783] pci 0000:00:11.0: PCI bridge to [bus 05]
[    0.189786] pci 0000:00:11.0:   bridge window [mem 0xe7200000-0xe73fffff]
[    0.189789] pci 0000:00:11.0:   bridge window [mem 0xe4000000-0xe5ffffff 64bit pref]
[    0.189793] pci 0000:00:12.0: PCI bridge to [bus 06]
[    0.189798] pci_bus 0000:00: resource 4 [mem 0x80000000000-0x82fffffffff pref window]
[    0.189801] pci_bus 0000:00: resource 5 [mem 0xe0000000-0xf7feffff window]
[    0.189803] pci_bus 0000:00: resource 6 [io  0x0000-0xffff window]
[    0.189806] pci_bus 0000:01: resource 1 [mem 0xe7400000-0xe75fffff]
[    0.189808] pci_bus 0000:01: resource 2 [mem 0x80000000000-0x80004ffffff 64bit pref]
[    0.189811] pci_bus 0000:04: resource 1 [mem 0xe6000000-0xe70fffff]
[    0.189814] pci_bus 0000:04: resource 2 [mem 0xe0000000-0xe3ffffff 64bit pref]
[    0.189817] pci_bus 0000:05: resource 1 [mem 0xe7200000-0xe73fffff]
[    0.189819] pci_bus 0000:05: resource 2 [mem 0xe4000000-0xe5ffffff 64bit pref]
[    0.189853] ACPI: PCI Root Bridge [PCI1] (domain 0000 [bus 7b])
[    0.189857] acpi PNP0A08:01: _OSC: OS supports [ExtendedConfig ASPM ClockPM Segments MSI]
[    0.189941] acpi PNP0A08:01: _OSC: platform does not support [PCIeHotplug SHPCHotplug PME AER LTR]
[    0.190015] acpi PNP0A08:01: _OSC: OS now controls [PCIeCapability]
[    0.190612] acpi PNP0A08:01: ECAM area [mem 0xd7b00000-0xd7bfffff] reserved by PNP0C02:00
[    0.190646] acpi PNP0A08:01: ECAM at [mem 0xd7b00000-0xd7bfffff] for [bus 7b]
[    0.190692] PCI host bridge to bus 0000:7b
[    0.190695] pci_bus 0000:7b: root bus resource [mem 0x148800000-0x148ffffff pref window]
[    0.190698] pci_bus 0000:7b: root bus resource [bus 7b]
[    0.190705] pci 0000:7b:00.0: [19e5:a122] type 00 class 0x088000
[    0.190713] pci 0000:7b:00.0: reg 0x18: [mem 0x00000000-0x00003fff 64bit pref]
[    0.190758] pci_bus 0000:7b: on NUMA node 0
[    0.190759] pci_bus 0000:7b: max bus depth: 0 pci_try_num: 1
[    0.190764] pci 0000:7b:00.0: BAR 2: assigned [mem 0x148800000-0x148803fff 64bit pref]
[    0.190769] pci_bus 0000:7b: resource 4 [mem 0x148800000-0x148ffffff pref window]
[    0.190801] ACPI: PCI Root Bridge [PCI2] (domain 0000 [bus 7a])
[    0.190805] acpi PNP0A08:02: _OSC: OS supports [ExtendedConfig ASPM ClockPM Segments MSI]
[    0.190885] acpi PNP0A08:02: _OSC: platform does not support [PCIeHotplug SHPCHotplug PME AER LTR]
[    0.190958] acpi PNP0A08:02: _OSC: OS now controls [PCIeCapability]
[    0.191534] acpi PNP0A08:02: ECAM area [mem 0xd7a00000-0xd7afffff] reserved by PNP0C02:00
[    0.191540] acpi PNP0A08:02: ECAM at [mem 0xd7a00000-0xd7afffff] for [bus 7a]
[    0.191585] PCI host bridge to bus 0000:7a
[    0.191588] pci_bus 0000:7a: root bus resource [mem 0x20c000000-0x20c1fffff pref window]
[    0.191591] pci_bus 0000:7a: root bus resource [bus 7a]
[    0.191598] pci 0000:7a:00.0: [19e5:a23b] type 00 class 0x0c0310
[    0.191604] pci 0000:7a:00.0: reg 0x10: [mem 0x20c100000-0x20c100fff 64bit pref]
[    0.191651] pci 0000:7a:01.0: [19e5:a239] type 00 class 0x0c0320
[    0.191658] pci 0000:7a:01.0: reg 0x10: [mem 0x20c101000-0x20c101fff 64bit pref]
[    0.191704] pci 0000:7a:02.0: [19e5:a238] type 00 class 0x0c0330
[    0.191710] pci 0000:7a:02.0: reg 0x10: [mem 0x20c000000-0x20c0fffff 64bit pref]
[    0.191758] pci_bus 0000:7a: on NUMA node 0
[    0.191759] pci_bus 0000:7a: max bus depth: 0 pci_try_num: 1
[    0.191764] pci 0000:7a:02.0: BAR 0: assigned [mem 0x20c000000-0x20c0fffff 64bit pref]
[    0.191769] pci 0000:7a:00.0: BAR 0: assigned [mem 0x20c100000-0x20c100fff 64bit pref]
[    0.191773] pci 0000:7a:01.0: BAR 0: assigned [mem 0x20c101000-0x20c101fff 64bit pref]
[    0.191778] pci_bus 0000:7a: resource 4 [mem 0x20c000000-0x20c1fffff pref window]
[    0.191803] ACPI: PCI Root Bridge [PCI3] (domain 0000 [bus 78-79])
[    0.191807] acpi PNP0A08:03: _OSC: OS supports [ExtendedConfig ASPM ClockPM Segments MSI]
[    0.191887] acpi PNP0A08:03: _OSC: platform does not support [PCIeHotplug SHPCHotplug PME AER LTR]
[    0.191960] acpi PNP0A08:03: _OSC: OS now controls [PCIeCapability]
[    0.192536] acpi PNP0A08:03: ECAM area [mem 0xd7800000-0xd79fffff] reserved by PNP0C02:00
[    0.192543] acpi PNP0A08:03: ECAM at [mem 0xd7800000-0xd79fffff] for [bus 78-79]
[    0.192602] PCI host bridge to bus 0000:78
[    0.192605] pci_bus 0000:78: root bus resource [mem 0x208000000-0x208bfffff pref window]
[    0.192608] pci_bus 0000:78: root bus resource [bus 78-79]
[    0.192620] pci_bus 0000:78: on NUMA node 0
[    0.192621] pci_bus 0000:78: max bus depth: 0 pci_try_num: 1
[    0.192624] pci_bus 0000:78: resource 4 [mem 0x208000000-0x208bfffff pref window]
[    0.192650] ACPI: PCI Root Bridge [PCI4] (domain 0000 [bus 7c-7d])
[    0.192654] acpi PNP0A08:04: _OSC: OS supports [ExtendedConfig ASPM ClockPM Segments MSI]
[    0.192733] acpi PNP0A08:04: _OSC: platform does not support [PCIeHotplug SHPCHotplug PME AER LTR]
[    0.192806] acpi PNP0A08:04: _OSC: OS now controls [PCIeCapability]
[    0.193378] acpi PNP0A08:04: ECAM area [mem 0xd7c00000-0xd7dfffff] reserved by PNP0C02:00
[    0.193385] acpi PNP0A08:04: ECAM at [mem 0xd7c00000-0xd7dfffff] for [bus 7c-7d]
[    0.193428] PCI host bridge to bus 0000:7c
[    0.193432] pci_bus 0000:7c: root bus resource [mem 0x120000000-0x13fffffff pref window]
[    0.193435] pci_bus 0000:7c: root bus resource [bus 7c-7d]
[    0.193441] pci 0000:7c:00.0: [19e5:a121] type 01 class 0x060400
[    0.193451] pci 0000:7c:00.0: enabling Extended Tags
[    0.193517] pci 0000:7d:00.0: [19e5:a222] type 00 class 0x020000
[    0.193524] pci 0000:7d:00.0: reg 0x10: [mem 0x120430000-0x12043ffff 64bit pref]
[    0.193529] pci 0000:7d:00.0: reg 0x18: [mem 0x120300000-0x1203fffff 64bit pref]
[    0.193579] pci 0000:7d:00.1: [19e5:a221] type 00 class 0x020000
[    0.193586] pci 0000:7d:00.1: reg 0x10: [mem 0x120420000-0x12042ffff 64bit pref]
[    0.193591] pci 0000:7d:00.1: reg 0x18: [mem 0x120200000-0x1202fffff 64bit pref]
[    0.193646] pci 0000:7d:00.2: [19e5:a222] type 00 class 0x020000
[    0.193653] pci 0000:7d:00.2: reg 0x10: [mem 0x120410000-0x12041ffff 64bit pref]
[    0.193658] pci 0000:7d:00.2: reg 0x18: [mem 0x120100000-0x1201fffff 64bit pref]
[    0.193705] pci 0000:7d:00.3: [19e5:a221] type 00 class 0x020000
[    0.193711] pci 0000:7d:00.3: reg 0x10: [mem 0x120400000-0x12040ffff 64bit pref]
[    0.193716] pci 0000:7d:00.3: reg 0x18: [mem 0x120000000-0x1200fffff 64bit pref]
[    0.193766] pci_bus 0000:7c: on NUMA node 0
[    0.193767] pci_bus 0000:7c: max bus depth: 1 pci_try_num: 2
[    0.193772] pci 0000:7c:00.0: BAR 15: assigned [mem 0x120000000-0x1204fffff 64bit pref]
[    0.193776] pci 0000:7d:00.0: BAR 2: assigned [mem 0x120000000-0x1200fffff 64bit pref]
[    0.193781] pci 0000:7d:00.1: BAR 2: assigned [mem 0x120100000-0x1201fffff 64bit pref]
[    0.193785] pci 0000:7d:00.2: BAR 2: assigned [mem 0x120200000-0x1202fffff 64bit pref]
[    0.193789] pci 0000:7d:00.3: BAR 2: assigned [mem 0x120300000-0x1203fffff 64bit pref]
[    0.193793] pci 0000:7d:00.0: BAR 0: assigned [mem 0x120400000-0x12040ffff 64bit pref]
[    0.193798] pci 0000:7d:00.1: BAR 0: assigned [mem 0x120410000-0x12041ffff 64bit pref]
[    0.193802] pci 0000:7d:00.2: BAR 0: assigned [mem 0x120420000-0x12042ffff 64bit pref]
[    0.193806] pci 0000:7d:00.3: BAR 0: assigned [mem 0x120430000-0x12043ffff 64bit pref]
[    0.193811] pci 0000:7c:00.0: PCI bridge to [bus 7d]
[    0.193814] pci 0000:7c:00.0:   bridge window [mem 0x120000000-0x1204fffff 64bit pref]
[    0.193818] pci_bus 0000:7c: resource 4 [mem 0x120000000-0x13fffffff pref window]
[    0.193821] pci_bus 0000:7d: resource 2 [mem 0x120000000-0x1204fffff 64bit pref]
[    0.193869] ACPI: PCI Root Bridge [PCI5] (domain 0000 [bus 74-75])
[    0.193874] acpi PNP0A08:06: _OSC: OS supports [ExtendedConfig ASPM ClockPM Segments MSI]
[    0.193954] acpi PNP0A08:06: _OSC: platform does not support [PCIeHotplug SHPCHotplug PME AER LTR]
[    0.194027] acpi PNP0A08:06: _OSC: OS now controls [PCIeCapability]
[    0.194606] acpi PNP0A08:06: ECAM area [mem 0xd7400000-0xd75fffff] reserved by PNP0C02:00
[    0.194613] acpi PNP0A08:06: ECAM at [mem 0xd7400000-0xd75fffff] for [bus 74-75]
[    0.194694] PCI host bridge to bus 0000:74
[    0.194698] pci_bus 0000:74: root bus resource [mem 0x141000000-0x141ffffff pref window]
[    0.194701] pci_bus 0000:74: root bus resource [mem 0x144000000-0x145ffffff pref window]
[    0.194704] pci_bus 0000:74: root bus resource [mem 0xa2000000-0xa2ffffff window]
[    0.194707] pci_bus 0000:74: root bus resource [bus 74-75]
[    0.194714] pci 0000:74:01.0: [19e5:a121] type 01 class 0x060400
[    0.194723] pci 0000:74:01.0: enabling Extended Tags
[    0.194776] pci 0000:74:02.0: [19e5:a230] type 00 class 0x010700
[    0.194785] pci 0000:74:02.0: reg 0x24: [mem 0xa2008000-0xa200ffff]
[    0.194845] pci 0000:74:03.0: [19e5:a235] type 00 class 0x010601
[    0.194857] pci 0000:74:03.0: reg 0x24: [mem 0xa2010000-0xa2010fff]
[    0.194903] pci 0000:74:04.0: [19e5:a230] type 00 class 0x010700
[    0.194913] pci 0000:74:04.0: reg 0x24: [mem 0xa2000000-0xa2007fff]
[    0.194998] pci_bus 0000:76: busn_res: can not insert [bus 76] under [bus 74-75] (conflicts with (null) [bus 74-75])
[    0.195005] pci_bus 0000:74: on NUMA node 0
[    0.195007] pci_bus 0000:74: max bus depth: 1 pci_try_num: 2
[    0.195011] pci 0000:74:02.0: BAR 5: assigned [mem 0xa2000000-0xa2007fff]
[    0.195015] pci 0000:74:04.0: BAR 5: assigned [mem 0xa2008000-0xa200ffff]
[    0.195018] pci 0000:74:03.0: BAR 5: assigned [mem 0xa2010000-0xa2010fff]
[    0.195021] pci 0000:74:01.0: PCI bridge to [bus 76]
[    0.195026] pci_bus 0000:74: resource 4 [mem 0x141000000-0x141ffffff pref window]
[    0.195029] pci_bus 0000:74: resource 5 [mem 0x144000000-0x145ffffff pref window]
[    0.195032] pci_bus 0000:74: resource 6 [mem 0xa2000000-0xa2ffffff window]
[    0.195082] ACPI: PCI Root Bridge [PCI6] (domain 0000 [bus 80-9f])
[    0.195086] acpi PNP0A08:07: _OSC: OS supports [ExtendedConfig ASPM ClockPM Segments MSI]
[    0.195168] acpi PNP0A08:07: _OSC: platform does not support [SHPCHotplug LTR]
[    0.195241] acpi PNP0A08:07: _OSC: OS now controls [PCIeHotplug PME AER PCIeCapability]
[    0.195835] acpi PNP0A08:07: ECAM area [mem 0xd8000000-0xd9ffffff] reserved by PNP0C02:00
[    0.195862] acpi PNP0A08:07: ECAM at [mem 0xd8000000-0xd9ffffff] for [bus 80-9f]
[    0.195889] Remapped I/O 0x00000000cfff0000 to [io  0x10000-0x1ffff window]
[    0.195948] PCI host bridge to bus 0000:80
[    0.195951] pci_bus 0000:80: root bus resource [mem 0x280000000000-0x282fffffffff pref window]
[    0.195955] pci_bus 0000:80: root bus resource [mem 0xb0000000-0xcffeffff window]
[    0.195958] pci_bus 0000:80: root bus resource [io  0x10000-0x1ffff window] (bus address [0x0000-0xffff])
[    0.195962] pci_bus 0000:80: root bus resource [bus 80-9f]
[    0.195987] pci 0000:80:00.0: [19e5:a120] type 01 class 0x060400
[    0.196047] pci 0000:80:00.0: PME# supported from D0 D1 D2 D3hot D3cold
[    0.196107] pci 0000:80:08.0: [19e5:a120] type 01 class 0x060400
[    0.196164] pci 0000:80:08.0: PME# supported from D0 D1 D2 D3hot D3cold
[    0.196215] pci 0000:80:0c.0: [19e5:a120] type 01 class 0x060400
[    0.196272] pci 0000:80:0c.0: PME# supported from D0 D1 D2 D3hot D3cold
[    0.196322] pci 0000:80:10.0: [19e5:a120] type 01 class 0x060400
[    0.196378] pci 0000:80:10.0: PME# supported from D0 D1 D2 D3hot D3cold
[    0.196466] pci 0000:81:00.0: [1000:10e2] type 00 class 0x010400
[    0.196484] pci 0000:81:00.0: reg 0x10: [mem 0x280005300000-0x2800053fffff 64bit pref]
[    0.196493] pci 0000:81:00.0: reg 0x18: [mem 0x280005200000-0x2800052fffff 64bit pref]
[    0.196499] pci 0000:81:00.0: reg 0x20: [mem 0xb0500000-0xb05fffff]
[    0.196505] pci 0000:81:00.0: reg 0x24: [io  0x11000-0x110ff]
[    0.196511] pci 0000:81:00.0: reg 0x30: [mem 0xfff00000-0xffffffff pref]
[    0.196580] pci 0000:81:00.0: supports D1 D2
[    0.196732] pci 0000:82:00.0: [15b3:1015] type 00 class 0x020000
[    0.196946] pci 0000:82:00.0: reg 0x10: [mem 0x280002000000-0x280003ffffff 64bit pref]
[    0.197231] pci 0000:82:00.0: reg 0x30: [mem 0xfff00000-0xffffffff pref]
[    0.198030] pci 0000:82:00.0: PME# supported from D3cold
[    0.198306] pci 0000:82:00.0: reg 0x1a4: [mem 0x280004800000-0x2800048fffff 64bit pref]
[    0.198310] pci 0000:82:00.0: VF(n) BAR0 space: [mem 0x280004800000-0x280004ffffff 64bit pref] (contains BAR0 for 8 VFs)
[    0.199279] pci 0000:82:00.1: [15b3:1015] type 00 class 0x020000
[    0.199478] pci 0000:82:00.1: reg 0x10: [mem 0x280000000000-0x280001ffffff 64bit pref]
[    0.199765] pci 0000:82:00.1: reg 0x30: [mem 0xfff00000-0xffffffff pref]
[    0.200516] pci 0000:82:00.1: PME# supported from D3cold
[    0.200774] pci 0000:82:00.1: reg 0x1a4: [mem 0x280004000000-0x2800040fffff 64bit pref]
[    0.200777] pci 0000:82:00.1: VF(n) BAR0 space: [mem 0x280004000000-0x2800047fffff 64bit pref] (contains BAR0 for 8 VFs)
[    0.201769] pci 0000:84:00.0: [1000:10e2] type 00 class 0x010400
[    0.201788] pci 0000:84:00.0: reg 0x10: [mem 0x280005100000-0x2800051fffff 64bit pref]
[    0.201797] pci 0000:84:00.0: reg 0x18: [mem 0x280005000000-0x2800050fffff 64bit pref]
[    0.201803] pci 0000:84:00.0: reg 0x20: [mem 0xb0100000-0xb01fffff]
[    0.201809] pci 0000:84:00.0: reg 0x24: [io  0x10000-0x100ff]
[    0.201815] pci 0000:84:00.0: reg 0x30: [mem 0xfff00000-0xffffffff pref]
[    0.201883] pci 0000:84:00.0: supports D1 D2
[    0.201956] pci_bus 0000:80: on NUMA node 1
[    0.201958] pci 0000:80:00.0: PCI bridge to [bus 81]
[    0.201961] pci 0000:80:00.0:   bridge window [io  0x11000-0x11fff]
[    0.201964] pci 0000:80:00.0:   bridge window [mem 0xb0400000-0xb05fffff]
[    0.201968] pci 0000:80:00.0:   bridge window [mem 0x280005200000-0x2800053fffff 64bit pref]
[    0.201972] pci 0000:80:08.0: PCI bridge to [bus 82]
[    0.201975] pci 0000:80:08.0:   bridge window [mem 0xb0200000-0xb03fffff]
[    0.201979] pci 0000:80:08.0:   bridge window [mem 0x280000000000-0x280004ffffff 64bit pref]
[    0.201982] pci 0000:80:0c.0: PCI bridge to [bus 83]
[    0.201987] pci 0000:80:10.0: PCI bridge to [bus 84]
[    0.201990] pci 0000:80:10.0:   bridge window [io  0x10000-0x10fff]
[    0.201993] pci 0000:80:10.0:   bridge window [mem 0xb0000000-0xb01fffff]
[    0.201996] pci 0000:80:10.0:   bridge window [mem 0x280005000000-0x2800051fffff 64bit pref]
[    0.202000] pci 0000:81:00.0: can't claim BAR 6 [mem 0xfff00000-0xffffffff pref]: no compatible bridge window
[    0.202004] pci 0000:82:00.0: can't claim BAR 6 [mem 0xfff00000-0xffffffff pref]: no compatible bridge window
[    0.202007] pci 0000:82:00.1: can't claim BAR 6 [mem 0xfff00000-0xffffffff pref]: no compatible bridge window
[    0.202011] pci 0000:84:00.0: can't claim BAR 6 [mem 0xfff00000-0xffffffff pref]: no compatible bridge window
[    0.202014] pci_bus 0000:80: max bus depth: 1 pci_try_num: 2
[    0.202020] pci 0000:81:00.0: BAR 6: assigned [mem 0xb0400000-0xb04fffff pref]
[    0.202023] pci 0000:80:00.0: PCI bridge to [bus 81]
[    0.202026] pci 0000:80:00.0:   bridge window [io  0x11000-0x11fff]
[    0.202029] pci 0000:80:00.0:   bridge window [mem 0xb0400000-0xb05fffff]
[    0.202032] pci 0000:80:00.0:   bridge window [mem 0x280005200000-0x2800053fffff 64bit pref]
[    0.202037] pci 0000:82:00.0: BAR 6: assigned [mem 0xb0200000-0xb02fffff pref]
[    0.202040] pci 0000:82:00.1: BAR 6: assigned [mem 0xb0300000-0xb03fffff pref]
[    0.202043] pci 0000:80:08.0: PCI bridge to [bus 82]
[    0.202046] pci 0000:80:08.0:   bridge window [mem 0xb0200000-0xb03fffff]
[    0.202049] pci 0000:80:08.0:   bridge window [mem 0x280000000000-0x280004ffffff 64bit pref]
[    0.202053] pci 0000:80:0c.0: PCI bridge to [bus 83]
[    0.202059] pci 0000:84:00.0: BAR 6: assigned [mem 0xb0000000-0xb00fffff pref]
[    0.202061] pci 0000:80:10.0: PCI bridge to [bus 84]
[    0.202064] pci 0000:80:10.0:   bridge window [io  0x10000-0x10fff]
[    0.202067] pci 0000:80:10.0:   bridge window [mem 0xb0000000-0xb01fffff]
[    0.202070] pci 0000:80:10.0:   bridge window [mem 0x280005000000-0x2800051fffff 64bit pref]
[    0.202075] pci_bus 0000:80: resource 4 [mem 0x280000000000-0x282fffffffff pref window]
[    0.202078] pci_bus 0000:80: resource 5 [mem 0xb0000000-0xcffeffff window]
[    0.202080] pci_bus 0000:80: resource 6 [io  0x10000-0x1ffff window]
[    0.202083] pci_bus 0000:81: resource 0 [io  0x11000-0x11fff]
[    0.202085] pci_bus 0000:81: resource 1 [mem 0xb0400000-0xb05fffff]
[    0.202088] pci_bus 0000:81: resource 2 [mem 0x280005200000-0x2800053fffff 64bit pref]
[    0.202091] pci_bus 0000:82: resource 1 [mem 0xb0200000-0xb03fffff]
[    0.202094] pci_bus 0000:82: resource 2 [mem 0x280000000000-0x280004ffffff 64bit pref]
[    0.202097] pci_bus 0000:84: resource 0 [io  0x10000-0x10fff]
[    0.202099] pci_bus 0000:84: resource 1 [mem 0xb0000000-0xb01fffff]
[    0.202101] pci_bus 0000:84: resource 2 [mem 0x280005000000-0x2800051fffff 64bit pref]
[    0.202143] ACPI: PCI Root Bridge [PCI7] (domain 0000 [bus bb])
[    0.202147] acpi PNP0A08:08: _OSC: OS supports [ExtendedConfig ASPM ClockPM Segments MSI]
[    0.202229] acpi PNP0A08:08: _OSC: platform does not support [PCIeHotplug SHPCHotplug PME AER LTR]
[    0.202302] acpi PNP0A08:08: _OSC: OS now controls [PCIeCapability]
[    0.202904] acpi PNP0A08:08: ECAM area [mem 0xdbb00000-0xdbbfffff] reserved by PNP0C02:00
[    0.202933] acpi PNP0A08:08: ECAM at [mem 0xdbb00000-0xdbbfffff] for [bus bb]
[    0.203002] PCI host bridge to bus 0000:bb
[    0.203005] pci_bus 0000:bb: root bus resource [mem 0x200148800000-0x200148ffffff pref window]
[    0.203009] pci_bus 0000:bb: root bus resource [bus bb]
[    0.203016] pci 0000:bb:00.0: [19e5:a122] type 00 class 0x088000
[    0.203025] pci 0000:bb:00.0: reg 0x18: [mem 0x00000000-0x00003fff 64bit pref]
[    0.203087] pci_bus 0000:bb: on NUMA node 1
[    0.203088] pci_bus 0000:bb: max bus depth: 0 pci_try_num: 1
[    0.203092] pci 0000:bb:00.0: BAR 2: assigned [mem 0x200148800000-0x200148803fff 64bit pref]
[    0.203097] pci_bus 0000:bb: resource 4 [mem 0x200148800000-0x200148ffffff pref window]
[    0.203128] ACPI: PCI Root Bridge [PCI8] (domain 0000 [bus ba])
[    0.203132] acpi PNP0A08:09: _OSC: OS supports [ExtendedConfig ASPM ClockPM Segments MSI]
[    0.203212] acpi PNP0A08:09: _OSC: platform does not support [PCIeHotplug SHPCHotplug PME AER LTR]
[    0.203285] acpi PNP0A08:09: _OSC: OS now controls [PCIeCapability]
[    0.203870] acpi PNP0A08:09: ECAM area [mem 0xdba00000-0xdbafffff] reserved by PNP0C02:00
[    0.203877] acpi PNP0A08:09: ECAM at [mem 0xdba00000-0xdbafffff] for [bus ba]
[    0.203941] PCI host bridge to bus 0000:ba
[    0.203945] pci_bus 0000:ba: root bus resource [mem 0x20020c000000-0x20020c1fffff pref window]
[    0.203948] pci_bus 0000:ba: root bus resource [bus ba]
[    0.203955] pci 0000:ba:00.0: [19e5:a23b] type 00 class 0x0c0310
[    0.203963] pci 0000:ba:00.0: reg 0x10: [mem 0x20020c100000-0x20020c100fff 64bit pref]
[    0.204015] pci 0000:ba:01.0: [19e5:a239] type 00 class 0x0c0320
[    0.204023] pci 0000:ba:01.0: reg 0x10: [mem 0x20020c101000-0x20020c101fff 64bit pref]
[    0.204075] pci 0000:ba:02.0: [19e5:a238] type 00 class 0x0c0330
[    0.204082] pci 0000:ba:02.0: reg 0x10: [mem 0x20020c000000-0x20020c0fffff 64bit pref]
[    0.204148] pci_bus 0000:ba: on NUMA node 1
[    0.204149] pci_bus 0000:ba: max bus depth: 0 pci_try_num: 1
[    0.204153] pci 0000:ba:02.0: BAR 0: assigned [mem 0x20020c000000-0x20020c0fffff 64bit pref]
[    0.204158] pci 0000:ba:00.0: BAR 0: assigned [mem 0x20020c100000-0x20020c100fff 64bit pref]
[    0.204163] pci 0000:ba:01.0: BAR 0: assigned [mem 0x20020c101000-0x20020c101fff 64bit pref]
[    0.204168] pci_bus 0000:ba: resource 4 [mem 0x20020c000000-0x20020c1fffff pref window]
[    0.204202] ACPI: PCI Root Bridge [PCI9] (domain 0000 [bus b8-b9])
[    0.204206] acpi PNP0A08:0a: _OSC: OS supports [ExtendedConfig ASPM ClockPM Segments MSI]
[    0.204286] acpi PNP0A08:0a: _OSC: platform does not support [PCIeHotplug SHPCHotplug PME AER LTR]
[    0.204359] acpi PNP0A08:0a: _OSC: OS now controls [PCIeCapability]
[    0.204944] acpi PNP0A08:0a: ECAM area [mem 0xdb800000-0xdb9fffff] reserved by PNP0C02:00
[    0.204951] acpi PNP0A08:0a: ECAM at [mem 0xdb800000-0xdb9fffff] for [bus b8-b9]
[    0.205029] PCI host bridge to bus 0000:b8
[    0.205033] pci_bus 0000:b8: root bus resource [mem 0x200208000000-0x200208bfffff pref window]
[    0.205036] pci_bus 0000:b8: root bus resource [bus b8-b9]
[    0.205050] pci_bus 0000:b8: on NUMA node 1
[    0.205051] pci_bus 0000:b8: max bus depth: 0 pci_try_num: 1
[    0.205054] pci_bus 0000:b8: resource 4 [mem 0x200208000000-0x200208bfffff pref window]
[    0.205086] ACPI: PCI Root Bridge [PCIA] (domain 0000 [bus bc-bd])
[    0.205090] acpi PNP0A08:0b: _OSC: OS supports [ExtendedConfig ASPM ClockPM Segments MSI]
[    0.205169] acpi PNP0A08:0b: _OSC: platform does not support [PCIeHotplug SHPCHotplug PME AER LTR]
[    0.205241] acpi PNP0A08:0b: _OSC: OS now controls [PCIeCapability]
[    0.205822] acpi PNP0A08:0b: ECAM area [mem 0xdbc00000-0xdbdfffff] reserved by PNP0C02:00
[    0.205829] acpi PNP0A08:0b: ECAM at [mem 0xdbc00000-0xdbdfffff] for [bus bc-bd]
[    0.205894] PCI host bridge to bus 0000:bc
[    0.205897] pci_bus 0000:bc: root bus resource [mem 0x200120000000-0x20013fffffff pref window]
[    0.205901] pci_bus 0000:bc: root bus resource [bus bc-bd]
[    0.205908] pci 0000:bc:00.0: [19e5:a121] type 01 class 0x060400
[    0.205919] pci 0000:bc:00.0: enabling Extended Tags
[    0.205994] pci_bus 0000:bc: on NUMA node 1
[    0.205995] pci_bus 0000:bc: max bus depth: 1 pci_try_num: 2
[    0.205998] pci 0000:bc:00.0: PCI bridge to [bus bd]
[    0.206003] pci_bus 0000:bc: resource 4 [mem 0x200120000000-0x20013fffffff pref window]
[    0.206050] ACPI: PCI Root Bridge [PCIB] (domain 0000 [bus b4-b5])
[    0.206054] acpi PNP0A08:0d: _OSC: OS supports [ExtendedConfig ASPM ClockPM Segments MSI]
[    0.206132] acpi PNP0A08:0d: _OSC: platform does not support [PCIeHotplug SHPCHotplug PME AER LTR]
[    0.206205] acpi PNP0A08:0d: _OSC: OS now controls [PCIeCapability]
[    0.206792] acpi PNP0A08:0d: ECAM area [mem 0xdb400000-0xdb5fffff] reserved by PNP0C02:00
[    0.206799] acpi PNP0A08:0d: ECAM at [mem 0xdb400000-0xdb5fffff] for [bus b4-b5]
[    0.206898] PCI host bridge to bus 0000:b4
[    0.206901] pci_bus 0000:b4: root bus resource [mem 0x200141000000-0x200141ffffff pref window]
[    0.206905] pci_bus 0000:b4: root bus resource [mem 0x200144000000-0x200145ffffff pref window]
[    0.206908] pci_bus 0000:b4: root bus resource [mem 0xa3000000-0xa3ffffff window]
[    0.206911] pci_bus 0000:b4: root bus resource [bus b4-b5]
[    0.206918] pci 0000:b4:01.0: [19e5:a121] type 01 class 0x060400
[    0.206930] pci 0000:b4:01.0: enabling Extended Tags
[    0.206988] pci 0000:b4:02.0: [19e5:a230] type 00 class 0x010700
[    0.207000] pci 0000:b4:02.0: reg 0x24: [mem 0xa3008000-0xa300ffff]
[    0.207063] pci 0000:b4:03.0: [19e5:a235] type 00 class 0x010601
[    0.207078] pci 0000:b4:03.0: reg 0x24: [mem 0xa3010000-0xa3010fff]
[    0.207128] pci 0000:b4:04.0: [19e5:a230] type 00 class 0x010700
[    0.207139] pci 0000:b4:04.0: reg 0x24: [mem 0xa3000000-0xa3007fff]
[    0.207233] pci_bus 0000:b6: busn_res: can not insert [bus b6] under [bus b4-b5] (conflicts with (null) [bus b4-b5])
[    0.207240] pci_bus 0000:b4: on NUMA node 1
[    0.207242] pci_bus 0000:b4: max bus depth: 1 pci_try_num: 2
[    0.207246] pci 0000:b4:02.0: BAR 5: assigned [mem 0xa3000000-0xa3007fff]
[    0.207250] pci 0000:b4:04.0: BAR 5: assigned [mem 0xa3008000-0xa300ffff]
[    0.207253] pci 0000:b4:03.0: BAR 5: assigned [mem 0xa3010000-0xa3010fff]
[    0.207256] pci 0000:b4:01.0: PCI bridge to [bus b6]
[    0.207261] pci_bus 0000:b4: resource 4 [mem 0x200141000000-0x200141ffffff pref window]
[    0.207264] pci_bus 0000:b4: resource 5 [mem 0x200144000000-0x200145ffffff pref window]
[    0.207267] pci_bus 0000:b4: resource 6 [mem 0xa3000000-0xa3ffffff window]
[    0.213635] pci 0000:05:00.0: vgaarb: VGA device added: decodes=io+mem,owns=none,locks=none
[    0.213646] pci 0000:05:00.0: vgaarb: bridge control possible
[    0.213649] pci 0000:05:00.0: vgaarb: setting as boot device (VGA legacy resources not available)
[    0.213652] vgaarb: loaded
[    0.213866] SCSI subsystem initialized
[    0.213894] ACPI: bus type USB registered
[    0.213914] usbcore: registered new interface driver usbfs
[    0.213924] usbcore: registered new interface driver hub
[    0.213969] usbcore: registered new device driver usb
[    0.213993] pps_core: LinuxPPS API ver. 1 registered
[    0.213995] pps_core: Software ver. 5.3.6 - Copyright 2005-2007 Rodolfo Giometti <giometti@linux.it>
[    0.214002] PTP clock support registered
[    0.214113] EDAC MC: Ver: 3.0.0
[    0.214285] Registered efivars operations
[    0.214369] ACPI: SPE must be homogeneous
[    0.215076] NetLabel: Initializing
[    0.215080] NetLabel:  domain hash size = 128
[    0.215081] NetLabel:  protocols = UNLABELED CIPSOv4 CALIPSO
[    0.215095] NetLabel:  unlabeled traffic allowed by default
[    0.215201] sdei: SDEIv1.0 (0x0) detected in firmware.
[    0.216697] clocksource: Switched to clocksource arch_sys_counter
[    0.230377] VFS: Disk quotas dquot_6.6.0
[    0.230443] VFS: Dquot-cache hash table entries: 8192 (order 0, 65536 bytes)
[    0.230681] pnp: PnP ACPI init
[    0.231286] system 00:00: [mem 0xd0000000-0xdfffffff] could not be reserved
[    0.231294] system 00:00: Plug and Play ACPI device, IDs PNP0c02 (active)
[    0.233049] pnp 00:01: Plug and Play ACPI device, IDs PNP0501 (active)
[    0.234764] pnp: PnP ACPI: found 2 devices
[    0.236341] NET: Registered protocol family 2
[    0.236732] tcp_listen_portaddr_hash hash table entries: 65536 (order: 4, 1048576 bytes)
[    0.237454] TCP established hash table entries: 524288 (order: 6, 4194304 bytes)
[    0.240619] TCP bind hash table entries: 65536 (order: 4, 1048576 bytes)
[    0.241104] TCP: Hash tables configured (established 524288 bind 65536)
[    0.241198] UDP hash table entries: 65536 (order: 5, 2097152 bytes)
[    0.244219] UDP-Lite hash table entries: 65536 (order: 5, 2097152 bytes)
[    0.247445] NET: Registered protocol family 1
[    0.247626] pci 0000:7a:00.0: enabling device (0000 -> 0002)
[    0.247639] pci 0000:7a:02.0: enabling device (0000 -> 0002)
[    0.247793] pci 0000:ba:00.0: enabling device (0000 -> 0002)
[    0.247806] pci 0000:ba:02.0: enabling device (0000 -> 0002)
[    0.247818] PCI: CLS 32 bytes, default 64
[    0.247863] Unpacking initramfs...
[    0.675457] Freeing initrd memory: 28928K
[    0.678640] hw perfevents: enabled with armv8_pmuv3_0 PMU driver, 13 counters available
[    0.678742] kvm [1]: Hisi ncsnp: enabled
[    0.678847] kvm [1]: 16-bit VMID
[    0.678849] kvm [1]: IPA Size Limit: 48bits
[    0.678875] kvm [1]: GICv4 support disabled
[    0.678877] kvm [1]: vgic-v2@9b020000
[    0.678892] kvm [1]: GIC system register CPU interface enabled
[    0.679343] kvm [1]: vgic interrupt IRQ1
[    0.679809] kvm [1]: VHE mode initialized successfully
[    0.681492] Initialise system trusted keyrings
[    0.681557] workingset: timestamp_bits=41 max_order=22 bucket_order=0
[    0.683070] zbud: loaded
[    0.720882] NET: Registered protocol family 38
[    0.720887] Key type asymmetric registered
[    0.720889] Asymmetric key parser 'x509' registered
[    0.720901] Block layer SCSI generic (bsg) driver version 0.4 loaded (major 248)
[    0.720974] io scheduler noop registered
[    0.720976] io scheduler deadline registered (default)
[    0.721048] io scheduler cfq registered
[    0.721050] io scheduler mq-deadline registered (default)
[    0.721052] io scheduler kyber registered
[    0.721107] io scheduler bfq registered
[    0.721621] atomic64_test: passed
[    0.723564] shpchp: Standard Hot Plug PCI Controller Driver version: 0.4
[    0.724322] input: Power Button as /devices/LNXSYSTM:00/LNXSYBUS:00/PNP0C0C:00/input/input0
[    0.724335] ACPI: Power Button [PWRB]
[    0.726884] ERST: Error Record Serialization Table (ERST) support is initialized.
[    0.726890] pstore: Registered erst as persistent store backend
[    0.727182] EDAC MC0: Giving out device to module ghes_edac.c controller ghes_edac: DEV ghes (INTERRUPT)
[    0.727416] GHES: APEI firmware first mode is enabled by APEI bit and WHEA _OSC.
[    0.727455] ACPI GTDT: found 1 SBSA generic Watchdog(s).
[    0.727625] Serial: 8250/16550 driver, 4 ports, IRQ sharing enabled
[    0.748081] 00:01: ttyS0 at MMIO 0x3f00002f8 (irq = 15, base_baud = 115200) is a 16550A
[    6.911411] console [ttyS0] enabled
[    6.915673] arm-smmu-v3 arm-smmu-v3.0.auto: option mask 0x0
[    6.921233] arm-smmu-v3 arm-smmu-v3.0.auto: ias 48-bit, oas 48-bit (features 0x00039fff)
[    6.929534] arm-smmu-v3 arm-smmu-v3.1.auto: option mask 0x0
[    6.935090] arm-smmu-v3 arm-smmu-v3.1.auto: ias 48-bit, oas 48-bit (features 0x00039fff)
[    6.943297] arm-smmu-v3 arm-smmu-v3.2.auto: option mask 0x0
[    6.948853] arm-smmu-v3 arm-smmu-v3.2.auto: ias 48-bit, oas 48-bit (features 0x00039fff)
[    6.957056] arm-smmu-v3 arm-smmu-v3.3.auto: option mask 0x0
[    6.962612] arm-smmu-v3 arm-smmu-v3.3.auto: ias 48-bit, oas 48-bit (features 0x00039fff)
[    6.970817] arm-smmu-v3 arm-smmu-v3.4.auto: option mask 0x0
[    6.976377] arm-smmu-v3 arm-smmu-v3.4.auto: ias 48-bit, oas 48-bit (features 0x00039fff)
[    6.984622] arm-smmu-v3 arm-smmu-v3.5.auto: option mask 0x0
[    6.990181] arm-smmu-v3 arm-smmu-v3.5.auto: ias 48-bit, oas 48-bit (features 0x00039fff)
[    6.998402] arm-smmu-v3 arm-smmu-v3.6.auto: option mask 0x0
[    7.003958] arm-smmu-v3 arm-smmu-v3.6.auto: ias 48-bit, oas 48-bit (features 0x00039fff)
[    7.012183] arm-smmu-v3 arm-smmu-v3.7.auto: option mask 0x0
[    7.017741] arm-smmu-v3 arm-smmu-v3.7.auto: ias 48-bit, oas 48-bit (features 0x00039fff)
[    7.026081] iommu: Adding device 0000:05:00.0 to group 0
[    7.032071] [TTM] Zone  kernel: Available graphics memory: 133240928 kiB
[    7.038750] [TTM] Zone   dma32: Available graphics memory: 2097152 kiB
[    7.045248] [TTM] Initializing pool allocator
[    7.049590] [TTM] Initializing DMA pool allocator
[    7.054315] [drm] forcing VGA-1 connector on
[    7.058569] [drm] Supports vblank timestamp caching Rev 2 (21.10.2013).
[    7.065154] [drm] No driver support for vblank timestamp query.
[    7.080226] Console: switching to colour frame buffer device 80x30
[    7.093668] hibmc-drm 0000:05:00.0: fb0: hibmcdrmfb frame buffer device
[    7.103120] [drm] Initialized hibmc 1.0.0 20160828 for 0000:05:00.0 on minor 0
[    7.121358] rdac: device handler registered
[    7.128228] hp_sw: device handler registered
[    7.135158] emc: device handler registered
[    7.141888] alua: device handler registered
[    7.148793] libphy: Fixed MDIO Bus: probed
[    7.155558] ehci_hcd: USB 2.0 'Enhanced' Host Controller (EHCI) Driver
[    7.164640] ehci-pci: EHCI PCI platform driver
[    7.171671] iommu: Adding device 0000:7a:01.0 to group 1
[    7.180195] ehci-pci 0000:7a:01.0: EHCI Host Controller
[    7.187960] ehci-pci 0000:7a:01.0: new USB bus registered, assigned bus number 1
[    7.200396] ehci-pci 0000:7a:01.0: irq 75, io mem 0x20c101000
[    7.220674] ehci-pci 0000:7a:01.0: USB 0.0 started, EHCI 1.00
[    7.228917] usb usb1: New USB device found, idVendor=1d6b, idProduct=0002, bcdDevice= 4.19
[    7.242159] usb usb1: New USB device strings: Mfr=3, Product=2, SerialNumber=1
[    7.254589] usb usb1: Product: EHCI Host Controller
[    7.262146] usb usb1: Manufacturer: Linux 4.19.90-2102.2.0.0062.ctl2.aarch64 ehci_hcd
[    7.275358] usb usb1: SerialNumber: 0000:7a:01.0
[    7.282779] hub 1-0:1.0: USB hub found
[    7.289174] hub 1-0:1.0: 2 ports detected
[    7.295898] iommu: Adding device 0000:ba:01.0 to group 2
[    7.304424] ehci-pci 0000:ba:01.0: EHCI Host Controller
[    7.312387] ehci-pci 0000:ba:01.0: new USB bus registered, assigned bus number 2
[    7.325248] ehci-pci 0000:ba:01.0: irq 75, io mem 0x20020c101000
[    7.348683] ehci-pci 0000:ba:01.0: USB 0.0 started, EHCI 1.00
[    7.357184] usb usb2: New USB device found, idVendor=1d6b, idProduct=0002, bcdDevice= 4.19
[    7.370862] usb usb2: New USB device strings: Mfr=3, Product=2, SerialNumber=1
[    7.383645] usb usb2: Product: EHCI Host Controller
[    7.391341] usb usb2: Manufacturer: Linux 4.19.90-2102.2.0.0062.ctl2.aarch64 ehci_hcd
[    7.404774] usb usb2: SerialNumber: 0000:ba:01.0
[    7.412386] hub 2-0:1.0: USB hub found
[    7.418943] hub 2-0:1.0: 2 ports detected
[    7.425772] ehci-platform: EHCI generic platform driver
[    7.433765] ohci_hcd: USB 1.1 'Open' Host Controller (OHCI) Driver
[    7.442609] ohci-pci: OHCI PCI platform driver
[    7.449749] iommu: Adding device 0000:7a:00.0 to group 3
[    7.458288] ohci-pci 0000:7a:00.0: OHCI PCI host controller
[    7.466495] ohci-pci 0000:7a:00.0: new USB bus registered, assigned bus number 3
[    7.479148] ohci-pci 0000:7a:00.0: irq 75, io mem 0x20c100000
[    7.548716] usb usb3: New USB device found, idVendor=1d6b, idProduct=0001, bcdDevice= 4.19
[    7.562510] usb usb3: New USB device strings: Mfr=3, Product=2, SerialNumber=1
[    7.575400] usb usb3: Product: OHCI PCI host controller
[    7.583459] usb usb3: Manufacturer: Linux 4.19.90-2102.2.0.0062.ctl2.aarch64 ohci_hcd
[    7.597034] usb usb3: SerialNumber: 0000:7a:00.0
[    7.604748] hub 3-0:1.0: USB hub found
[    7.611259] hub 3-0:1.0: 2 ports detected
[    7.618079] iommu: Adding device 0000:ba:00.0 to group 4
[    7.626692] ohci-pci 0000:ba:00.0: OHCI PCI host controller
[    7.635001] ohci-pci 0000:ba:00.0: new USB bus registered, assigned bus number 4
[    7.647718] ohci-pci 0000:ba:00.0: irq 75, io mem 0x20020c100000
[    7.660675] usb 1-1: new high-speed USB device number 2 using ehci-pci
[    7.716725] usb usb4: New USB device found, idVendor=1d6b, idProduct=0001, bcdDevice= 4.19
[    7.730647] usb usb4: New USB device strings: Mfr=3, Product=2, SerialNumber=1
[    7.743670] usb usb4: Product: OHCI PCI host controller
[    7.751832] usb usb4: Manufacturer: Linux 4.19.90-2102.2.0.0062.ctl2.aarch64 ohci_hcd
[    7.765560] usb usb4: SerialNumber: 0000:ba:00.0
[    7.773222] hub 4-0:1.0: USB hub found
[    7.779851] hub 4-0:1.0: 2 ports detected
[    7.786765] uhci_hcd: USB Universal Host Controller Interface driver
[    7.796053] iommu: Adding device 0000:7a:02.0 to group 5
[    7.804726] xhci_hcd 0000:7a:02.0: xHCI Host Controller
[    7.812748] xhci_hcd 0000:7a:02.0: new USB bus registered, assigned bus number 5
[    7.825675] xhci_hcd 0000:7a:02.0: hcc params 0x0220f66d hci version 0x100 quirks 0x0000000000000010
[    7.840513] usb usb5: New USB device found, idVendor=1d6b, idProduct=0002, bcdDevice= 4.19
[    7.854665] usb usb5: New USB device strings: Mfr=3, Product=2, SerialNumber=1
[    7.867924] usb usb5: Product: xHCI Host Controller
[    7.875819] usb usb5: Manufacturer: Linux 4.19.90-2102.2.0.0062.ctl2.aarch64 xhci-hcd
[    7.889676] usb usb5: SerialNumber: 0000:7a:02.0
[    7.897385] hub 5-0:1.0: USB hub found
[    7.904069] hub 5-0:1.0: 1 port detected
[    7.910888] xhci_hcd 0000:7a:02.0: xHCI Host Controller
[    7.918954] xhci_hcd 0000:7a:02.0: new USB bus registered, assigned bus number 6
[    7.931921] usb 1-1: New USB device found, idVendor=12d1, idProduct=0001, bcdDevice= 1.00
[    7.945725] usb 1-1: New USB device strings: Mfr=0, Product=1, SerialNumber=2
[    7.955814] usb 1-1: Product: Keyboard/Mouse KVM 2.0
[    7.963766] usb 1-1: SerialNumber: 0123456
[    7.970781] xhci_hcd 0000:7a:02.0: Host supports USB 3.0 SuperSpeed
[    7.980011] usb usb6: We don't know the algorithms for LPM for this host, disabling LPM.
[    7.994055] usb usb6: New USB device found, idVendor=1d6b, idProduct=0003, bcdDevice= 4.19
[    8.008326] usb usb6: New USB device strings: Mfr=3, Product=2, SerialNumber=1
[    8.021535] usb usb6: Product: xHCI Host Controller
[    8.029365] usb usb6: Manufacturer: Linux 4.19.90-2102.2.0.0062.ctl2.aarch64 xhci-hcd
[    8.043034] usb usb6: SerialNumber: 0000:7a:02.0
[    8.050731] hub 6-0:1.0: USB hub found
[    8.057441] hub 6-0:1.0: 1 port detected
[    8.064259] iommu: Adding device 0000:ba:02.0 to group 6
[    8.072927] xhci_hcd 0000:ba:02.0: xHCI Host Controller
[    8.081016] xhci_hcd 0000:ba:02.0: new USB bus registered, assigned bus number 7
[    8.094262] xhci_hcd 0000:ba:02.0: hcc params 0x0220f66d hci version 0x100 quirks 0x0000000000000010
[    8.109445] usb usb7: New USB device found, idVendor=1d6b, idProduct=0002, bcdDevice= 4.19
[    8.123612] usb usb7: New USB device strings: Mfr=3, Product=2, SerialNumber=1
[    8.136742] usb usb7: Product: xHCI Host Controller
[    8.144623] usb usb7: Manufacturer: Linux 4.19.90-2102.2.0.0062.ctl2.aarch64 xhci-hcd
[    8.158476] usb usb7: SerialNumber: 0000:ba:02.0
[    8.166182] hub 7-0:1.0: USB hub found
[    8.172840] hub 7-0:1.0: 1 port detected
[    8.179661] xhci_hcd 0000:ba:02.0: xHCI Host Controller
[    8.187704] xhci_hcd 0000:ba:02.0: new USB bus registered, assigned bus number 8
[    8.200570] xhci_hcd 0000:ba:02.0: Host supports USB 3.0 SuperSpeed
[    8.209654] usb usb8: We don't know the algorithms for LPM for this host, disabling LPM.
[    8.223310] usb usb8: New USB device found, idVendor=1d6b, idProduct=0003, bcdDevice= 4.19
[    8.237404] usb usb8: New USB device strings: Mfr=3, Product=2, SerialNumber=1
[    8.250680] usb usb8: Product: xHCI Host Controller
[    8.258620] usb usb8: Manufacturer: Linux 4.19.90-2102.2.0.0062.ctl2.aarch64 xhci-hcd
[    8.272519] usb usb8: SerialNumber: 0000:ba:02.0
[    8.280220] hub 8-0:1.0: USB hub found
[    8.284669] usb 5-1: new high-speed USB device number 2 using xhci_hcd
[    8.286890] hub 8-0:1.0: 1 port detected
[    8.303321] mousedev: PS/2 mouse device common for all mice
[    8.328266] rtc-efi rtc-efi: rtc core: registered rtc-efi as rtc0
[    8.337867] hidraw: raw HID events driver (C) Jiri Kosina
[    8.346973] input: Keyboard/Mouse KVM 2.0 as /devices/pci0000:7a/0000:7a:01.0/usb1/1-1/1-1:1.0/0003:12D1:0001.0001/input/input1
[    8.420790] hid-generic 0003:12D1:0001.0001: input,hidraw0: USB HID v2.00 Keyboard [Keyboard/Mouse KVM 2.0] on usb-0000:7a:01.0-1/input0
[    8.439766] input: Keyboard/Mouse KVM 2.0 as /devices/pci0000:7a/0000:7a:01.0/usb1/1-1/1-1:1.1/0003:12D1:0001.0002/input/input2
[    8.447685] usb 5-1: New USB device found, idVendor=2109, idProduct=2817, bcdDevice= 7.a3
[    8.457661] hid-generic 0003:12D1:0001.0002: input,hidraw1: USB HID v2.00 Mouse [Keyboard/Mouse KVM 2.0] on usb-0000:7a:01.0-1/input1
[    8.472182] usb 5-1: New USB device strings: Mfr=1, Product=2, SerialNumber=3
[    8.472183] usb 5-1: Product: USB2.0 Hub             
[    8.472184] usb 5-1: Manufacturer: VIA Labs, Inc.         
[    8.472186] usb 5-1: SerialNumber: 000000000
[    8.490762] usbcore: registered new interface driver usbhid
[    8.533981] usbhid: USB HID core driver
[    8.540938] arm-smmu-v3-pmcg arm-smmu-v3-pmcg.8.auto: option mask 0x1
[    8.550452] arm-smmu-v3-pmcg arm-smmu-v3-pmcg.8.auto: Registered PMU @ 0x0000000148020000 using 8 counters with Individual filter settings
[    8.556299] hub 5-1:1.0: USB hub found
[    8.568972] arm-smmu-v3-pmcg arm-smmu-v3-pmcg.9.auto: option mask 0x1
[    8.575802] hub 5-1:1.0: 4 ports detected
[    8.585228] arm-smmu-v3-pmcg arm-smmu-v3-pmcg.9.auto: Registered PMU @ 0x0000000100020000 using 8 counters with Individual filter settings
[    8.592252] usb 6-1: new SuperSpeed Gen 1 USB device number 2 using xhci_hcd
[    8.621213] arm-smmu-v3-pmcg arm-smmu-v3-pmcg.10.auto: option mask 0x1
[    8.630919] arm-smmu-v3-pmcg arm-smmu-v3-pmcg.10.auto: Registered PMU @ 0x0000000140020000 using 8 counters with Individual filter settings
[    8.637717] usb 6-1: New USB device found, idVendor=2109, idProduct=0817, bcdDevice= 7.a3
[    8.649575] arm-smmu-v3-pmcg arm-smmu-v3-pmcg.11.auto: option mask 0x1
[    8.663730] usb 6-1: New USB device strings: Mfr=1, Product=2, SerialNumber=3
[    8.673313] arm-smmu-v3-pmcg arm-smmu-v3-pmcg.11.auto: Registered PMU @ 0x0000200148020000 using 8 counters with Individual filter settings
[    8.683441] usb 6-1: Product: USB3.0 Hub             
[    8.702009] arm-smmu-v3-pmcg arm-smmu-v3-pmcg.12.auto: option mask 0x1
[    8.709986] usb 6-1: Manufacturer: VIA Labs, Inc.         
[    8.709987] usb 6-1: SerialNumber: 000000000
[    8.719541] arm-smmu-v3-pmcg arm-smmu-v3-pmcg.12.auto: Registered PMU @ 0x0000200100020000 using 8 counters with Individual filter settings
[    8.754122] arm-smmu-v3-pmcg arm-smmu-v3-pmcg.13.auto: option mask 0x1
[    8.762648] hub 6-1:1.0: USB hub found
[    8.763860] arm-smmu-v3-pmcg arm-smmu-v3-pmcg.13.auto: Registered PMU @ 0x0000200140020000 using 8 counters with Individual filter settings
[    8.793044] hub 6-1:1.0: 4 ports detected
[    8.811652] Initializing XFRM netlink socket
[    8.819438] NET: Registered protocol family 10
[    8.827452] Segment Routing with IPv6
[    8.834173] NET: Registered protocol family 17
[    8.841770] registered taskstats version 1
[    8.848794] Loading compiled-in X.509 certificates
[    8.887547] Loaded X.509 cert 'openEuler kernel signing key: 46bcef1e3da2b7e4abcf12b6477a026af027b55e'
[    8.902796] zswap: loaded using pool lzo/zbud
[    8.910125] pstore: Using compression: deflate
[    8.919486] Key type big_key registered
[    8.926494] iommu: Adding device 0000:00:00.0 to group 7
[    8.935498] pcieport 0000:00:00.0: Signaling PME with IRQ 113
[    8.944066] pcieport 0000:00:00.0: AER: enabled with IRQ 114
[    8.952414] iommu: Adding device 0000:00:08.0 to group 8
[    8.961161] pcieport 0000:00:08.0: Signaling PME with IRQ 115
[    8.969563] pcieport 0000:00:08.0: AER: enabled with IRQ 116
[    8.977879] iommu: Adding device 0000:00:0c.0 to group 9
[    8.986639] pcieport 0000:00:0c.0: Signaling PME with IRQ 117
[    8.994967] pcieport 0000:00:0c.0: AER: enabled with IRQ 118
[    9.003130] iommu: Adding device 0000:00:10.0 to group 10
[    9.011823] pcieport 0000:00:10.0: Signaling PME with IRQ 119
[    9.020041] pcieport 0000:00:10.0: AER: enabled with IRQ 120
[    9.028087] iommu: Adding device 0000:00:11.0 to group 11
[    9.036685] pcieport 0000:00:11.0: Signaling PME with IRQ 121
[    9.044833] pcieport 0000:00:11.0: AER: enabled with IRQ 122
[    9.052874] iommu: Adding device 0000:00:12.0 to group 12
[    9.061508] pcieport 0000:00:12.0: Signaling PME with IRQ 123
[    9.069696] pcieport 0000:00:12.0: AER: enabled with IRQ 124
[    9.077795] iommu: Adding device 0000:7c:00.0 to group 13
[    9.085993] iommu: Adding device 0000:74:01.0 to group 14
[    9.094117] iommu: Adding device 0000:80:00.0 to group 15
[    9.102741] pcieport 0000:80:00.0: Signaling PME with IRQ 125
[    9.110748] pcieport 0000:80:00.0: AER: enabled with IRQ 126
[    9.118658] iommu: Adding device 0000:80:08.0 to group 16
[    9.127184] pcieport 0000:80:08.0: Signaling PME with IRQ 127
[    9.135196] pcieport 0000:80:08.0: AER: enabled with IRQ 128
[    9.143101] iommu: Adding device 0000:80:0c.0 to group 17
[    9.151646] pcieport 0000:80:0c.0: Signaling PME with IRQ 129
[    9.159656] pcieport 0000:80:0c.0: AER: enabled with IRQ 130
[    9.167556] iommu: Adding device 0000:80:10.0 to group 18
[    9.175981] pcieport 0000:80:10.0: Signaling PME with IRQ 131
[    9.183988] pcieport 0000:80:10.0: AER: enabled with IRQ 132
[    9.191896] iommu: Adding device 0000:bc:00.0 to group 19
[    9.199924] iommu: Adding device 0000:b4:01.0 to group 20
[    9.216064] rtc-efi rtc-efi: setting system clock to 2025-05-11 14:55:27 UTC (1746975327)
[    9.230149] SDEI NMI watchdog: SDEI Watchdog registered successfully
[    9.240701] Freeing unused kernel memory: 4288K
[    9.260680] Run /init as init process
[    9.280890] systemd[1]: systemd v243-31.ctl2 running in system mode. (+PAM +AUDIT +SELINUX +IMA -APPARMOR +SMACK +SYSVINIT +UTMP +LIBCRYPTSETUP +GCRYPT +GNUTLS +ACL +XZ +LZ4 +SECCOMP +BLKID +ELFUTILS +KMOD +IDN2 -IDN +PCRE2 default-hierarchy=legacy)
[    9.313358] systemd[1]: Detected architecture arm64.
[    9.320866] systemd[1]: Running in initial RAM disk.
[    9.339144] systemd[1]: Set hostname to <steel>.
[    9.346392] random: systemd: uninitialized urandom read (16 bytes read)
[    9.355698] systemd[1]: Initializing machine ID from random generator.
[    9.421355] random: systemd: uninitialized urandom read (16 bytes read)
[    9.430749] systemd[1]: Started Dispatch Password Requests to Console Directory Watch.
[    9.447291] random: systemd: uninitialized urandom read (16 bytes read)
[    9.456863] systemd[1]: Reached target Paths.
[    9.467203] systemd[1]: Reached target Slices.
[    9.477584] systemd[1]: Reached target Swap.
[    9.487615] systemd[1]: Reached target Timers.
[    9.558121] audit: type=1130 audit(1746975327.840:2): pid=1 uid=0 auid=4294967295 ses=4294967295 subj=kernel msg='unit=systemd-tmpfiles-setup-dev comm="systemd" exe="/usr/lib/systemd/systemd" hostname=? addr=? terminal=? res=success'
[    9.604407] audit: type=1130 audit(1746975327.884:3): pid=1 uid=0 auid=4294967295 ses=4294967295 subj=kernel msg='unit=systemd-vconsole-setup comm="systemd" exe="/usr/lib/systemd/systemd" hostname=? addr=? terminal=? res=success'
[    9.633792] audit: type=1131 audit(1746975327.884:4): pid=1 uid=0 auid=4294967295 ses=4294967295 subj=kernel msg='unit=systemd-vconsole-setup comm="systemd" exe="/usr/lib/systemd/systemd" hostname=? addr=? terminal=? res=success'
[    9.666935] audit: type=1130 audit(1746975327.948:5): pid=1 uid=0 auid=4294967295 ses=4294967295 subj=kernel msg='unit=systemd-journald comm="systemd" exe="/usr/lib/systemd/systemd" hostname=? addr=? terminal=? res=success'
[    9.700313] audit: type=1130 audit(1746975327.980:6): pid=1 uid=0 auid=4294967295 ses=4294967295 subj=kernel msg='unit=systemd-sysctl comm="systemd" exe="/usr/lib/systemd/systemd" hostname=? addr=? terminal=? res=success'
[    9.769667] audit: type=1130 audit(1746975328.052:7): pid=1 uid=0 auid=4294967295 ses=4294967295 subj=kernel msg='unit=dracut-cmdline comm="systemd" exe="/usr/lib/systemd/systemd" hostname=? addr=? terminal=? res=success'
[    9.802625] device-mapper: uevent: version 1.0.3
[    9.802730] device-mapper: ioctl: 4.39.0-ioctl (2018-04-03) initialised: dm-devel@redhat.com
[    9.850661] audit: type=1130 audit(1746975328.132:8): pid=1 uid=0 auid=4294967295 ses=4294967295 subj=kernel msg='unit=dracut-pre-udev comm="systemd" exe="/usr/lib/systemd/systemd" hostname=? addr=? terminal=? res=success'
[    9.906495] audit: type=1130 audit(1746975328.188:9): pid=1 uid=0 auid=4294967295 ses=4294967295 subj=kernel msg='unit=systemd-udevd comm="systemd" exe="/usr/lib/systemd/systemd" hostname=? addr=? terminal=? res=success'
[    9.977439] audit: type=1130 audit(1746975328.260:10): pid=1 uid=0 auid=4294967295 ses=4294967295 subj=kernel msg='unit=dracut-pre-trigger comm="systemd" exe="/usr/lib/systemd/systemd" hostname=? addr=? terminal=? res=success'
[   10.146805] mlx_compat: loading out-of-tree module taints kernel.
[   10.146806] mlx_compat: loading out-of-tree module taints kernel.
[   10.146949] mlx_compat: module verification failed: signature and/or required key missing - tainting kernel
[   10.157840] Compat-mlnx-ofed backport release: e78f334
[   10.169159] megasas: 07.719.03.00
[   10.169435] libata version 3.00 loaded.
[   10.184122] Backport based on mlnx_ofed/mlnx-ofa_kernel-4.0.git e78f334
[   10.184125] compat.git: mlnx_ofed/mlnx-ofa_kernel-4.0.git
[   10.193074] iommu: Adding device 0000:81:00.0 to group 21
[   10.210168] iommu: Adding device 0000:74:03.0 to group 22
[   10.219743] megaraid_sas 0000:81:00.0: BAR:0x0  BAR's base_addr(phys):0x0x0000280005300000  mapped virt_addr:0x(____ptrval____)
[   10.228474] ahci 0000:74:03.0: version 3.0
[   10.236766] megaraid_sas 0000:81:00.0: FW now in Ready state
[   10.236770] megaraid_sas 0000:81:00.0: 63 bit DMA mask and 63 bit consistent mask
[   10.236858] ahci 0000:74:03.0: SSS flag set, parallel bus scan disabled
[   10.236936] megaraid_sas 0000:81:00.0: firmware supports msix	: (128)
[   10.237659] megaraid_sas 0000:81:00.0: requested/available msix: 72/72
[   10.237661] megaraid_sas 0000:81:00.0: current msix/online cpus	: (72/64)
[   10.237662] megaraid_sas 0000:81:00.0: RDPQ mode	: (enabled)
[   10.237665] megaraid_sas 0000:81:00.0: Current firmware supports maximum commands: 5101	 LDIO threshold: 0
[   10.241974] megaraid_sas 0000:81:00.0: Performance mode :Balanced (latency index = 8)
[   10.241976] megaraid_sas 0000:81:00.0: FW supports sync cache	: Yes
[   10.241981] megaraid_sas 0000:81:00.0: megasas_disable_intr_fusion is called outbound_intr_mask:0x40000009
[   10.324671] megaraid_sas 0000:81:00.0: FW supports atomic descriptor	: Yes
[   10.338643] ahci 0000:74:03.0: AHCI 0001.0300 32 slots 2 ports 6 Gbps 0x3 impl SATA mode
[   10.372674] megaraid_sas 0000:81:00.0: FW provided supportMaxExtLDs: 1	max_lds: 240
[   10.373195] iommu: Adding device 0000:01:00.0 to group 23
[   10.373924] ahci 0000:74:03.0: flags: 64bit ncq sntf stag pm led clo only pmp fbs slum part ccc ems sxs boh 
[   10.388312] megaraid_sas 0000:81:00.0: controller type	: MR(4096MB)
[   10.388314] megaraid_sas 0000:81:00.0: Online Controller Reset(OCR)	: Enabled
[   10.388317] megaraid_sas 0000:81:00.0: Secure JBOD support	: Yes
[   10.402468] ahci 0000:74:03.0: both AHCI_HFLAG_MULTI_MSI flag set and custom irq handler implemented
[   10.445121] scsi host1: ahci
[   10.448093] megaraid_sas 0000:81:00.0: NVMe passthru support	: Yes
[   10.458147] mlx5_core 0000:01:00.0: firmware version: 14.31.1014
[   10.473339] megaraid_sas 0000:81:00.0: FW provided TM TaskAbort/Reset timeout	: 6 secs/60 secs
[   10.473341] megaraid_sas 0000:81:00.0: PCI Lane Margining support	: Yes
[   10.473341] megaraid_sas 0000:81:00.0: JBOD sequence map support	: Yes
[   10.500832] megaraid_sas 0000:81:00.0: NVME page size	: (4096)
[   10.514410] mlx5_core 0000:01:00.0: 63.008 Gb/s available PCIe bandwidth (8 GT/s x8 link)
[   10.525091] megaraid_sas 0000:81:00.0: megasas_enable_intr_fusion is called outbound_intr_mask:0x40000000
[   10.540996] scsi host2: ahci
[   10.543975] megaraid_sas 0000:81:00.0: INIT adapter done
[   10.564727] ata1: SATA max UDMA/133 abar m4096@0xa2010000 port 0xa2010100 irq 133
[   10.576610] megaraid_sas 0000:81:00.0: Snap dump wait time	: 15
[   10.582613] ata2: SATA max UDMA/133 abar m4096@0xa2010000 port 0xa2010180 irq 134
[   10.588798] iommu: Adding device 0000:b4:03.0 to group 24
[   10.591464] megaraid_sas 0000:81:00.0: pci id		: (0x1000)/(0x10e2)/(0x1000)/(0x4010)
[   10.653864] megaraid_sas 0000:81:00.0: unevenspan support	: no
[   10.653865] megaraid_sas 0000:81:00.0: firmware crash dump	: no
[   10.653866] megaraid_sas 0000:81:00.0: JBOD sequence map	: enabled
[   10.654064] ahci 0000:b4:03.0: SSS flag set, parallel bus scan disabled
[   10.663384] audit: type=1130 audit(1746975328.944:11): pid=1 uid=0 auid=4294967295 ses=4294967295 subj=kernel msg='unit=systemd-udev-trigger comm="systemd" exe="/usr/lib/systemd/systemd" hostname=? addr=? terminal=? res=success'
[   10.672691] ahci 0000:b4:03.0: AHCI 0001.0300 32 slots 2 ports 6 Gbps 0x3 impl SATA mode
[   10.738538] ahci 0000:b4:03.0: flags: 64bit ncq sntf stag pm led clo only pmp fbs slum part ccc ems sxs boh 
[   10.738541] ahci 0000:b4:03.0: both AHCI_HFLAG_MULTI_MSI flag set and custom irq handler implemented
[   10.738553] scsi host0: Broadcom SAS based MegaRAID driver
[   10.784145] iommu: Adding device 0000:84:00.0 to group 25
[   10.784337] scsi host3: ahci
[   10.784529] scsi host4: ahci
[   10.784609] ata3: SATA max UDMA/133 abar m4096@0xa3010000 port 0xa3010100 irq 207
[   10.784610] ata4: SATA max UDMA/133 abar m4096@0xa3010000 port 0xa3010180 irq 208
[   10.784973] megaraid_sas 0000:84:00.0: BAR:0x0  BAR's base_addr(phys):0x0x0000280005100000  mapped virt_addr:0x(____ptrval____)
[   10.784976] megaraid_sas 0000:84:00.0: FW now in Ready state
[   10.784978] megaraid_sas 0000:84:00.0: 63 bit DMA mask and 63 bit consistent mask
[   10.785165] megaraid_sas 0000:84:00.0: firmware supports msix	: (128)
[   10.786796] megaraid_sas 0000:84:00.0: requested/available msix: 72/72
[   10.817201] mlx5_core 0000:01:00.0: E-Switch: Total vports 10, per vport: max uc(128) max mc(2048)
[   10.819381] scsi 0:1:124:0: Enclosure         BROADCOM VirtualSES       03   PQ: 0 ANSI: 7
[   10.822097] megaraid_sas 0000:84:00.0: current msix/online cpus	: (72/64)
[   10.863429] mlx5_core 0000:01:00.0: mlx5_fw_tracer_start:821:(pid 486): FWTracer: Ownership granted and active
[   10.870987] megaraid_sas 0000:84:00.0: RDPQ mode	: (enabled)
[   10.870990] megaraid_sas 0000:84:00.0: Current firmware supports maximum commands: 5101	 LDIO threshold: 0
[   10.891217] iommu: Adding device 0000:01:00.1 to group 26
[   10.894788] ata1: SATA link down (SStatus 0 SControl 300)
[   10.901917] megaraid_sas 0000:84:00.0: Performance mode :Balanced (latency index = 8)
[   10.914464] mlx5_core 0000:01:00.1: firmware version: 14.31.1014
[   10.923172] megaraid_sas 0000:84:00.0: FW supports sync cache	: Yes
[   10.940674] mlx5_core 0000:01:00.1: 63.008 Gb/s available PCIe bandwidth (8 GT/s x8 link)
[   10.950014] megaraid_sas 0000:84:00.0: megasas_disable_intr_fusion is called outbound_intr_mask:0x40000009
[   10.982891] random: fast init done
[   11.018397] scsi 0:3:111:0: Direct-Access     BROADCOM MR9560-8i        5.20 PQ: 0 ANSI: 5
[   11.068671] megaraid_sas 0000:84:00.0: FW supports atomic descriptor	: Yes
[   11.098800] ata3: SATA link down (SStatus 0 SControl 300)
[   11.112673] megaraid_sas 0000:84:00.0: FW provided supportMaxExtLDs: 1	max_lds: 240
[   11.112674] megaraid_sas 0000:84:00.0: controller type	: MR(4096MB)
[   11.112676] megaraid_sas 0000:84:00.0: Online Controller Reset(OCR)	: Enabled
[   11.112677] megaraid_sas 0000:84:00.0: Secure JBOD support	: Yes
[   11.112678] megaraid_sas 0000:84:00.0: NVMe passthru support	: Yes
[   11.112679] megaraid_sas 0000:84:00.0: FW provided TM TaskAbort/Reset timeout	: 6 secs/60 secs
[   11.112680] megaraid_sas 0000:84:00.0: PCI Lane Margining support	: Yes
[   11.112680] megaraid_sas 0000:84:00.0: JBOD sequence map support	: Yes
[   11.140826] megaraid_sas 0000:84:00.0: NVME page size	: (4096)
[   11.206777] ata2: SATA link down (SStatus 0 SControl 300)
[   11.212632] megaraid_sas 0000:84:00.0: megasas_enable_intr_fusion is called outbound_intr_mask:0x40000000
[   11.256899] megaraid_sas 0000:84:00.0: INIT adapter done
[   11.257195] megaraid_sas 0000:84:00.0: Snap dump wait time	: 15
[   11.275135] megaraid_sas 0000:84:00.0: pci id		: (0x1000)/(0x10e2)/(0x1000)/(0x4010)
[   11.275136] megaraid_sas 0000:84:00.0: unevenspan support	: no
[   11.275137] megaraid_sas 0000:84:00.0: firmware crash dump	: no
[   11.275138] megaraid_sas 0000:84:00.0: JBOD sequence map	: enabled
[   11.275183] scsi host5: Broadcom SAS based MegaRAID driver
[   11.295146] mlx5_core 0000:01:00.1: E-Switch: Total vports 10, per vport: max uc(128) max mc(2048)
[   11.318338] sd 0:3:111:0: [sda] 936640512 512-byte logical blocks: (480 GB/447 GiB)
[   11.334040] scsi 5:1:123:0: Enclosure         HUAWEI   Expander 12G28F1 340  PQ: 0 ANSI: 6
[   11.341815] sd 0:3:111:0: [sda] 4096-byte physical blocks
[   11.341859] sd 0:3:111:0: [sda] Write Protect is off
[   11.372009] iommu: Adding device 0000:82:00.0 to group 27
[   11.379596] sd 0:3:111:0: [sda] Mode Sense: 1f 00 00 08
[   11.379683] sd 0:3:111:0: [sda] Write cache: disabled, read cache: enabled, doesn't support DPO or FUA
[   11.389247] mlx5_core 0000:82:00.0: firmware version: 14.31.1014
[   11.421259] sd 0:3:111:0: [sda] Optimal transfer size 262144 bytes
[   11.421291] mlx5_core 0000:82:00.0: 63.008 Gb/s available PCIe bandwidth (8 GT/s x8 link)
[   11.446826]  sda: sda1 sda2 sda3 sda4
[   11.448144] sd 0:3:111:0: [sda] Attached SCSI disk
[   11.451054] scsi 5:3:106:0: Direct-Access     BROADCOM MR9560-8i        5.20 PQ: 0 ANSI: 5
[   11.451453] scsi 5:3:107:0: Direct-Access     BROADCOM MR9560-8i        5.20 PQ: 0 ANSI: 5
[   11.451852] scsi 5:3:108:0: Direct-Access     BROADCOM MR9560-8i        5.20 PQ: 0 ANSI: 5
[   11.452232] scsi 5:3:109:0: Direct-Access     BROADCOM MR9560-8i        5.20 PQ: 0 ANSI: 5
[   11.452626] scsi 5:3:110:0: Direct-Access     BROADCOM MR9560-8i        5.20 PQ: 0 ANSI: 5
[   11.453009] scsi 5:3:111:0: Direct-Access     BROADCOM MR9560-8i        5.20 PQ: 0 ANSI: 5
